---
http_interactions:
- request:
    method: get
    uri: https://admin:HeQSzZgm6ZEKG8aHrJEGW7aGD85Wrj57@runcible.example.com/pulp/api/v2/tasks/15e8248d-87b6-4877-9b66-60717a877e0d/
    body:
      encoding: US-ASCII
      string: ''
    headers:
      Accept:
      - application/json
      Accept-Encoding:
      - gzip, deflate
      Content-Type:
      - application/json
      User-Agent:
      - Ruby
  response:
    status:
      code: 200
      message: OK
    headers:
      Date:
      - Fri, 29 Apr 2016 16:20:59 GMT
      Server:
      - Apache/2.4.6 (CentOS)
      Vary:
      - Accept-Encoding
      Content-Length:
      - '684'
      Content-Type:
      - application/json; charset=utf-8
    body:
      encoding: ASCII-8BIT
      string: '{"exception": null, "task_type": "pulp.server.tasks.repository.delete",
        "_href": "/pulp/api/v2/tasks/15e8248d-87b6-4877-9b66-60717a877e0d/", "task_id":
        "15e8248d-87b6-4877-9b66-60717a877e0d", "tags": ["pulp:repository:integration_test_id",
        "pulp:action:delete"], "finish_time": "2016-04-29T16:20:58Z", "_ns": "task_status",
        "start_time": "2016-04-29T16:20:58Z", "traceback": null, "spawned_tasks":
        [], "progress_report": {}, "queue": "reserved_resource_worker-0@runcible.example.com.dq",
        "state": "finished", "worker_name": "reserved_resource_worker-0@runcible.example.com",
        "result": null, "error": null, "_id": {"$oid": "572389ea898f5c862fa3ea0b"},
        "id": "572389ea898f5c862fa3ea0b"}'
    http_version: 
  recorded_at: Fri, 29 Apr 2016 16:20:59 GMT
- request:
    method: get
    uri: https://devel.example.com/pulp/api/v2/tasks/4f223b95-f630-4d8e-92eb-136e61414a45/
    body:
      encoding: US-ASCII
      string: ''
    headers:
      Accept:
      - application/json
      Accept-Encoding:
      - gzip, deflate
      User-Agent:
      - rest-client/2.0.2 (linux-gnu x86_64) ruby/2.4.4p296
      Content-Type:
      - application/json
      Host:
      - devel.example.com
      Authorization:
      - Basic YWRtaW46YWRtaW4=
  response:
    status:
      code: 200
      message: OK
    headers:
      Date:
      - Wed, 15 Aug 2018 15:39:20 GMT
      Server:
      - Apache/2.4.6 (CentOS)
      Etag:
      - '"2b6840bb0f91e9f37a6146aa0611a23d-gzip"'
      Vary:
      - Accept-Encoding
      Content-Length:
      - '679'
      Content-Type:
      - application/json; charset=utf-8
    body:
      encoding: ASCII-8BIT
      string: '{"exception": null, "task_type": "pulp.server.tasks.repository.delete",
        "_href": "/pulp/api/v2/tasks/4f223b95-f630-4d8e-92eb-136e61414a45/", "task_id":
        "4f223b95-f630-4d8e-92eb-136e61414a45", "tags": ["pulp:repository:integration_test_id",
        "pulp:action:delete"], "finish_time": "2018-08-15T15:39:19Z", "_ns": "task_status",
        "start_time": "2018-08-15T15:39:19Z", "traceback": null, "spawned_tasks":
        [], "progress_report": {}, "queue": "reserved_resource_worker-1@devel.example.com.dq2",
        "state": "finished", "worker_name": "reserved_resource_worker-1@devel.example.com",
        "result": null, "error": null, "_id": {"$oid": "5b74492769b4753f995cbbbc"},
        "id": "5b74492769b4753f995cbbbc"}'
    http_version: 
  recorded_at: Wed, 15 Aug 2018 15:39:20 GMT
- request:
    method: post
    uri: https://devel.example.com/pulp/api/v2/repositories/
    body:
      encoding: UTF-8
      string: '{"id":"integration_test_id","importer_type_id":"docker_importer","importer_config":{},"distributors":[{"distributor_type_id":"docker_distributor_web","distributor_config":{},"auto_publish":true,"distributor_id":"123"}]}'
    headers:
      Accept:
      - application/json
      Accept-Encoding:
      - gzip, deflate
      User-Agent:
      - rest-client/2.0.2 (linux-gnu x86_64) ruby/2.4.4p296
      Content-Type:
      - application/json
      Content-Length:
      - '219'
      Host:
      - devel.example.com
      Authorization:
      - Basic YWRtaW46YWRtaW4=
  response:
    status:
      code: 201
      message: CREATED
    headers:
      Date:
      - Wed, 15 Aug 2018 15:46:32 GMT
      Server:
      - Apache/2.4.6 (CentOS)
      Content-Length:
      - '319'
      Location:
      - "/pulp/api/v2/repositories/integration_test_id/"
      Content-Type:
      - application/json; charset=utf-8
    body:
      encoding: UTF-8
      string: '{"scratchpad": {}, "display_name": "integration_test_id", "description":
        null, "last_unit_added": null, "notes": {}, "last_unit_removed": null, "content_unit_counts":
        {}, "_ns": "repos", "_id": {"$oid": "5b744ad869f4e52414639d03"}, "id": "integration_test_id",
        "_href": "/pulp/api/v2/repositories/integration_test_id/"}'
    http_version: 
  recorded_at: Wed, 15 Aug 2018 15:46:32 GMT
- request:
    method: get
    uri: https://devel.example.com/pulp/api/v2/repositories/integration_test_id/?details=true
    body:
      encoding: US-ASCII
      string: ''
    headers:
      Accept:
      - application/json
      Accept-Encoding:
      - gzip, deflate
      User-Agent:
      - rest-client/2.0.2 (linux-gnu x86_64) ruby/2.4.4p296
      Content-Type:
      - application/json
      Host:
      - devel.example.com
      Authorization:
      - Basic YWRtaW46YWRtaW4=
  response:
    status:
      code: 200
      message: OK
    headers:
      Date:
      - Wed, 15 Aug 2018 15:46:32 GMT
      Server:
      - Apache/2.4.6 (CentOS)
      Etag:
      - '"f3e17997f4f536a6164edb22667ced5f-gzip"'
      Vary:
      - Accept-Encoding
      Content-Length:
      - '1175'
      Content-Type:
      - application/json; charset=utf-8
    body:
      encoding: ASCII-8BIT
      string: '{"scratchpad": {}, "display_name": "integration_test_id", "description":
        null, "distributors": [{"repo_id": "integration_test_id", "last_updated":
        "2018-08-15T15:46:32Z", "_href": "/pulp/api/v2/repositories/integration_test_id/distributors/123/",
        "last_override_config": {}, "last_publish": null, "distributor_type_id": "docker_distributor_web",
        "auto_publish": true, "scratchpad": {}, "_ns": "repo_distributors", "_id":
        {"$oid": "5b744ad869f4e52414639d05"}, "config": {}, "id": "123"}], "last_unit_added":
        null, "notes": {}, "last_unit_removed": null, "content_unit_counts": {}, "_ns":
        "repos", "importers": [{"repo_id": "integration_test_id", "last_updated":
        "2018-08-15T15:46:32Z", "_href": "/pulp/api/v2/repositories/integration_test_id/importers/docker_importer/",
        "_ns": "repo_importers", "importer_type_id": "docker_importer", "last_override_config":
        {}, "last_sync": null, "scratchpad": null, "_id": {"$oid": "5b744ad869f4e52414639d04"},
        "config": {}, "id": "docker_importer"}], "locally_stored_units": 0, "_id":
        {"$oid": "5b744ad869f4e52414639d03"}, "total_repository_units": 0, "id": "integration_test_id",
        "_href": "/pulp/api/v2/repositories/integration_test_id/"}'
    http_version: 
  recorded_at: Wed, 15 Aug 2018 15:46:33 GMT
- request:
    method: delete
    uri: https://devel.example.com/pulp/api/v2/repositories/integration_test_id/
    body:
      encoding: US-ASCII
      string: ''
    headers:
      Accept:
      - application/json
      Accept-Encoding:
      - gzip, deflate
      User-Agent:
      - rest-client/2.0.2 (linux-gnu x86_64) ruby/2.4.4p296
      Content-Type:
      - application/json
      Host:
      - devel.example.com
      Authorization:
      - Basic YWRtaW46YWRtaW4=
  response:
    status:
      code: 202
      message: Accepted
    headers:
      Date:
      - Wed, 15 Aug 2018 15:46:33 GMT
      Server:
      - Apache/2.4.6 (CentOS)
      Content-Length:
      - '172'
      Content-Type:
      - application/json; charset=utf-8
    body:
      encoding: UTF-8
      string: '{"spawned_tasks": [{"_href": "/pulp/api/v2/tasks/b9ff6785-fce3-4980-9f78-cb997d4b811e/",
        "task_id": "b9ff6785-fce3-4980-9f78-cb997d4b811e"}], "result": null, "error":
        null}'
    http_version: 
  recorded_at: Wed, 15 Aug 2018 15:46:33 GMT
- request:
    method: get
    uri: https://devel.example.com/pulp/api/v2/tasks/b9ff6785-fce3-4980-9f78-cb997d4b811e/
    body:
      encoding: US-ASCII
      string: ''
    headers:
      Accept:
      - application/json
      Accept-Encoding:
      - gzip, deflate
      User-Agent:
      - rest-client/2.0.2 (linux-gnu x86_64) ruby/2.4.4p296
      Content-Type:
      - application/json
      Host:
      - devel.example.com
      Authorization:
      - Basic YWRtaW46YWRtaW4=
  response:
    status:
      code: 200
      message: OK
    headers:
      Date:
      - Wed, 15 Aug 2018 15:46:33 GMT
      Server:
      - Apache/2.4.6 (CentOS)
      Etag:
      - '"906a2374162c79937f6e1e09b93c1061-gzip"'
      Vary:
      - Accept-Encoding
      Content-Length:
      - '679'
      Content-Type:
      - application/json; charset=utf-8
    body:
      encoding: ASCII-8BIT
      string: '{"exception": null, "task_type": "pulp.server.tasks.repository.delete",
        "_href": "/pulp/api/v2/tasks/b9ff6785-fce3-4980-9f78-cb997d4b811e/", "task_id":
        "b9ff6785-fce3-4980-9f78-cb997d4b811e", "tags": ["pulp:repository:integration_test_id",
        "pulp:action:delete"], "finish_time": "2018-08-15T15:46:33Z", "_ns": "task_status",
        "start_time": "2018-08-15T15:46:33Z", "traceback": null, "spawned_tasks":
        [], "progress_report": {}, "queue": "reserved_resource_worker-1@devel.example.com.dq2",
        "state": "finished", "worker_name": "reserved_resource_worker-1@devel.example.com",
        "result": null, "error": null, "_id": {"$oid": "5b744ad969b4753f995d5343"},
        "id": "5b744ad969b4753f995d5343"}'
    http_version: 
  recorded_at: Wed, 15 Aug 2018 15:46:33 GMT
recorded_with: VCR 4.0.0
