---
http_interactions:
- request:
    method: get
    uri: https://admin:HeQSzZgm6ZEKG8aHrJEGW7aGD85Wrj57@runcible.example.com/pulp/api/v2/tasks/07eb3a87-f1b6-44ab-909c-152678eb5124/
    body:
      encoding: US-ASCII
      string: ''
    headers:
      Accept:
      - application/json
      Accept-Encoding:
      - gzip, deflate
      Content-Type:
      - application/json
      User-Agent:
      - Ruby
  response:
    status:
      code: 200
      message: OK
    headers:
      Date:
      - Fri, 29 Apr 2016 16:28:43 GMT
      Server:
      - Apache/2.4.6 (CentOS)
      Vary:
      - Accept-Encoding
      Content-Length:
      - '2188'
      Content-Type:
      - application/json; charset=utf-8
    body:
      encoding: ASCII-8BIT
      string: '{"exception": null, "task_type": "pulp.server.managers.repo.sync.sync",
        "_href": "/pulp/api/v2/tasks/07eb3a87-f1b6-44ab-909c-152678eb5124/", "task_id":
        "07eb3a87-f1b6-44ab-909c-152678eb5124", "tags": ["pulp:repository:integration_test_id",
        "pulp:action:sync"], "finish_time": "2016-04-29T16:28:43Z", "_ns": "task_status",
        "start_time": "2016-04-29T16:28:42Z", "traceback": null, "spawned_tasks":
        [], "progress_report": {"yum_importer": {"content": {"items_total": 0, "state":
        "FINISHED", "error_details": [], "details": {"rpm_total": 0, "rpm_done": 0,
        "drpm_total": 0, "drpm_done": 0}, "size_total": 0, "size_left": 0, "items_left":
        0}, "comps": {"state": "FINISHED"}, "purge_duplicates": {"state": "FINISHED"},
        "distribution": {"items_total": 3, "state": "FINISHED", "error_details": [],
        "items_left": 0}, "errata": {"state": "FINISHED"}, "metadata": {"state": "FINISHED"}}},
        "queue": "reserved_resource_worker-0@runcible.example.com.dq", "state": "finished",
        "worker_name": "reserved_resource_worker-0@runcible.example.com", "result":
        {"result": "success", "importer_id": "yum_importer", "exception": null, "repo_id":
        "integration_test_id", "traceback": null, "started": "2016-04-29T16:28:42Z",
        "_ns": "repo_sync_results", "completed": "2016-04-29T16:28:43Z", "importer_type_id":
        "yum_importer", "error_message": null, "summary": {"content": {"state": "FINISHED"},
        "comps": {"state": "FINISHED"}, "purge_duplicates": {"state": "FINISHED"},
        "distribution": {"state": "FINISHED"}, "errata": {"state": "FINISHED"}, "metadata":
        {"state": "FINISHED"}}, "added_count": 14, "removed_count": 0, "updated_count":
        0, "id": "57238bbbaca4886e0c05c443", "details": {"content": {"size_total":
        0, "items_left": 0, "items_total": 0, "state": "FINISHED", "size_left": 0,
        "details": {"rpm_total": 0, "rpm_done": 0, "drpm_total": 0, "drpm_done": 0},
        "error_details": []}, "comps": {"state": "FINISHED"}, "purge_duplicates":
        {"state": "FINISHED"}, "distribution": {"items_total": 3, "state": "FINISHED",
        "error_details": [], "items_left": 0}, "errata": {"state": "FINISHED"}, "metadata":
        {"state": "FINISHED"}}}, "error": null, "_id": {"$oid": "57238bba898f5c862fa3ed14"},
        "id": "57238bba898f5c862fa3ed14"}'
    http_version: 
  recorded_at: Fri, 29 Apr 2016 16:28:43 GMT
- request:
    method: get
    uri: https://admin:HeQSzZgm6ZEKG8aHrJEGW7aGD85Wrj57@runcible.example.com/pulp/api/v2/tasks/eb65fa9c-b967-4600-a4c6-435d98f86312/
    body:
      encoding: US-ASCII
      string: ''
    headers:
      Accept:
      - application/json
      Accept-Encoding:
      - gzip, deflate
      Content-Type:
      - application/json
      User-Agent:
      - Ruby
  response:
    status:
      code: 200
      message: OK
    headers:
      Date:
      - Fri, 29 Apr 2016 16:28:46 GMT
      Server:
      - Apache/2.4.6 (CentOS)
      Vary:
      - Accept-Encoding
      Content-Length:
      - '684'
      Content-Type:
      - application/json; charset=utf-8
    body:
      encoding: ASCII-8BIT
      string: '{"exception": null, "task_type": "pulp.server.tasks.repository.delete",
        "_href": "/pulp/api/v2/tasks/eb65fa9c-b967-4600-a4c6-435d98f86312/", "task_id":
        "eb65fa9c-b967-4600-a4c6-435d98f86312", "tags": ["pulp:repository:integration_test_id",
        "pulp:action:delete"], "finish_time": "2016-04-29T16:28:45Z", "_ns": "task_status",
        "start_time": "2016-04-29T16:28:45Z", "traceback": null, "spawned_tasks":
        [], "progress_report": {}, "queue": "reserved_resource_worker-0@runcible.example.com.dq",
        "state": "finished", "worker_name": "reserved_resource_worker-0@runcible.example.com",
        "result": null, "error": null, "_id": {"$oid": "57238bbd898f5c862fa3ed23"},
        "id": "57238bbd898f5c862fa3ed23"}'
    http_version: 
  recorded_at: Fri, 29 Apr 2016 16:28:46 GMT
- request:
    method: get
    uri: https://devel.example.com/pulp/api/v2/tasks/e1c017f9-7836-4834-8073-aa6bec691766/
    body:
      encoding: US-ASCII
      string: ''
    headers:
      Accept:
      - application/json
      Accept-Encoding:
      - gzip, deflate
      User-Agent:
      - rest-client/2.0.2 (linux-gnu x86_64) ruby/2.4.4p296
      Content-Type:
      - application/json
      Host:
      - devel.example.com
      Authorization:
      - Basic YWRtaW46YWRtaW4=
  response:
    status:
      code: 200
      message: OK
    headers:
      Date:
      - Wed, 15 Aug 2018 15:42:20 GMT
      Server:
      - Apache/2.4.6 (CentOS)
      Etag:
      - '"7f9f9418e6d1bf5bd6d3aa4b99ef9b9e-gzip"'
      Vary:
      - Accept-Encoding
      Content-Length:
      - '1146'
      Content-Type:
      - application/json; charset=utf-8
    body:
      encoding: ASCII-8BIT
      string: '{"exception": null, "task_type": "pulp.server.managers.repo.sync.sync",
        "_href": "/pulp/api/v2/tasks/e1c017f9-7836-4834-8073-aa6bec691766/", "task_id":
        "e1c017f9-7836-4834-8073-aa6bec691766", "tags": ["pulp:repository:integration_test_id",
        "pulp:action:sync"], "finish_time": null, "_ns": "task_status", "start_time":
        "2018-08-15T15:42:19Z", "traceback": null, "spawned_tasks": [], "progress_report":
        {"yum_importer": {"content": {"items_total": 0, "state": "FINISHED", "error_details":
        [], "details": {"rpm_total": 0, "rpm_done": 0, "drpm_total": 0, "drpm_done":
        0}, "size_total": 0, "size_left": 0, "items_left": 0}, "comps": {"state":
        "FINISHED"}, "purge_duplicates": {"state": "FINISHED"}, "distribution": {"items_total":
        3, "state": "FINISHED", "error_details": [], "items_left": 0}, "modules":
        {"state": "FINISHED"}, "errata": {"state": "FINISHED"}, "metadata": {"state":
        "FINISHED"}}}, "queue": "reserved_resource_worker-1@devel.example.com.dq2",
        "state": "running", "worker_name": "reserved_resource_worker-1@devel.example.com",
        "result": null, "error": null, "_id": {"$oid": "5b7449db69b4753f995d2fb2"},
        "id": "5b7449db69b4753f995d2fb2"}'
    http_version: 
  recorded_at: Wed, 15 Aug 2018 15:42:20 GMT
- request:
    method: get
    uri: https://devel.example.com/pulp/api/v2/tasks/e1c017f9-7836-4834-8073-aa6bec691766/
    body:
      encoding: US-ASCII
      string: ''
    headers:
      Accept:
      - application/json
      Accept-Encoding:
      - gzip, deflate
      User-Agent:
      - rest-client/2.0.2 (linux-gnu x86_64) ruby/2.4.4p296
      Content-Type:
      - application/json
      Host:
      - devel.example.com
      Authorization:
      - Basic YWRtaW46YWRtaW4=
  response:
    status:
      code: 200
      message: OK
    headers:
      Date:
      - Wed, 15 Aug 2018 15:42:20 GMT
      Server:
      - Apache/2.4.6 (CentOS)
      Etag:
      - '"7f9f9418e6d1bf5bd6d3aa4b99ef9b9e-gzip"'
      Vary:
      - Accept-Encoding
      Content-Length:
      - '1146'
      Content-Type:
      - application/json; charset=utf-8
    body:
      encoding: ASCII-8BIT
      string: '{"exception": null, "task_type": "pulp.server.managers.repo.sync.sync",
        "_href": "/pulp/api/v2/tasks/e1c017f9-7836-4834-8073-aa6bec691766/", "task_id":
        "e1c017f9-7836-4834-8073-aa6bec691766", "tags": ["pulp:repository:integration_test_id",
        "pulp:action:sync"], "finish_time": null, "_ns": "task_status", "start_time":
        "2018-08-15T15:42:19Z", "traceback": null, "spawned_tasks": [], "progress_report":
        {"yum_importer": {"content": {"items_total": 0, "state": "FINISHED", "error_details":
        [], "details": {"rpm_total": 0, "rpm_done": 0, "drpm_total": 0, "drpm_done":
        0}, "size_total": 0, "size_left": 0, "items_left": 0}, "comps": {"state":
        "FINISHED"}, "purge_duplicates": {"state": "FINISHED"}, "distribution": {"items_total":
        3, "state": "FINISHED", "error_details": [], "items_left": 0}, "modules":
        {"state": "FINISHED"}, "errata": {"state": "FINISHED"}, "metadata": {"state":
        "FINISHED"}}}, "queue": "reserved_resource_worker-1@devel.example.com.dq2",
        "state": "running", "worker_name": "reserved_resource_worker-1@devel.example.com",
        "result": null, "error": null, "_id": {"$oid": "5b7449db69b4753f995d2fb2"},
        "id": "5b7449db69b4753f995d2fb2"}'
    http_version: 
  recorded_at: Wed, 15 Aug 2018 15:42:20 GMT
- request:
    method: get
    uri: https://devel.example.com/pulp/api/v2/tasks/e1c017f9-7836-4834-8073-aa6bec691766/
    body:
      encoding: US-ASCII
      string: ''
    headers:
      Accept:
      - application/json
      Accept-Encoding:
      - gzip, deflate
      User-Agent:
      - rest-client/2.0.2 (linux-gnu x86_64) ruby/2.4.4p296
      Content-Type:
      - application/json
      Host:
      - devel.example.com
      Authorization:
      - Basic YWRtaW46YWRtaW4=
  response:
    status:
      code: 200
      message: OK
    headers:
      Date:
      - Wed, 15 Aug 2018 15:42:21 GMT
      Server:
      - Apache/2.4.6 (CentOS)
      Etag:
      - '"01c68075b80e159d52e2de466e409786-gzip"'
      Vary:
      - Accept-Encoding
      Content-Length:
      - '2285'
      Content-Type:
      - application/json; charset=utf-8
    body:
      encoding: ASCII-8BIT
      string: '{"exception": null, "task_type": "pulp.server.managers.repo.sync.sync",
        "_href": "/pulp/api/v2/tasks/e1c017f9-7836-4834-8073-aa6bec691766/", "task_id":
        "e1c017f9-7836-4834-8073-aa6bec691766", "tags": ["pulp:repository:integration_test_id",
        "pulp:action:sync"], "finish_time": "2018-08-15T15:42:20Z", "_ns": "task_status",
        "start_time": "2018-08-15T15:42:19Z", "traceback": null, "spawned_tasks":
        [], "progress_report": {"yum_importer": {"content": {"items_total": 0, "state":
        "FINISHED", "error_details": [], "details": {"rpm_total": 0, "rpm_done": 0,
        "drpm_total": 0, "drpm_done": 0}, "size_total": 0, "size_left": 0, "items_left":
        0}, "comps": {"state": "FINISHED"}, "purge_duplicates": {"state": "FINISHED"},
        "distribution": {"items_total": 3, "state": "FINISHED", "error_details": [],
        "items_left": 0}, "modules": {"state": "FINISHED"}, "errata": {"state": "FINISHED"},
        "metadata": {"state": "FINISHED"}}}, "queue": "reserved_resource_worker-1@devel.example.com.dq2",
        "state": "finished", "worker_name": "reserved_resource_worker-1@devel.example.com",
        "result": {"result": "success", "importer_id": "yum_importer", "exception":
        null, "repo_id": "integration_test_id", "traceback": null, "started": "2018-08-15T15:42:19Z",
        "_ns": "repo_sync_results", "completed": "2018-08-15T15:42:19Z", "importer_type_id":
        "yum_importer", "error_message": null, "summary": {"modules": {"state": "FINISHED"},
        "content": {"state": "FINISHED"}, "comps": {"state": "FINISHED"}, "purge_duplicates":
        {"state": "FINISHED"}, "distribution": {"state": "FINISHED"}, "errata": {"state":
        "FINISHED"}, "metadata": {"state": "FINISHED"}}, "added_count": 14, "removed_count":
        0, "updated_count": 0, "id": "5b7449db69f4e512cd684b81", "details": {"modules":
        {"state": "FINISHED"}, "content": {"size_total": 0, "items_left": 0, "items_total":
        0, "state": "FINISHED", "size_left": 0, "details": {"rpm_total": 0, "rpm_done":
        0, "drpm_total": 0, "drpm_done": 0}, "error_details": []}, "comps": {"state":
        "FINISHED"}, "purge_duplicates": {"state": "FINISHED"}, "distribution": {"items_total":
        3, "state": "FINISHED", "error_details": [], "items_left": 0}, "errata": {"state":
        "FINISHED"}, "metadata": {"state": "FINISHED"}}}, "error": null, "_id": {"$oid":
        "5b7449db69b4753f995d2fb2"}, "id": "5b7449db69b4753f995d2fb2"}'
    http_version: 
  recorded_at: Wed, 15 Aug 2018 15:42:21 GMT
- request:
    method: get
    uri: https://devel.example.com/pulp/api/v2/tasks/a79cf8b9-dcf7-4788-be85-64a2272b15d4/
    body:
      encoding: US-ASCII
      string: ''
    headers:
      Accept:
      - application/json
      Accept-Encoding:
      - gzip, deflate
      User-Agent:
      - rest-client/2.0.2 (linux-gnu x86_64) ruby/2.4.4p296
      Content-Type:
      - application/json
      Host:
      - devel.example.com
      Authorization:
      - Basic YWRtaW46YWRtaW4=
  response:
    status:
      code: 200
      message: OK
    headers:
      Date:
      - Wed, 15 Aug 2018 15:42:23 GMT
      Server:
      - Apache/2.4.6 (CentOS)
      Etag:
      - '"be79c3c157a5bc943e39c747238ca556-gzip"'
      Vary:
      - Accept-Encoding
      Content-Length:
      - '679'
      Content-Type:
      - application/json; charset=utf-8
    body:
      encoding: ASCII-8BIT
      string: '{"exception": null, "task_type": "pulp.server.tasks.repository.delete",
        "_href": "/pulp/api/v2/tasks/a79cf8b9-dcf7-4788-be85-64a2272b15d4/", "task_id":
        "a79cf8b9-dcf7-4788-be85-64a2272b15d4", "tags": ["pulp:repository:integration_test_id",
        "pulp:action:delete"], "finish_time": "2018-08-15T15:42:23Z", "_ns": "task_status",
        "start_time": "2018-08-15T15:42:23Z", "traceback": null, "spawned_tasks":
        [], "progress_report": {}, "queue": "reserved_resource_worker-1@devel.example.com.dq2",
        "state": "finished", "worker_name": "reserved_resource_worker-1@devel.example.com",
        "result": null, "error": null, "_id": {"$oid": "5b7449df69b4753f995d310b"},
        "id": "5b7449df69b4753f995d310b"}'
    http_version: 
  recorded_at: Wed, 15 Aug 2018 15:42:23 GMT
- request:
    method: get
    uri: https://devel.example.com/pulp/api/v2/repositories/integration_test_id/
    body:
      encoding: US-ASCII
      string: ''
    headers:
      Accept:
      - application/json
      Accept-Encoding:
      - gzip, deflate
      User-Agent:
      - rest-client/2.0.2 (linux-gnu x86_64) ruby/2.4.4p296
      Content-Type:
      - application/json
      Host:
      - devel.example.com
      Authorization:
      - Basic YWRtaW46YWRtaW4=
  response:
    status:
      code: 404
      message: Not Found
    headers:
      Date:
      - Wed, 15 Aug 2018 15:51:06 GMT
      Server:
      - Apache/2.4.6 (CentOS)
      Content-Length:
      - '452'
      Etag:
      - '"7069a6b1115393c7d259d12015ef56e1"'
      Content-Type:
      - application/json; charset=utf-8
    body:
      encoding: UTF-8
      string: '{"http_request_method": "GET", "exception": null, "error_message":
        "Missing resource(s): repository=integration_test_id", "_href": "/pulp/api/v2/repositories/integration_test_id/?",
        "http_status": 404, "error": {"code": "PLP0009", "data": {"resources": {"repository":
        "integration_test_id"}}, "description": "Missing resource(s): repository=integration_test_id",
        "sub_errors": []}, "traceback": null, "resources": {"repository": "integration_test_id"}}'
    http_version: 
  recorded_at: Wed, 15 Aug 2018 15:51:06 GMT
- request:
    method: post
    uri: https://devel.example.com/pulp/api/v2/repositories/
    body:
      encoding: UTF-8
      string: '{"id":"integration_test_id","importer_type_id":"yum_importer","importer_config":{"feed":"file:///var/www/repositories/zoo5"}}'
    headers:
      Accept:
      - application/json
      Accept-Encoding:
      - gzip, deflate
      User-Agent:
      - rest-client/2.0.2 (linux-gnu x86_64) ruby/2.4.4p296
      Content-Type:
      - application/json
      Content-Length:
      - '125'
      Host:
      - devel.example.com
      Authorization:
      - Basic YWRtaW46YWRtaW4=
  response:
    status:
      code: 201
      message: CREATED
    headers:
      Date:
      - Wed, 15 Aug 2018 15:51:07 GMT
      Server:
      - Apache/2.4.6 (CentOS)
      Content-Length:
      - '319'
      Location:
      - "/pulp/api/v2/repositories/integration_test_id/"
      Content-Type:
      - application/json; charset=utf-8
    body:
      encoding: UTF-8
      string: '{"scratchpad": {}, "display_name": "integration_test_id", "description":
        null, "last_unit_added": null, "notes": {}, "last_unit_removed": null, "content_unit_counts":
        {}, "_ns": "repos", "_id": {"$oid": "5b744beb69f4e52413f14b8a"}, "id": "integration_test_id",
        "_href": "/pulp/api/v2/repositories/integration_test_id/"}'
    http_version: 
  recorded_at: Wed, 15 Aug 2018 15:51:07 GMT
- request:
    method: post
    uri: https://devel.example.com/pulp/api/v2/repositories/integration_test_id/actions/sync/
    body:
      encoding: UTF-8
      string: "{}"
    headers:
      Accept:
      - application/json
      Accept-Encoding:
      - gzip, deflate
      User-Agent:
      - rest-client/2.0.2 (linux-gnu x86_64) ruby/2.4.4p296
      Content-Type:
      - application/json
      Content-Length:
      - '2'
      Host:
      - devel.example.com
      Authorization:
      - Basic YWRtaW46YWRtaW4=
  response:
    status:
      code: 202
      message: Accepted
    headers:
      Date:
      - Wed, 15 Aug 2018 15:51:07 GMT
      Server:
      - Apache/2.4.6 (CentOS)
      Content-Length:
      - '172'
      Content-Type:
      - application/json; charset=utf-8
    body:
      encoding: UTF-8
      string: '{"spawned_tasks": [{"_href": "/pulp/api/v2/tasks/ce7de266-7a69-4175-b673-2be2102f0e31/",
        "task_id": "ce7de266-7a69-4175-b673-2be2102f0e31"}], "result": null, "error":
        null}'
    http_version: 
  recorded_at: Wed, 15 Aug 2018 15:51:07 GMT
- request:
    method: get
    uri: https://devel.example.com/pulp/api/v2/tasks/ce7de266-7a69-4175-b673-2be2102f0e31/
    body:
      encoding: US-ASCII
      string: ''
    headers:
      Accept:
      - application/json
      Accept-Encoding:
      - gzip, deflate
      User-Agent:
      - rest-client/2.0.2 (linux-gnu x86_64) ruby/2.4.4p296
      Content-Type:
      - application/json
      Host:
      - devel.example.com
      Authorization:
      - Basic YWRtaW46YWRtaW4=
  response:
    status:
      code: 200
      message: OK
    headers:
      Date:
      - Wed, 15 Aug 2018 15:51:07 GMT
      Server:
      - Apache/2.4.6 (CentOS)
      Etag:
      - '"69b30c6daa46e879a793a39074e0b17c-gzip"'
      Vary:
      - Accept-Encoding
      Content-Length:
      - '1146'
      Content-Type:
      - application/json; charset=utf-8
    body:
      encoding: ASCII-8BIT
      string: '{"exception": null, "task_type": "pulp.server.managers.repo.sync.sync",
        "_href": "/pulp/api/v2/tasks/ce7de266-7a69-4175-b673-2be2102f0e31/", "task_id":
        "ce7de266-7a69-4175-b673-2be2102f0e31", "tags": ["pulp:repository:integration_test_id",
        "pulp:action:sync"], "finish_time": null, "_ns": "task_status", "start_time":
        "2018-08-15T15:51:07Z", "traceback": null, "spawned_tasks": [], "progress_report":
        {"yum_importer": {"content": {"items_total": 0, "state": "FINISHED", "error_details":
        [], "details": {"rpm_total": 0, "rpm_done": 0, "drpm_total": 0, "drpm_done":
        0}, "size_total": 0, "size_left": 0, "items_left": 0}, "comps": {"state":
        "FINISHED"}, "purge_duplicates": {"state": "FINISHED"}, "distribution": {"items_total":
        3, "state": "FINISHED", "error_details": [], "items_left": 0}, "modules":
        {"state": "FINISHED"}, "errata": {"state": "FINISHED"}, "metadata": {"state":
        "FINISHED"}}}, "queue": "reserved_resource_worker-1@devel.example.com.dq2",
        "state": "running", "worker_name": "reserved_resource_worker-1@devel.example.com",
        "result": null, "error": null, "_id": {"$oid": "5b744beb69b4753f995ddc57"},
        "id": "5b744beb69b4753f995ddc57"}'
    http_version: 
  recorded_at: Wed, 15 Aug 2018 15:51:07 GMT
- request:
    method: get
    uri: https://devel.example.com/pulp/api/v2/tasks/ce7de266-7a69-4175-b673-2be2102f0e31/
    body:
      encoding: US-ASCII
      string: ''
    headers:
      Accept:
      - application/json
      Accept-Encoding:
      - gzip, deflate
      User-Agent:
      - rest-client/2.0.2 (linux-gnu x86_64) ruby/2.4.4p296
      Content-Type:
      - application/json
      Host:
      - devel.example.com
      Authorization:
      - Basic YWRtaW46YWRtaW4=
  response:
    status:
      code: 200
      message: OK
    headers:
      Date:
      - Wed, 15 Aug 2018 15:51:08 GMT
      Server:
      - Apache/2.4.6 (CentOS)
      Etag:
      - '"69b30c6daa46e879a793a39074e0b17c-gzip"'
      Vary:
      - Accept-Encoding
      Content-Length:
      - '1146'
      Content-Type:
      - application/json; charset=utf-8
    body:
      encoding: ASCII-8BIT
      string: '{"exception": null, "task_type": "pulp.server.managers.repo.sync.sync",
        "_href": "/pulp/api/v2/tasks/ce7de266-7a69-4175-b673-2be2102f0e31/", "task_id":
        "ce7de266-7a69-4175-b673-2be2102f0e31", "tags": ["pulp:repository:integration_test_id",
        "pulp:action:sync"], "finish_time": null, "_ns": "task_status", "start_time":
        "2018-08-15T15:51:07Z", "traceback": null, "spawned_tasks": [], "progress_report":
        {"yum_importer": {"content": {"items_total": 0, "state": "FINISHED", "error_details":
        [], "details": {"rpm_total": 0, "rpm_done": 0, "drpm_total": 0, "drpm_done":
        0}, "size_total": 0, "size_left": 0, "items_left": 0}, "comps": {"state":
        "FINISHED"}, "purge_duplicates": {"state": "FINISHED"}, "distribution": {"items_total":
        3, "state": "FINISHED", "error_details": [], "items_left": 0}, "modules":
        {"state": "FINISHED"}, "errata": {"state": "FINISHED"}, "metadata": {"state":
        "FINISHED"}}}, "queue": "reserved_resource_worker-1@devel.example.com.dq2",
        "state": "running", "worker_name": "reserved_resource_worker-1@devel.example.com",
        "result": null, "error": null, "_id": {"$oid": "5b744beb69b4753f995ddc57"},
        "id": "5b744beb69b4753f995ddc57"}'
    http_version: 
  recorded_at: Wed, 15 Aug 2018 15:51:08 GMT
- request:
    method: get
    uri: https://devel.example.com/pulp/api/v2/tasks/ce7de266-7a69-4175-b673-2be2102f0e31/
    body:
      encoding: US-ASCII
      string: ''
    headers:
      Accept:
      - application/json
      Accept-Encoding:
      - gzip, deflate
      User-Agent:
      - rest-client/2.0.2 (linux-gnu x86_64) ruby/2.4.4p296
      Content-Type:
      - application/json
      Host:
      - devel.example.com
      Authorization:
      - Basic YWRtaW46YWRtaW4=
  response:
    status:
      code: 200
      message: OK
    headers:
      Date:
      - Wed, 15 Aug 2018 15:51:08 GMT
      Server:
      - Apache/2.4.6 (CentOS)
      Etag:
      - '"7e19b4e80feddf88fe1e80b60ba20940-gzip"'
      Vary:
      - Accept-Encoding
      Content-Length:
      - '2285'
      Content-Type:
      - application/json; charset=utf-8
    body:
      encoding: ASCII-8BIT
      string: '{"exception": null, "task_type": "pulp.server.managers.repo.sync.sync",
        "_href": "/pulp/api/v2/tasks/ce7de266-7a69-4175-b673-2be2102f0e31/", "task_id":
        "ce7de266-7a69-4175-b673-2be2102f0e31", "tags": ["pulp:repository:integration_test_id",
        "pulp:action:sync"], "finish_time": "2018-08-15T15:51:08Z", "_ns": "task_status",
        "start_time": "2018-08-15T15:51:07Z", "traceback": null, "spawned_tasks":
        [], "progress_report": {"yum_importer": {"content": {"items_total": 0, "state":
        "FINISHED", "error_details": [], "details": {"rpm_total": 0, "rpm_done": 0,
        "drpm_total": 0, "drpm_done": 0}, "size_total": 0, "size_left": 0, "items_left":
        0}, "comps": {"state": "FINISHED"}, "purge_duplicates": {"state": "FINISHED"},
        "distribution": {"items_total": 3, "state": "FINISHED", "error_details": [],
        "items_left": 0}, "modules": {"state": "FINISHED"}, "errata": {"state": "FINISHED"},
        "metadata": {"state": "FINISHED"}}}, "queue": "reserved_resource_worker-1@devel.example.com.dq2",
        "state": "finished", "worker_name": "reserved_resource_worker-1@devel.example.com",
        "result": {"result": "success", "importer_id": "yum_importer", "exception":
        null, "repo_id": "integration_test_id", "traceback": null, "started": "2018-08-15T15:51:07Z",
        "_ns": "repo_sync_results", "completed": "2018-08-15T15:51:07Z", "importer_type_id":
        "yum_importer", "error_message": null, "summary": {"modules": {"state": "FINISHED"},
        "content": {"state": "FINISHED"}, "comps": {"state": "FINISHED"}, "purge_duplicates":
        {"state": "FINISHED"}, "distribution": {"state": "FINISHED"}, "errata": {"state":
        "FINISHED"}, "metadata": {"state": "FINISHED"}}, "added_count": 14, "removed_count":
        0, "updated_count": 0, "id": "5b744beb69f4e5246970c545", "details": {"modules":
        {"state": "FINISHED"}, "content": {"size_total": 0, "items_left": 0, "items_total":
        0, "state": "FINISHED", "size_left": 0, "details": {"rpm_total": 0, "rpm_done":
        0, "drpm_total": 0, "drpm_done": 0}, "error_details": []}, "comps": {"state":
        "FINISHED"}, "purge_duplicates": {"state": "FINISHED"}, "distribution": {"items_total":
        3, "state": "FINISHED", "error_details": [], "items_left": 0}, "errata": {"state":
        "FINISHED"}, "metadata": {"state": "FINISHED"}}}, "error": null, "_id": {"$oid":
        "5b744beb69b4753f995ddc57"}, "id": "5b744beb69b4753f995ddc57"}'
    http_version: 
  recorded_at: Wed, 15 Aug 2018 15:51:08 GMT
- request:
    method: delete
    uri: https://devel.example.com/pulp/api/v2/repositories/integration_test_id/
    body:
      encoding: US-ASCII
      string: ''
    headers:
      Accept:
      - application/json
      Accept-Encoding:
      - gzip, deflate
      User-Agent:
      - rest-client/2.0.2 (linux-gnu x86_64) ruby/2.4.4p296
      Content-Type:
      - application/json
      Host:
      - devel.example.com
      Authorization:
      - Basic YWRtaW46YWRtaW4=
  response:
    status:
      code: 202
      message: Accepted
    headers:
      Date:
      - Wed, 15 Aug 2018 15:51:10 GMT
      Server:
      - Apache/2.4.6 (CentOS)
      Content-Length:
      - '172'
      Content-Type:
      - application/json; charset=utf-8
    body:
      encoding: UTF-8
      string: '{"spawned_tasks": [{"_href": "/pulp/api/v2/tasks/faca4466-4a03-4aa8-a74d-343636aeefc5/",
        "task_id": "faca4466-4a03-4aa8-a74d-343636aeefc5"}], "result": null, "error":
        null}'
    http_version: 
  recorded_at: Wed, 15 Aug 2018 15:51:10 GMT
- request:
    method: get
    uri: https://devel.example.com/pulp/api/v2/tasks/faca4466-4a03-4aa8-a74d-343636aeefc5/
    body:
      encoding: US-ASCII
      string: ''
    headers:
      Accept:
      - application/json
      Accept-Encoding:
      - gzip, deflate
      User-Agent:
      - rest-client/2.0.2 (linux-gnu x86_64) ruby/2.4.4p296
      Content-Type:
      - application/json
      Host:
      - devel.example.com
      Authorization:
      - Basic YWRtaW46YWRtaW4=
  response:
    status:
      code: 200
      message: OK
    headers:
      Date:
      - Wed, 15 Aug 2018 15:51:11 GMT
      Server:
      - Apache/2.4.6 (CentOS)
      Etag:
      - '"afd7c6d4352e79939546a6802dc90bf2-gzip"'
      Vary:
      - Accept-Encoding
      Content-Length:
      - '679'
      Content-Type:
      - application/json; charset=utf-8
    body:
      encoding: ASCII-8BIT
      string: '{"exception": null, "task_type": "pulp.server.tasks.repository.delete",
        "_href": "/pulp/api/v2/tasks/faca4466-4a03-4aa8-a74d-343636aeefc5/", "task_id":
        "faca4466-4a03-4aa8-a74d-343636aeefc5", "tags": ["pulp:repository:integration_test_id",
        "pulp:action:delete"], "finish_time": "2018-08-15T15:51:10Z", "_ns": "task_status",
        "start_time": "2018-08-15T15:51:10Z", "traceback": null, "spawned_tasks":
        [], "progress_report": {}, "queue": "reserved_resource_worker-1@devel.example.com.dq2",
        "state": "finished", "worker_name": "reserved_resource_worker-1@devel.example.com",
        "result": null, "error": null, "_id": {"$oid": "5b744bee69b4753f995ddde0"},
        "id": "5b744bee69b4753f995ddde0"}'
    http_version: 
  recorded_at: Wed, 15 Aug 2018 15:51:11 GMT
recorded_with: VCR 4.0.0
