--- 
http_interactions: 
- request: 
    method: post
    uri: https://admin:admin@localhost/pulp/api/v2/consumer_groups/integration_test_consumer_group_support/actions/content/update/
    body: 
      encoding: US-ASCII
      string: "{\"units\":[{\"type_id\":\"rpm\",\"unit_key\":{\"name\":\"zsh\"}},{\"type_id\":\"rpm\",\"unit_key\":{\"name\":\"foo\"}}],\"options\":{}}"
    headers: 
      Accept: 
      - application/json
      Accept-Encoding: 
      - gzip, deflate
      Content-Type: 
      - application/json
      Content-Length: 
      - "112"
      User-Agent: 
      - Ruby
  response: 
    status: 
      code: 202
      message: Accepted
    headers: 
      Date: 
      - Mon, 18 Mar 2013 21:08:22 GMT
      Server: 
      - Apache/2.4.3 (Fedora) OpenSSL/1.0.1c-fips mod_wsgi/3.4 Python/2.7.3
      Content-Encoding: 
      - utf-8
      Content-Length: 
      - "668"
      Content-Type: 
      - application/json
    body: 
      encoding: US-ASCII
      string: "{\"task_group_id\": null, \"exception\": null, \"traceback\": null, \"_href\": \"/pulp/api/v2/tasks/169a134a-328c-4248-9b4a-8e275307d2db/\", \"task_id\": \"169a134a-328c-4248-9b4a-8e275307d2db\", \"call_request_tags\": [\"pulp:consumer:integration_test_consumer_support\", \"pulp:action:unit_update\"], \"reasons\": [], \"start_time\": null, \"tags\": [\"pulp:consumer:integration_test_consumer_support\", \"pulp:action:unit_update\"], \"state\": \"waiting\", \"finish_time\": null, \"dependency_failures\": {}, \"schedule_id\": null, \"progress\": {}, \"call_request_group_id\": null, \"call_request_id\": \"169a134a-328c-4248-9b4a-8e275307d2db\", \"principal_login\": \"admin\", \"response\": \"accepted\", \"result\": null}"
    http_version: 
  recorded_at: Mon, 18 Mar 2013 21:08:22 GMT
- request: 
    method: post
    uri: https://admin:admin@localhost/pulp/api/v2/consumer_groups/integration_test_consumer_group_support/actions/content/install/
    body: 
      encoding: US-ASCII
      string: "{\"units\":[{\"type_id\":\"rpm\",\"unit_key\":{\"name\":\"zsh\"}},{\"type_id\":\"rpm\",\"unit_key\":{\"name\":\"foo\"}}],\"options\":{}}"
    headers: 
      Accept: 
      - application/json
      Accept-Encoding: 
      - gzip, deflate
      Content-Type: 
      - application/json
      Content-Length: 
      - "112"
      User-Agent: 
      - Ruby
  response: 
    status: 
      code: 202
      message: Accepted
    headers: 
      Date: 
      - Mon, 18 Mar 2013 21:08:31 GMT
      Server: 
      - Apache/2.4.3 (Fedora) OpenSSL/1.0.1c-fips mod_wsgi/3.4 Python/2.7.3
      Content-Encoding: 
      - utf-8
      Content-Length: 
      - "670"
      Content-Type: 
      - application/json
    body: 
      encoding: US-ASCII
      string: "{\"task_group_id\": null, \"exception\": null, \"traceback\": null, \"_href\": \"/pulp/api/v2/tasks/54786012-d171-4df6-a4e9-ec8e6c0a0126/\", \"task_id\": \"54786012-d171-4df6-a4e9-ec8e6c0a0126\", \"call_request_tags\": [\"pulp:consumer:integration_test_consumer_support\", \"pulp:action:unit_install\"], \"reasons\": [], \"start_time\": null, \"tags\": [\"pulp:consumer:integration_test_consumer_support\", \"pulp:action:unit_install\"], \"state\": \"waiting\", \"finish_time\": null, \"dependency_failures\": {}, \"schedule_id\": null, \"progress\": {}, \"call_request_group_id\": null, \"call_request_id\": \"54786012-d171-4df6-a4e9-ec8e6c0a0126\", \"principal_login\": \"admin\", \"response\": \"accepted\", \"result\": null}"
    http_version: 
  recorded_at: Mon, 18 Mar 2013 21:08:31 GMT
- request: 
    method: post
    uri: https://admin:admin@localhost/pulp/api/v2/consumer_groups/integration_test_consumer_group_support/actions/unassociate/
    body: 
      encoding: US-ASCII
      string: "{\"criteria\":{\"filters\":{\"id\":{\"$in\":[\"integration_test_consumer_support\"]}}}}"
    headers: 
      Accept: 
      - application/json
      Accept-Encoding: 
      - gzip, deflate
      Content-Type: 
      - application/json
      Content-Length: 
      - "77"
      User-Agent: 
      - Ruby
  response: 
    status: 
      code: 200
      message: OK
    headers: 
      Date: 
      - Mon, 18 Mar 2013 21:08:40 GMT
      Server: 
      - Apache/2.4.3 (Fedora) OpenSSL/1.0.1c-fips mod_wsgi/3.4 Python/2.7.3
      Content-Length: 
      - "37"
      Content-Type: 
      - application/json
    body: 
      encoding: US-ASCII
      string: "[\"integration_test_consumer_support\"]"
    http_version: 
  recorded_at: Mon, 18 Mar 2013 21:08:40 GMT
- request: 
    method: post
    uri: https://admin:admin@localhost/pulp/api/v2/consumer_groups/integration_test_consumer_group_support/actions/content/uninstall/
    body: 
      encoding: US-ASCII
      string: "{\"units\":[{\"type_id\":\"rpm\",\"unit_key\":{\"name\":\"zsh\"}},{\"type_id\":\"rpm\",\"unit_key\":{\"name\":\"foo\"}}],\"options\":{}}"
    headers: 
      Accept: 
      - application/json
      Accept-Encoding: 
      - gzip, deflate
      Content-Type: 
      - application/json
      Content-Length: 
      - "112"
      User-Agent: 
      - Ruby
  response: 
    status: 
      code: 202
      message: Accepted
    headers: 
      Date: 
      - Mon, 18 Mar 2013 21:08:43 GMT
      Server: 
      - Apache/2.4.3 (Fedora) OpenSSL/1.0.1c-fips mod_wsgi/3.4 Python/2.7.3
      Content-Encoding: 
      - utf-8
      Content-Length: 
      - "674"
      Content-Type: 
      - application/json
    body: 
      encoding: US-ASCII
      string: "{\"task_group_id\": null, \"exception\": null, \"traceback\": null, \"_href\": \"/pulp/api/v2/tasks/708e15fa-acf9-44bb-ac2d-080958c60f2b/\", \"task_id\": \"708e15fa-acf9-44bb-ac2d-080958c60f2b\", \"call_request_tags\": [\"pulp:consumer:integration_test_consumer_support\", \"pulp:action:unit_uninstall\"], \"reasons\": [], \"start_time\": null, \"tags\": [\"pulp:consumer:integration_test_consumer_support\", \"pulp:action:unit_uninstall\"], \"state\": \"waiting\", \"finish_time\": null, \"dependency_failures\": {}, \"schedule_id\": null, \"progress\": {}, \"call_request_group_id\": null, \"call_request_id\": \"708e15fa-acf9-44bb-ac2d-080958c60f2b\", \"principal_login\": \"admin\", \"response\": \"accepted\", \"result\": null}"
    http_version: 
  recorded_at: Mon, 18 Mar 2013 21:08:43 GMT
- request: 
    method: get
    uri: https://admin:admin@localhost/pulp/api/v2/repositories/integration_test_id/?details=true
    body: 
      encoding: US-ASCII
      string: ""
    headers: 
      Accept: 
      - application/json
      Accept-Encoding: 
      - gzip, deflate
      Content-Type: 
      - application/json
      User-Agent: 
      - Ruby
  response: 
    status: 
      code: 200
      message: OK
    headers: 
      Date: 
      - Mon, 18 Mar 2013 21:08:48 GMT
      Server: 
      - Apache/2.4.3 (Fedora) OpenSSL/1.0.1c-fips mod_wsgi/3.4 Python/2.7.3
      Content-Length: 
      - "1071"
      Content-Type: 
      - application/json
    body: 
      encoding: US-ASCII
      string: "{\"scratchpad\": {\"checksum_type\": \"sha256\", \"repodata\": {}}, \"display_name\": \"integration_test_id\", \"description\": null, \"_ns\": \"repos\", \"notes\": {}, \"content_unit_counts\": {\"package_group\": 2, \"distribution\": 1, \"package_category\": 1, \"rpm\": 8, \"erratum\": 2}, \"_id\": {\"$oid\": \"514782414964c818b8234966\"}, \"id\": \"integration_test_id\", \"_href\": \"/pulp/api/v2/repositories/integration_test_id/\", \"importers\": [{\"repo_id\": \"integration_test_id\", \"_ns\": \"repo_importers\", \"importer_type_id\": \"yum_importer\", \"last_sync\": \"2013-03-18T17:08:19-04:00\", \"scheduled_syncs\": [], \"_id\": {\"$oid\": \"514782414964c818b8234967\"}, \"config\": {\"feed_url\": \"file:///home/ehelms/workspace/runcible/test/fixtures/repositories/zoo5\"}, \"id\": \"yum_importer\"}], \"distributors\": [{\"repo_id\": \"integration_test_id\", \"_ns\": \"repo_distributors\", \"last_publish\": null, \"auto_publish\": false, \"scheduled_publishes\": [], \"distributor_type_id\": \"yum_distributor\", \"_id\": {\"$oid\": \"514782414964c818b8234968\"}, \"config\": {\"http\": true, \"relative_url\": \"/path\", \"https\": true}, \"id\": \"37ecc384df30c166a018\"}]}"
    http_version: 
  recorded_at: Mon, 18 Mar 2013 21:08:48 GMT
- request: 
    method: post
    uri: https://admin:admin@localhost/pulp/api/v2/consumers/integration_test_consumer_support/bindings//
    body: 
      encoding: US-ASCII
      string: "{\"repo_id\":\"integration_test_id\",\"distributor_id\":\"37ecc384df30c166a018\"}"
    headers: 
      Accept: 
      - application/json
      Accept-Encoding: 
      - gzip, deflate
      Content-Type: 
      - application/json
      Content-Length: 
      - "73"
      User-Agent: 
      - Ruby
  response: 
    status: 
      code: 202
      message: Accepted
    headers: 
      Date: 
      - Mon, 18 Mar 2013 21:08:48 GMT
      Server: 
      - Apache/2.4.3 (Fedora) OpenSSL/1.0.1c-fips mod_wsgi/3.4 Python/2.7.3
      Content-Encoding: 
      - utf-8
      Content-Length: 
      - "1836"
      Content-Type: 
      - application/json
    body: 
      encoding: US-ASCII
      string: "[{\"task_group_id\": \"f7f8093d-d7b8-4656-8b4a-b80284fbcee9\", \"exception\": null, \"traceback\": null, \"_href\": \"/pulp/api/v2/task_groups/f7f8093d-d7b8-4656-8b4a-b80284fbcee9/\", \"task_id\": \"f4acf8d5-e346-4244-a62c-324e935100aa\", \"call_request_tags\": [\"pulp:consumer:integration_test_consumer_support\", \"pulp:repository:integration_test_id\", \"pulp:repository_distributor:37ecc384df30c166a018\", \"pulp:action:bind\"], \"reasons\": [], \"start_time\": null, \"tags\": [\"pulp:consumer:integration_test_consumer_support\", \"pulp:repository:integration_test_id\", \"pulp:repository_distributor:37ecc384df30c166a018\", \"pulp:action:bind\"], \"state\": \"waiting\", \"finish_time\": null, \"dependency_failures\": {}, \"schedule_id\": null, \"progress\": {}, \"call_request_group_id\": \"f7f8093d-d7b8-4656-8b4a-b80284fbcee9\", \"call_request_id\": \"f4acf8d5-e346-4244-a62c-324e935100aa\", \"principal_login\": \"admin\", \"response\": \"accepted\", \"result\": null}, {\"task_group_id\": \"f7f8093d-d7b8-4656-8b4a-b80284fbcee9\", \"exception\": null, \"traceback\": null, \"_href\": \"/pulp/api/v2/task_groups/f7f8093d-d7b8-4656-8b4a-b80284fbcee9/\", \"task_id\": \"350a7efb-47bd-4150-a850-d811922f5f7f\", \"call_request_tags\": [\"pulp:consumer:integration_test_consumer_support\", \"pulp:repository:integration_test_id\", \"pulp:repository_distributor:37ecc384df30c166a018\", \"pulp:action:agent_bind\"], \"reasons\": [], \"start_time\": null, \"tags\": [\"pulp:consumer:integration_test_consumer_support\", \"pulp:repository:integration_test_id\", \"pulp:repository_distributor:37ecc384df30c166a018\", \"pulp:action:agent_bind\"], \"state\": \"waiting\", \"finish_time\": null, \"dependency_failures\": {}, \"schedule_id\": null, \"progress\": {}, \"call_request_group_id\": \"f7f8093d-d7b8-4656-8b4a-b80284fbcee9\", \"call_request_id\": \"350a7efb-47bd-4150-a850-d811922f5f7f\", \"principal_login\": \"admin\", \"response\": \"accepted\", \"result\": null}]"
    http_version: 
  recorded_at: Mon, 18 Mar 2013 21:08:48 GMT
- request: 
    method: post
    uri: https://admin:admin@localhost/pulp/api/v2/consumer_groups/integration_test_consumer_group_support/actions/associate/
    body: 
      encoding: US-ASCII
      string: "{\"criteria\":{\"filters\":{\"id\":{\"$in\":[\"integration_test_consumer_support\"]}}}}"
    headers: 
      Accept: 
      - application/json
      Accept-Encoding: 
      - gzip, deflate
      Content-Type: 
      - application/json
      Content-Length: 
      - "77"
      User-Agent: 
      - Ruby
  response: 
    status: 
      code: 200
      message: OK
    headers: 
      Date: 
      - Mon, 18 Mar 2013 21:08:48 GMT
      Server: 
      - Apache/2.4.3 (Fedora) OpenSSL/1.0.1c-fips mod_wsgi/3.4 Python/2.7.3
      Content-Length: 
      - "37"
      Content-Type: 
      - application/json
    body: 
      encoding: US-ASCII
      string: "[\"integration_test_consumer_support\"]"
    http_version: 
  recorded_at: Mon, 18 Mar 2013 21:08:49 GMT
- request: 
    method: post
    uri: https://admin:admin@localhost/pulp/api/v2/consumer_groups/integration_test_consumer_group_support/actions/associate/
    body: 
      encoding: US-ASCII
      string: "{\"criteria\":{\"filters\":{\"id\":{\"$in\":[\"integration_test_consumer_support\"]}}}}"
    headers: 
      Accept: 
      - application/json
      Accept-Encoding: 
      - gzip, deflate
      Content-Type: 
      - application/json
      Content-Length: 
      - "77"
      User-Agent: 
      - Ruby
  response: 
    status: 
      code: 200
      message: OK
    headers: 
      Date: 
      - Mon, 18 Mar 2013 21:08:49 GMT
      Server: 
      - Apache/2.4.3 (Fedora) OpenSSL/1.0.1c-fips mod_wsgi/3.4 Python/2.7.3
      Content-Length: 
      - "37"
      Content-Type: 
      - application/json
    body: 
      encoding: US-ASCII
      string: "[\"integration_test_consumer_support\"]"
    http_version: 
  recorded_at: Mon, 18 Mar 2013 21:08:49 GMT
recorded_with: VCR 2.4.0
