--- 
http_interactions: 
- request: 
    method: get
    uri: https://admin:admin@abed.usersys.redhat.com/pulp/api/v2/consumer_groups/integration_test_consumer_group_support/
    body: 
      encoding: US-ASCII
      string: ""
    headers: 
      Accept: 
      - application/json
      Accept-Encoding: 
      - gzip, deflate
      Content-Type: 
      - application/json
      User-Agent: 
      - Ruby
  response: 
    status: 
      code: 200
      message: OK
    headers: 
      Date: 
      - Tue, 13 Aug 2013 19:57:29 GMT
      Server: 
      - Apache/2.2.15 (Red Hat)
      Content-Length: 
      - "333"
      Content-Type: 
      - application/json
    body: 
      encoding: US-ASCII
      string: "{\"scratchpad\": null, \"display_name\": null, \"description\": null, \"_ns\": \"consumer_groups\", \"notes\": {}, \"consumer_ids\": [\"integration_test_consumer_support\"], \"_id\": {\"$oid\": \"520a8fa75ca01325e2eb0f6d\"}, \"id\": \"integration_test_consumer_group_support\", \"_href\": \"/pulp/api/v2/consumer_groups/integration_test_consumer_group_support/\"}"
    http_version: 
  recorded_at: Tue, 13 Aug 2013 19:57:29 GMT
- request: 
    method: post
    uri: https://admin:admin@abed.usersys.redhat.com/pulp/api/v2/consumer_groups/integration_test_consumer_group_support/actions/unassociate/
    body: 
      encoding: US-ASCII
      string: "{\"criteria\":{\"filters\":{\"id\":{\"$in\":[\"integration_test_consumer_support\"]}}}}"
    headers: 
      Accept: 
      - application/json
      Accept-Encoding: 
      - gzip, deflate
      Content-Type: 
      - application/json
      Content-Length: 
      - "77"
      User-Agent: 
      - Ruby
  response: 
    status: 
      code: 200
      message: OK
    headers: 
      Date: 
      - Tue, 13 Aug 2013 19:57:29 GMT
      Server: 
      - Apache/2.2.15 (Red Hat)
      Content-Length: 
      - "2"
      Content-Type: 
      - application/json
    body: 
      encoding: US-ASCII
      string: "[]"
    http_version: 
  recorded_at: Tue, 13 Aug 2013 19:57:29 GMT
- request: 
    method: get
    uri: https://admin:admin@abed.usersys.redhat.com/pulp/api/v2/consumer_groups/integration_test_consumer_group_support/
    body: 
      encoding: US-ASCII
      string: ""
    headers: 
      Accept: 
      - application/json
      Accept-Encoding: 
      - gzip, deflate
      Content-Type: 
      - application/json
      User-Agent: 
      - Ruby
  response: 
    status: 
      code: 200
      message: OK
    headers: 
      Date: 
      - Tue, 13 Aug 2013 19:57:29 GMT
      Server: 
      - Apache/2.2.15 (Red Hat)
      Content-Length: 
      - "298"
      Content-Type: 
      - application/json
    body: 
      encoding: US-ASCII
      string: "{\"scratchpad\": null, \"display_name\": null, \"description\": null, \"_ns\": \"consumer_groups\", \"notes\": {}, \"consumer_ids\": [], \"_id\": {\"$oid\": \"520a8fa75ca01325e2eb0f6d\"}, \"id\": \"integration_test_consumer_group_support\", \"_href\": \"/pulp/api/v2/consumer_groups/integration_test_consumer_group_support/\"}"
    http_version: 
  recorded_at: Tue, 13 Aug 2013 19:57:29 GMT
- request: 
    method: post
    uri: https://admin:admin@abed.usersys.redhat.com/pulp/api/v2/consumer_groups/integration_test_consumer_group_support/actions/content/update/
    body: 
      encoding: US-ASCII
      string: "{\"units\":[{\"type_id\":\"rpm\",\"unit_key\":{\"name\":\"zsh\"}},{\"type_id\":\"rpm\",\"unit_key\":{\"name\":\"foo\"}}],\"options\":{}}"
    headers: 
      Accept: 
      - application/json
      Accept-Encoding: 
      - gzip, deflate
      Content-Type: 
      - application/json
      Content-Length: 
      - "112"
      User-Agent: 
      - Ruby
  response: 
    status: 
      code: 202
      message: Accepted
    headers: 
      Date: 
      - Tue, 13 Aug 2013 19:57:33 GMT
      Server: 
      - Apache/2.2.15 (Red Hat)
      Content-Encoding: 
      - utf-8
      Content-Length: 
      - "744"
      Content-Type: 
      - application/json
    body: 
      encoding: US-ASCII
      string: "[{\"task_group_id\": \"b3001dbe-cdea-4c05-94b6-ef92d56dc526\", \"exception\": null, \"traceback\": null, \"_href\": \"/pulp/api/v2/task_groups/b3001dbe-cdea-4c05-94b6-ef92d56dc526/\", \"task_id\": \"23931d14-2336-4865-9993-e7538c9e500b\", \"call_request_tags\": [\"pulp:consumer:integration_test_consumer_support\", \"pulp:action:unit_update\"], \"reasons\": [], \"start_time\": null, \"tags\": [\"pulp:consumer:integration_test_consumer_support\", \"pulp:action:unit_update\"], \"state\": \"waiting\", \"finish_time\": null, \"dependency_failures\": {}, \"schedule_id\": null, \"progress\": {}, \"call_request_group_id\": \"b3001dbe-cdea-4c05-94b6-ef92d56dc526\", \"call_request_id\": \"23931d14-2336-4865-9993-e7538c9e500b\", \"principal_login\": \"admin\", \"response\": \"accepted\", \"result\": null}]"
    http_version: 
  recorded_at: Tue, 13 Aug 2013 19:57:33 GMT
- request: 
    method: post
    uri: https://admin:admin@abed.usersys.redhat.com/pulp/api/v2/consumer_groups/integration_test_consumer_group_support/actions/content/install/
    body: 
      encoding: US-ASCII
      string: "{\"units\":[{\"type_id\":\"rpm\",\"unit_key\":{\"name\":\"zsh\"}},{\"type_id\":\"rpm\",\"unit_key\":{\"name\":\"foo\"}}],\"options\":{}}"
    headers: 
      Accept: 
      - application/json
      Accept-Encoding: 
      - gzip, deflate
      Content-Type: 
      - application/json
      Content-Length: 
      - "112"
      User-Agent: 
      - Ruby
  response: 
    status: 
      code: 202
      message: Accepted
    headers: 
      Date: 
      - Tue, 13 Aug 2013 19:57:48 GMT
      Server: 
      - Apache/2.2.15 (Red Hat)
      Content-Encoding: 
      - utf-8
      Content-Length: 
      - "746"
      Content-Type: 
      - application/json
    body: 
      encoding: US-ASCII
      string: "[{\"task_group_id\": \"52054942-40e0-4d3f-8f63-28bb4a6c7d55\", \"exception\": null, \"traceback\": null, \"_href\": \"/pulp/api/v2/task_groups/52054942-40e0-4d3f-8f63-28bb4a6c7d55/\", \"task_id\": \"a7113c1e-de69-4242-ab05-6fcc2c987643\", \"call_request_tags\": [\"pulp:consumer:integration_test_consumer_support\", \"pulp:action:unit_install\"], \"reasons\": [], \"start_time\": null, \"tags\": [\"pulp:consumer:integration_test_consumer_support\", \"pulp:action:unit_install\"], \"state\": \"waiting\", \"finish_time\": null, \"dependency_failures\": {}, \"schedule_id\": null, \"progress\": {}, \"call_request_group_id\": \"52054942-40e0-4d3f-8f63-28bb4a6c7d55\", \"call_request_id\": \"a7113c1e-de69-4242-ab05-6fcc2c987643\", \"principal_login\": \"admin\", \"response\": \"accepted\", \"result\": null}]"
    http_version: 
  recorded_at: Tue, 13 Aug 2013 19:57:48 GMT
- request: 
    method: post
    uri: https://admin:admin@abed.usersys.redhat.com/pulp/api/v2/consumer_groups/integration_test_consumer_group_support/actions/content/uninstall/
    body: 
      encoding: US-ASCII
      string: "{\"units\":[{\"type_id\":\"rpm\",\"unit_key\":{\"name\":\"zsh\"}},{\"type_id\":\"rpm\",\"unit_key\":{\"name\":\"foo\"}}],\"options\":{}}"
    headers: 
      Accept: 
      - application/json
      Accept-Encoding: 
      - gzip, deflate
      Content-Type: 
      - application/json
      Content-Length: 
      - "112"
      User-Agent: 
      - Ruby
  response: 
    status: 
      code: 202
      message: Accepted
    headers: 
      Date: 
      - Tue, 13 Aug 2013 19:58:01 GMT
      Server: 
      - Apache/2.2.15 (Red Hat)
      Content-Encoding: 
      - utf-8
      Content-Length: 
      - "750"
      Content-Type: 
      - application/json
    body: 
      encoding: US-ASCII
      string: "[{\"task_group_id\": \"4b3f8f04-386c-4fff-8cf4-dd01becd8ca9\", \"exception\": null, \"traceback\": null, \"_href\": \"/pulp/api/v2/task_groups/4b3f8f04-386c-4fff-8cf4-dd01becd8ca9/\", \"task_id\": \"c9d65c79-82e9-4e49-92f0-32d3aed8915f\", \"call_request_tags\": [\"pulp:consumer:integration_test_consumer_support\", \"pulp:action:unit_uninstall\"], \"reasons\": [], \"start_time\": null, \"tags\": [\"pulp:consumer:integration_test_consumer_support\", \"pulp:action:unit_uninstall\"], \"state\": \"waiting\", \"finish_time\": null, \"dependency_failures\": {}, \"schedule_id\": null, \"progress\": {}, \"call_request_group_id\": \"4b3f8f04-386c-4fff-8cf4-dd01becd8ca9\", \"call_request_id\": \"c9d65c79-82e9-4e49-92f0-32d3aed8915f\", \"principal_login\": \"admin\", \"response\": \"accepted\", \"result\": null}]"
    http_version: 
  recorded_at: Tue, 13 Aug 2013 19:58:02 GMT
- request: 
    method: get
    uri: https://admin:admin@abed.usersys.redhat.com/pulp/api/v2/repositories/integration_test_id/?details=true
    body: 
      encoding: US-ASCII
      string: ""
    headers: 
      Accept: 
      - application/json
      Accept-Encoding: 
      - gzip, deflate
      Content-Type: 
      - application/json
      User-Agent: 
      - Ruby
  response: 
    status: 
      code: 200
      message: OK
    headers: 
      Date: 
      - Tue, 13 Aug 2013 19:58:18 GMT
      Server: 
      - Apache/2.2.15 (Red Hat)
      Content-Length: 
      - "1013"
      Content-Type: 
      - application/json
    body: 
      encoding: US-ASCII
      string: "{\"scratchpad\": {}, \"display_name\": \"integration_test_id\", \"description\": null, \"_ns\": \"repos\", \"notes\": {}, \"content_unit_counts\": {\"package_group\": 2, \"distribution\": 1, \"package_category\": 1, \"rpm\": 8, \"erratum\": 2}, \"_id\": {\"$oid\": \"520a8fa45ca01325e2eb0eef\"}, \"id\": \"integration_test_id\", \"_href\": \"/pulp/api/v2/repositories/integration_test_id/\", \"importers\": [{\"repo_id\": \"integration_test_id\", \"_ns\": \"repo_importers\", \"importer_type_id\": \"yum_importer\", \"last_sync\": \"2013-08-13T15:57:25-04:00\", \"scheduled_syncs\": [], \"_id\": {\"$oid\": \"520a8fa45ca01325e2eb0ef0\"}, \"config\": {\"feed\": \"file:///home/jlsherri/git/runcible/test/fixtures/repositories/zoo5\"}, \"id\": \"yum_importer\"}], \"distributors\": [{\"repo_id\": \"integration_test_id\", \"_ns\": \"repo_distributors\", \"last_publish\": null, \"auto_publish\": false, \"scheduled_publishes\": [], \"distributor_type_id\": \"yum_distributor\", \"_id\": {\"$oid\": \"520a8fa45ca01325e2eb0ef1\"}, \"config\": {\"http\": true, \"relative_url\": \"/path\", \"https\": true}, \"id\": \"puppet_dist\"}]}"
    http_version: 
  recorded_at: Tue, 13 Aug 2013 19:58:18 GMT
- request: 
    method: post
    uri: https://admin:admin@abed.usersys.redhat.com/pulp/api/v2/consumers/integration_test_consumer_support/bindings//
    body: 
      encoding: US-ASCII
      string: "{\"repo_id\":\"integration_test_id\",\"distributor_id\":\"puppet_dist\"}"
    headers: 
      Accept: 
      - application/json
      Accept-Encoding: 
      - gzip, deflate
      Content-Type: 
      - application/json
      Content-Length: 
      - "64"
      User-Agent: 
      - Ruby
  response: 
    status: 
      code: 202
      message: Accepted
    headers: 
      Date: 
      - Tue, 13 Aug 2013 19:58:18 GMT
      Server: 
      - Apache/2.2.15 (Red Hat)
      Content-Encoding: 
      - utf-8
      Content-Length: 
      - "1800"
      Content-Type: 
      - application/json
    body: 
      encoding: US-ASCII
      string: "[{\"task_group_id\": \"8fa24b4b-8c2a-4a0c-b53b-5b8c71a472d4\", \"exception\": null, \"traceback\": null, \"_href\": \"/pulp/api/v2/task_groups/8fa24b4b-8c2a-4a0c-b53b-5b8c71a472d4/\", \"task_id\": \"0554235f-bc8f-4a37-8a56-f954086c1f67\", \"call_request_tags\": [\"pulp:consumer:integration_test_consumer_support\", \"pulp:repository:integration_test_id\", \"pulp:repository_distributor:puppet_dist\", \"pulp:action:bind\"], \"reasons\": [], \"start_time\": null, \"tags\": [\"pulp:consumer:integration_test_consumer_support\", \"pulp:repository:integration_test_id\", \"pulp:repository_distributor:puppet_dist\", \"pulp:action:bind\"], \"state\": \"waiting\", \"finish_time\": null, \"dependency_failures\": {}, \"schedule_id\": null, \"progress\": {}, \"call_request_group_id\": \"8fa24b4b-8c2a-4a0c-b53b-5b8c71a472d4\", \"call_request_id\": \"0554235f-bc8f-4a37-8a56-f954086c1f67\", \"principal_login\": \"admin\", \"response\": \"accepted\", \"result\": null}, {\"task_group_id\": \"8fa24b4b-8c2a-4a0c-b53b-5b8c71a472d4\", \"exception\": null, \"traceback\": null, \"_href\": \"/pulp/api/v2/task_groups/8fa24b4b-8c2a-4a0c-b53b-5b8c71a472d4/\", \"task_id\": \"81c18198-e1bc-4312-be19-20fe8a14a29a\", \"call_request_tags\": [\"pulp:consumer:integration_test_consumer_support\", \"pulp:repository:integration_test_id\", \"pulp:repository_distributor:puppet_dist\", \"pulp:action:agent_bind\"], \"reasons\": [], \"start_time\": null, \"tags\": [\"pulp:consumer:integration_test_consumer_support\", \"pulp:repository:integration_test_id\", \"pulp:repository_distributor:puppet_dist\", \"pulp:action:agent_bind\"], \"state\": \"waiting\", \"finish_time\": null, \"dependency_failures\": {}, \"schedule_id\": null, \"progress\": {}, \"call_request_group_id\": \"8fa24b4b-8c2a-4a0c-b53b-5b8c71a472d4\", \"call_request_id\": \"81c18198-e1bc-4312-be19-20fe8a14a29a\", \"principal_login\": \"admin\", \"response\": \"accepted\", \"result\": null}]"
    http_version: 
  recorded_at: Tue, 13 Aug 2013 19:58:18 GMT
- request: 
    method: post
    uri: https://admin:admin@abed.usersys.redhat.com/pulp/api/v2/consumer_groups/integration_test_consumer_group_support/actions/associate/
    body: 
      encoding: US-ASCII
      string: "{\"criteria\":{\"filters\":{\"id\":{\"$in\":[\"integration_test_consumer_support\"]}}}}"
    headers: 
      Accept: 
      - application/json
      Accept-Encoding: 
      - gzip, deflate
      Content-Type: 
      - application/json
      Content-Length: 
      - "77"
      User-Agent: 
      - Ruby
  response: 
    status: 
      code: 200
      message: OK
    headers: 
      Date: 
      - Tue, 13 Aug 2013 19:58:18 GMT
      Server: 
      - Apache/2.2.15 (Red Hat)
      Content-Length: 
      - "37"
      Content-Type: 
      - application/json
    body: 
      encoding: US-ASCII
      string: "[\"integration_test_consumer_support\"]"
    http_version: 
  recorded_at: Tue, 13 Aug 2013 19:58:18 GMT
- request: 
    method: post
    uri: https://admin:admin@abed.usersys.redhat.com/pulp/api/v2/consumer_groups/integration_test_consumer_group_support/actions/associate/
    body: 
      encoding: US-ASCII
      string: "{\"criteria\":{\"filters\":{\"id\":{\"$in\":[\"integration_test_consumer_support\"]}}}}"
    headers: 
      Accept: 
      - application/json
      Accept-Encoding: 
      - gzip, deflate
      Content-Type: 
      - application/json
      Content-Length: 
      - "77"
      User-Agent: 
      - Ruby
  response: 
    status: 
      code: 200
      message: OK
    headers: 
      Date: 
      - Tue, 13 Aug 2013 19:58:18 GMT
      Server: 
      - Apache/2.2.15 (Red Hat)
      Content-Length: 
      - "37"
      Content-Type: 
      - application/json
    body: 
      encoding: US-ASCII
      string: "[\"integration_test_consumer_support\"]"
    http_version: 
  recorded_at: Tue, 13 Aug 2013 19:58:18 GMT
recorded_with: VCR 2.5.0
