--- 
http_interactions: 
- request: 
    method: post
    uri: https://admin:nuN2FAe%2B2JpPGJRYZmDTeMYpOgC9Dy1h@abed.usersys.redhat.com/pulp/api/v2/repositories/
    body: 
      encoding: US-ASCII
      string: "{\"id\":\"integration_test_id_clone\",\"importer_type_id\":\"yum_importer\",\"importer_config\":{}}"
    headers: 
      Accept: 
      - application/json
      Accept-Encoding: 
      - gzip, deflate
      Content-Type: 
      - application/json
      Content-Length: 
      - "89"
      User-Agent: 
      - Ruby
  response: 
    status: 
      code: 201
      message: Created
    headers: 
      Date: 
      - Tue, 04 Jun 2013 16:22:48 GMT
      Server: 
      - Apache/2.2.15 (Red Hat)
      Location: 
      - integration_test_id_clone
      Content-Length: 
      - "285"
      Content-Type: 
      - application/json
    body: 
      encoding: US-ASCII
      string: "{\"scratchpad\": {}, \"display_name\": \"integration_test_id_clone\", \"description\": null, \"_ns\": \"repos\", \"notes\": {}, \"content_unit_counts\": {}, \"_id\": {\"$oid\": \"51ae14585ca0133c2a01b146\"}, \"id\": \"integration_test_id_clone\", \"_href\": \"/pulp/api/v2/repositories/integration_test_id_clone/\"}"
    http_version: 
  recorded_at: Tue, 04 Jun 2013 16:22:48 GMT
- request: 
    method: post
    uri: https://admin:nuN2FAe%2B2JpPGJRYZmDTeMYpOgC9Dy1h@abed.usersys.redhat.com/pulp/api/v2/repositories/integration_test_id/search/units/
    body: 
      encoding: US-ASCII
      string: "{\"criteria\":{\"type_ids\":[\"distribution\"]}}"
    headers: 
      Accept: 
      - application/json
      Accept-Encoding: 
      - gzip, deflate
      Content-Type: 
      - application/json
      Content-Length: 
      - "42"
      User-Agent: 
      - Ruby
  response: 
    status: 
      code: 200
      message: OK
    headers: 
      Date: 
      - Tue, 04 Jun 2013 16:22:49 GMT
      Server: 
      - Apache/2.2.15 (Red Hat)
      Content-Length: 
      - "2302"
      Content-Type: 
      - application/json
    body: 
      encoding: US-ASCII
      string: "[{\"updated\": \"2013-06-04T20:22:47Z\", \"repo_id\": \"integration_test_id\", \"created\": \"2013-06-04T20:22:47Z\", \"_ns\": \"repo_content_units\", \"unit_id\": \"83c22062-df25-4fa3-9d34-10e6c711b9ad\", \"unit_type_id\": \"distribution\", \"owner_type\": \"importer\", \"_id\": {\"$oid\": \"51ae14575ca0133c2a01b12f\"}, \"id\": \"51ae14575ca0133c2a01b12f\", \"owner_id\": \"yum_importer\", \"metadata\": {\"files\": [{\"checksumtype\": \"sha256\", \"relativepath\": \"images/test2.img\", \"fileName\": \"test2.img\", \"downloadurl\": \"file:///home/jlsherri/git/runcible/test/fixtures/repositories/zoo5/images/test2.img\", \"item_type\": \"tree_file\", \"savepath\": \"/var/lib/pulp/working/repos/integration_test_id/importers/yum_importer/integration_test_id/images\", \"checksum\": \"e3b0c44298fc1c149afbf4c8996fb92427ae41e4649b934ca495991b7852b855\", \"filename\": \"test2.img\", \"pkgpath\": \"/var/lib/pulp/content/distribution/ks-Test Family-TestVariant-16-x86_64/images\", \"size\": 0}, {\"checksumtype\": \"sha256\", \"relativepath\": \"empty.iso\", \"fileName\": \"empty.iso\", \"downloadurl\": \"file:///home/jlsherri/git/runcible/test/fixtures/repositories/zoo5/empty.iso\", \"item_type\": \"tree_file\", \"savepath\": \"/var/lib/pulp/working/repos/integration_test_id/importers/yum_importer/integration_test_id/\", \"checksum\": \"e3b0c44298fc1c149afbf4c8996fb92427ae41e4649b934ca495991b7852b855\", \"filename\": \"empty.iso\", \"pkgpath\": \"/var/lib/pulp/content/distribution/ks-Test Family-TestVariant-16-x86_64\", \"size\": 0}, {\"checksumtype\": \"sha256\", \"relativepath\": \"images/test1.img\", \"fileName\": \"test1.img\", \"downloadurl\": \"file:///home/jlsherri/git/runcible/test/fixtures/repositories/zoo5/images/test1.img\", \"item_type\": \"tree_file\", \"savepath\": \"/var/lib/pulp/working/repos/integration_test_id/importers/yum_importer/integration_test_id/images\", \"checksum\": \"e3b0c44298fc1c149afbf4c8996fb92427ae41e4649b934ca495991b7852b855\", \"filename\": \"test1.img\", \"pkgpath\": \"/var/lib/pulp/content/distribution/ks-Test Family-TestVariant-16-x86_64/images\", \"size\": 0}], \"_storage_path\": \"/var/lib/pulp/content/distribution/ks-Test Family-TestVariant-16-x86_64\", \"family\": \"Test Family\", \"_ns\": \"units_distribution\", \"variant\": \"TestVariant\", \"version\": \"16\", \"_content_type_id\": \"distribution\", \"_id\": \"83c22062-df25-4fa3-9d34-10e6c711b9ad\", \"arch\": \"x86_64\", \"id\": \"ks-Test Family-TestVariant-16-x86_64\"}}]"
    http_version: 
  recorded_at: Tue, 04 Jun 2013 16:22:49 GMT
- request: 
    method: post
    uri: https://admin:nuN2FAe%2B2JpPGJRYZmDTeMYpOgC9Dy1h@abed.usersys.redhat.com/pulp/api/v2/repositories/integration_test_id_clone/actions/unassociate/
    body: 
      encoding: US-ASCII
      string: "{\"criteria\":{\"type_ids\":[\"distribution\"],\"filters\":{\"unit\":{\"id\":{\"$in\":[\"ks-Test Family-TestVariant-16-x86_64\"]}}}}}"
    headers: 
      Accept: 
      - application/json
      Accept-Encoding: 
      - gzip, deflate
      Content-Type: 
      - application/json
      Content-Length: 
      - "117"
      User-Agent: 
      - Ruby
  response: 
    status: 
      code: 202
      message: Accepted
    headers: 
      Date: 
      - Tue, 04 Jun 2013 16:22:49 GMT
      Server: 
      - Apache/2.2.15 (Red Hat)
      Content-Encoding: 
      - utf-8
      Content-Length: 
      - "656"
      Content-Type: 
      - application/json
    body: 
      encoding: US-ASCII
      string: "{\"task_group_id\": null, \"exception\": null, \"traceback\": null, \"_href\": \"/pulp/api/v2/tasks/e9df7627-6d29-4579-ab19-5e1b566c96cb/\", \"task_id\": \"e9df7627-6d29-4579-ab19-5e1b566c96cb\", \"call_request_tags\": [\"pulp:repository:integration_test_id_clone\", \"pulp:action:unassociate\"], \"reasons\": [], \"start_time\": null, \"tags\": [\"pulp:repository:integration_test_id_clone\", \"pulp:action:unassociate\"], \"state\": \"waiting\", \"finish_time\": null, \"dependency_failures\": {}, \"schedule_id\": null, \"progress\": {}, \"call_request_group_id\": null, \"call_request_id\": \"e9df7627-6d29-4579-ab19-5e1b566c96cb\", \"principal_login\": \"admin\", \"response\": \"accepted\", \"result\": null}"
    http_version: 
  recorded_at: Tue, 04 Jun 2013 16:22:49 GMT
- request: 
    method: post
    uri: https://admin:nuN2FAe%2B2JpPGJRYZmDTeMYpOgC9Dy1h@abed.usersys.redhat.com/pulp/api/v2/repositories/integration_test_id_clone/search/units/
    body: 
      encoding: US-ASCII
      string: "{\"criteria\":{\"type_ids\":[\"distribution\"]}}"
    headers: 
      Accept: 
      - application/json
      Accept-Encoding: 
      - gzip, deflate
      Content-Type: 
      - application/json
      Content-Length: 
      - "42"
      User-Agent: 
      - Ruby
  response: 
    status: 
      code: 200
      message: OK
    headers: 
      Date: 
      - Tue, 04 Jun 2013 16:22:50 GMT
      Server: 
      - Apache/2.2.15 (Red Hat)
      Content-Length: 
      - "2"
      Content-Type: 
      - application/json
    body: 
      encoding: US-ASCII
      string: "[]"
    http_version: 
  recorded_at: Tue, 04 Jun 2013 16:22:50 GMT
- request: 
    method: post
    uri: https://admin:nuN2FAe%2B2JpPGJRYZmDTeMYpOgC9Dy1h@abed.usersys.redhat.com/pulp/api/v2/repositories/integration_test_id/search/units/
    body: 
      encoding: US-ASCII
      string: "{\"criteria\":{\"type_ids\":[\"distribution\"]}}"
    headers: 
      Accept: 
      - application/json
      Accept-Encoding: 
      - gzip, deflate
      Content-Type: 
      - application/json
      Content-Length: 
      - "42"
      User-Agent: 
      - Ruby
  response: 
    status: 
      code: 200
      message: OK
    headers: 
      Date: 
      - Tue, 04 Jun 2013 16:22:50 GMT
      Server: 
      - Apache/2.2.15 (Red Hat)
      Content-Length: 
      - "2302"
      Content-Type: 
      - application/json
    body: 
      encoding: US-ASCII
      string: "[{\"updated\": \"2013-06-04T20:22:47Z\", \"repo_id\": \"integration_test_id\", \"created\": \"2013-06-04T20:22:47Z\", \"_ns\": \"repo_content_units\", \"unit_id\": \"83c22062-df25-4fa3-9d34-10e6c711b9ad\", \"unit_type_id\": \"distribution\", \"owner_type\": \"importer\", \"_id\": {\"$oid\": \"51ae14575ca0133c2a01b12f\"}, \"id\": \"51ae14575ca0133c2a01b12f\", \"owner_id\": \"yum_importer\", \"metadata\": {\"files\": [{\"checksumtype\": \"sha256\", \"relativepath\": \"images/test2.img\", \"fileName\": \"test2.img\", \"downloadurl\": \"file:///home/jlsherri/git/runcible/test/fixtures/repositories/zoo5/images/test2.img\", \"item_type\": \"tree_file\", \"savepath\": \"/var/lib/pulp/working/repos/integration_test_id/importers/yum_importer/integration_test_id/images\", \"checksum\": \"e3b0c44298fc1c149afbf4c8996fb92427ae41e4649b934ca495991b7852b855\", \"filename\": \"test2.img\", \"pkgpath\": \"/var/lib/pulp/content/distribution/ks-Test Family-TestVariant-16-x86_64/images\", \"size\": 0}, {\"checksumtype\": \"sha256\", \"relativepath\": \"empty.iso\", \"fileName\": \"empty.iso\", \"downloadurl\": \"file:///home/jlsherri/git/runcible/test/fixtures/repositories/zoo5/empty.iso\", \"item_type\": \"tree_file\", \"savepath\": \"/var/lib/pulp/working/repos/integration_test_id/importers/yum_importer/integration_test_id/\", \"checksum\": \"e3b0c44298fc1c149afbf4c8996fb92427ae41e4649b934ca495991b7852b855\", \"filename\": \"empty.iso\", \"pkgpath\": \"/var/lib/pulp/content/distribution/ks-Test Family-TestVariant-16-x86_64\", \"size\": 0}, {\"checksumtype\": \"sha256\", \"relativepath\": \"images/test1.img\", \"fileName\": \"test1.img\", \"downloadurl\": \"file:///home/jlsherri/git/runcible/test/fixtures/repositories/zoo5/images/test1.img\", \"item_type\": \"tree_file\", \"savepath\": \"/var/lib/pulp/working/repos/integration_test_id/importers/yum_importer/integration_test_id/images\", \"checksum\": \"e3b0c44298fc1c149afbf4c8996fb92427ae41e4649b934ca495991b7852b855\", \"filename\": \"test1.img\", \"pkgpath\": \"/var/lib/pulp/content/distribution/ks-Test Family-TestVariant-16-x86_64/images\", \"size\": 0}], \"_storage_path\": \"/var/lib/pulp/content/distribution/ks-Test Family-TestVariant-16-x86_64\", \"family\": \"Test Family\", \"_ns\": \"units_distribution\", \"variant\": \"TestVariant\", \"version\": \"16\", \"_content_type_id\": \"distribution\", \"_id\": \"83c22062-df25-4fa3-9d34-10e6c711b9ad\", \"arch\": \"x86_64\", \"id\": \"ks-Test Family-TestVariant-16-x86_64\"}}]"
    http_version: 
  recorded_at: Tue, 04 Jun 2013 16:22:50 GMT
- request: 
    method: post
    uri: https://admin:nuN2FAe%2B2JpPGJRYZmDTeMYpOgC9Dy1h@abed.usersys.redhat.com/pulp/api/v2/repositories/integration_test_id_clone/actions/unassociate/
    body: 
      encoding: US-ASCII
      string: "{\"criteria\":{\"type_ids\":[\"distribution\"],\"filters\":{\"association\":{\"unit_id\":{\"$in\":[\"83c22062-df25-4fa3-9d34-10e6c711b9ad\"]}}}}}"
    headers: 
      Accept: 
      - application/json
      Accept-Encoding: 
      - gzip, deflate
      Content-Type: 
      - application/json
      Content-Length: 
      - "129"
      User-Agent: 
      - Ruby
  response: 
    status: 
      code: 202
      message: Accepted
    headers: 
      Date: 
      - Tue, 04 Jun 2013 16:22:50 GMT
      Server: 
      - Apache/2.2.15 (Red Hat)
      Content-Encoding: 
      - utf-8
      Content-Length: 
      - "656"
      Content-Type: 
      - application/json
    body: 
      encoding: US-ASCII
      string: "{\"task_group_id\": null, \"exception\": null, \"traceback\": null, \"_href\": \"/pulp/api/v2/tasks/dd0fa6d8-0cbd-4ae6-b0c7-fa4f674a15a1/\", \"task_id\": \"dd0fa6d8-0cbd-4ae6-b0c7-fa4f674a15a1\", \"call_request_tags\": [\"pulp:repository:integration_test_id_clone\", \"pulp:action:unassociate\"], \"reasons\": [], \"start_time\": null, \"tags\": [\"pulp:repository:integration_test_id_clone\", \"pulp:action:unassociate\"], \"state\": \"waiting\", \"finish_time\": null, \"dependency_failures\": {}, \"schedule_id\": null, \"progress\": {}, \"call_request_group_id\": null, \"call_request_id\": \"dd0fa6d8-0cbd-4ae6-b0c7-fa4f674a15a1\", \"principal_login\": \"admin\", \"response\": \"accepted\", \"result\": null}"
    http_version: 
  recorded_at: Tue, 04 Jun 2013 16:22:50 GMT
- request: 
    method: post
    uri: https://admin:nuN2FAe%2B2JpPGJRYZmDTeMYpOgC9Dy1h@abed.usersys.redhat.com/pulp/api/v2/repositories/integration_test_id_clone/search/units/
    body: 
      encoding: US-ASCII
      string: "{\"criteria\":{\"type_ids\":[\"distribution\"]}}"
    headers: 
      Accept: 
      - application/json
      Accept-Encoding: 
      - gzip, deflate
      Content-Type: 
      - application/json
      Content-Length: 
      - "42"
      User-Agent: 
      - Ruby
  response: 
    status: 
      code: 200
      message: OK
    headers: 
      Date: 
      - Tue, 04 Jun 2013 16:22:51 GMT
      Server: 
      - Apache/2.2.15 (Red Hat)
      Content-Length: 
      - "2"
      Content-Type: 
      - application/json
    body: 
      encoding: US-ASCII
      string: "[]"
    http_version: 
  recorded_at: Tue, 04 Jun 2013 16:22:52 GMT
- request: 
    method: post
    uri: https://admin:nuN2FAe%2B2JpPGJRYZmDTeMYpOgC9Dy1h@abed.usersys.redhat.com/pulp/api/v2/repositories/integration_test_id/search/units/
    body: 
      encoding: US-ASCII
      string: "{\"criteria\":{\"type_ids\":[\"distribution\"]}}"
    headers: 
      Accept: 
      - application/json
      Accept-Encoding: 
      - gzip, deflate
      Content-Type: 
      - application/json
      Content-Length: 
      - "42"
      User-Agent: 
      - Ruby
  response: 
    status: 
      code: 200
      message: OK
    headers: 
      Date: 
      - Tue, 04 Jun 2013 16:22:52 GMT
      Server: 
      - Apache/2.2.15 (Red Hat)
      Content-Length: 
      - "2302"
      Content-Type: 
      - application/json
    body: 
      encoding: US-ASCII
      string: "[{\"updated\": \"2013-06-04T20:22:47Z\", \"repo_id\": \"integration_test_id\", \"created\": \"2013-06-04T20:22:47Z\", \"_ns\": \"repo_content_units\", \"unit_id\": \"83c22062-df25-4fa3-9d34-10e6c711b9ad\", \"unit_type_id\": \"distribution\", \"owner_type\": \"importer\", \"_id\": {\"$oid\": \"51ae14575ca0133c2a01b12f\"}, \"id\": \"51ae14575ca0133c2a01b12f\", \"owner_id\": \"yum_importer\", \"metadata\": {\"files\": [{\"checksumtype\": \"sha256\", \"relativepath\": \"images/test2.img\", \"fileName\": \"test2.img\", \"downloadurl\": \"file:///home/jlsherri/git/runcible/test/fixtures/repositories/zoo5/images/test2.img\", \"item_type\": \"tree_file\", \"savepath\": \"/var/lib/pulp/working/repos/integration_test_id/importers/yum_importer/integration_test_id/images\", \"checksum\": \"e3b0c44298fc1c149afbf4c8996fb92427ae41e4649b934ca495991b7852b855\", \"filename\": \"test2.img\", \"pkgpath\": \"/var/lib/pulp/content/distribution/ks-Test Family-TestVariant-16-x86_64/images\", \"size\": 0}, {\"checksumtype\": \"sha256\", \"relativepath\": \"empty.iso\", \"fileName\": \"empty.iso\", \"downloadurl\": \"file:///home/jlsherri/git/runcible/test/fixtures/repositories/zoo5/empty.iso\", \"item_type\": \"tree_file\", \"savepath\": \"/var/lib/pulp/working/repos/integration_test_id/importers/yum_importer/integration_test_id/\", \"checksum\": \"e3b0c44298fc1c149afbf4c8996fb92427ae41e4649b934ca495991b7852b855\", \"filename\": \"empty.iso\", \"pkgpath\": \"/var/lib/pulp/content/distribution/ks-Test Family-TestVariant-16-x86_64\", \"size\": 0}, {\"checksumtype\": \"sha256\", \"relativepath\": \"images/test1.img\", \"fileName\": \"test1.img\", \"downloadurl\": \"file:///home/jlsherri/git/runcible/test/fixtures/repositories/zoo5/images/test1.img\", \"item_type\": \"tree_file\", \"savepath\": \"/var/lib/pulp/working/repos/integration_test_id/importers/yum_importer/integration_test_id/images\", \"checksum\": \"e3b0c44298fc1c149afbf4c8996fb92427ae41e4649b934ca495991b7852b855\", \"filename\": \"test1.img\", \"pkgpath\": \"/var/lib/pulp/content/distribution/ks-Test Family-TestVariant-16-x86_64/images\", \"size\": 0}], \"_storage_path\": \"/var/lib/pulp/content/distribution/ks-Test Family-TestVariant-16-x86_64\", \"family\": \"Test Family\", \"_ns\": \"units_distribution\", \"variant\": \"TestVariant\", \"version\": \"16\", \"_content_type_id\": \"distribution\", \"_id\": \"83c22062-df25-4fa3-9d34-10e6c711b9ad\", \"arch\": \"x86_64\", \"id\": \"ks-Test Family-TestVariant-16-x86_64\"}}]"
    http_version: 
  recorded_at: Tue, 04 Jun 2013 16:22:52 GMT
- request: 
    method: post
    uri: https://admin:nuN2FAe%2B2JpPGJRYZmDTeMYpOgC9Dy1h@abed.usersys.redhat.com/pulp/api/v2/repositories/integration_test_id_clone/actions/unassociate/
    body: 
      encoding: US-ASCII
      string: "{\"criteria\":{\"type_ids\":[\"distribution\"],\"filters\":{\"association\":{\"unit_id\":{\"$in\":[\"83c22062-df25-4fa3-9d34-10e6c711b9ad\"]}}}}}"
    headers: 
      Accept: 
      - application/json
      Accept-Encoding: 
      - gzip, deflate
      Content-Type: 
      - application/json
      Content-Length: 
      - "129"
      User-Agent: 
      - Ruby
  response: 
    status: 
      code: 202
      message: Accepted
    headers: 
      Date: 
      - Tue, 04 Jun 2013 16:22:52 GMT
      Server: 
      - Apache/2.2.15 (Red Hat)
      Content-Encoding: 
      - utf-8
      Content-Length: 
      - "656"
      Content-Type: 
      - application/json
    body: 
      encoding: US-ASCII
      string: "{\"task_group_id\": null, \"exception\": null, \"traceback\": null, \"_href\": \"/pulp/api/v2/tasks/eea1f912-80c0-4fcc-8232-1fd1e63114b8/\", \"task_id\": \"eea1f912-80c0-4fcc-8232-1fd1e63114b8\", \"call_request_tags\": [\"pulp:repository:integration_test_id_clone\", \"pulp:action:unassociate\"], \"reasons\": [], \"start_time\": null, \"tags\": [\"pulp:repository:integration_test_id_clone\", \"pulp:action:unassociate\"], \"state\": \"waiting\", \"finish_time\": null, \"dependency_failures\": {}, \"schedule_id\": null, \"progress\": {}, \"call_request_group_id\": null, \"call_request_id\": \"eea1f912-80c0-4fcc-8232-1fd1e63114b8\", \"principal_login\": \"admin\", \"response\": \"accepted\", \"result\": null}"
    http_version: 
  recorded_at: Tue, 04 Jun 2013 16:22:52 GMT
- request: 
    method: post
    uri: https://admin:nuN2FAe%2B2JpPGJRYZmDTeMYpOgC9Dy1h@abed.usersys.redhat.com/pulp/api/v2/repositories/integration_test_id_clone/search/units/
    body: 
      encoding: US-ASCII
      string: "{\"criteria\":{\"type_ids\":[\"distribution\"]}}"
    headers: 
      Accept: 
      - application/json
      Accept-Encoding: 
      - gzip, deflate
      Content-Type: 
      - application/json
      Content-Length: 
      - "42"
      User-Agent: 
      - Ruby
  response: 
    status: 
      code: 200
      message: OK
    headers: 
      Date: 
      - Tue, 04 Jun 2013 16:22:53 GMT
      Server: 
      - Apache/2.2.15 (Red Hat)
      Content-Length: 
      - "2"
      Content-Type: 
      - application/json
    body: 
      encoding: US-ASCII
      string: "[]"
    http_version: 
  recorded_at: Tue, 04 Jun 2013 16:22:53 GMT
recorded_with: VCR 2.4.0
