--- 
recorded_with: VCR 2.3.0
http_interactions: 
- request: 
    method: post
    uri: https://admin:admin@localhost/pulp/api/v2/content/units/distribution/search/
    body: 
      string: "{\"criteria\":{}}"
    headers: 
      Content-Type: 
      - application/json
      Content-Length: 
      - "15"
      Accept: 
      - application/json
      Accept-Encoding: 
      - gzip, deflate
  response: 
    status: 
      code: 200
      message: OK
    headers: 
      Content-Type: 
      - application/json
      Content-Length: 
      - "2004"
      Server: 
      - Apache/2.2.22 (Fedora)
      Date: 
      - Fri, 16 Nov 2012 00:21:19 GMT
    body: 
      string: "[{\"files\": [{\"checksumtype\": \"sha256\", \"relativepath\": \"images/test2.img\", \"fileName\": \"test2.img\", \"downloadurl\": \"file:///home/jlsherri/runcible/test/fixtures/repositories/zoo5/images/test2.img\", \"item_type\": \"tree_file\", \"savepath\": \"/var/lib/pulp/working/repos/integration_test_id/importers/yum_importer/integration_test_id/images\", \"checksum\": \"e3b0c44298fc1c149afbf4c8996fb92427ae41e4649b934ca495991b7852b855\", \"filename\": \"test2.img\", \"pkgpath\": \"/var/lib/pulp/content/distribution/ks-Test Family-TestVariant-16-x86_64/images\", \"size\": 0}, {\"checksumtype\": \"sha256\", \"relativepath\": \"empty.iso\", \"fileName\": \"empty.iso\", \"downloadurl\": \"file:///home/jlsherri/runcible/test/fixtures/repositories/zoo5/empty.iso\", \"item_type\": \"tree_file\", \"savepath\": \"/var/lib/pulp/working/repos/integration_test_id/importers/yum_importer/integration_test_id/\", \"checksum\": \"e3b0c44298fc1c149afbf4c8996fb92427ae41e4649b934ca495991b7852b855\", \"filename\": \"empty.iso\", \"pkgpath\": \"/var/lib/pulp/content/distribution/ks-Test Family-TestVariant-16-x86_64\", \"size\": 0}, {\"checksumtype\": \"sha256\", \"relativepath\": \"images/test1.img\", \"fileName\": \"test1.img\", \"downloadurl\": \"file:///home/jlsherri/runcible/test/fixtures/repositories/zoo5/images/test1.img\", \"item_type\": \"tree_file\", \"savepath\": \"/var/lib/pulp/working/repos/integration_test_id/importers/yum_importer/integration_test_id/images\", \"checksum\": \"e3b0c44298fc1c149afbf4c8996fb92427ae41e4649b934ca495991b7852b855\", \"filename\": \"test1.img\", \"pkgpath\": \"/var/lib/pulp/content/distribution/ks-Test Family-TestVariant-16-x86_64/images\", \"size\": 0}], \"_storage_path\": \"/var/lib/pulp/content/distribution/ks-Test Family-TestVariant-16-x86_64\", \"family\": \"Test Family\", \"variant\": \"TestVariant\", \"version\": \"16\", \"_content_type_id\": \"distribution\", \"_id\": \"838e0de4-1606-4be7-8d16-053124af4665\", \"arch\": \"x86_64\", \"id\": \"ks-Test Family-TestVariant-16-x86_64\", \"_href\": \"/pulp/api/v2/content/units/distribution/838e0de4-1606-4be7-8d16-053124af4665/\", \"children\": {}}]"
    http_version: 
  recorded_at: Fri, 16 Nov 2012 00:21:19 GMT
- request: 
    method: post
    uri: https://admin:admin@localhost/pulp/api/v2/content/units/distribution/search/
    body: 
      string: "{\"criteria\":{\"filters\":{\"id\":{\"$in\":[\"ks-Test Family-TestVariant-16-x86_64\"]}}}}"
    headers: 
      Content-Type: 
      - application/json
      Content-Length: 
      - "80"
      Accept: 
      - application/json
      Accept-Encoding: 
      - gzip, deflate
  response: 
    status: 
      code: 200
      message: OK
    headers: 
      Content-Type: 
      - application/json
      Content-Length: 
      - "2004"
      Server: 
      - Apache/2.2.22 (Fedora)
      Date: 
      - Fri, 16 Nov 2012 00:21:19 GMT
    body: 
      string: "[{\"files\": [{\"checksumtype\": \"sha256\", \"relativepath\": \"images/test2.img\", \"fileName\": \"test2.img\", \"downloadurl\": \"file:///home/jlsherri/runcible/test/fixtures/repositories/zoo5/images/test2.img\", \"item_type\": \"tree_file\", \"savepath\": \"/var/lib/pulp/working/repos/integration_test_id/importers/yum_importer/integration_test_id/images\", \"checksum\": \"e3b0c44298fc1c149afbf4c8996fb92427ae41e4649b934ca495991b7852b855\", \"filename\": \"test2.img\", \"pkgpath\": \"/var/lib/pulp/content/distribution/ks-Test Family-TestVariant-16-x86_64/images\", \"size\": 0}, {\"checksumtype\": \"sha256\", \"relativepath\": \"empty.iso\", \"fileName\": \"empty.iso\", \"downloadurl\": \"file:///home/jlsherri/runcible/test/fixtures/repositories/zoo5/empty.iso\", \"item_type\": \"tree_file\", \"savepath\": \"/var/lib/pulp/working/repos/integration_test_id/importers/yum_importer/integration_test_id/\", \"checksum\": \"e3b0c44298fc1c149afbf4c8996fb92427ae41e4649b934ca495991b7852b855\", \"filename\": \"empty.iso\", \"pkgpath\": \"/var/lib/pulp/content/distribution/ks-Test Family-TestVariant-16-x86_64\", \"size\": 0}, {\"checksumtype\": \"sha256\", \"relativepath\": \"images/test1.img\", \"fileName\": \"test1.img\", \"downloadurl\": \"file:///home/jlsherri/runcible/test/fixtures/repositories/zoo5/images/test1.img\", \"item_type\": \"tree_file\", \"savepath\": \"/var/lib/pulp/working/repos/integration_test_id/importers/yum_importer/integration_test_id/images\", \"checksum\": \"e3b0c44298fc1c149afbf4c8996fb92427ae41e4649b934ca495991b7852b855\", \"filename\": \"test1.img\", \"pkgpath\": \"/var/lib/pulp/content/distribution/ks-Test Family-TestVariant-16-x86_64/images\", \"size\": 0}], \"_storage_path\": \"/var/lib/pulp/content/distribution/ks-Test Family-TestVariant-16-x86_64\", \"family\": \"Test Family\", \"variant\": \"TestVariant\", \"version\": \"16\", \"_content_type_id\": \"distribution\", \"_id\": \"838e0de4-1606-4be7-8d16-053124af4665\", \"arch\": \"x86_64\", \"id\": \"ks-Test Family-TestVariant-16-x86_64\", \"_href\": \"/pulp/api/v2/content/units/distribution/838e0de4-1606-4be7-8d16-053124af4665/\", \"children\": {}}]"
    http_version: 
  recorded_at: Fri, 16 Nov 2012 00:21:20 GMT
- request: 
    method: post
    uri: https://admin:admin@localhost/pulp/api/v2/content/units/distribution/search/
    body: 
      string: "{\"criteria\":{}}"
    headers: 
      Content-Type: 
      - application/json
      Content-Length: 
      - "15"
      Accept: 
      - application/json
      Accept-Encoding: 
      - gzip, deflate
  response: 
    status: 
      code: 200
      message: OK
    headers: 
      Content-Type: 
      - application/json
      Content-Length: 
      - "2004"
      Server: 
      - Apache/2.2.22 (Fedora)
      Date: 
      - Fri, 16 Nov 2012 00:21:20 GMT
    body: 
      string: "[{\"files\": [{\"checksumtype\": \"sha256\", \"relativepath\": \"images/test2.img\", \"fileName\": \"test2.img\", \"downloadurl\": \"file:///home/jlsherri/runcible/test/fixtures/repositories/zoo5/images/test2.img\", \"item_type\": \"tree_file\", \"savepath\": \"/var/lib/pulp/working/repos/integration_test_id/importers/yum_importer/integration_test_id/images\", \"checksum\": \"e3b0c44298fc1c149afbf4c8996fb92427ae41e4649b934ca495991b7852b855\", \"filename\": \"test2.img\", \"pkgpath\": \"/var/lib/pulp/content/distribution/ks-Test Family-TestVariant-16-x86_64/images\", \"size\": 0}, {\"checksumtype\": \"sha256\", \"relativepath\": \"empty.iso\", \"fileName\": \"empty.iso\", \"downloadurl\": \"file:///home/jlsherri/runcible/test/fixtures/repositories/zoo5/empty.iso\", \"item_type\": \"tree_file\", \"savepath\": \"/var/lib/pulp/working/repos/integration_test_id/importers/yum_importer/integration_test_id/\", \"checksum\": \"e3b0c44298fc1c149afbf4c8996fb92427ae41e4649b934ca495991b7852b855\", \"filename\": \"empty.iso\", \"pkgpath\": \"/var/lib/pulp/content/distribution/ks-Test Family-TestVariant-16-x86_64\", \"size\": 0}, {\"checksumtype\": \"sha256\", \"relativepath\": \"images/test1.img\", \"fileName\": \"test1.img\", \"downloadurl\": \"file:///home/jlsherri/runcible/test/fixtures/repositories/zoo5/images/test1.img\", \"item_type\": \"tree_file\", \"savepath\": \"/var/lib/pulp/working/repos/integration_test_id/importers/yum_importer/integration_test_id/images\", \"checksum\": \"e3b0c44298fc1c149afbf4c8996fb92427ae41e4649b934ca495991b7852b855\", \"filename\": \"test1.img\", \"pkgpath\": \"/var/lib/pulp/content/distribution/ks-Test Family-TestVariant-16-x86_64/images\", \"size\": 0}], \"_storage_path\": \"/var/lib/pulp/content/distribution/ks-Test Family-TestVariant-16-x86_64\", \"family\": \"Test Family\", \"variant\": \"TestVariant\", \"version\": \"16\", \"_content_type_id\": \"distribution\", \"_id\": \"838e0de4-1606-4be7-8d16-053124af4665\", \"arch\": \"x86_64\", \"id\": \"ks-Test Family-TestVariant-16-x86_64\", \"_href\": \"/pulp/api/v2/content/units/distribution/838e0de4-1606-4be7-8d16-053124af4665/\", \"children\": {}}]"
    http_version: 
  recorded_at: Fri, 16 Nov 2012 00:21:20 GMT
- request: 
    method: post
    uri: https://admin:admin@localhost/pulp/api/v2/content/units/distribution/search/
    body: 
      string: "{\"criteria\":{}}"
    headers: 
      Content-Type: 
      - application/json
      Content-Length: 
      - "15"
      Accept: 
      - application/json
      Accept-Encoding: 
      - gzip, deflate
  response: 
    status: 
      code: 200
      message: OK
    headers: 
      Content-Type: 
      - application/json
      Content-Length: 
      - "2004"
      Server: 
      - Apache/2.2.22 (Fedora)
      Date: 
      - Fri, 16 Nov 2012 00:21:20 GMT
    body: 
      string: "[{\"files\": [{\"checksumtype\": \"sha256\", \"relativepath\": \"images/test2.img\", \"fileName\": \"test2.img\", \"downloadurl\": \"file:///home/jlsherri/runcible/test/fixtures/repositories/zoo5/images/test2.img\", \"item_type\": \"tree_file\", \"savepath\": \"/var/lib/pulp/working/repos/integration_test_id/importers/yum_importer/integration_test_id/images\", \"checksum\": \"e3b0c44298fc1c149afbf4c8996fb92427ae41e4649b934ca495991b7852b855\", \"filename\": \"test2.img\", \"pkgpath\": \"/var/lib/pulp/content/distribution/ks-Test Family-TestVariant-16-x86_64/images\", \"size\": 0}, {\"checksumtype\": \"sha256\", \"relativepath\": \"empty.iso\", \"fileName\": \"empty.iso\", \"downloadurl\": \"file:///home/jlsherri/runcible/test/fixtures/repositories/zoo5/empty.iso\", \"item_type\": \"tree_file\", \"savepath\": \"/var/lib/pulp/working/repos/integration_test_id/importers/yum_importer/integration_test_id/\", \"checksum\": \"e3b0c44298fc1c149afbf4c8996fb92427ae41e4649b934ca495991b7852b855\", \"filename\": \"empty.iso\", \"pkgpath\": \"/var/lib/pulp/content/distribution/ks-Test Family-TestVariant-16-x86_64\", \"size\": 0}, {\"checksumtype\": \"sha256\", \"relativepath\": \"images/test1.img\", \"fileName\": \"test1.img\", \"downloadurl\": \"file:///home/jlsherri/runcible/test/fixtures/repositories/zoo5/images/test1.img\", \"item_type\": \"tree_file\", \"savepath\": \"/var/lib/pulp/working/repos/integration_test_id/importers/yum_importer/integration_test_id/images\", \"checksum\": \"e3b0c44298fc1c149afbf4c8996fb92427ae41e4649b934ca495991b7852b855\", \"filename\": \"test1.img\", \"pkgpath\": \"/var/lib/pulp/content/distribution/ks-Test Family-TestVariant-16-x86_64/images\", \"size\": 0}], \"_storage_path\": \"/var/lib/pulp/content/distribution/ks-Test Family-TestVariant-16-x86_64\", \"family\": \"Test Family\", \"variant\": \"TestVariant\", \"version\": \"16\", \"_content_type_id\": \"distribution\", \"_id\": \"838e0de4-1606-4be7-8d16-053124af4665\", \"arch\": \"x86_64\", \"id\": \"ks-Test Family-TestVariant-16-x86_64\", \"_href\": \"/pulp/api/v2/content/units/distribution/838e0de4-1606-4be7-8d16-053124af4665/\", \"children\": {}}]"
    http_version: 
  recorded_at: Fri, 16 Nov 2012 00:21:20 GMT
- request: 
    method: post
    uri: https://admin:admin@localhost/pulp/api/v2/content/units/distribution/search/
    body: 
      string: "{\"criteria\":{\"filters\":{\"_id\":{\"$in\":[\"838e0de4-1606-4be7-8d16-053124af4665\"]}}}}"
    headers: 
      Content-Type: 
      - application/json
      Content-Length: 
      - "81"
      Accept: 
      - application/json
      Accept-Encoding: 
      - gzip, deflate
  response: 
    status: 
      code: 200
      message: OK
    headers: 
      Content-Type: 
      - application/json
      Content-Length: 
      - "2004"
      Server: 
      - Apache/2.2.22 (Fedora)
      Date: 
      - Fri, 16 Nov 2012 00:21:20 GMT
    body: 
      string: "[{\"files\": [{\"checksumtype\": \"sha256\", \"relativepath\": \"images/test2.img\", \"fileName\": \"test2.img\", \"downloadurl\": \"file:///home/jlsherri/runcible/test/fixtures/repositories/zoo5/images/test2.img\", \"item_type\": \"tree_file\", \"savepath\": \"/var/lib/pulp/working/repos/integration_test_id/importers/yum_importer/integration_test_id/images\", \"checksum\": \"e3b0c44298fc1c149afbf4c8996fb92427ae41e4649b934ca495991b7852b855\", \"filename\": \"test2.img\", \"pkgpath\": \"/var/lib/pulp/content/distribution/ks-Test Family-TestVariant-16-x86_64/images\", \"size\": 0}, {\"checksumtype\": \"sha256\", \"relativepath\": \"empty.iso\", \"fileName\": \"empty.iso\", \"downloadurl\": \"file:///home/jlsherri/runcible/test/fixtures/repositories/zoo5/empty.iso\", \"item_type\": \"tree_file\", \"savepath\": \"/var/lib/pulp/working/repos/integration_test_id/importers/yum_importer/integration_test_id/\", \"checksum\": \"e3b0c44298fc1c149afbf4c8996fb92427ae41e4649b934ca495991b7852b855\", \"filename\": \"empty.iso\", \"pkgpath\": \"/var/lib/pulp/content/distribution/ks-Test Family-TestVariant-16-x86_64\", \"size\": 0}, {\"checksumtype\": \"sha256\", \"relativepath\": \"images/test1.img\", \"fileName\": \"test1.img\", \"downloadurl\": \"file:///home/jlsherri/runcible/test/fixtures/repositories/zoo5/images/test1.img\", \"item_type\": \"tree_file\", \"savepath\": \"/var/lib/pulp/working/repos/integration_test_id/importers/yum_importer/integration_test_id/images\", \"checksum\": \"e3b0c44298fc1c149afbf4c8996fb92427ae41e4649b934ca495991b7852b855\", \"filename\": \"test1.img\", \"pkgpath\": \"/var/lib/pulp/content/distribution/ks-Test Family-TestVariant-16-x86_64/images\", \"size\": 0}], \"_storage_path\": \"/var/lib/pulp/content/distribution/ks-Test Family-TestVariant-16-x86_64\", \"family\": \"Test Family\", \"variant\": \"TestVariant\", \"version\": \"16\", \"_content_type_id\": \"distribution\", \"_id\": \"838e0de4-1606-4be7-8d16-053124af4665\", \"arch\": \"x86_64\", \"id\": \"ks-Test Family-TestVariant-16-x86_64\", \"_href\": \"/pulp/api/v2/content/units/distribution/838e0de4-1606-4be7-8d16-053124af4665/\", \"children\": {}}]"
    http_version: 
  recorded_at: Fri, 16 Nov 2012 00:21:20 GMT
- request: 
    method: post
    uri: https://admin:admin@localhost/pulp/api/v2/content/units/distribution/search/
    body: 
      string: "{\"criteria\":{\"filters\":{\"id\":{\"$in\":[\"f\"]}}}}"
    headers: 
      Content-Type: 
      - application/json
      Content-Length: 
      - "45"
      Accept: 
      - application/json
      Accept-Encoding: 
      - gzip, deflate
  response: 
    status: 
      code: 200
      message: OK
    headers: 
      Content-Type: 
      - application/json
      Content-Length: 
      - "2"
      Server: 
      - Apache/2.2.22 (Fedora)
      Date: 
      - Fri, 16 Nov 2012 00:21:20 GMT
    body: 
      string: "[]"
    http_version: 
  recorded_at: Fri, 16 Nov 2012 00:21:20 GMT
- request: 
    method: post
    uri: https://admin:admin@localhost/pulp/api/v2/content/units/distribution/search/
    body: 
      string: "{\"criteria\":{}}"
    headers: 
      Content-Type: 
      - application/json
      Content-Length: 
      - "15"
      Accept: 
      - application/json
      Accept-Encoding: 
      - gzip, deflate
  response: 
    status: 
      code: 200
      message: OK
    headers: 
      Content-Type: 
      - application/json
      Content-Length: 
      - "2004"
      Server: 
      - Apache/2.2.22 (Fedora)
      Date: 
      - Fri, 16 Nov 2012 00:21:20 GMT
    body: 
      string: "[{\"files\": [{\"checksumtype\": \"sha256\", \"relativepath\": \"images/test2.img\", \"fileName\": \"test2.img\", \"downloadurl\": \"file:///home/jlsherri/runcible/test/fixtures/repositories/zoo5/images/test2.img\", \"item_type\": \"tree_file\", \"savepath\": \"/var/lib/pulp/working/repos/integration_test_id/importers/yum_importer/integration_test_id/images\", \"checksum\": \"e3b0c44298fc1c149afbf4c8996fb92427ae41e4649b934ca495991b7852b855\", \"filename\": \"test2.img\", \"pkgpath\": \"/var/lib/pulp/content/distribution/ks-Test Family-TestVariant-16-x86_64/images\", \"size\": 0}, {\"checksumtype\": \"sha256\", \"relativepath\": \"empty.iso\", \"fileName\": \"empty.iso\", \"downloadurl\": \"file:///home/jlsherri/runcible/test/fixtures/repositories/zoo5/empty.iso\", \"item_type\": \"tree_file\", \"savepath\": \"/var/lib/pulp/working/repos/integration_test_id/importers/yum_importer/integration_test_id/\", \"checksum\": \"e3b0c44298fc1c149afbf4c8996fb92427ae41e4649b934ca495991b7852b855\", \"filename\": \"empty.iso\", \"pkgpath\": \"/var/lib/pulp/content/distribution/ks-Test Family-TestVariant-16-x86_64\", \"size\": 0}, {\"checksumtype\": \"sha256\", \"relativepath\": \"images/test1.img\", \"fileName\": \"test1.img\", \"downloadurl\": \"file:///home/jlsherri/runcible/test/fixtures/repositories/zoo5/images/test1.img\", \"item_type\": \"tree_file\", \"savepath\": \"/var/lib/pulp/working/repos/integration_test_id/importers/yum_importer/integration_test_id/images\", \"checksum\": \"e3b0c44298fc1c149afbf4c8996fb92427ae41e4649b934ca495991b7852b855\", \"filename\": \"test1.img\", \"pkgpath\": \"/var/lib/pulp/content/distribution/ks-Test Family-TestVariant-16-x86_64/images\", \"size\": 0}], \"_storage_path\": \"/var/lib/pulp/content/distribution/ks-Test Family-TestVariant-16-x86_64\", \"family\": \"Test Family\", \"variant\": \"TestVariant\", \"version\": \"16\", \"_content_type_id\": \"distribution\", \"_id\": \"838e0de4-1606-4be7-8d16-053124af4665\", \"arch\": \"x86_64\", \"id\": \"ks-Test Family-TestVariant-16-x86_64\", \"_href\": \"/pulp/api/v2/content/units/distribution/838e0de4-1606-4be7-8d16-053124af4665/\", \"children\": {}}]"
    http_version: 
  recorded_at: Fri, 16 Nov 2012 00:21:21 GMT
- request: 
    method: post
    uri: https://admin:admin@localhost/pulp/api/v2/content/units/distribution/search/
    body: 
      string: "{\"criteria\":{\"filters\":{\"id\":{\"$in\":[\"ks-Test Family-TestVariant-16-x86_64\"]}}}}"
    headers: 
      Content-Type: 
      - application/json
      Content-Length: 
      - "80"
      Accept: 
      - application/json
      Accept-Encoding: 
      - gzip, deflate
  response: 
    status: 
      code: 200
      message: OK
    headers: 
      Content-Type: 
      - application/json
      Content-Length: 
      - "2004"
      Server: 
      - Apache/2.2.22 (Fedora)
      Date: 
      - Fri, 16 Nov 2012 00:21:21 GMT
    body: 
      string: "[{\"files\": [{\"checksumtype\": \"sha256\", \"relativepath\": \"images/test2.img\", \"fileName\": \"test2.img\", \"downloadurl\": \"file:///home/jlsherri/runcible/test/fixtures/repositories/zoo5/images/test2.img\", \"item_type\": \"tree_file\", \"savepath\": \"/var/lib/pulp/working/repos/integration_test_id/importers/yum_importer/integration_test_id/images\", \"checksum\": \"e3b0c44298fc1c149afbf4c8996fb92427ae41e4649b934ca495991b7852b855\", \"filename\": \"test2.img\", \"pkgpath\": \"/var/lib/pulp/content/distribution/ks-Test Family-TestVariant-16-x86_64/images\", \"size\": 0}, {\"checksumtype\": \"sha256\", \"relativepath\": \"empty.iso\", \"fileName\": \"empty.iso\", \"downloadurl\": \"file:///home/jlsherri/runcible/test/fixtures/repositories/zoo5/empty.iso\", \"item_type\": \"tree_file\", \"savepath\": \"/var/lib/pulp/working/repos/integration_test_id/importers/yum_importer/integration_test_id/\", \"checksum\": \"e3b0c44298fc1c149afbf4c8996fb92427ae41e4649b934ca495991b7852b855\", \"filename\": \"empty.iso\", \"pkgpath\": \"/var/lib/pulp/content/distribution/ks-Test Family-TestVariant-16-x86_64\", \"size\": 0}, {\"checksumtype\": \"sha256\", \"relativepath\": \"images/test1.img\", \"fileName\": \"test1.img\", \"downloadurl\": \"file:///home/jlsherri/runcible/test/fixtures/repositories/zoo5/images/test1.img\", \"item_type\": \"tree_file\", \"savepath\": \"/var/lib/pulp/working/repos/integration_test_id/importers/yum_importer/integration_test_id/images\", \"checksum\": \"e3b0c44298fc1c149afbf4c8996fb92427ae41e4649b934ca495991b7852b855\", \"filename\": \"test1.img\", \"pkgpath\": \"/var/lib/pulp/content/distribution/ks-Test Family-TestVariant-16-x86_64/images\", \"size\": 0}], \"_storage_path\": \"/var/lib/pulp/content/distribution/ks-Test Family-TestVariant-16-x86_64\", \"family\": \"Test Family\", \"variant\": \"TestVariant\", \"version\": \"16\", \"_content_type_id\": \"distribution\", \"_id\": \"838e0de4-1606-4be7-8d16-053124af4665\", \"arch\": \"x86_64\", \"id\": \"ks-Test Family-TestVariant-16-x86_64\", \"_href\": \"/pulp/api/v2/content/units/distribution/838e0de4-1606-4be7-8d16-053124af4665/\", \"children\": {}}]"
    http_version: 
  recorded_at: Fri, 16 Nov 2012 00:21:21 GMT
