--- 
http_interactions: 
- request: 
    method: post
    uri: https://admin:admin@abed.usersys.redhat.com/pulp/api/v2/content/units/distribution/search/
    body: 
      encoding: US-ASCII
      string: "{\"criteria\":{\"filters\":{\"id\":{\"$in\":[\"f\"]}}},\"include_repos\":true}"
    headers: 
      Accept: 
      - application/json
      Accept-Encoding: 
      - gzip, deflate
      Content-Type: 
      - application/json
      Content-Length: 
      - "66"
      User-Agent: 
      - Ruby
  response: 
    status: 
      code: 200
      message: OK
    headers: 
      Date: 
      - Thu, 19 Sep 2013 18:07:04 GMT
      Server: 
      - Apache/2.2.15 (Red Hat)
      Content-Length: 
      - "2"
      Content-Type: 
      - application/json
    body: 
      encoding: US-ASCII
      string: "[]"
    http_version: 
  recorded_at: Thu, 19 Sep 2013 18:07:05 GMT
- request: 
    method: post
    uri: https://admin:admin@abed.usersys.redhat.com/pulp/api/v2/content/units/distribution/search/
    body: 
      encoding: US-ASCII
      string: "{\"criteria\":{}}"
    headers: 
      Accept: 
      - application/json
      Accept-Encoding: 
      - gzip, deflate
      Content-Type: 
      - application/json
      Content-Length: 
      - "15"
      User-Agent: 
      - Ruby
  response: 
    status: 
      code: 200
      message: OK
    headers: 
      Date: 
      - Thu, 19 Sep 2013 18:07:05 GMT
      Server: 
      - Apache/2.2.15 (Red Hat)
      Content-Length: 
      - "2133"
      Content-Type: 
      - application/json
    body: 
      encoding: US-ASCII
      string: "[{\"files\": [{\"checksumtype\": \"sha256\", \"checksum\": \"e3b0c44298fc1c149afbf4c8996fb92427ae41e4649b934ca495991b7852b855\", \"fileName\": \"test2.img\", \"downloadurl\": \"file:///home/jlsherri/git/runcible/test/fixtures/repositories/zoo5/images/test2.img\", \"item_type\": \"distribution\", \"savepath\": \"/var/lib/pulp/working/repos/integration_test_id/importers/yum_importer/tmp4QEUzl/tmpRu8MAJ/images/test2.img\", \"relativepath\": \"images/test2.img\", \"filename\": \"test2.img\", \"pkgpath\": \"/var/lib/pulp/content/distribution/ks-Test Family-TestVariant-16-x86_64/images\", \"size\": 0.0}, {\"checksumtype\": \"sha256\", \"checksum\": \"e3b0c44298fc1c149afbf4c8996fb92427ae41e4649b934ca495991b7852b855\", \"fileName\": \"empty.iso\", \"downloadurl\": \"file:///home/jlsherri/git/runcible/test/fixtures/repositories/zoo5/empty.iso\", \"item_type\": \"distribution\", \"savepath\": \"/var/lib/pulp/working/repos/integration_test_id/importers/yum_importer/tmp4QEUzl/tmpRu8MAJ/empty.iso\", \"relativepath\": \"empty.iso\", \"filename\": \"empty.iso\", \"pkgpath\": \"/var/lib/pulp/content/distribution/ks-Test Family-TestVariant-16-x86_64/\", \"size\": 0.0}, {\"checksumtype\": \"sha256\", \"checksum\": \"e3b0c44298fc1c149afbf4c8996fb92427ae41e4649b934ca495991b7852b855\", \"fileName\": \"test1.img\", \"downloadurl\": \"file:///home/jlsherri/git/runcible/test/fixtures/repositories/zoo5/images/test1.img\", \"item_type\": \"distribution\", \"savepath\": \"/var/lib/pulp/working/repos/integration_test_id/importers/yum_importer/tmp4QEUzl/tmpRu8MAJ/images/test1.img\", \"relativepath\": \"images/test1.img\", \"filename\": \"test1.img\", \"pkgpath\": \"/var/lib/pulp/content/distribution/ks-Test Family-TestVariant-16-x86_64/images\", \"size\": 0.0}], \"_storage_path\": \"/var/lib/pulp/content/distribution/ks-Test Family-TestVariant-16-x86_64\", \"family\": \"Test Family\", \"_last_updated\": \"2013-09-19T18:07:04Z\", \"variant\": \"TestVariant\", \"version\": \"16\", \"version_sort_index\": \"02-16\", \"_content_type_id\": \"distribution\", \"_id\": \"be64ce76-954e-4bed-8294-acd770c1357e\", \"arch\": \"x86_64\", \"id\": \"ks-Test Family-TestVariant-16-x86_64\", \"_href\": \"/pulp/api/v2/content/units/distribution/be64ce76-954e-4bed-8294-acd770c1357e/\", \"children\": {}}]"
    http_version: 
  recorded_at: Thu, 19 Sep 2013 18:07:05 GMT
- request: 
    method: post
    uri: https://admin:admin@abed.usersys.redhat.com/pulp/api/v2/content/units/distribution/search/
    body: 
      encoding: US-ASCII
      string: "{\"criteria\":{\"filters\":{\"_id\":{\"$in\":[\"be64ce76-954e-4bed-8294-acd770c1357e\"]}}},\"include_repos\":true}"
    headers: 
      Accept: 
      - application/json
      Accept-Encoding: 
      - gzip, deflate
      Content-Type: 
      - application/json
      Content-Length: 
      - "102"
      User-Agent: 
      - Ruby
  response: 
    status: 
      code: 200
      message: OK
    headers: 
      Date: 
      - Thu, 19 Sep 2013 18:07:05 GMT
      Server: 
      - Apache/2.2.15 (Red Hat)
      Content-Length: 
      - "2184"
      Content-Type: 
      - application/json
    body: 
      encoding: US-ASCII
      string: "[{\"files\": [{\"checksumtype\": \"sha256\", \"checksum\": \"e3b0c44298fc1c149afbf4c8996fb92427ae41e4649b934ca495991b7852b855\", \"fileName\": \"test2.img\", \"downloadurl\": \"file:///home/jlsherri/git/runcible/test/fixtures/repositories/zoo5/images/test2.img\", \"item_type\": \"distribution\", \"savepath\": \"/var/lib/pulp/working/repos/integration_test_id/importers/yum_importer/tmp4QEUzl/tmpRu8MAJ/images/test2.img\", \"relativepath\": \"images/test2.img\", \"filename\": \"test2.img\", \"pkgpath\": \"/var/lib/pulp/content/distribution/ks-Test Family-TestVariant-16-x86_64/images\", \"size\": 0.0}, {\"checksumtype\": \"sha256\", \"checksum\": \"e3b0c44298fc1c149afbf4c8996fb92427ae41e4649b934ca495991b7852b855\", \"fileName\": \"empty.iso\", \"downloadurl\": \"file:///home/jlsherri/git/runcible/test/fixtures/repositories/zoo5/empty.iso\", \"item_type\": \"distribution\", \"savepath\": \"/var/lib/pulp/working/repos/integration_test_id/importers/yum_importer/tmp4QEUzl/tmpRu8MAJ/empty.iso\", \"relativepath\": \"empty.iso\", \"filename\": \"empty.iso\", \"pkgpath\": \"/var/lib/pulp/content/distribution/ks-Test Family-TestVariant-16-x86_64/\", \"size\": 0.0}, {\"checksumtype\": \"sha256\", \"checksum\": \"e3b0c44298fc1c149afbf4c8996fb92427ae41e4649b934ca495991b7852b855\", \"fileName\": \"test1.img\", \"downloadurl\": \"file:///home/jlsherri/git/runcible/test/fixtures/repositories/zoo5/images/test1.img\", \"item_type\": \"distribution\", \"savepath\": \"/var/lib/pulp/working/repos/integration_test_id/importers/yum_importer/tmp4QEUzl/tmpRu8MAJ/images/test1.img\", \"relativepath\": \"images/test1.img\", \"filename\": \"test1.img\", \"pkgpath\": \"/var/lib/pulp/content/distribution/ks-Test Family-TestVariant-16-x86_64/images\", \"size\": 0.0}], \"_storage_path\": \"/var/lib/pulp/content/distribution/ks-Test Family-TestVariant-16-x86_64\", \"family\": \"Test Family\", \"_last_updated\": \"2013-09-19T18:07:04Z\", \"variant\": \"TestVariant\", \"version\": \"16\", \"version_sort_index\": \"02-16\", \"_content_type_id\": \"distribution\", \"_id\": \"be64ce76-954e-4bed-8294-acd770c1357e\", \"arch\": \"x86_64\", \"id\": \"ks-Test Family-TestVariant-16-x86_64\", \"_href\": \"/pulp/api/v2/content/units/distribution/be64ce76-954e-4bed-8294-acd770c1357e/\", \"children\": {}, \"repository_memberships\": [\"integration_test_id\"]}]"
    http_version: 
  recorded_at: Thu, 19 Sep 2013 18:07:05 GMT
- request: 
    method: post
    uri: https://admin:admin@abed.usersys.redhat.com/pulp/api/v2/content/units/distribution/search/
    body: 
      encoding: US-ASCII
      string: "{\"criteria\":{}}"
    headers: 
      Accept: 
      - application/json
      Accept-Encoding: 
      - gzip, deflate
      Content-Type: 
      - application/json
      Content-Length: 
      - "15"
      User-Agent: 
      - Ruby
  response: 
    status: 
      code: 200
      message: OK
    headers: 
      Date: 
      - Thu, 19 Sep 2013 18:07:05 GMT
      Server: 
      - Apache/2.2.15 (Red Hat)
      Content-Length: 
      - "2133"
      Content-Type: 
      - application/json
    body: 
      encoding: US-ASCII
      string: "[{\"files\": [{\"checksumtype\": \"sha256\", \"checksum\": \"e3b0c44298fc1c149afbf4c8996fb92427ae41e4649b934ca495991b7852b855\", \"fileName\": \"test2.img\", \"downloadurl\": \"file:///home/jlsherri/git/runcible/test/fixtures/repositories/zoo5/images/test2.img\", \"item_type\": \"distribution\", \"savepath\": \"/var/lib/pulp/working/repos/integration_test_id/importers/yum_importer/tmp4QEUzl/tmpRu8MAJ/images/test2.img\", \"relativepath\": \"images/test2.img\", \"filename\": \"test2.img\", \"pkgpath\": \"/var/lib/pulp/content/distribution/ks-Test Family-TestVariant-16-x86_64/images\", \"size\": 0.0}, {\"checksumtype\": \"sha256\", \"checksum\": \"e3b0c44298fc1c149afbf4c8996fb92427ae41e4649b934ca495991b7852b855\", \"fileName\": \"empty.iso\", \"downloadurl\": \"file:///home/jlsherri/git/runcible/test/fixtures/repositories/zoo5/empty.iso\", \"item_type\": \"distribution\", \"savepath\": \"/var/lib/pulp/working/repos/integration_test_id/importers/yum_importer/tmp4QEUzl/tmpRu8MAJ/empty.iso\", \"relativepath\": \"empty.iso\", \"filename\": \"empty.iso\", \"pkgpath\": \"/var/lib/pulp/content/distribution/ks-Test Family-TestVariant-16-x86_64/\", \"size\": 0.0}, {\"checksumtype\": \"sha256\", \"checksum\": \"e3b0c44298fc1c149afbf4c8996fb92427ae41e4649b934ca495991b7852b855\", \"fileName\": \"test1.img\", \"downloadurl\": \"file:///home/jlsherri/git/runcible/test/fixtures/repositories/zoo5/images/test1.img\", \"item_type\": \"distribution\", \"savepath\": \"/var/lib/pulp/working/repos/integration_test_id/importers/yum_importer/tmp4QEUzl/tmpRu8MAJ/images/test1.img\", \"relativepath\": \"images/test1.img\", \"filename\": \"test1.img\", \"pkgpath\": \"/var/lib/pulp/content/distribution/ks-Test Family-TestVariant-16-x86_64/images\", \"size\": 0.0}], \"_storage_path\": \"/var/lib/pulp/content/distribution/ks-Test Family-TestVariant-16-x86_64\", \"family\": \"Test Family\", \"_last_updated\": \"2013-09-19T18:07:04Z\", \"variant\": \"TestVariant\", \"version\": \"16\", \"version_sort_index\": \"02-16\", \"_content_type_id\": \"distribution\", \"_id\": \"be64ce76-954e-4bed-8294-acd770c1357e\", \"arch\": \"x86_64\", \"id\": \"ks-Test Family-TestVariant-16-x86_64\", \"_href\": \"/pulp/api/v2/content/units/distribution/be64ce76-954e-4bed-8294-acd770c1357e/\", \"children\": {}}]"
    http_version: 
  recorded_at: Thu, 19 Sep 2013 18:07:05 GMT
- request: 
    method: post
    uri: https://admin:admin@abed.usersys.redhat.com/pulp/api/v2/content/units/distribution/search/
    body: 
      encoding: US-ASCII
      string: "{\"criteria\":{\"filters\":{\"id\":{\"$in\":[\"ks-Test Family-TestVariant-16-x86_64\"]}}},\"include_repos\":true}"
    headers: 
      Accept: 
      - application/json
      Accept-Encoding: 
      - gzip, deflate
      Content-Type: 
      - application/json
      Content-Length: 
      - "101"
      User-Agent: 
      - Ruby
  response: 
    status: 
      code: 200
      message: OK
    headers: 
      Date: 
      - Thu, 19 Sep 2013 18:07:05 GMT
      Server: 
      - Apache/2.2.15 (Red Hat)
      Content-Length: 
      - "2184"
      Content-Type: 
      - application/json
    body: 
      encoding: US-ASCII
      string: "[{\"files\": [{\"checksumtype\": \"sha256\", \"checksum\": \"e3b0c44298fc1c149afbf4c8996fb92427ae41e4649b934ca495991b7852b855\", \"fileName\": \"test2.img\", \"downloadurl\": \"file:///home/jlsherri/git/runcible/test/fixtures/repositories/zoo5/images/test2.img\", \"item_type\": \"distribution\", \"savepath\": \"/var/lib/pulp/working/repos/integration_test_id/importers/yum_importer/tmp4QEUzl/tmpRu8MAJ/images/test2.img\", \"relativepath\": \"images/test2.img\", \"filename\": \"test2.img\", \"pkgpath\": \"/var/lib/pulp/content/distribution/ks-Test Family-TestVariant-16-x86_64/images\", \"size\": 0.0}, {\"checksumtype\": \"sha256\", \"checksum\": \"e3b0c44298fc1c149afbf4c8996fb92427ae41e4649b934ca495991b7852b855\", \"fileName\": \"empty.iso\", \"downloadurl\": \"file:///home/jlsherri/git/runcible/test/fixtures/repositories/zoo5/empty.iso\", \"item_type\": \"distribution\", \"savepath\": \"/var/lib/pulp/working/repos/integration_test_id/importers/yum_importer/tmp4QEUzl/tmpRu8MAJ/empty.iso\", \"relativepath\": \"empty.iso\", \"filename\": \"empty.iso\", \"pkgpath\": \"/var/lib/pulp/content/distribution/ks-Test Family-TestVariant-16-x86_64/\", \"size\": 0.0}, {\"checksumtype\": \"sha256\", \"checksum\": \"e3b0c44298fc1c149afbf4c8996fb92427ae41e4649b934ca495991b7852b855\", \"fileName\": \"test1.img\", \"downloadurl\": \"file:///home/jlsherri/git/runcible/test/fixtures/repositories/zoo5/images/test1.img\", \"item_type\": \"distribution\", \"savepath\": \"/var/lib/pulp/working/repos/integration_test_id/importers/yum_importer/tmp4QEUzl/tmpRu8MAJ/images/test1.img\", \"relativepath\": \"images/test1.img\", \"filename\": \"test1.img\", \"pkgpath\": \"/var/lib/pulp/content/distribution/ks-Test Family-TestVariant-16-x86_64/images\", \"size\": 0.0}], \"_storage_path\": \"/var/lib/pulp/content/distribution/ks-Test Family-TestVariant-16-x86_64\", \"family\": \"Test Family\", \"_last_updated\": \"2013-09-19T18:07:04Z\", \"variant\": \"TestVariant\", \"version\": \"16\", \"version_sort_index\": \"02-16\", \"_content_type_id\": \"distribution\", \"_id\": \"be64ce76-954e-4bed-8294-acd770c1357e\", \"arch\": \"x86_64\", \"id\": \"ks-Test Family-TestVariant-16-x86_64\", \"_href\": \"/pulp/api/v2/content/units/distribution/be64ce76-954e-4bed-8294-acd770c1357e/\", \"children\": {}, \"repository_memberships\": [\"integration_test_id\"]}]"
    http_version: 
  recorded_at: Thu, 19 Sep 2013 18:07:05 GMT
- request: 
    method: post
    uri: https://admin:admin@abed.usersys.redhat.com/pulp/api/v2/content/units/distribution/search/
    body: 
      encoding: US-ASCII
      string: "{\"criteria\":{}}"
    headers: 
      Accept: 
      - application/json
      Accept-Encoding: 
      - gzip, deflate
      Content-Type: 
      - application/json
      Content-Length: 
      - "15"
      User-Agent: 
      - Ruby
  response: 
    status: 
      code: 200
      message: OK
    headers: 
      Date: 
      - Thu, 19 Sep 2013 18:07:05 GMT
      Server: 
      - Apache/2.2.15 (Red Hat)
      Content-Length: 
      - "2133"
      Content-Type: 
      - application/json
    body: 
      encoding: US-ASCII
      string: "[{\"files\": [{\"checksumtype\": \"sha256\", \"checksum\": \"e3b0c44298fc1c149afbf4c8996fb92427ae41e4649b934ca495991b7852b855\", \"fileName\": \"test2.img\", \"downloadurl\": \"file:///home/jlsherri/git/runcible/test/fixtures/repositories/zoo5/images/test2.img\", \"item_type\": \"distribution\", \"savepath\": \"/var/lib/pulp/working/repos/integration_test_id/importers/yum_importer/tmp4QEUzl/tmpRu8MAJ/images/test2.img\", \"relativepath\": \"images/test2.img\", \"filename\": \"test2.img\", \"pkgpath\": \"/var/lib/pulp/content/distribution/ks-Test Family-TestVariant-16-x86_64/images\", \"size\": 0.0}, {\"checksumtype\": \"sha256\", \"checksum\": \"e3b0c44298fc1c149afbf4c8996fb92427ae41e4649b934ca495991b7852b855\", \"fileName\": \"empty.iso\", \"downloadurl\": \"file:///home/jlsherri/git/runcible/test/fixtures/repositories/zoo5/empty.iso\", \"item_type\": \"distribution\", \"savepath\": \"/var/lib/pulp/working/repos/integration_test_id/importers/yum_importer/tmp4QEUzl/tmpRu8MAJ/empty.iso\", \"relativepath\": \"empty.iso\", \"filename\": \"empty.iso\", \"pkgpath\": \"/var/lib/pulp/content/distribution/ks-Test Family-TestVariant-16-x86_64/\", \"size\": 0.0}, {\"checksumtype\": \"sha256\", \"checksum\": \"e3b0c44298fc1c149afbf4c8996fb92427ae41e4649b934ca495991b7852b855\", \"fileName\": \"test1.img\", \"downloadurl\": \"file:///home/jlsherri/git/runcible/test/fixtures/repositories/zoo5/images/test1.img\", \"item_type\": \"distribution\", \"savepath\": \"/var/lib/pulp/working/repos/integration_test_id/importers/yum_importer/tmp4QEUzl/tmpRu8MAJ/images/test1.img\", \"relativepath\": \"images/test1.img\", \"filename\": \"test1.img\", \"pkgpath\": \"/var/lib/pulp/content/distribution/ks-Test Family-TestVariant-16-x86_64/images\", \"size\": 0.0}], \"_storage_path\": \"/var/lib/pulp/content/distribution/ks-Test Family-TestVariant-16-x86_64\", \"family\": \"Test Family\", \"_last_updated\": \"2013-09-19T18:07:04Z\", \"variant\": \"TestVariant\", \"version\": \"16\", \"version_sort_index\": \"02-16\", \"_content_type_id\": \"distribution\", \"_id\": \"be64ce76-954e-4bed-8294-acd770c1357e\", \"arch\": \"x86_64\", \"id\": \"ks-Test Family-TestVariant-16-x86_64\", \"_href\": \"/pulp/api/v2/content/units/distribution/be64ce76-954e-4bed-8294-acd770c1357e/\", \"children\": {}}]"
    http_version: 
  recorded_at: Thu, 19 Sep 2013 18:07:05 GMT
- request: 
    method: post
    uri: https://admin:admin@abed.usersys.redhat.com/pulp/api/v2/content/units/distribution/search/
    body: 
      encoding: US-ASCII
      string: "{\"criteria\":{\"filters\":{\"_id\":{\"$in\":[\"be64ce76-954e-4bed-8294-acd770c1357e\"]}}},\"include_repos\":true}"
    headers: 
      Accept: 
      - application/json
      Accept-Encoding: 
      - gzip, deflate
      Content-Type: 
      - application/json
      Content-Length: 
      - "102"
      User-Agent: 
      - Ruby
  response: 
    status: 
      code: 200
      message: OK
    headers: 
      Date: 
      - Thu, 19 Sep 2013 18:07:05 GMT
      Server: 
      - Apache/2.2.15 (Red Hat)
      Content-Length: 
      - "2184"
      Content-Type: 
      - application/json
    body: 
      encoding: US-ASCII
      string: "[{\"files\": [{\"checksumtype\": \"sha256\", \"checksum\": \"e3b0c44298fc1c149afbf4c8996fb92427ae41e4649b934ca495991b7852b855\", \"fileName\": \"test2.img\", \"downloadurl\": \"file:///home/jlsherri/git/runcible/test/fixtures/repositories/zoo5/images/test2.img\", \"item_type\": \"distribution\", \"savepath\": \"/var/lib/pulp/working/repos/integration_test_id/importers/yum_importer/tmp4QEUzl/tmpRu8MAJ/images/test2.img\", \"relativepath\": \"images/test2.img\", \"filename\": \"test2.img\", \"pkgpath\": \"/var/lib/pulp/content/distribution/ks-Test Family-TestVariant-16-x86_64/images\", \"size\": 0.0}, {\"checksumtype\": \"sha256\", \"checksum\": \"e3b0c44298fc1c149afbf4c8996fb92427ae41e4649b934ca495991b7852b855\", \"fileName\": \"empty.iso\", \"downloadurl\": \"file:///home/jlsherri/git/runcible/test/fixtures/repositories/zoo5/empty.iso\", \"item_type\": \"distribution\", \"savepath\": \"/var/lib/pulp/working/repos/integration_test_id/importers/yum_importer/tmp4QEUzl/tmpRu8MAJ/empty.iso\", \"relativepath\": \"empty.iso\", \"filename\": \"empty.iso\", \"pkgpath\": \"/var/lib/pulp/content/distribution/ks-Test Family-TestVariant-16-x86_64/\", \"size\": 0.0}, {\"checksumtype\": \"sha256\", \"checksum\": \"e3b0c44298fc1c149afbf4c8996fb92427ae41e4649b934ca495991b7852b855\", \"fileName\": \"test1.img\", \"downloadurl\": \"file:///home/jlsherri/git/runcible/test/fixtures/repositories/zoo5/images/test1.img\", \"item_type\": \"distribution\", \"savepath\": \"/var/lib/pulp/working/repos/integration_test_id/importers/yum_importer/tmp4QEUzl/tmpRu8MAJ/images/test1.img\", \"relativepath\": \"images/test1.img\", \"filename\": \"test1.img\", \"pkgpath\": \"/var/lib/pulp/content/distribution/ks-Test Family-TestVariant-16-x86_64/images\", \"size\": 0.0}], \"_storage_path\": \"/var/lib/pulp/content/distribution/ks-Test Family-TestVariant-16-x86_64\", \"family\": \"Test Family\", \"_last_updated\": \"2013-09-19T18:07:04Z\", \"variant\": \"TestVariant\", \"version\": \"16\", \"version_sort_index\": \"02-16\", \"_content_type_id\": \"distribution\", \"_id\": \"be64ce76-954e-4bed-8294-acd770c1357e\", \"arch\": \"x86_64\", \"id\": \"ks-Test Family-TestVariant-16-x86_64\", \"_href\": \"/pulp/api/v2/content/units/distribution/be64ce76-954e-4bed-8294-acd770c1357e/\", \"children\": {}, \"repository_memberships\": [\"integration_test_id\"]}]"
    http_version: 
  recorded_at: Thu, 19 Sep 2013 18:07:05 GMT
- request: 
    method: post
    uri: https://admin:admin@abed.usersys.redhat.com/pulp/api/v2/content/units/distribution/search/
    body: 
      encoding: US-ASCII
      string: "{\"criteria\":{}}"
    headers: 
      Accept: 
      - application/json
      Accept-Encoding: 
      - gzip, deflate
      Content-Type: 
      - application/json
      Content-Length: 
      - "15"
      User-Agent: 
      - Ruby
  response: 
    status: 
      code: 200
      message: OK
    headers: 
      Date: 
      - Thu, 19 Sep 2013 18:07:05 GMT
      Server: 
      - Apache/2.2.15 (Red Hat)
      Content-Length: 
      - "2133"
      Content-Type: 
      - application/json
    body: 
      encoding: US-ASCII
      string: "[{\"files\": [{\"checksumtype\": \"sha256\", \"checksum\": \"e3b0c44298fc1c149afbf4c8996fb92427ae41e4649b934ca495991b7852b855\", \"fileName\": \"test2.img\", \"downloadurl\": \"file:///home/jlsherri/git/runcible/test/fixtures/repositories/zoo5/images/test2.img\", \"item_type\": \"distribution\", \"savepath\": \"/var/lib/pulp/working/repos/integration_test_id/importers/yum_importer/tmp4QEUzl/tmpRu8MAJ/images/test2.img\", \"relativepath\": \"images/test2.img\", \"filename\": \"test2.img\", \"pkgpath\": \"/var/lib/pulp/content/distribution/ks-Test Family-TestVariant-16-x86_64/images\", \"size\": 0.0}, {\"checksumtype\": \"sha256\", \"checksum\": \"e3b0c44298fc1c149afbf4c8996fb92427ae41e4649b934ca495991b7852b855\", \"fileName\": \"empty.iso\", \"downloadurl\": \"file:///home/jlsherri/git/runcible/test/fixtures/repositories/zoo5/empty.iso\", \"item_type\": \"distribution\", \"savepath\": \"/var/lib/pulp/working/repos/integration_test_id/importers/yum_importer/tmp4QEUzl/tmpRu8MAJ/empty.iso\", \"relativepath\": \"empty.iso\", \"filename\": \"empty.iso\", \"pkgpath\": \"/var/lib/pulp/content/distribution/ks-Test Family-TestVariant-16-x86_64/\", \"size\": 0.0}, {\"checksumtype\": \"sha256\", \"checksum\": \"e3b0c44298fc1c149afbf4c8996fb92427ae41e4649b934ca495991b7852b855\", \"fileName\": \"test1.img\", \"downloadurl\": \"file:///home/jlsherri/git/runcible/test/fixtures/repositories/zoo5/images/test1.img\", \"item_type\": \"distribution\", \"savepath\": \"/var/lib/pulp/working/repos/integration_test_id/importers/yum_importer/tmp4QEUzl/tmpRu8MAJ/images/test1.img\", \"relativepath\": \"images/test1.img\", \"filename\": \"test1.img\", \"pkgpath\": \"/var/lib/pulp/content/distribution/ks-Test Family-TestVariant-16-x86_64/images\", \"size\": 0.0}], \"_storage_path\": \"/var/lib/pulp/content/distribution/ks-Test Family-TestVariant-16-x86_64\", \"family\": \"Test Family\", \"_last_updated\": \"2013-09-19T18:07:04Z\", \"variant\": \"TestVariant\", \"version\": \"16\", \"version_sort_index\": \"02-16\", \"_content_type_id\": \"distribution\", \"_id\": \"be64ce76-954e-4bed-8294-acd770c1357e\", \"arch\": \"x86_64\", \"id\": \"ks-Test Family-TestVariant-16-x86_64\", \"_href\": \"/pulp/api/v2/content/units/distribution/be64ce76-954e-4bed-8294-acd770c1357e/\", \"children\": {}}]"
    http_version: 
  recorded_at: Thu, 19 Sep 2013 18:07:05 GMT
- request: 
    method: post
    uri: https://admin:admin@abed.usersys.redhat.com/pulp/api/v2/content/units/distribution/search/
    body: 
      encoding: US-ASCII
      string: "{\"criteria\":{\"filters\":{\"id\":{\"$in\":[\"ks-Test Family-TestVariant-16-x86_64\"]}}},\"include_repos\":true}"
    headers: 
      Accept: 
      - application/json
      Accept-Encoding: 
      - gzip, deflate
      Content-Type: 
      - application/json
      Content-Length: 
      - "101"
      User-Agent: 
      - Ruby
  response: 
    status: 
      code: 200
      message: OK
    headers: 
      Date: 
      - Thu, 19 Sep 2013 18:07:05 GMT
      Server: 
      - Apache/2.2.15 (Red Hat)
      Content-Length: 
      - "2184"
      Content-Type: 
      - application/json
    body: 
      encoding: US-ASCII
      string: "[{\"files\": [{\"checksumtype\": \"sha256\", \"checksum\": \"e3b0c44298fc1c149afbf4c8996fb92427ae41e4649b934ca495991b7852b855\", \"fileName\": \"test2.img\", \"downloadurl\": \"file:///home/jlsherri/git/runcible/test/fixtures/repositories/zoo5/images/test2.img\", \"item_type\": \"distribution\", \"savepath\": \"/var/lib/pulp/working/repos/integration_test_id/importers/yum_importer/tmp4QEUzl/tmpRu8MAJ/images/test2.img\", \"relativepath\": \"images/test2.img\", \"filename\": \"test2.img\", \"pkgpath\": \"/var/lib/pulp/content/distribution/ks-Test Family-TestVariant-16-x86_64/images\", \"size\": 0.0}, {\"checksumtype\": \"sha256\", \"checksum\": \"e3b0c44298fc1c149afbf4c8996fb92427ae41e4649b934ca495991b7852b855\", \"fileName\": \"empty.iso\", \"downloadurl\": \"file:///home/jlsherri/git/runcible/test/fixtures/repositories/zoo5/empty.iso\", \"item_type\": \"distribution\", \"savepath\": \"/var/lib/pulp/working/repos/integration_test_id/importers/yum_importer/tmp4QEUzl/tmpRu8MAJ/empty.iso\", \"relativepath\": \"empty.iso\", \"filename\": \"empty.iso\", \"pkgpath\": \"/var/lib/pulp/content/distribution/ks-Test Family-TestVariant-16-x86_64/\", \"size\": 0.0}, {\"checksumtype\": \"sha256\", \"checksum\": \"e3b0c44298fc1c149afbf4c8996fb92427ae41e4649b934ca495991b7852b855\", \"fileName\": \"test1.img\", \"downloadurl\": \"file:///home/jlsherri/git/runcible/test/fixtures/repositories/zoo5/images/test1.img\", \"item_type\": \"distribution\", \"savepath\": \"/var/lib/pulp/working/repos/integration_test_id/importers/yum_importer/tmp4QEUzl/tmpRu8MAJ/images/test1.img\", \"relativepath\": \"images/test1.img\", \"filename\": \"test1.img\", \"pkgpath\": \"/var/lib/pulp/content/distribution/ks-Test Family-TestVariant-16-x86_64/images\", \"size\": 0.0}], \"_storage_path\": \"/var/lib/pulp/content/distribution/ks-Test Family-TestVariant-16-x86_64\", \"family\": \"Test Family\", \"_last_updated\": \"2013-09-19T18:07:04Z\", \"variant\": \"TestVariant\", \"version\": \"16\", \"version_sort_index\": \"02-16\", \"_content_type_id\": \"distribution\", \"_id\": \"be64ce76-954e-4bed-8294-acd770c1357e\", \"arch\": \"x86_64\", \"id\": \"ks-Test Family-TestVariant-16-x86_64\", \"_href\": \"/pulp/api/v2/content/units/distribution/be64ce76-954e-4bed-8294-acd770c1357e/\", \"children\": {}, \"repository_memberships\": [\"integration_test_id\"]}]"
    http_version: 
  recorded_at: Thu, 19 Sep 2013 18:07:06 GMT
- request: 
    method: post
    uri: https://admin:admin@abed.usersys.redhat.com/pulp/api/v2/content/units/distribution/search/
    body: 
      encoding: US-ASCII
      string: "{\"criteria\":{}}"
    headers: 
      Accept: 
      - application/json
      Accept-Encoding: 
      - gzip, deflate
      Content-Type: 
      - application/json
      Content-Length: 
      - "15"
      User-Agent: 
      - Ruby
  response: 
    status: 
      code: 200
      message: OK
    headers: 
      Date: 
      - Thu, 19 Sep 2013 18:07:06 GMT
      Server: 
      - Apache/2.2.15 (Red Hat)
      Content-Length: 
      - "2133"
      Content-Type: 
      - application/json
    body: 
      encoding: US-ASCII
      string: "[{\"files\": [{\"checksumtype\": \"sha256\", \"checksum\": \"e3b0c44298fc1c149afbf4c8996fb92427ae41e4649b934ca495991b7852b855\", \"fileName\": \"test2.img\", \"downloadurl\": \"file:///home/jlsherri/git/runcible/test/fixtures/repositories/zoo5/images/test2.img\", \"item_type\": \"distribution\", \"savepath\": \"/var/lib/pulp/working/repos/integration_test_id/importers/yum_importer/tmp4QEUzl/tmpRu8MAJ/images/test2.img\", \"relativepath\": \"images/test2.img\", \"filename\": \"test2.img\", \"pkgpath\": \"/var/lib/pulp/content/distribution/ks-Test Family-TestVariant-16-x86_64/images\", \"size\": 0.0}, {\"checksumtype\": \"sha256\", \"checksum\": \"e3b0c44298fc1c149afbf4c8996fb92427ae41e4649b934ca495991b7852b855\", \"fileName\": \"empty.iso\", \"downloadurl\": \"file:///home/jlsherri/git/runcible/test/fixtures/repositories/zoo5/empty.iso\", \"item_type\": \"distribution\", \"savepath\": \"/var/lib/pulp/working/repos/integration_test_id/importers/yum_importer/tmp4QEUzl/tmpRu8MAJ/empty.iso\", \"relativepath\": \"empty.iso\", \"filename\": \"empty.iso\", \"pkgpath\": \"/var/lib/pulp/content/distribution/ks-Test Family-TestVariant-16-x86_64/\", \"size\": 0.0}, {\"checksumtype\": \"sha256\", \"checksum\": \"e3b0c44298fc1c149afbf4c8996fb92427ae41e4649b934ca495991b7852b855\", \"fileName\": \"test1.img\", \"downloadurl\": \"file:///home/jlsherri/git/runcible/test/fixtures/repositories/zoo5/images/test1.img\", \"item_type\": \"distribution\", \"savepath\": \"/var/lib/pulp/working/repos/integration_test_id/importers/yum_importer/tmp4QEUzl/tmpRu8MAJ/images/test1.img\", \"relativepath\": \"images/test1.img\", \"filename\": \"test1.img\", \"pkgpath\": \"/var/lib/pulp/content/distribution/ks-Test Family-TestVariant-16-x86_64/images\", \"size\": 0.0}], \"_storage_path\": \"/var/lib/pulp/content/distribution/ks-Test Family-TestVariant-16-x86_64\", \"family\": \"Test Family\", \"_last_updated\": \"2013-09-19T18:07:04Z\", \"variant\": \"TestVariant\", \"version\": \"16\", \"version_sort_index\": \"02-16\", \"_content_type_id\": \"distribution\", \"_id\": \"be64ce76-954e-4bed-8294-acd770c1357e\", \"arch\": \"x86_64\", \"id\": \"ks-Test Family-TestVariant-16-x86_64\", \"_href\": \"/pulp/api/v2/content/units/distribution/be64ce76-954e-4bed-8294-acd770c1357e/\", \"children\": {}}]"
    http_version: 
  recorded_at: Thu, 19 Sep 2013 18:07:06 GMT
recorded_with: VCR 2.5.0
