--- 
http_interactions: 
- request: 
    method: post
    uri: https://admin:admin@f18/pulp/api/v2/content/units/erratum/search/
    body: 
      encoding: US-ASCII
      string: "{\"criteria\":{}}"
    headers: 
      Accept: 
      - application/json
      Accept-Encoding: 
      - gzip, deflate
      Content-Type: 
      - application/json
      Content-Length: 
      - "15"
      User-Agent: 
      - Ruby
  response: 
    status: 
      code: 200
      message: OK
    headers: 
      Date: 
      - Mon, 12 Aug 2013 21:15:35 GMT
      Server: 
      - Apache/2.4.4 (Fedora) OpenSSL/1.0.1e-fips mod_wsgi/3.4 Python/2.7.3
      Content-Length: 
      - "1112"
      Content-Type: 
      - application/json
    body: 
      encoding: US-ASCII
      string: "[{\"status\": \"stable\", \"_storage_path\": null, \"from\": \"lzap+pub@redhat.com\", \"description\": \"Empty errata\", \"title\": \"Empty errata\", \"pkglist\": [], \"version\": \"1\", \"issued\": \"2010-01-01 01:01:01\", \"_content_type_id\": \"erratum\", \"references\": [], \"_id\": \"eda32a7b-c2db-4ca1-ac6b-04159e7b46e8\", \"type\": \"security\", \"id\": \"RHEA-2010:0001\", \"_href\": \"/pulp/api/v2/content/units/erratum/eda32a7b-c2db-4ca1-ac6b-04159e7b46e8/\", \"children\": {}}, {\"status\": \"stable\", \"_storage_path\": null, \"from\": \"lzap+pub@redhat.com\", \"description\": \"One package errata\", \"title\": \"One package errata\", \"pkglist\": [{\"packages\": [{\"src\": \"http://www.fedoraproject.org\", \"name\": \"elephant\", \"sum\": null, \"filename\": \"elephant-0.3-0.8.noarch.rpm\", \"epoch\": null, \"version\": \"0.3\", \"release\": \"0.8\", \"arch\": \"noarch\"}], \"name\": \"1\", \"short\": \"\"}], \"version\": \"1\", \"issued\": \"2010-01-01 01:01:01\", \"_content_type_id\": \"erratum\", \"references\": [], \"_id\": \"4bccfa63-75ea-4580-8b7b-6118b61768f2\", \"type\": \"security\", \"id\": \"RHEA-2010:0002\", \"_href\": \"/pulp/api/v2/content/units/erratum/4bccfa63-75ea-4580-8b7b-6118b61768f2/\", \"children\": {}}]"
    http_version: 
  recorded_at: Mon, 12 Aug 2013 21:15:35 GMT
- request: 
    method: post
    uri: https://admin:admin@f18/pulp/api/v2/content/units/erratum/search/
    body: 
      encoding: US-ASCII
      string: "{\"criteria\":{}}"
    headers: 
      Accept: 
      - application/json
      Accept-Encoding: 
      - gzip, deflate
      Content-Type: 
      - application/json
      Content-Length: 
      - "15"
      User-Agent: 
      - Ruby
  response: 
    status: 
      code: 200
      message: OK
    headers: 
      Date: 
      - Mon, 12 Aug 2013 21:15:35 GMT
      Server: 
      - Apache/2.4.4 (Fedora) OpenSSL/1.0.1e-fips mod_wsgi/3.4 Python/2.7.3
      Content-Length: 
      - "1112"
      Content-Type: 
      - application/json
    body: 
      encoding: US-ASCII
      string: "[{\"status\": \"stable\", \"_storage_path\": null, \"from\": \"lzap+pub@redhat.com\", \"description\": \"Empty errata\", \"title\": \"Empty errata\", \"pkglist\": [], \"version\": \"1\", \"issued\": \"2010-01-01 01:01:01\", \"_content_type_id\": \"erratum\", \"references\": [], \"_id\": \"eda32a7b-c2db-4ca1-ac6b-04159e7b46e8\", \"type\": \"security\", \"id\": \"RHEA-2010:0001\", \"_href\": \"/pulp/api/v2/content/units/erratum/eda32a7b-c2db-4ca1-ac6b-04159e7b46e8/\", \"children\": {}}, {\"status\": \"stable\", \"_storage_path\": null, \"from\": \"lzap+pub@redhat.com\", \"description\": \"One package errata\", \"title\": \"One package errata\", \"pkglist\": [{\"packages\": [{\"src\": \"http://www.fedoraproject.org\", \"name\": \"elephant\", \"sum\": null, \"filename\": \"elephant-0.3-0.8.noarch.rpm\", \"epoch\": null, \"version\": \"0.3\", \"release\": \"0.8\", \"arch\": \"noarch\"}], \"name\": \"1\", \"short\": \"\"}], \"version\": \"1\", \"issued\": \"2010-01-01 01:01:01\", \"_content_type_id\": \"erratum\", \"references\": [], \"_id\": \"4bccfa63-75ea-4580-8b7b-6118b61768f2\", \"type\": \"security\", \"id\": \"RHEA-2010:0002\", \"_href\": \"/pulp/api/v2/content/units/erratum/4bccfa63-75ea-4580-8b7b-6118b61768f2/\", \"children\": {}}]"
    http_version: 
  recorded_at: Mon, 12 Aug 2013 21:15:35 GMT
- request: 
    method: post
    uri: https://admin:admin@f18/pulp/api/v2/content/units/erratum/search/
    body: 
      encoding: US-ASCII
      string: "{\"criteria\":{\"filters\":{\"_id\":{\"$in\":[\"4bccfa63-75ea-4580-8b7b-6118b61768f2\"]}}},\"include_repos\":true}"
    headers: 
      Accept: 
      - application/json
      Accept-Encoding: 
      - gzip, deflate
      Content-Type: 
      - application/json
      Content-Length: 
      - "102"
      User-Agent: 
      - Ruby
  response: 
    status: 
      code: 200
      message: OK
    headers: 
      Date: 
      - Mon, 12 Aug 2013 21:15:35 GMT
      Server: 
      - Apache/2.4.4 (Fedora) OpenSSL/1.0.1e-fips mod_wsgi/3.4 Python/2.7.3
      Content-Length: 
      - "726"
      Content-Type: 
      - application/json
    body: 
      encoding: US-ASCII
      string: "[{\"status\": \"stable\", \"_storage_path\": null, \"from\": \"lzap+pub@redhat.com\", \"description\": \"One package errata\", \"title\": \"One package errata\", \"pkglist\": [{\"packages\": [{\"src\": \"http://www.fedoraproject.org\", \"name\": \"elephant\", \"sum\": null, \"filename\": \"elephant-0.3-0.8.noarch.rpm\", \"epoch\": null, \"version\": \"0.3\", \"release\": \"0.8\", \"arch\": \"noarch\"}], \"name\": \"1\", \"short\": \"\"}], \"version\": \"1\", \"issued\": \"2010-01-01 01:01:01\", \"_content_type_id\": \"erratum\", \"references\": [], \"_id\": \"4bccfa63-75ea-4580-8b7b-6118b61768f2\", \"type\": \"security\", \"id\": \"RHEA-2010:0002\", \"_href\": \"/pulp/api/v2/content/units/erratum/4bccfa63-75ea-4580-8b7b-6118b61768f2/\", \"children\": {}, \"repository_memberships\": [\"integration_test_id\"]}]"
    http_version: 
  recorded_at: Mon, 12 Aug 2013 21:15:35 GMT
- request: 
    method: post
    uri: https://admin:admin@f18/pulp/api/v2/content/units/erratum/search/
    body: 
      encoding: US-ASCII
      string: "{\"criteria\":{\"filters\":{\"id\":{\"$in\":[\"f\"]}}},\"include_repos\":true}"
    headers: 
      Accept: 
      - application/json
      Accept-Encoding: 
      - gzip, deflate
      Content-Type: 
      - application/json
      Content-Length: 
      - "66"
      User-Agent: 
      - Ruby
  response: 
    status: 
      code: 200
      message: OK
    headers: 
      Date: 
      - Mon, 12 Aug 2013 21:15:35 GMT
      Server: 
      - Apache/2.4.4 (Fedora) OpenSSL/1.0.1e-fips mod_wsgi/3.4 Python/2.7.3
      Content-Length: 
      - "2"
      Content-Type: 
      - application/json
    body: 
      encoding: US-ASCII
      string: "[]"
    http_version: 
  recorded_at: Mon, 12 Aug 2013 21:15:35 GMT
- request: 
    method: post
    uri: https://admin:admin@f18/pulp/api/v2/content/units/erratum/search/
    body: 
      encoding: US-ASCII
      string: "{\"criteria\":{}}"
    headers: 
      Accept: 
      - application/json
      Accept-Encoding: 
      - gzip, deflate
      Content-Type: 
      - application/json
      Content-Length: 
      - "15"
      User-Agent: 
      - Ruby
  response: 
    status: 
      code: 200
      message: OK
    headers: 
      Date: 
      - Mon, 12 Aug 2013 21:15:35 GMT
      Server: 
      - Apache/2.4.4 (Fedora) OpenSSL/1.0.1e-fips mod_wsgi/3.4 Python/2.7.3
      Content-Length: 
      - "1112"
      Content-Type: 
      - application/json
    body: 
      encoding: US-ASCII
      string: "[{\"status\": \"stable\", \"_storage_path\": null, \"from\": \"lzap+pub@redhat.com\", \"description\": \"Empty errata\", \"title\": \"Empty errata\", \"pkglist\": [], \"version\": \"1\", \"issued\": \"2010-01-01 01:01:01\", \"_content_type_id\": \"erratum\", \"references\": [], \"_id\": \"eda32a7b-c2db-4ca1-ac6b-04159e7b46e8\", \"type\": \"security\", \"id\": \"RHEA-2010:0001\", \"_href\": \"/pulp/api/v2/content/units/erratum/eda32a7b-c2db-4ca1-ac6b-04159e7b46e8/\", \"children\": {}}, {\"status\": \"stable\", \"_storage_path\": null, \"from\": \"lzap+pub@redhat.com\", \"description\": \"One package errata\", \"title\": \"One package errata\", \"pkglist\": [{\"packages\": [{\"src\": \"http://www.fedoraproject.org\", \"name\": \"elephant\", \"sum\": null, \"filename\": \"elephant-0.3-0.8.noarch.rpm\", \"epoch\": null, \"version\": \"0.3\", \"release\": \"0.8\", \"arch\": \"noarch\"}], \"name\": \"1\", \"short\": \"\"}], \"version\": \"1\", \"issued\": \"2010-01-01 01:01:01\", \"_content_type_id\": \"erratum\", \"references\": [], \"_id\": \"4bccfa63-75ea-4580-8b7b-6118b61768f2\", \"type\": \"security\", \"id\": \"RHEA-2010:0002\", \"_href\": \"/pulp/api/v2/content/units/erratum/4bccfa63-75ea-4580-8b7b-6118b61768f2/\", \"children\": {}}]"
    http_version: 
  recorded_at: Mon, 12 Aug 2013 21:15:36 GMT
- request: 
    method: post
    uri: https://admin:admin@f18/pulp/api/v2/content/units/erratum/search/
    body: 
      encoding: US-ASCII
      string: "{\"criteria\":{\"filters\":{\"_id\":{\"$in\":[\"eda32a7b-c2db-4ca1-ac6b-04159e7b46e8\"]}}},\"include_repos\":true}"
    headers: 
      Accept: 
      - application/json
      Accept-Encoding: 
      - gzip, deflate
      Content-Type: 
      - application/json
      Content-Length: 
      - "102"
      User-Agent: 
      - Ruby
  response: 
    status: 
      code: 200
      message: OK
    headers: 
      Date: 
      - Mon, 12 Aug 2013 21:15:36 GMT
      Server: 
      - Apache/2.4.4 (Fedora) OpenSSL/1.0.1e-fips mod_wsgi/3.4 Python/2.7.3
      Content-Length: 
      - "488"
      Content-Type: 
      - application/json
    body: 
      encoding: US-ASCII
      string: "[{\"status\": \"stable\", \"_storage_path\": null, \"from\": \"lzap+pub@redhat.com\", \"description\": \"Empty errata\", \"title\": \"Empty errata\", \"pkglist\": [], \"version\": \"1\", \"issued\": \"2010-01-01 01:01:01\", \"_content_type_id\": \"erratum\", \"references\": [], \"_id\": \"eda32a7b-c2db-4ca1-ac6b-04159e7b46e8\", \"type\": \"security\", \"id\": \"RHEA-2010:0001\", \"_href\": \"/pulp/api/v2/content/units/erratum/eda32a7b-c2db-4ca1-ac6b-04159e7b46e8/\", \"children\": {}, \"repository_memberships\": [\"integration_test_id\"]}]"
    http_version: 
  recorded_at: Mon, 12 Aug 2013 21:15:36 GMT
- request: 
    method: post
    uri: https://admin:admin@f18/pulp/api/v2/content/units/erratum/search/
    body: 
      encoding: US-ASCII
      string: "{\"criteria\":{}}"
    headers: 
      Accept: 
      - application/json
      Accept-Encoding: 
      - gzip, deflate
      Content-Type: 
      - application/json
      Content-Length: 
      - "15"
      User-Agent: 
      - Ruby
  response: 
    status: 
      code: 200
      message: OK
    headers: 
      Date: 
      - Mon, 12 Aug 2013 21:15:36 GMT
      Server: 
      - Apache/2.4.4 (Fedora) OpenSSL/1.0.1e-fips mod_wsgi/3.4 Python/2.7.3
      Content-Length: 
      - "1112"
      Content-Type: 
      - application/json
    body: 
      encoding: US-ASCII
      string: "[{\"status\": \"stable\", \"_storage_path\": null, \"from\": \"lzap+pub@redhat.com\", \"description\": \"Empty errata\", \"title\": \"Empty errata\", \"pkglist\": [], \"version\": \"1\", \"issued\": \"2010-01-01 01:01:01\", \"_content_type_id\": \"erratum\", \"references\": [], \"_id\": \"eda32a7b-c2db-4ca1-ac6b-04159e7b46e8\", \"type\": \"security\", \"id\": \"RHEA-2010:0001\", \"_href\": \"/pulp/api/v2/content/units/erratum/eda32a7b-c2db-4ca1-ac6b-04159e7b46e8/\", \"children\": {}}, {\"status\": \"stable\", \"_storage_path\": null, \"from\": \"lzap+pub@redhat.com\", \"description\": \"One package errata\", \"title\": \"One package errata\", \"pkglist\": [{\"packages\": [{\"src\": \"http://www.fedoraproject.org\", \"name\": \"elephant\", \"sum\": null, \"filename\": \"elephant-0.3-0.8.noarch.rpm\", \"epoch\": null, \"version\": \"0.3\", \"release\": \"0.8\", \"arch\": \"noarch\"}], \"name\": \"1\", \"short\": \"\"}], \"version\": \"1\", \"issued\": \"2010-01-01 01:01:01\", \"_content_type_id\": \"erratum\", \"references\": [], \"_id\": \"4bccfa63-75ea-4580-8b7b-6118b61768f2\", \"type\": \"security\", \"id\": \"RHEA-2010:0002\", \"_href\": \"/pulp/api/v2/content/units/erratum/4bccfa63-75ea-4580-8b7b-6118b61768f2/\", \"children\": {}}]"
    http_version: 
  recorded_at: Mon, 12 Aug 2013 21:15:36 GMT
- request: 
    method: post
    uri: https://admin:admin@f18/pulp/api/v2/content/units/erratum/search/
    body: 
      encoding: US-ASCII
      string: "{\"criteria\":{\"filters\":{\"id\":{\"$in\":[\"RHEA-2010:0001\"]}}},\"include_repos\":true}"
    headers: 
      Accept: 
      - application/json
      Accept-Encoding: 
      - gzip, deflate
      Content-Type: 
      - application/json
      Content-Length: 
      - "79"
      User-Agent: 
      - Ruby
  response: 
    status: 
      code: 200
      message: OK
    headers: 
      Date: 
      - Mon, 12 Aug 2013 21:15:36 GMT
      Server: 
      - Apache/2.4.4 (Fedora) OpenSSL/1.0.1e-fips mod_wsgi/3.4 Python/2.7.3
      Content-Length: 
      - "488"
      Content-Type: 
      - application/json
    body: 
      encoding: US-ASCII
      string: "[{\"status\": \"stable\", \"_storage_path\": null, \"from\": \"lzap+pub@redhat.com\", \"description\": \"Empty errata\", \"title\": \"Empty errata\", \"pkglist\": [], \"version\": \"1\", \"issued\": \"2010-01-01 01:01:01\", \"_content_type_id\": \"erratum\", \"references\": [], \"_id\": \"eda32a7b-c2db-4ca1-ac6b-04159e7b46e8\", \"type\": \"security\", \"id\": \"RHEA-2010:0001\", \"_href\": \"/pulp/api/v2/content/units/erratum/eda32a7b-c2db-4ca1-ac6b-04159e7b46e8/\", \"children\": {}, \"repository_memberships\": [\"integration_test_id\"]}]"
    http_version: 
  recorded_at: Mon, 12 Aug 2013 21:15:36 GMT
- request: 
    method: post
    uri: https://admin:admin@f18/pulp/api/v2/content/units/erratum/search/
    body: 
      encoding: US-ASCII
      string: "{\"criteria\":{}}"
    headers: 
      Accept: 
      - application/json
      Accept-Encoding: 
      - gzip, deflate
      Content-Type: 
      - application/json
      Content-Length: 
      - "15"
      User-Agent: 
      - Ruby
  response: 
    status: 
      code: 200
      message: OK
    headers: 
      Date: 
      - Mon, 12 Aug 2013 21:15:36 GMT
      Server: 
      - Apache/2.4.4 (Fedora) OpenSSL/1.0.1e-fips mod_wsgi/3.4 Python/2.7.3
      Content-Length: 
      - "1112"
      Content-Type: 
      - application/json
    body: 
      encoding: US-ASCII
      string: "[{\"status\": \"stable\", \"_storage_path\": null, \"from\": \"lzap+pub@redhat.com\", \"description\": \"Empty errata\", \"title\": \"Empty errata\", \"pkglist\": [], \"version\": \"1\", \"issued\": \"2010-01-01 01:01:01\", \"_content_type_id\": \"erratum\", \"references\": [], \"_id\": \"eda32a7b-c2db-4ca1-ac6b-04159e7b46e8\", \"type\": \"security\", \"id\": \"RHEA-2010:0001\", \"_href\": \"/pulp/api/v2/content/units/erratum/eda32a7b-c2db-4ca1-ac6b-04159e7b46e8/\", \"children\": {}}, {\"status\": \"stable\", \"_storage_path\": null, \"from\": \"lzap+pub@redhat.com\", \"description\": \"One package errata\", \"title\": \"One package errata\", \"pkglist\": [{\"packages\": [{\"src\": \"http://www.fedoraproject.org\", \"name\": \"elephant\", \"sum\": null, \"filename\": \"elephant-0.3-0.8.noarch.rpm\", \"epoch\": null, \"version\": \"0.3\", \"release\": \"0.8\", \"arch\": \"noarch\"}], \"name\": \"1\", \"short\": \"\"}], \"version\": \"1\", \"issued\": \"2010-01-01 01:01:01\", \"_content_type_id\": \"erratum\", \"references\": [], \"_id\": \"4bccfa63-75ea-4580-8b7b-6118b61768f2\", \"type\": \"security\", \"id\": \"RHEA-2010:0002\", \"_href\": \"/pulp/api/v2/content/units/erratum/4bccfa63-75ea-4580-8b7b-6118b61768f2/\", \"children\": {}}]"
    http_version: 
  recorded_at: Mon, 12 Aug 2013 21:15:36 GMT
- request: 
    method: post
    uri: https://admin:admin@f18/pulp/api/v2/content/units/erratum/search/
    body: 
      encoding: US-ASCII
      string: "{\"criteria\":{\"filters\":{\"id\":{\"$in\":[\"RHEA-2010:0001\",\"RHEA-2010:0002\"]}}},\"include_repos\":true}"
    headers: 
      Accept: 
      - application/json
      Accept-Encoding: 
      - gzip, deflate
      Content-Type: 
      - application/json
      Content-Length: 
      - "96"
      User-Agent: 
      - Ruby
  response: 
    status: 
      code: 200
      message: OK
    headers: 
      Date: 
      - Mon, 12 Aug 2013 21:15:36 GMT
      Server: 
      - Apache/2.4.4 (Fedora) OpenSSL/1.0.1e-fips mod_wsgi/3.4 Python/2.7.3
      Content-Length: 
      - "1214"
      Content-Type: 
      - application/json
    body: 
      encoding: US-ASCII
      string: "[{\"status\": \"stable\", \"_storage_path\": null, \"from\": \"lzap+pub@redhat.com\", \"description\": \"Empty errata\", \"title\": \"Empty errata\", \"pkglist\": [], \"version\": \"1\", \"issued\": \"2010-01-01 01:01:01\", \"_content_type_id\": \"erratum\", \"references\": [], \"_id\": \"eda32a7b-c2db-4ca1-ac6b-04159e7b46e8\", \"type\": \"security\", \"id\": \"RHEA-2010:0001\", \"_href\": \"/pulp/api/v2/content/units/erratum/eda32a7b-c2db-4ca1-ac6b-04159e7b46e8/\", \"children\": {}, \"repository_memberships\": [\"integration_test_id\"]}, {\"status\": \"stable\", \"_storage_path\": null, \"from\": \"lzap+pub@redhat.com\", \"description\": \"One package errata\", \"title\": \"One package errata\", \"pkglist\": [{\"packages\": [{\"src\": \"http://www.fedoraproject.org\", \"name\": \"elephant\", \"sum\": null, \"filename\": \"elephant-0.3-0.8.noarch.rpm\", \"epoch\": null, \"version\": \"0.3\", \"release\": \"0.8\", \"arch\": \"noarch\"}], \"name\": \"1\", \"short\": \"\"}], \"version\": \"1\", \"issued\": \"2010-01-01 01:01:01\", \"_content_type_id\": \"erratum\", \"references\": [], \"_id\": \"4bccfa63-75ea-4580-8b7b-6118b61768f2\", \"type\": \"security\", \"id\": \"RHEA-2010:0002\", \"_href\": \"/pulp/api/v2/content/units/erratum/4bccfa63-75ea-4580-8b7b-6118b61768f2/\", \"children\": {}, \"repository_memberships\": [\"integration_test_id\"]}]"
    http_version: 
  recorded_at: Mon, 12 Aug 2013 21:15:36 GMT
recorded_with: VCR 2.5.0
