--- 
http_interactions: 
- request: 
    method: post
    uri: https://admin:admin@abed.usersys.redhat.com/pulp/api/v2/repositories/
    body: 
      encoding: US-ASCII
      string: "{\"id\":\"test_repo_iso_fixture\",\"importer_type_id\":\"iso_importer\",\"importer_config\":{\"feed\":\"file:///home/jlsherri/git/runcible/test/fixtures/repositories/iso/\"},\"distributors\":[{\"distributor_type\":\"iso_distributor\",\"distributor_config\":{\"serve_http\":true,\"serve_https\":true},\"auto_publish\":false,\"distributor_id\":\"717ce9109050ddbac901\"}]}"
    headers: 
      Accept: 
      - application/json
      Accept-Encoding: 
      - gzip, deflate
      Content-Type: 
      - application/json
      Content-Length: 
      - "337"
      User-Agent: 
      - Ruby
  response: 
    status: 
      code: 201
      message: Created
    headers: 
      Date: 
      - Wed, 31 Jul 2013 16:49:34 GMT
      Server: 
      - Apache/2.2.15 (Red Hat)
      Location: 
      - test_repo_iso_fixture
      Content-Length: 
      - "273"
      Content-Type: 
      - application/json
    body: 
      encoding: US-ASCII
      string: "{\"scratchpad\": {}, \"display_name\": \"test_repo_iso_fixture\", \"description\": null, \"_ns\": \"repos\", \"notes\": {}, \"content_unit_counts\": {}, \"_id\": {\"$oid\": \"51f9401e5ca01351c31e7083\"}, \"id\": \"test_repo_iso_fixture\", \"_href\": \"/pulp/api/v2/repositories/test_repo_iso_fixture/\"}"
    http_version: 
  recorded_at: Wed, 31 Jul 2013 16:49:34 GMT
- request: 
    method: get
    uri: https://admin:admin@abed.usersys.redhat.com/pulp/api/v2/repositories/test_repo_iso_fixture/?details=true
    body: 
      encoding: US-ASCII
      string: ""
    headers: 
      Accept: 
      - application/json
      Accept-Encoding: 
      - gzip, deflate
      Content-Type: 
      - application/json
      User-Agent: 
      - Ruby
  response: 
    status: 
      code: 200
      message: OK
    headers: 
      Date: 
      - Wed, 31 Jul 2013 16:49:35 GMT
      Server: 
      - Apache/2.2.15 (Red Hat)
      Content-Length: 
      - "912"
      Content-Type: 
      - application/json
    body: 
      encoding: US-ASCII
      string: "{\"scratchpad\": {}, \"display_name\": \"test_repo_iso_fixture\", \"description\": null, \"_ns\": \"repos\", \"notes\": {}, \"content_unit_counts\": {}, \"_id\": {\"$oid\": \"51f9401e5ca01351c31e7083\"}, \"id\": \"test_repo_iso_fixture\", \"_href\": \"/pulp/api/v2/repositories/test_repo_iso_fixture/\", \"importers\": [{\"repo_id\": \"test_repo_iso_fixture\", \"_ns\": \"repo_importers\", \"importer_type_id\": \"iso_importer\", \"last_sync\": null, \"scheduled_syncs\": [], \"_id\": {\"$oid\": \"51f9401e5ca01351c31e7084\"}, \"config\": {\"feed\": \"file:///home/jlsherri/git/runcible/test/fixtures/repositories/iso/\"}, \"id\": \"iso_importer\"}], \"distributors\": [{\"repo_id\": \"test_repo_iso_fixture\", \"_ns\": \"repo_distributors\", \"last_publish\": null, \"auto_publish\": false, \"scheduled_publishes\": [], \"distributor_type_id\": \"iso_distributor\", \"_id\": {\"$oid\": \"51f9401e5ca01351c31e7085\"}, \"config\": {\"serve_https\": true, \"serve_http\": true}, \"id\": \"717ce9109050ddbac901\"}]}"
    http_version: 
  recorded_at: Wed, 31 Jul 2013 16:49:35 GMT
- request: 
    method: post
    uri: https://admin:admin@abed.usersys.redhat.com/pulp/api/v2/repositories/test_repo_iso_fixture/actions/sync/
    body: 
      encoding: US-ASCII
      string: "{}"
    headers: 
      Accept: 
      - application/json
      Accept-Encoding: 
      - gzip, deflate
      Content-Type: 
      - application/json
      Content-Length: 
      - "2"
      User-Agent: 
      - Ruby
  response: 
    status: 
      code: 202
      message: Accepted
    headers: 
      Date: 
      - Wed, 31 Jul 2013 16:49:35 GMT
      Server: 
      - Apache/2.2.15 (Red Hat)
      Content-Encoding: 
      - utf-8
      Content-Length: 
      - "710"
      Content-Type: 
      - application/json
    body: 
      encoding: US-ASCII
      string: "[{\"task_group_id\": \"0e2b0d4d-248f-4724-84d4-0334894f8fbd\", \"exception\": null, \"traceback\": null, \"_href\": \"/pulp/api/v2/task_groups/0e2b0d4d-248f-4724-84d4-0334894f8fbd/\", \"task_id\": \"e65dcae0-307b-4e87-8c8d-6d876e0d4935\", \"call_request_tags\": [\"pulp:repository:test_repo_iso_fixture\", \"pulp:action:sync\"], \"reasons\": [], \"start_time\": null, \"tags\": [\"pulp:repository:test_repo_iso_fixture\", \"pulp:action:sync\"], \"state\": \"waiting\", \"finish_time\": null, \"dependency_failures\": {}, \"schedule_id\": null, \"progress\": {}, \"call_request_group_id\": \"0e2b0d4d-248f-4724-84d4-0334894f8fbd\", \"call_request_id\": \"e65dcae0-307b-4e87-8c8d-6d876e0d4935\", \"principal_login\": \"admin\", \"response\": \"accepted\", \"result\": null}]"
    http_version: 
  recorded_at: Wed, 31 Jul 2013 16:49:35 GMT
- request: 
    method: get
    uri: https://admin:admin@abed.usersys.redhat.com/pulp/api/v2/repositories/test_repo_iso_fixture//history/sync/
    body: 
      encoding: US-ASCII
      string: ""
    headers: 
      Accept: 
      - application/json
      Accept-Encoding: 
      - gzip, deflate
      Content-Type: 
      - application/json
      User-Agent: 
      - Ruby
  response: 
    status: 
      code: 200
      message: OK
    headers: 
      Date: 
      - Wed, 31 Jul 2013 16:49:36 GMT
      Server: 
      - Apache/2.2.15 (Red Hat)
      Content-Length: 
      - "815"
      Content-Type: 
      - application/json
    body: 
      encoding: US-ASCII
      string: "[{\"importer_type_id\": \"iso_importer\", \"importer_id\": \"iso_importer\", \"exception\": null, \"repo_id\": \"test_repo_iso_fixture\", \"removed_count\": 0, \"started\": \"2013-07-31T12:49:35-04:00\", \"_ns\": \"repo_sync_results\", \"completed\": \"2013-07-31T12:49:35-04:00\", \"traceback\": null, \"summary\": {\"error_message\": null, \"traceback\": null, \"finished_bytes\": 14.0, \"num_isos\": 1, \"state\": \"complete\", \"iso_error_messages\": [], \"state_times\": {\"not_started\": \"2013-07-31T16:49:35\", \"manifest_in_progress\": \"2013-07-31T16:49:35\", \"complete\": \"2013-07-31T16:49:35\", \"isos_in_progress\": \"2013-07-31T16:49:35\"}, \"num_isos_finished\": 1, \"total_bytes\": 14}, \"added_count\": 1, \"error_message\": null, \"updated_count\": 0, \"details\": null, \"_id\": {\"$oid\": \"51f9401f5ca01351c31e7091\"}, \"id\": \"51f9401f5ca01351c31e7091\", \"result\": \"success\"}]"
    http_version: 
  recorded_at: Wed, 31 Jul 2013 16:49:36 GMT
recorded_with: VCR 2.5.0
