--- 
http_interactions: 
- request: 
    method: post
    uri: https://admin:admin@abed.usersys.redhat.com/pulp/api/v2/repositories/integration_test_id_clone/actions/unassociate/
    body: 
      encoding: US-ASCII
      string: "{\"criteria\":{\"type_ids\":[\"package_group\"],\"filters\":{\"association\":{\"unit_id\":{\"$in\":[\"87f83621-3408-4ed7-b1f0-c219bf1d89fc\"]}}}}}"
    headers: 
      Accept: 
      - application/json
      Accept-Encoding: 
      - gzip, deflate
      Content-Type: 
      - application/json
      Content-Length: 
      - "130"
      User-Agent: 
      - Ruby
  response: 
    status: 
      code: 202
      message: Accepted
    headers: 
      Date: 
      - Thu, 13 Jun 2013 20:44:15 GMT
      Server: 
      - Apache/2.2.15 (Red Hat)
      Content-Encoding: 
      - utf-8
      Content-Length: 
      - "656"
      Content-Type: 
      - application/json
    body: 
      encoding: US-ASCII
      string: "{\"task_group_id\": null, \"exception\": null, \"traceback\": null, \"_href\": \"/pulp/api/v2/tasks/00d9866c-d997-4662-a94c-346914bbbbc5/\", \"task_id\": \"00d9866c-d997-4662-a94c-346914bbbbc5\", \"call_request_tags\": [\"pulp:repository:integration_test_id_clone\", \"pulp:action:unassociate\"], \"reasons\": [], \"start_time\": null, \"tags\": [\"pulp:repository:integration_test_id_clone\", \"pulp:action:unassociate\"], \"state\": \"waiting\", \"finish_time\": null, \"dependency_failures\": {}, \"schedule_id\": null, \"progress\": {}, \"call_request_group_id\": null, \"call_request_id\": \"00d9866c-d997-4662-a94c-346914bbbbc5\", \"principal_login\": \"admin\", \"response\": \"accepted\", \"result\": null}"
    http_version: 
  recorded_at: Thu, 13 Jun 2013 20:44:15 GMT
- request: 
    method: post
    uri: https://admin:admin@f18/pulp/api/v2/repositories/integration_test_id_clone/actions/unassociate/
    body: 
      encoding: US-ASCII
      string: "{\"criteria\":{\"type_ids\":[\"package_group\"],\"filters\":{\"association\":{\"unit_id\":{\"$in\":[\"8321be29-316d-4498-bd0d-615d7796274e\"]}}}}}"
    headers: 
      Accept: 
      - application/json
      Accept-Encoding: 
      - gzip, deflate
      Content-Type: 
      - application/json
      Content-Length: 
      - "130"
      User-Agent: 
      - Ruby
  response: 
    status: 
      code: 202
      message: Accepted
    headers: 
      Date: 
      - Mon, 08 Jul 2013 18:18:46 GMT
      Server: 
      - Apache/2.4.4 (Fedora) OpenSSL/1.0.1e-fips mod_wsgi/3.4 Python/2.7.3
      Content-Encoding: 
      - utf-8
      Content-Length: 
      - "656"
      Content-Type: 
      - application/json
    body: 
      encoding: US-ASCII
      string: "{\"task_group_id\": null, \"exception\": null, \"traceback\": null, \"_href\": \"/pulp/api/v2/tasks/f5ed6c52-4563-449c-819c-82c17b8ee706/\", \"task_id\": \"f5ed6c52-4563-449c-819c-82c17b8ee706\", \"call_request_tags\": [\"pulp:repository:integration_test_id_clone\", \"pulp:action:unassociate\"], \"reasons\": [], \"start_time\": null, \"tags\": [\"pulp:repository:integration_test_id_clone\", \"pulp:action:unassociate\"], \"state\": \"waiting\", \"finish_time\": null, \"dependency_failures\": {}, \"schedule_id\": null, \"progress\": {}, \"call_request_group_id\": null, \"call_request_id\": \"f5ed6c52-4563-449c-819c-82c17b8ee706\", \"principal_login\": \"admin\", \"response\": \"accepted\", \"result\": null}"
    http_version: 
  recorded_at: Mon, 08 Jul 2013 18:18:46 GMT
- request: 
    method: post
    uri: https://admin:admin@f18/pulp/api/v2/repositories/integration_test_id_clone/actions/unassociate/
    body: 
      encoding: US-ASCII
      string: "{\"criteria\":{\"type_ids\":[\"package_group\"],\"filters\":{\"association\":{\"unit_id\":{\"$in\":[\"f96fbe1b-2ab8-42c3-ac1d-f151cfb7962b\"]}}}}}"
    headers: 
      Accept: 
      - application/json
      Accept-Encoding: 
      - gzip, deflate
      Content-Type: 
      - application/json
      Content-Length: 
      - "130"
      User-Agent: 
      - Ruby
  response: 
    status: 
      code: 202
      message: Accepted
    headers: 
      Date: 
      - Mon, 08 Jul 2013 19:30:28 GMT
      Server: 
      - Apache/2.4.4 (Fedora) OpenSSL/1.0.1e-fips mod_wsgi/3.4 Python/2.7.3
      Content-Encoding: 
      - utf-8
      Content-Length: 
      - "656"
      Content-Type: 
      - application/json
    body: 
      encoding: US-ASCII
      string: "{\"task_group_id\": null, \"exception\": null, \"traceback\": null, \"_href\": \"/pulp/api/v2/tasks/a9e6c688-01bb-49fe-ad9c-38736a5cad57/\", \"task_id\": \"a9e6c688-01bb-49fe-ad9c-38736a5cad57\", \"call_request_tags\": [\"pulp:repository:integration_test_id_clone\", \"pulp:action:unassociate\"], \"reasons\": [], \"start_time\": null, \"tags\": [\"pulp:repository:integration_test_id_clone\", \"pulp:action:unassociate\"], \"state\": \"waiting\", \"finish_time\": null, \"dependency_failures\": {}, \"schedule_id\": null, \"progress\": {}, \"call_request_group_id\": null, \"call_request_id\": \"a9e6c688-01bb-49fe-ad9c-38736a5cad57\", \"principal_login\": \"admin\", \"response\": \"accepted\", \"result\": null}"
    http_version: 
  recorded_at: Mon, 08 Jul 2013 19:30:28 GMT
- request: 
    method: post
    uri: https://admin:admin@f18/pulp/api/v2/repositories/integration_test_id_clone/actions/unassociate/
    body: 
      encoding: US-ASCII
      string: "{\"criteria\":{\"type_ids\":[\"package_group\"],\"filters\":{\"association\":{\"unit_id\":{\"$in\":[\"81b54e60-a44c-425e-9300-35e213b75937\"]}}}}}"
    headers: 
      Accept: 
      - application/json
      Accept-Encoding: 
      - gzip, deflate
      Content-Type: 
      - application/json
      Content-Length: 
      - "130"
      User-Agent: 
      - Ruby
  response: 
    status: 
      code: 202
      message: Accepted
    headers: 
      Date: 
      - Tue, 09 Jul 2013 01:02:23 GMT
      Server: 
      - Apache/2.4.4 (Fedora) OpenSSL/1.0.1e-fips mod_wsgi/3.4 Python/2.7.3
      Content-Encoding: 
      - utf-8
      Content-Length: 
      - "656"
      Content-Type: 
      - application/json
    body: 
      encoding: US-ASCII
      string: "{\"task_group_id\": null, \"exception\": null, \"traceback\": null, \"_href\": \"/pulp/api/v2/tasks/23b0f689-652d-40c2-a829-6f279a5ba14d/\", \"task_id\": \"23b0f689-652d-40c2-a829-6f279a5ba14d\", \"call_request_tags\": [\"pulp:repository:integration_test_id_clone\", \"pulp:action:unassociate\"], \"reasons\": [], \"start_time\": null, \"tags\": [\"pulp:repository:integration_test_id_clone\", \"pulp:action:unassociate\"], \"state\": \"waiting\", \"finish_time\": null, \"dependency_failures\": {}, \"schedule_id\": null, \"progress\": {}, \"call_request_group_id\": null, \"call_request_id\": \"23b0f689-652d-40c2-a829-6f279a5ba14d\", \"principal_login\": \"admin\", \"response\": \"accepted\", \"result\": null}"
    http_version: 
  recorded_at: Tue, 09 Jul 2013 01:02:23 GMT
- request: 
    method: post
    uri: https://admin:admin@f18/pulp/api/v2/repositories/integration_test_id_clone/search/units/
    body: 
      encoding: US-ASCII
      string: "{\"criteria\":{\"type_ids\":[\"package_group\"]}}"
    headers: 
      Accept: 
      - application/json
      Accept-Encoding: 
      - gzip, deflate
      Content-Type: 
      - application/json
      Content-Length: 
      - "43"
      User-Agent: 
      - Ruby
  response: 
    status: 
      code: 200
      message: OK
    headers: 
      Date: 
      - Tue, 09 Jul 2013 01:02:31 GMT
      Server: 
      - Apache/2.4.4 (Fedora) OpenSSL/1.0.1e-fips mod_wsgi/3.4 Python/2.7.3
      Content-Length: 
      - "922"
      Content-Type: 
      - application/json
    body: 
      encoding: US-ASCII
      string: "[{\"updated\": \"2013-07-09T05:01:48Z\", \"repo_id\": \"integration_test_id_clone\", \"created\": \"2013-07-09T05:01:48Z\", \"_ns\": \"repo_content_units\", \"unit_id\": \"974e9cea-00bc-4ec0-9a54-cf1dd560b838\", \"unit_type_id\": \"package_group\", \"owner_type\": \"user\", \"_id\": {\"$oid\": \"51db60fcd60ea369f583b74e\"}, \"id\": \"51db60fcd60ea369f583b74e\", \"owner_id\": \"admin\", \"metadata\": {\"_storage_path\": null, \"mandatory_package_names\": [\"elephant,giraffe,cheetah,lion,monkey,penguin,squirrel,walrus\", \"penguin\"], \"repo_id\": \"integration_test_id_clone\", \"description\": null, \"user_visible\": true, \"default\": true, \"_ns\": \"units_package_group\", \"display_order\": 1024, \"optional_package_names\": [], \"translated_name\": {}, \"translated_description\": {}, \"conditional_package_names\": [], \"default_package_names\": [], \"_content_type_id\": \"package_group\", \"langonly\": null, \"_id\": \"974e9cea-00bc-4ec0-9a54-cf1dd560b838\", \"id\": \"mammal\", \"name\": \"mammal\"}}]"
    http_version: 
  recorded_at: Tue, 09 Jul 2013 01:02:31 GMT
recorded_with: VCR 2.5.0
