--- 
recorded_with: VCR 2.3.0
http_interactions: 
- request: 
    method: post
    uri: https://admin:admin@localhost/pulp/api/v2/content/units/package_group/search/
    body: 
      string: "{\"criteria\":{}}"
    headers: 
      Content-Length: 
      - "15"
      Content-Type: 
      - application/json
      Accept: 
      - application/json
      Accept-Encoding: 
      - gzip, deflate
  response: 
    status: 
      code: 200
      message: OK
    headers: 
      Content-Length: 
      - "1196"
      Content-Type: 
      - application/json
      Server: 
      - Apache/2.2.22 (Fedora)
      Date: 
      - Wed, 28 Nov 2012 20:34:39 GMT
    body: 
      string: "[{\"_storage_path\": null, \"mandatory_package_names\": [\"elephant,giraffe,cheetah,lion,monkey,penguin,squirrel,walrus\", \"penguin\"], \"repo_id\": \"integration_test_id\", \"description\": \"\", \"user_visible\": true, \"default\": true, \"display_order\": 1024, \"optional_package_names\": [], \"translated_name\": {}, \"translated_description\": {}, \"conditional_package_names\": [], \"default_package_names\": [], \"_content_type_id\": \"package_group\", \"langonly\": null, \"_id\": \"7817b060-7580-4012-bff2-b6257c295fdd\", \"id\": \"mammal\", \"name\": \"mammal\", \"_href\": \"/pulp/api/v2/content/units/package_group/7817b060-7580-4012-bff2-b6257c295fdd/\", \"children\": {}}, {\"_storage_path\": null, \"mandatory_package_names\": [\"penguin\"], \"repo_id\": \"integration_test_id\", \"description\": \"\", \"user_visible\": true, \"default\": true, \"display_order\": 1024, \"optional_package_names\": [], \"translated_name\": {}, \"translated_description\": {}, \"conditional_package_names\": [], \"default_package_names\": [], \"_content_type_id\": \"package_group\", \"langonly\": null, \"_id\": \"ef3c29b6-3e84-4cf2-b538-b30aa7ee99bc\", \"id\": \"bird\", \"name\": \"bird\", \"_href\": \"/pulp/api/v2/content/units/package_group/ef3c29b6-3e84-4cf2-b538-b30aa7ee99bc/\", \"children\": {}}]"
    http_version: 
  recorded_at: Wed, 28 Nov 2012 20:34:39 GMT
- request: 
    method: post
    uri: https://admin:admin@localhost/pulp/api/v2/content/units/package_group/search/
    body: 
      string: "{\"criteria\":{}}"
    headers: 
      Content-Length: 
      - "15"
      Content-Type: 
      - application/json
      Accept: 
      - application/json
      Accept-Encoding: 
      - gzip, deflate
  response: 
    status: 
      code: 200
      message: OK
    headers: 
      Content-Length: 
      - "1196"
      Content-Type: 
      - application/json
      Server: 
      - Apache/2.2.22 (Fedora)
      Date: 
      - Wed, 28 Nov 2012 20:34:39 GMT
    body: 
      string: "[{\"_storage_path\": null, \"mandatory_package_names\": [\"elephant,giraffe,cheetah,lion,monkey,penguin,squirrel,walrus\", \"penguin\"], \"repo_id\": \"integration_test_id\", \"description\": \"\", \"user_visible\": true, \"default\": true, \"display_order\": 1024, \"optional_package_names\": [], \"translated_name\": {}, \"translated_description\": {}, \"conditional_package_names\": [], \"default_package_names\": [], \"_content_type_id\": \"package_group\", \"langonly\": null, \"_id\": \"7817b060-7580-4012-bff2-b6257c295fdd\", \"id\": \"mammal\", \"name\": \"mammal\", \"_href\": \"/pulp/api/v2/content/units/package_group/7817b060-7580-4012-bff2-b6257c295fdd/\", \"children\": {}}, {\"_storage_path\": null, \"mandatory_package_names\": [\"penguin\"], \"repo_id\": \"integration_test_id\", \"description\": \"\", \"user_visible\": true, \"default\": true, \"display_order\": 1024, \"optional_package_names\": [], \"translated_name\": {}, \"translated_description\": {}, \"conditional_package_names\": [], \"default_package_names\": [], \"_content_type_id\": \"package_group\", \"langonly\": null, \"_id\": \"ef3c29b6-3e84-4cf2-b538-b30aa7ee99bc\", \"id\": \"bird\", \"name\": \"bird\", \"_href\": \"/pulp/api/v2/content/units/package_group/ef3c29b6-3e84-4cf2-b538-b30aa7ee99bc/\", \"children\": {}}]"
    http_version: 
  recorded_at: Wed, 28 Nov 2012 20:34:39 GMT
- request: 
    method: post
    uri: https://admin:admin@localhost/pulp/api/v2/content/units/package_group/search/
    body: 
      string: "{\"criteria\":{\"filters\":{\"_id\":{\"$in\":[\"ef3c29b6-3e84-4cf2-b538-b30aa7ee99bc\"]}}}}"
    headers: 
      Content-Length: 
      - "81"
      Content-Type: 
      - application/json
      Accept: 
      - application/json
      Accept-Encoding: 
      - gzip, deflate
  response: 
    status: 
      code: 200
      message: OK
    headers: 
      Content-Length: 
      - "564"
      Content-Type: 
      - application/json
      Server: 
      - Apache/2.2.22 (Fedora)
      Date: 
      - Wed, 28 Nov 2012 20:34:39 GMT
    body: 
      string: "[{\"_storage_path\": null, \"mandatory_package_names\": [\"penguin\"], \"repo_id\": \"integration_test_id\", \"description\": \"\", \"user_visible\": true, \"default\": true, \"display_order\": 1024, \"optional_package_names\": [], \"translated_name\": {}, \"translated_description\": {}, \"conditional_package_names\": [], \"default_package_names\": [], \"_content_type_id\": \"package_group\", \"langonly\": null, \"_id\": \"ef3c29b6-3e84-4cf2-b538-b30aa7ee99bc\", \"id\": \"bird\", \"name\": \"bird\", \"_href\": \"/pulp/api/v2/content/units/package_group/ef3c29b6-3e84-4cf2-b538-b30aa7ee99bc/\", \"children\": {}}]"
    http_version: 
  recorded_at: Wed, 28 Nov 2012 20:34:39 GMT
- request: 
    method: post
    uri: https://admin:admin@localhost/pulp/api/v2/content/units/package_group/search/
    body: 
      string: "{\"criteria\":{}}"
    headers: 
      Content-Length: 
      - "15"
      Content-Type: 
      - application/json
      Accept: 
      - application/json
      Accept-Encoding: 
      - gzip, deflate
  response: 
    status: 
      code: 200
      message: OK
    headers: 
      Content-Length: 
      - "1196"
      Content-Type: 
      - application/json
      Server: 
      - Apache/2.2.22 (Fedora)
      Date: 
      - Wed, 28 Nov 2012 20:34:39 GMT
    body: 
      string: "[{\"_storage_path\": null, \"mandatory_package_names\": [\"elephant,giraffe,cheetah,lion,monkey,penguin,squirrel,walrus\", \"penguin\"], \"repo_id\": \"integration_test_id\", \"description\": \"\", \"user_visible\": true, \"default\": true, \"display_order\": 1024, \"optional_package_names\": [], \"translated_name\": {}, \"translated_description\": {}, \"conditional_package_names\": [], \"default_package_names\": [], \"_content_type_id\": \"package_group\", \"langonly\": null, \"_id\": \"7817b060-7580-4012-bff2-b6257c295fdd\", \"id\": \"mammal\", \"name\": \"mammal\", \"_href\": \"/pulp/api/v2/content/units/package_group/7817b060-7580-4012-bff2-b6257c295fdd/\", \"children\": {}}, {\"_storage_path\": null, \"mandatory_package_names\": [\"penguin\"], \"repo_id\": \"integration_test_id\", \"description\": \"\", \"user_visible\": true, \"default\": true, \"display_order\": 1024, \"optional_package_names\": [], \"translated_name\": {}, \"translated_description\": {}, \"conditional_package_names\": [], \"default_package_names\": [], \"_content_type_id\": \"package_group\", \"langonly\": null, \"_id\": \"ef3c29b6-3e84-4cf2-b538-b30aa7ee99bc\", \"id\": \"bird\", \"name\": \"bird\", \"_href\": \"/pulp/api/v2/content/units/package_group/ef3c29b6-3e84-4cf2-b538-b30aa7ee99bc/\", \"children\": {}}]"
    http_version: 
  recorded_at: Wed, 28 Nov 2012 20:34:39 GMT
- request: 
    method: post
    uri: https://admin:admin@localhost/pulp/api/v2/content/units/package_group/search/
    body: 
      string: "{\"criteria\":{\"filters\":{\"id\":{\"$in\":[\"bird\"]}}}}"
    headers: 
      Content-Length: 
      - "48"
      Content-Type: 
      - application/json
      Accept: 
      - application/json
      Accept-Encoding: 
      - gzip, deflate
  response: 
    status: 
      code: 200
      message: OK
    headers: 
      Content-Length: 
      - "564"
      Content-Type: 
      - application/json
      Server: 
      - Apache/2.2.22 (Fedora)
      Date: 
      - Wed, 28 Nov 2012 20:34:39 GMT
    body: 
      string: "[{\"_storage_path\": null, \"mandatory_package_names\": [\"penguin\"], \"repo_id\": \"integration_test_id\", \"description\": \"\", \"user_visible\": true, \"default\": true, \"display_order\": 1024, \"optional_package_names\": [], \"translated_name\": {}, \"translated_description\": {}, \"conditional_package_names\": [], \"default_package_names\": [], \"_content_type_id\": \"package_group\", \"langonly\": null, \"_id\": \"ef3c29b6-3e84-4cf2-b538-b30aa7ee99bc\", \"id\": \"bird\", \"name\": \"bird\", \"_href\": \"/pulp/api/v2/content/units/package_group/ef3c29b6-3e84-4cf2-b538-b30aa7ee99bc/\", \"children\": {}}]"
    http_version: 
  recorded_at: Wed, 28 Nov 2012 20:34:40 GMT
- request: 
    method: post
    uri: https://admin:admin@localhost/pulp/api/v2/content/units/package_group/search/
    body: 
      string: "{\"criteria\":{}}"
    headers: 
      Content-Length: 
      - "15"
      Content-Type: 
      - application/json
      Accept: 
      - application/json
      Accept-Encoding: 
      - gzip, deflate
  response: 
    status: 
      code: 200
      message: OK
    headers: 
      Content-Length: 
      - "1196"
      Content-Type: 
      - application/json
      Server: 
      - Apache/2.2.22 (Fedora)
      Date: 
      - Wed, 28 Nov 2012 20:34:40 GMT
    body: 
      string: "[{\"_storage_path\": null, \"mandatory_package_names\": [\"elephant,giraffe,cheetah,lion,monkey,penguin,squirrel,walrus\", \"penguin\"], \"repo_id\": \"integration_test_id\", \"description\": \"\", \"user_visible\": true, \"default\": true, \"display_order\": 1024, \"optional_package_names\": [], \"translated_name\": {}, \"translated_description\": {}, \"conditional_package_names\": [], \"default_package_names\": [], \"_content_type_id\": \"package_group\", \"langonly\": null, \"_id\": \"7817b060-7580-4012-bff2-b6257c295fdd\", \"id\": \"mammal\", \"name\": \"mammal\", \"_href\": \"/pulp/api/v2/content/units/package_group/7817b060-7580-4012-bff2-b6257c295fdd/\", \"children\": {}}, {\"_storage_path\": null, \"mandatory_package_names\": [\"penguin\"], \"repo_id\": \"integration_test_id\", \"description\": \"\", \"user_visible\": true, \"default\": true, \"display_order\": 1024, \"optional_package_names\": [], \"translated_name\": {}, \"translated_description\": {}, \"conditional_package_names\": [], \"default_package_names\": [], \"_content_type_id\": \"package_group\", \"langonly\": null, \"_id\": \"ef3c29b6-3e84-4cf2-b538-b30aa7ee99bc\", \"id\": \"bird\", \"name\": \"bird\", \"_href\": \"/pulp/api/v2/content/units/package_group/ef3c29b6-3e84-4cf2-b538-b30aa7ee99bc/\", \"children\": {}}]"
    http_version: 
  recorded_at: Wed, 28 Nov 2012 20:34:40 GMT
- request: 
    method: post
    uri: https://admin:admin@localhost/pulp/api/v2/content/units/package_group/search/
    body: 
      string: "{\"criteria\":{\"filters\":{\"id\":{\"$in\":[\"bird\",\"mammal\"]}}}}"
    headers: 
      Content-Length: 
      - "57"
      Content-Type: 
      - application/json
      Accept: 
      - application/json
      Accept-Encoding: 
      - gzip, deflate
  response: 
    status: 
      code: 200
      message: OK
    headers: 
      Content-Length: 
      - "1196"
      Content-Type: 
      - application/json
      Server: 
      - Apache/2.2.22 (Fedora)
      Date: 
      - Wed, 28 Nov 2012 20:34:40 GMT
    body: 
      string: "[{\"_storage_path\": null, \"mandatory_package_names\": [\"penguin\"], \"repo_id\": \"integration_test_id\", \"description\": \"\", \"user_visible\": true, \"default\": true, \"display_order\": 1024, \"optional_package_names\": [], \"translated_name\": {}, \"translated_description\": {}, \"conditional_package_names\": [], \"default_package_names\": [], \"_content_type_id\": \"package_group\", \"langonly\": null, \"_id\": \"ef3c29b6-3e84-4cf2-b538-b30aa7ee99bc\", \"id\": \"bird\", \"name\": \"bird\", \"_href\": \"/pulp/api/v2/content/units/package_group/ef3c29b6-3e84-4cf2-b538-b30aa7ee99bc/\", \"children\": {}}, {\"_storage_path\": null, \"mandatory_package_names\": [\"elephant,giraffe,cheetah,lion,monkey,penguin,squirrel,walrus\", \"penguin\"], \"repo_id\": \"integration_test_id\", \"description\": \"\", \"user_visible\": true, \"default\": true, \"display_order\": 1024, \"optional_package_names\": [], \"translated_name\": {}, \"translated_description\": {}, \"conditional_package_names\": [], \"default_package_names\": [], \"_content_type_id\": \"package_group\", \"langonly\": null, \"_id\": \"7817b060-7580-4012-bff2-b6257c295fdd\", \"id\": \"mammal\", \"name\": \"mammal\", \"_href\": \"/pulp/api/v2/content/units/package_group/7817b060-7580-4012-bff2-b6257c295fdd/\", \"children\": {}}]"
    http_version: 
  recorded_at: Wed, 28 Nov 2012 20:34:40 GMT
- request: 
    method: post
    uri: https://admin:admin@localhost/pulp/api/v2/content/units/package_group/search/
    body: 
      string: "{\"criteria\":{\"filters\":{\"id\":{\"$in\":[\"f\"]}}}}"
    headers: 
      Content-Length: 
      - "45"
      Content-Type: 
      - application/json
      Accept: 
      - application/json
      Accept-Encoding: 
      - gzip, deflate
  response: 
    status: 
      code: 200
      message: OK
    headers: 
      Content-Length: 
      - "2"
      Content-Type: 
      - application/json
      Server: 
      - Apache/2.2.22 (Fedora)
      Date: 
      - Wed, 28 Nov 2012 20:34:40 GMT
    body: 
      string: "[]"
    http_version: 
  recorded_at: Wed, 28 Nov 2012 20:34:40 GMT
