--- 
http_interactions: 
- request: 
    method: post
    uri: https://admin:admin@localhost/pulp/api/v2/content/units/package_category/search/
    body: 
      string: "{\"criteria\":{}}"
    headers: 
      Content-Length: 
      - "15"
      Accept: 
      - application/json
      Accept-Encoding: 
      - gzip, deflate
      Content-Type: 
      - application/json
  response: 
    status: 
      code: 200
      message: OK
    headers: 
      Connection: 
      - close
      Content-Length: 
      - "1249"
      Server: 
      - Apache/2.2.22 (Fedora)
      Date: 
      - Wed, 09 Jan 2013 15:36:34 GMT
      Content-Type: 
      - application/json
    body: 
      string: "[{\"_storage_path\": null, \"repo_id\": \"1\", \"description\": null, \"display_order\": 99, \"translated_name\": {}, \"packagegroupids\": [\"mammal\", \"bird\"], \"translated_description\": {}, \"_content_type_id\": \"package_category\", \"_id\": \"e0b100af-e670-4e70-a992-82651868c18c\", \"id\": \"all\", \"name\": \"all\", \"_href\": \"/pulp/api/v2/content/units/package_category/e0b100af-e670-4e70-a992-82651868c18c/\", \"children\": {}}, {\"_storage_path\": null, \"repo_id\": \"ACME_Corporation-Fake_Repos-zoo5\", \"name\": \"all\", \"display_order\": 99, \"translated_name\": {}, \"packagegroupids\": [\"mammal\", \"bird\"], \"translated_description\": {}, \"_content_type_id\": \"package_category\", \"_id\": \"a614b96a-66f6-4630-a654-46adda00c2bd\", \"id\": \"all\", \"description\": null, \"_href\": \"/pulp/api/v2/content/units/package_category/a614b96a-66f6-4630-a654-46adda00c2bd/\", \"children\": {}}, {\"_storage_path\": null, \"repo_id\": \"integration_test_id\", \"description\": null, \"display_order\": 99, \"translated_name\": {}, \"packagegroupids\": [\"mammal\", \"bird\"], \"translated_description\": {}, \"_content_type_id\": \"package_category\", \"_id\": \"f8b9d840-d042-4dd1-96ea-227d77318812\", \"id\": \"all\", \"name\": \"all\", \"_href\": \"/pulp/api/v2/content/units/package_category/f8b9d840-d042-4dd1-96ea-227d77318812/\", \"children\": {}}]"
    http_version: 
  recorded_at: Wed, 09 Jan 2013 15:36:35 GMT
- request: 
    method: post
    uri: https://admin:admin@localhost/pulp/api/v2/content/units/package_category/search/
    body: 
      string: "{\"criteria\":{}}"
    headers: 
      Content-Length: 
      - "15"
      Accept: 
      - application/json
      Accept-Encoding: 
      - gzip, deflate
      Content-Type: 
      - application/json
  response: 
    status: 
      code: 200
      message: OK
    headers: 
      Connection: 
      - close
      Content-Length: 
      - "1249"
      Server: 
      - Apache/2.2.22 (Fedora)
      Date: 
      - Wed, 09 Jan 2013 15:36:35 GMT
      Content-Type: 
      - application/json
    body: 
      string: "[{\"_storage_path\": null, \"repo_id\": \"1\", \"description\": null, \"display_order\": 99, \"translated_name\": {}, \"packagegroupids\": [\"mammal\", \"bird\"], \"translated_description\": {}, \"_content_type_id\": \"package_category\", \"_id\": \"e0b100af-e670-4e70-a992-82651868c18c\", \"id\": \"all\", \"name\": \"all\", \"_href\": \"/pulp/api/v2/content/units/package_category/e0b100af-e670-4e70-a992-82651868c18c/\", \"children\": {}}, {\"_storage_path\": null, \"repo_id\": \"ACME_Corporation-Fake_Repos-zoo5\", \"name\": \"all\", \"display_order\": 99, \"translated_name\": {}, \"packagegroupids\": [\"mammal\", \"bird\"], \"translated_description\": {}, \"_content_type_id\": \"package_category\", \"_id\": \"a614b96a-66f6-4630-a654-46adda00c2bd\", \"id\": \"all\", \"description\": null, \"_href\": \"/pulp/api/v2/content/units/package_category/a614b96a-66f6-4630-a654-46adda00c2bd/\", \"children\": {}}, {\"_storage_path\": null, \"repo_id\": \"integration_test_id\", \"description\": null, \"display_order\": 99, \"translated_name\": {}, \"packagegroupids\": [\"mammal\", \"bird\"], \"translated_description\": {}, \"_content_type_id\": \"package_category\", \"_id\": \"f8b9d840-d042-4dd1-96ea-227d77318812\", \"id\": \"all\", \"name\": \"all\", \"_href\": \"/pulp/api/v2/content/units/package_category/f8b9d840-d042-4dd1-96ea-227d77318812/\", \"children\": {}}]"
    http_version: 
  recorded_at: Wed, 09 Jan 2013 15:36:35 GMT
- request: 
    method: post
    uri: https://admin:admin@localhost/pulp/api/v2/content/units/package_category/search/
    body: 
      string: "{\"criteria\":{\"filters\":{\"id\":{\"$in\":[\"all\",\"all\",\"all\"]}}}}"
    headers: 
      Content-Length: 
      - "59"
      Accept: 
      - application/json
      Accept-Encoding: 
      - gzip, deflate
      Content-Type: 
      - application/json
  response: 
    status: 
      code: 200
      message: OK
    headers: 
      Connection: 
      - close
      Content-Length: 
      - "1249"
      Server: 
      - Apache/2.2.22 (Fedora)
      Date: 
      - Wed, 09 Jan 2013 15:36:35 GMT
      Content-Type: 
      - application/json
    body: 
      string: "[{\"_storage_path\": null, \"repo_id\": \"1\", \"description\": null, \"display_order\": 99, \"translated_name\": {}, \"packagegroupids\": [\"mammal\", \"bird\"], \"translated_description\": {}, \"_content_type_id\": \"package_category\", \"_id\": \"e0b100af-e670-4e70-a992-82651868c18c\", \"id\": \"all\", \"name\": \"all\", \"_href\": \"/pulp/api/v2/content/units/package_category/e0b100af-e670-4e70-a992-82651868c18c/\", \"children\": {}}, {\"_storage_path\": null, \"repo_id\": \"ACME_Corporation-Fake_Repos-zoo5\", \"name\": \"all\", \"display_order\": 99, \"translated_name\": {}, \"packagegroupids\": [\"mammal\", \"bird\"], \"translated_description\": {}, \"_content_type_id\": \"package_category\", \"_id\": \"a614b96a-66f6-4630-a654-46adda00c2bd\", \"id\": \"all\", \"description\": null, \"_href\": \"/pulp/api/v2/content/units/package_category/a614b96a-66f6-4630-a654-46adda00c2bd/\", \"children\": {}}, {\"_storage_path\": null, \"repo_id\": \"integration_test_id\", \"description\": null, \"display_order\": 99, \"translated_name\": {}, \"packagegroupids\": [\"mammal\", \"bird\"], \"translated_description\": {}, \"_content_type_id\": \"package_category\", \"_id\": \"f8b9d840-d042-4dd1-96ea-227d77318812\", \"id\": \"all\", \"name\": \"all\", \"_href\": \"/pulp/api/v2/content/units/package_category/f8b9d840-d042-4dd1-96ea-227d77318812/\", \"children\": {}}]"
    http_version: 
  recorded_at: Wed, 09 Jan 2013 15:36:35 GMT
- request: 
    method: post
    uri: https://admin:admin@localhost/pulp/api/v2/content/units/package_category/search/
    body: 
      string: "{\"criteria\":{\"filters\":{\"id\":{\"$in\":[\"f\"]}}}}"
    headers: 
      Content-Length: 
      - "45"
      Accept: 
      - application/json
      Accept-Encoding: 
      - gzip, deflate
      Content-Type: 
      - application/json
  response: 
    status: 
      code: 200
      message: OK
    headers: 
      Connection: 
      - close
      Content-Length: 
      - "2"
      Server: 
      - Apache/2.2.22 (Fedora)
      Date: 
      - Wed, 09 Jan 2013 15:36:35 GMT
      Content-Type: 
      - application/json
    body: 
      string: "[]"
    http_version: 
  recorded_at: Wed, 09 Jan 2013 15:36:35 GMT
- request: 
    method: post
    uri: https://admin:admin@localhost/pulp/api/v2/content/units/package_category/search/
    body: 
      string: "{\"criteria\":{}}"
    headers: 
      Content-Length: 
      - "15"
      Accept: 
      - application/json
      Accept-Encoding: 
      - gzip, deflate
      Content-Type: 
      - application/json
  response: 
    status: 
      code: 200
      message: OK
    headers: 
      Connection: 
      - close
      Content-Length: 
      - "1249"
      Server: 
      - Apache/2.2.22 (Fedora)
      Date: 
      - Wed, 09 Jan 2013 15:36:35 GMT
      Content-Type: 
      - application/json
    body: 
      string: "[{\"_storage_path\": null, \"repo_id\": \"1\", \"description\": null, \"display_order\": 99, \"translated_name\": {}, \"packagegroupids\": [\"mammal\", \"bird\"], \"translated_description\": {}, \"_content_type_id\": \"package_category\", \"_id\": \"e0b100af-e670-4e70-a992-82651868c18c\", \"id\": \"all\", \"name\": \"all\", \"_href\": \"/pulp/api/v2/content/units/package_category/e0b100af-e670-4e70-a992-82651868c18c/\", \"children\": {}}, {\"_storage_path\": null, \"repo_id\": \"ACME_Corporation-Fake_Repos-zoo5\", \"name\": \"all\", \"display_order\": 99, \"translated_name\": {}, \"packagegroupids\": [\"mammal\", \"bird\"], \"translated_description\": {}, \"_content_type_id\": \"package_category\", \"_id\": \"a614b96a-66f6-4630-a654-46adda00c2bd\", \"id\": \"all\", \"description\": null, \"_href\": \"/pulp/api/v2/content/units/package_category/a614b96a-66f6-4630-a654-46adda00c2bd/\", \"children\": {}}, {\"_storage_path\": null, \"repo_id\": \"integration_test_id\", \"description\": null, \"display_order\": 99, \"translated_name\": {}, \"packagegroupids\": [\"mammal\", \"bird\"], \"translated_description\": {}, \"_content_type_id\": \"package_category\", \"_id\": \"f8b9d840-d042-4dd1-96ea-227d77318812\", \"id\": \"all\", \"name\": \"all\", \"_href\": \"/pulp/api/v2/content/units/package_category/f8b9d840-d042-4dd1-96ea-227d77318812/\", \"children\": {}}]"
    http_version: 
  recorded_at: Wed, 09 Jan 2013 15:36:35 GMT
- request: 
    method: post
    uri: https://admin:admin@localhost/pulp/api/v2/content/units/package_category/search/
    body: 
      string: "{\"criteria\":{\"filters\":{\"id\":{\"$in\":[\"all\"]}}}}"
    headers: 
      Content-Length: 
      - "47"
      Accept: 
      - application/json
      Accept-Encoding: 
      - gzip, deflate
      Content-Type: 
      - application/json
  response: 
    status: 
      code: 200
      message: OK
    headers: 
      Connection: 
      - close
      Content-Length: 
      - "1249"
      Server: 
      - Apache/2.2.22 (Fedora)
      Date: 
      - Wed, 09 Jan 2013 15:36:35 GMT
      Content-Type: 
      - application/json
    body: 
      string: "[{\"_storage_path\": null, \"repo_id\": \"1\", \"description\": null, \"display_order\": 99, \"translated_name\": {}, \"packagegroupids\": [\"mammal\", \"bird\"], \"translated_description\": {}, \"_content_type_id\": \"package_category\", \"_id\": \"e0b100af-e670-4e70-a992-82651868c18c\", \"id\": \"all\", \"name\": \"all\", \"_href\": \"/pulp/api/v2/content/units/package_category/e0b100af-e670-4e70-a992-82651868c18c/\", \"children\": {}}, {\"_storage_path\": null, \"repo_id\": \"ACME_Corporation-Fake_Repos-zoo5\", \"name\": \"all\", \"display_order\": 99, \"translated_name\": {}, \"packagegroupids\": [\"mammal\", \"bird\"], \"translated_description\": {}, \"_content_type_id\": \"package_category\", \"_id\": \"a614b96a-66f6-4630-a654-46adda00c2bd\", \"id\": \"all\", \"description\": null, \"_href\": \"/pulp/api/v2/content/units/package_category/a614b96a-66f6-4630-a654-46adda00c2bd/\", \"children\": {}}, {\"_storage_path\": null, \"repo_id\": \"integration_test_id\", \"description\": null, \"display_order\": 99, \"translated_name\": {}, \"packagegroupids\": [\"mammal\", \"bird\"], \"translated_description\": {}, \"_content_type_id\": \"package_category\", \"_id\": \"f8b9d840-d042-4dd1-96ea-227d77318812\", \"id\": \"all\", \"name\": \"all\", \"_href\": \"/pulp/api/v2/content/units/package_category/f8b9d840-d042-4dd1-96ea-227d77318812/\", \"children\": {}}]"
    http_version: 
  recorded_at: Wed, 09 Jan 2013 15:36:35 GMT
- request: 
    method: post
    uri: https://admin:admin@localhost/pulp/api/v2/content/units/package_category/search/
    body: 
      string: "{\"criteria\":{}}"
    headers: 
      Content-Length: 
      - "15"
      Accept: 
      - application/json
      Accept-Encoding: 
      - gzip, deflate
      Content-Type: 
      - application/json
  response: 
    status: 
      code: 200
      message: OK
    headers: 
      Connection: 
      - close
      Content-Length: 
      - "1249"
      Server: 
      - Apache/2.2.22 (Fedora)
      Date: 
      - Wed, 09 Jan 2013 15:36:35 GMT
      Content-Type: 
      - application/json
    body: 
      string: "[{\"_storage_path\": null, \"repo_id\": \"1\", \"description\": null, \"display_order\": 99, \"translated_name\": {}, \"packagegroupids\": [\"mammal\", \"bird\"], \"translated_description\": {}, \"_content_type_id\": \"package_category\", \"_id\": \"e0b100af-e670-4e70-a992-82651868c18c\", \"id\": \"all\", \"name\": \"all\", \"_href\": \"/pulp/api/v2/content/units/package_category/e0b100af-e670-4e70-a992-82651868c18c/\", \"children\": {}}, {\"_storage_path\": null, \"repo_id\": \"ACME_Corporation-Fake_Repos-zoo5\", \"name\": \"all\", \"display_order\": 99, \"translated_name\": {}, \"packagegroupids\": [\"mammal\", \"bird\"], \"translated_description\": {}, \"_content_type_id\": \"package_category\", \"_id\": \"a614b96a-66f6-4630-a654-46adda00c2bd\", \"id\": \"all\", \"description\": null, \"_href\": \"/pulp/api/v2/content/units/package_category/a614b96a-66f6-4630-a654-46adda00c2bd/\", \"children\": {}}, {\"_storage_path\": null, \"repo_id\": \"integration_test_id\", \"description\": null, \"display_order\": 99, \"translated_name\": {}, \"packagegroupids\": [\"mammal\", \"bird\"], \"translated_description\": {}, \"_content_type_id\": \"package_category\", \"_id\": \"f8b9d840-d042-4dd1-96ea-227d77318812\", \"id\": \"all\", \"name\": \"all\", \"_href\": \"/pulp/api/v2/content/units/package_category/f8b9d840-d042-4dd1-96ea-227d77318812/\", \"children\": {}}]"
    http_version: 
  recorded_at: Wed, 09 Jan 2013 15:36:35 GMT
- request: 
    method: post
    uri: https://admin:admin@localhost/pulp/api/v2/content/units/package_category/search/
    body: 
      string: "{\"criteria\":{\"filters\":{\"_id\":{\"$in\":[\"e0b100af-e670-4e70-a992-82651868c18c\"]}}}}"
    headers: 
      Content-Length: 
      - "81"
      Accept: 
      - application/json
      Accept-Encoding: 
      - gzip, deflate
      Content-Type: 
      - application/json
  response: 
    status: 
      code: 200
      message: OK
    headers: 
      Connection: 
      - close
      Content-Length: 
      - "400"
      Server: 
      - Apache/2.2.22 (Fedora)
      Date: 
      - Wed, 09 Jan 2013 15:36:35 GMT
      Content-Type: 
      - application/json
    body: 
      string: "[{\"_storage_path\": null, \"repo_id\": \"1\", \"description\": null, \"display_order\": 99, \"translated_name\": {}, \"packagegroupids\": [\"mammal\", \"bird\"], \"translated_description\": {}, \"_content_type_id\": \"package_category\", \"_id\": \"e0b100af-e670-4e70-a992-82651868c18c\", \"id\": \"all\", \"name\": \"all\", \"_href\": \"/pulp/api/v2/content/units/package_category/e0b100af-e670-4e70-a992-82651868c18c/\", \"children\": {}}]"
    http_version: 
  recorded_at: Wed, 09 Jan 2013 15:36:36 GMT
- request: 
    method: post
    uri: https://admin:admin@localhost/pulp/api/v2/content/units/package_category/search/
    body: 
      string: "{\"criteria\":{}}"
    headers: 
      Content-Length: 
      - "15"
      Accept: 
      - application/json
      Accept-Encoding: 
      - gzip, deflate
      Content-Type: 
      - application/json
  response: 
    status: 
      code: 200
      message: OK
    headers: 
      Connection: 
      - close
      Content-Length: 
      - "1249"
      Server: 
      - Apache/2.2.22 (Fedora)
      Date: 
      - Wed, 09 Jan 2013 15:36:36 GMT
      Content-Type: 
      - application/json
    body: 
      string: "[{\"_storage_path\": null, \"repo_id\": \"1\", \"description\": null, \"display_order\": 99, \"translated_name\": {}, \"packagegroupids\": [\"mammal\", \"bird\"], \"translated_description\": {}, \"_content_type_id\": \"package_category\", \"_id\": \"e0b100af-e670-4e70-a992-82651868c18c\", \"id\": \"all\", \"name\": \"all\", \"_href\": \"/pulp/api/v2/content/units/package_category/e0b100af-e670-4e70-a992-82651868c18c/\", \"children\": {}}, {\"_storage_path\": null, \"repo_id\": \"ACME_Corporation-Fake_Repos-zoo5\", \"name\": \"all\", \"display_order\": 99, \"translated_name\": {}, \"packagegroupids\": [\"mammal\", \"bird\"], \"translated_description\": {}, \"_content_type_id\": \"package_category\", \"_id\": \"a614b96a-66f6-4630-a654-46adda00c2bd\", \"id\": \"all\", \"description\": null, \"_href\": \"/pulp/api/v2/content/units/package_category/a614b96a-66f6-4630-a654-46adda00c2bd/\", \"children\": {}}, {\"_storage_path\": null, \"repo_id\": \"integration_test_id\", \"description\": null, \"display_order\": 99, \"translated_name\": {}, \"packagegroupids\": [\"mammal\", \"bird\"], \"translated_description\": {}, \"_content_type_id\": \"package_category\", \"_id\": \"f8b9d840-d042-4dd1-96ea-227d77318812\", \"id\": \"all\", \"name\": \"all\", \"_href\": \"/pulp/api/v2/content/units/package_category/f8b9d840-d042-4dd1-96ea-227d77318812/\", \"children\": {}}]"
    http_version: 
  recorded_at: Wed, 09 Jan 2013 15:36:36 GMT
- request: 
    method: post
    uri: https://admin:admin@localhost/pulp/api/v2/content/units/package_category/search/
    body: 
      string: "{\"criteria\":{\"filters\":{\"_id\":{\"$in\":[\"e0b100af-e670-4e70-a992-82651868c18c\"]}}}}"
    headers: 
      Content-Length: 
      - "81"
      Accept: 
      - application/json
      Accept-Encoding: 
      - gzip, deflate
      Content-Type: 
      - application/json
  response: 
    status: 
      code: 200
      message: OK
    headers: 
      Connection: 
      - close
      Content-Length: 
      - "400"
      Server: 
      - Apache/2.2.22 (Fedora)
      Date: 
      - Wed, 09 Jan 2013 15:36:36 GMT
      Content-Type: 
      - application/json
    body: 
      string: "[{\"_storage_path\": null, \"repo_id\": \"1\", \"description\": null, \"display_order\": 99, \"translated_name\": {}, \"packagegroupids\": [\"mammal\", \"bird\"], \"translated_description\": {}, \"_content_type_id\": \"package_category\", \"_id\": \"e0b100af-e670-4e70-a992-82651868c18c\", \"id\": \"all\", \"name\": \"all\", \"_href\": \"/pulp/api/v2/content/units/package_category/e0b100af-e670-4e70-a992-82651868c18c/\", \"children\": {}}]"
    http_version: 
  recorded_at: Wed, 09 Jan 2013 15:36:36 GMT
recorded_with: VCR 2.3.0
