---
http_interactions:
- request:
    method: post
    uri: https://admin:admin@kafka.usersys.redhat.com/pulp/api/v2/repositories/
    body:
      encoding: UTF-8
      string: '{"id":"integration_test_id_clone","importer_type_id":"yum_importer","importer_config":{}}'
    headers:
      Accept:
      - application/json
      Accept-Encoding:
      - gzip, deflate
      Content-Type:
      - application/json
      Content-Length:
      - '89'
      User-Agent:
      - Ruby
  response:
    status:
      code: 201
      message: Created
    headers:
      Date:
      - Tue, 30 Jul 2013 18:33:19 GMT
      Server:
      - Apache/2.4.4 (Fedora) OpenSSL/1.0.1e-fips mod_wsgi/3.4 Python/2.7.3
      Location:
      - integration_test_id_clone
      Content-Length:
      - '285'
      Content-Type:
      - application/json
    body:
      encoding: UTF-8
      string: '{"scratchpad": {}, "display_name": "integration_test_id_clone", "description":
        null, "_ns": "repos", "notes": {}, "content_unit_counts": {}, "_id": {"$oid":
        "51f806ef196cbe402b598382"}, "id": "integration_test_id_clone", "_href": "/pulp/api/v2/repositories/integration_test_id_clone/"}'
    http_version: 
  recorded_at: Tue, 30 Jul 2013 18:33:19 GMT
- request:
    method: post
    uri: https://admin:admin@kafka.usersys.redhat.com/pulp/api/v2/repositories/integration_test_id_clone/actions/associate/
    body:
      encoding: UTF-8
      string: '{"source_repo_id":"integration_test_id"}'
    headers:
      Accept:
      - application/json
      Accept-Encoding:
      - gzip, deflate
      Content-Type:
      - application/json
      Content-Length:
      - '40'
      User-Agent:
      - Ruby
  response:
    status:
      code: 202
      message: Accepted
    headers:
      Date:
      - Tue, 30 Jul 2013 18:33:19 GMT
      Server:
      - Apache/2.4.4 (Fedora) OpenSSL/1.0.1e-fips mod_wsgi/3.4 Python/2.7.3
      Content-Encoding:
      - utf-8
      Content-Length:
      - '730'
      Content-Type:
      - application/json
    body:
      encoding: UTF-8
      string: '{"task_group_id": null, "exception": null, "traceback": null, "_href":
        "/pulp/api/v2/tasks/03caba9e-6af5-40fc-b3e9-1ac55bb93e8a/", "task_id": "03caba9e-6af5-40fc-b3e9-1ac55bb93e8a",
        "call_request_tags": ["pulp:repository:integration_test_id_clone", "pulp:repository:integration_test_id",
        "pulp:action:associate"], "reasons": [], "start_time": null, "tags": ["pulp:repository:integration_test_id_clone",
        "pulp:repository:integration_test_id", "pulp:action:associate"], "state":
        "waiting", "finish_time": null, "dependency_failures": {}, "schedule_id":
        null, "progress": {}, "call_request_group_id": null, "call_request_id": "03caba9e-6af5-40fc-b3e9-1ac55bb93e8a",
        "principal_login": "admin", "response": "accepted", "result": null}'
    http_version: 
  recorded_at: Tue, 30 Jul 2013 18:33:19 GMT
- request:
    method: post
    uri: https://admin:admin@kafka.usersys.redhat.com/pulp/api/v2/repositories/integration_test_id_clone/search/units/
    body:
      encoding: UTF-8
      string: '{"criteria":{"type_ids":["package_group"]}}'
    headers:
      Accept:
      - application/json
      Accept-Encoding:
      - gzip, deflate
      Content-Type:
      - application/json
      Content-Length:
      - '43'
      User-Agent:
      - Ruby
  response:
    status:
      code: 200
      message: OK
    headers:
      Date:
      - Tue, 30 Jul 2013 18:33:20 GMT
      Server:
      - Apache/2.4.4 (Fedora) OpenSSL/1.0.1e-fips mod_wsgi/3.4 Python/2.7.3
      Content-Length:
      - '1776'
      Content-Type:
      - application/json
    body:
      encoding: UTF-8
      string: '[{"updated": "2013-07-30T22:33:20Z", "repo_id": "integration_test_id_clone",
        "created": "2013-07-30T22:33:20Z", "_ns": "repo_content_units", "unit_id":
        "93730587-41e8-46c6-914f-d89847ab5ed0", "unit_type_id": "package_group", "owner_type":
        "user", "_id": {"$oid": "51f806f0196cbe402b598395"}, "id": "51f806f0196cbe402b598395",
        "owner_id": "admin", "metadata": {"_storage_path": null, "mandatory_package_names":
        ["penguin"], "repo_id": "integration_test_id_clone", "description": null,
        "user_visible": true, "default": true, "_ns": "units_package_group", "display_order":
        1024, "optional_package_names": [], "translated_name": {}, "translated_description":
        {}, "conditional_package_names": [], "default_package_names": [], "_content_type_id":
        "package_group", "langonly": null, "_id": "93730587-41e8-46c6-914f-d89847ab5ed0",
        "id": "bird", "name": "bird"}}, {"updated": "2013-07-30T22:33:20Z", "repo_id":
        "integration_test_id_clone", "created": "2013-07-30T22:33:20Z", "_ns": "repo_content_units",
        "unit_id": "09efdbab-113d-4840-8f92-6e975b056bd5", "unit_type_id": "package_group",
        "owner_type": "user", "_id": {"$oid": "51f806f0196cbe402b598394"}, "id": "51f806f0196cbe402b598394",
        "owner_id": "admin", "metadata": {"_storage_path": null, "mandatory_package_names":
        ["elephant,giraffe,cheetah,lion,monkey,penguin,squirrel,walrus", "penguin"],
        "repo_id": "integration_test_id_clone", "description": null, "user_visible":
        true, "default": true, "_ns": "units_package_group", "display_order": 1024,
        "optional_package_names": [], "translated_name": {}, "translated_description":
        {}, "conditional_package_names": [], "default_package_names": [], "_content_type_id":
        "package_group", "langonly": null, "_id": "09efdbab-113d-4840-8f92-6e975b056bd5",
        "id": "mammal", "name": "mammal"}}]'
    http_version: 
  recorded_at: Tue, 30 Jul 2013 18:33:21 GMT
- request:
    method: post
    uri: https://admin:admin@kafka.usersys.redhat.com/pulp/api/v2/repositories/integration_test_id_clone/search/units/
    body:
      encoding: UTF-8
      string: '{"criteria":{"type_ids":["package_group"]}}'
    headers:
      Accept:
      - application/json
      Accept-Encoding:
      - gzip, deflate
      Content-Type:
      - application/json
      Content-Length:
      - '43'
      User-Agent:
      - Ruby
  response:
    status:
      code: 200
      message: OK
    headers:
      Date:
      - Tue, 30 Jul 2013 18:33:21 GMT
      Server:
      - Apache/2.4.4 (Fedora) OpenSSL/1.0.1e-fips mod_wsgi/3.4 Python/2.7.3
      Content-Length:
      - '1776'
      Content-Type:
      - application/json
    body:
      encoding: UTF-8
      string: '[{"updated": "2013-07-30T22:33:20Z", "repo_id": "integration_test_id_clone",
        "created": "2013-07-30T22:33:20Z", "_ns": "repo_content_units", "unit_id":
        "93730587-41e8-46c6-914f-d89847ab5ed0", "unit_type_id": "package_group", "owner_type":
        "user", "_id": {"$oid": "51f806f0196cbe402b598395"}, "id": "51f806f0196cbe402b598395",
        "owner_id": "admin", "metadata": {"_storage_path": null, "mandatory_package_names":
        ["penguin"], "repo_id": "integration_test_id_clone", "description": null,
        "user_visible": true, "default": true, "_ns": "units_package_group", "display_order":
        1024, "optional_package_names": [], "translated_name": {}, "translated_description":
        {}, "conditional_package_names": [], "default_package_names": [], "_content_type_id":
        "package_group", "langonly": null, "_id": "93730587-41e8-46c6-914f-d89847ab5ed0",
        "id": "bird", "name": "bird"}}, {"updated": "2013-07-30T22:33:20Z", "repo_id":
        "integration_test_id_clone", "created": "2013-07-30T22:33:20Z", "_ns": "repo_content_units",
        "unit_id": "09efdbab-113d-4840-8f92-6e975b056bd5", "unit_type_id": "package_group",
        "owner_type": "user", "_id": {"$oid": "51f806f0196cbe402b598394"}, "id": "51f806f0196cbe402b598394",
        "owner_id": "admin", "metadata": {"_storage_path": null, "mandatory_package_names":
        ["elephant,giraffe,cheetah,lion,monkey,penguin,squirrel,walrus", "penguin"],
        "repo_id": "integration_test_id_clone", "description": null, "user_visible":
        true, "default": true, "_ns": "units_package_group", "display_order": 1024,
        "optional_package_names": [], "translated_name": {}, "translated_description":
        {}, "conditional_package_names": [], "default_package_names": [], "_content_type_id":
        "package_group", "langonly": null, "_id": "09efdbab-113d-4840-8f92-6e975b056bd5",
        "id": "mammal", "name": "mammal"}}]'
    http_version: 
  recorded_at: Tue, 30 Jul 2013 18:33:21 GMT
- request:
    method: post
    uri: https://admin:admin@kafka.usersys.redhat.com/pulp/api/v2/repositories/integration_test_id_clone/actions/associate/
    body:
      encoding: UTF-8
      string: '{"source_repo_id":"integration_test_id"}'
    headers:
      Accept:
      - application/json
      Accept-Encoding:
      - gzip, deflate
      Content-Type:
      - application/json
      Content-Length:
      - '40'
      User-Agent:
      - Ruby
  response:
    status:
      code: 202
      message: Accepted
    headers:
      Date:
      - Tue, 30 Jul 2013 18:33:21 GMT
      Server:
      - Apache/2.4.4 (Fedora) OpenSSL/1.0.1e-fips mod_wsgi/3.4 Python/2.7.3
      Content-Encoding:
      - utf-8
      Content-Length:
      - '730'
      Content-Type:
      - application/json
    body:
      encoding: UTF-8
      string: '{"task_group_id": null, "exception": null, "traceback": null, "_href":
        "/pulp/api/v2/tasks/b5a20f1c-dbc4-460e-af86-7d6a1c664d62/", "task_id": "b5a20f1c-dbc4-460e-af86-7d6a1c664d62",
        "call_request_tags": ["pulp:repository:integration_test_id_clone", "pulp:repository:integration_test_id",
        "pulp:action:associate"], "reasons": [], "start_time": null, "tags": ["pulp:repository:integration_test_id_clone",
        "pulp:repository:integration_test_id", "pulp:action:associate"], "state":
        "waiting", "finish_time": null, "dependency_failures": {}, "schedule_id":
        null, "progress": {}, "call_request_group_id": null, "call_request_id": "b5a20f1c-dbc4-460e-af86-7d6a1c664d62",
        "principal_login": "admin", "response": "accepted", "result": null}'
    http_version: 
  recorded_at: Tue, 30 Jul 2013 18:33:21 GMT
- request:
    method: post
    uri: https://admin:admin@kafka.usersys.redhat.com/pulp/api/v2/repositories/integration_test_id_clone/search/units/
    body:
      encoding: UTF-8
      string: '{"criteria":{"type_ids":["package_group"]}}'
    headers:
      Accept:
      - application/json
      Accept-Encoding:
      - gzip, deflate
      Content-Type:
      - application/json
      Content-Length:
      - '43'
      User-Agent:
      - Ruby
  response:
    status:
      code: 200
      message: OK
    headers:
      Date:
      - Tue, 30 Jul 2013 18:33:22 GMT
      Server:
      - Apache/2.4.4 (Fedora) OpenSSL/1.0.1e-fips mod_wsgi/3.4 Python/2.7.3
      Content-Length:
      - '1776'
      Content-Type:
      - application/json
    body:
      encoding: UTF-8
      string: '[{"updated": "2013-07-30T22:33:20Z", "repo_id": "integration_test_id_clone",
        "created": "2013-07-30T22:33:20Z", "_ns": "repo_content_units", "unit_id":
        "93730587-41e8-46c6-914f-d89847ab5ed0", "unit_type_id": "package_group", "owner_type":
        "user", "_id": {"$oid": "51f806f0196cbe402b598395"}, "id": "51f806f0196cbe402b598395",
        "owner_id": "admin", "metadata": {"_storage_path": null, "mandatory_package_names":
        ["penguin"], "repo_id": "integration_test_id_clone", "description": null,
        "user_visible": true, "default": true, "_ns": "units_package_group", "display_order":
        1024, "optional_package_names": [], "translated_name": {}, "translated_description":
        {}, "conditional_package_names": [], "default_package_names": [], "_content_type_id":
        "package_group", "langonly": null, "_id": "93730587-41e8-46c6-914f-d89847ab5ed0",
        "id": "bird", "name": "bird"}}, {"updated": "2013-07-30T22:33:20Z", "repo_id":
        "integration_test_id_clone", "created": "2013-07-30T22:33:20Z", "_ns": "repo_content_units",
        "unit_id": "09efdbab-113d-4840-8f92-6e975b056bd5", "unit_type_id": "package_group",
        "owner_type": "user", "_id": {"$oid": "51f806f0196cbe402b598394"}, "id": "51f806f0196cbe402b598394",
        "owner_id": "admin", "metadata": {"_storage_path": null, "mandatory_package_names":
        ["elephant,giraffe,cheetah,lion,monkey,penguin,squirrel,walrus", "penguin"],
        "repo_id": "integration_test_id_clone", "description": null, "user_visible":
        true, "default": true, "_ns": "units_package_group", "display_order": 1024,
        "optional_package_names": [], "translated_name": {}, "translated_description":
        {}, "conditional_package_names": [], "default_package_names": [], "_content_type_id":
        "package_group", "langonly": null, "_id": "09efdbab-113d-4840-8f92-6e975b056bd5",
        "id": "mammal", "name": "mammal"}}]'
    http_version: 
  recorded_at: Tue, 30 Jul 2013 18:33:22 GMT
- request:
    method: post
    uri: https://admin:admin@kafka.usersys.redhat.com/pulp/api/v2/repositories/integration_test_id_clone/search/units/
    body:
      encoding: UTF-8
      string: '{"criteria":{"type_ids":["package_group"]}}'
    headers:
      Accept:
      - application/json
      Accept-Encoding:
      - gzip, deflate
      Content-Type:
      - application/json
      Content-Length:
      - '43'
      User-Agent:
      - Ruby
  response:
    status:
      code: 200
      message: OK
    headers:
      Date:
      - Tue, 30 Jul 2013 18:33:22 GMT
      Server:
      - Apache/2.4.4 (Fedora) OpenSSL/1.0.1e-fips mod_wsgi/3.4 Python/2.7.3
      Content-Length:
      - '1776'
      Content-Type:
      - application/json
    body:
      encoding: UTF-8
      string: '[{"updated": "2013-07-30T22:33:20Z", "repo_id": "integration_test_id_clone",
        "created": "2013-07-30T22:33:20Z", "_ns": "repo_content_units", "unit_id":
        "93730587-41e8-46c6-914f-d89847ab5ed0", "unit_type_id": "package_group", "owner_type":
        "user", "_id": {"$oid": "51f806f0196cbe402b598395"}, "id": "51f806f0196cbe402b598395",
        "owner_id": "admin", "metadata": {"_storage_path": null, "mandatory_package_names":
        ["penguin"], "repo_id": "integration_test_id_clone", "description": null,
        "user_visible": true, "default": true, "_ns": "units_package_group", "display_order":
        1024, "optional_package_names": [], "translated_name": {}, "translated_description":
        {}, "conditional_package_names": [], "default_package_names": [], "_content_type_id":
        "package_group", "langonly": null, "_id": "93730587-41e8-46c6-914f-d89847ab5ed0",
        "id": "bird", "name": "bird"}}, {"updated": "2013-07-30T22:33:20Z", "repo_id":
        "integration_test_id_clone", "created": "2013-07-30T22:33:20Z", "_ns": "repo_content_units",
        "unit_id": "09efdbab-113d-4840-8f92-6e975b056bd5", "unit_type_id": "package_group",
        "owner_type": "user", "_id": {"$oid": "51f806f0196cbe402b598394"}, "id": "51f806f0196cbe402b598394",
        "owner_id": "admin", "metadata": {"_storage_path": null, "mandatory_package_names":
        ["elephant,giraffe,cheetah,lion,monkey,penguin,squirrel,walrus", "penguin"],
        "repo_id": "integration_test_id_clone", "description": null, "user_visible":
        true, "default": true, "_ns": "units_package_group", "display_order": 1024,
        "optional_package_names": [], "translated_name": {}, "translated_description":
        {}, "conditional_package_names": [], "default_package_names": [], "_content_type_id":
        "package_group", "langonly": null, "_id": "09efdbab-113d-4840-8f92-6e975b056bd5",
        "id": "mammal", "name": "mammal"}}]'
    http_version: 
  recorded_at: Tue, 30 Jul 2013 18:33:22 GMT
- request:
    method: post
    uri: https://admin:admin@kafka.usersys.redhat.com/pulp/api/v2/repositories/integration_test_id_clone/actions/associate/
    body:
      encoding: UTF-8
      string: '{"source_repo_id":"integration_test_id"}'
    headers:
      Accept:
      - application/json
      Accept-Encoding:
      - gzip, deflate
      Content-Type:
      - application/json
      Content-Length:
      - '40'
      User-Agent:
      - Ruby
  response:
    status:
      code: 202
      message: Accepted
    headers:
      Date:
      - Tue, 30 Jul 2013 18:33:24 GMT
      Server:
      - Apache/2.4.4 (Fedora) OpenSSL/1.0.1e-fips mod_wsgi/3.4 Python/2.7.3
      Content-Encoding:
      - utf-8
      Content-Length:
      - '730'
      Content-Type:
      - application/json
    body:
      encoding: UTF-8
      string: '{"task_group_id": null, "exception": null, "traceback": null, "_href":
        "/pulp/api/v2/tasks/c33faa05-f1bc-4aee-a955-7e4af1576198/", "task_id": "c33faa05-f1bc-4aee-a955-7e4af1576198",
        "call_request_tags": ["pulp:repository:integration_test_id_clone", "pulp:repository:integration_test_id",
        "pulp:action:associate"], "reasons": [], "start_time": null, "tags": ["pulp:repository:integration_test_id_clone",
        "pulp:repository:integration_test_id", "pulp:action:associate"], "state":
        "waiting", "finish_time": null, "dependency_failures": {}, "schedule_id":
        null, "progress": {}, "call_request_group_id": null, "call_request_id": "c33faa05-f1bc-4aee-a955-7e4af1576198",
        "principal_login": "admin", "response": "accepted", "result": null}'
    http_version: 
  recorded_at: Tue, 30 Jul 2013 18:33:24 GMT
- request:
    method: post
    uri: https://admin:admin@kafka.usersys.redhat.com/pulp/api/v2/repositories/integration_test_id_clone/search/units/
    body:
      encoding: UTF-8
      string: '{"criteria":{"type_ids":["package_group"]}}'
    headers:
      Accept:
      - application/json
      Accept-Encoding:
      - gzip, deflate
      Content-Type:
      - application/json
      Content-Length:
      - '43'
      User-Agent:
      - Ruby
  response:
    status:
      code: 200
      message: OK
    headers:
      Date:
      - Tue, 30 Jul 2013 18:33:25 GMT
      Server:
      - Apache/2.4.4 (Fedora) OpenSSL/1.0.1e-fips mod_wsgi/3.4 Python/2.7.3
      Content-Length:
      - '1776'
      Content-Type:
      - application/json
    body:
      encoding: UTF-8
      string: '[{"updated": "2013-07-30T22:33:24Z", "repo_id": "integration_test_id_clone",
        "created": "2013-07-30T22:33:24Z", "_ns": "repo_content_units", "unit_id":
        "93730587-41e8-46c6-914f-d89847ab5ed0", "unit_type_id": "package_group", "owner_type":
        "user", "_id": {"$oid": "51f806f4196cbe402b5983cd"}, "id": "51f806f4196cbe402b5983cd",
        "owner_id": "admin", "metadata": {"_storage_path": null, "mandatory_package_names":
        ["penguin"], "repo_id": "integration_test_id_clone", "description": null,
        "user_visible": true, "default": true, "_ns": "units_package_group", "display_order":
        1024, "optional_package_names": [], "translated_name": {}, "translated_description":
        {}, "conditional_package_names": [], "default_package_names": [], "_content_type_id":
        "package_group", "langonly": null, "_id": "93730587-41e8-46c6-914f-d89847ab5ed0",
        "id": "bird", "name": "bird"}}, {"updated": "2013-07-30T22:33:20Z", "repo_id":
        "integration_test_id_clone", "created": "2013-07-30T22:33:20Z", "_ns": "repo_content_units",
        "unit_id": "09efdbab-113d-4840-8f92-6e975b056bd5", "unit_type_id": "package_group",
        "owner_type": "user", "_id": {"$oid": "51f806f0196cbe402b598394"}, "id": "51f806f0196cbe402b598394",
        "owner_id": "admin", "metadata": {"_storage_path": null, "mandatory_package_names":
        ["elephant,giraffe,cheetah,lion,monkey,penguin,squirrel,walrus", "penguin"],
        "repo_id": "integration_test_id_clone", "description": null, "user_visible":
        true, "default": true, "_ns": "units_package_group", "display_order": 1024,
        "optional_package_names": [], "translated_name": {}, "translated_description":
        {}, "conditional_package_names": [], "default_package_names": [], "_content_type_id":
        "package_group", "langonly": null, "_id": "09efdbab-113d-4840-8f92-6e975b056bd5",
        "id": "mammal", "name": "mammal"}}]'
    http_version: 
  recorded_at: Tue, 30 Jul 2013 18:33:25 GMT
- request:
    method: post
    uri: https://admin:admin@kafka.usersys.redhat.com/pulp/api/v2/repositories/integration_test_id_clone/search/units/
    body:
      encoding: UTF-8
      string: '{"criteria":{"type_ids":["package_group"]}}'
    headers:
      Accept:
      - application/json
      Accept-Encoding:
      - gzip, deflate
      Content-Type:
      - application/json
      Content-Length:
      - '43'
      User-Agent:
      - Ruby
  response:
    status:
      code: 200
      message: OK
    headers:
      Date:
      - Tue, 30 Jul 2013 18:33:25 GMT
      Server:
      - Apache/2.4.4 (Fedora) OpenSSL/1.0.1e-fips mod_wsgi/3.4 Python/2.7.3
      Content-Length:
      - '1776'
      Content-Type:
      - application/json
    body:
      encoding: UTF-8
      string: '[{"updated": "2013-07-30T22:33:24Z", "repo_id": "integration_test_id_clone",
        "created": "2013-07-30T22:33:24Z", "_ns": "repo_content_units", "unit_id":
        "93730587-41e8-46c6-914f-d89847ab5ed0", "unit_type_id": "package_group", "owner_type":
        "user", "_id": {"$oid": "51f806f4196cbe402b5983cd"}, "id": "51f806f4196cbe402b5983cd",
        "owner_id": "admin", "metadata": {"_storage_path": null, "mandatory_package_names":
        ["penguin"], "repo_id": "integration_test_id_clone", "description": null,
        "user_visible": true, "default": true, "_ns": "units_package_group", "display_order":
        1024, "optional_package_names": [], "translated_name": {}, "translated_description":
        {}, "conditional_package_names": [], "default_package_names": [], "_content_type_id":
        "package_group", "langonly": null, "_id": "93730587-41e8-46c6-914f-d89847ab5ed0",
        "id": "bird", "name": "bird"}}, {"updated": "2013-07-30T22:33:20Z", "repo_id":
        "integration_test_id_clone", "created": "2013-07-30T22:33:20Z", "_ns": "repo_content_units",
        "unit_id": "09efdbab-113d-4840-8f92-6e975b056bd5", "unit_type_id": "package_group",
        "owner_type": "user", "_id": {"$oid": "51f806f0196cbe402b598394"}, "id": "51f806f0196cbe402b598394",
        "owner_id": "admin", "metadata": {"_storage_path": null, "mandatory_package_names":
        ["elephant,giraffe,cheetah,lion,monkey,penguin,squirrel,walrus", "penguin"],
        "repo_id": "integration_test_id_clone", "description": null, "user_visible":
        true, "default": true, "_ns": "units_package_group", "display_order": 1024,
        "optional_package_names": [], "translated_name": {}, "translated_description":
        {}, "conditional_package_names": [], "default_package_names": [], "_content_type_id":
        "package_group", "langonly": null, "_id": "09efdbab-113d-4840-8f92-6e975b056bd5",
        "id": "mammal", "name": "mammal"}}]'
    http_version: 
  recorded_at: Tue, 30 Jul 2013 18:33:25 GMT
- request:
    method: post
    uri: https://admin:admin@kafka.usersys.redhat.com/pulp/api/v2/repositories/integration_test_id_clone/actions/associate/
    body:
      encoding: UTF-8
      string: '{"source_repo_id":"integration_test_id"}'
    headers:
      Accept:
      - application/json
      Accept-Encoding:
      - gzip, deflate
      Content-Type:
      - application/json
      Content-Length:
      - '40'
      User-Agent:
      - Ruby
  response:
    status:
      code: 202
      message: Accepted
    headers:
      Date:
      - Tue, 30 Jul 2013 18:33:27 GMT
      Server:
      - Apache/2.4.4 (Fedora) OpenSSL/1.0.1e-fips mod_wsgi/3.4 Python/2.7.3
      Content-Encoding:
      - utf-8
      Content-Length:
      - '730'
      Content-Type:
      - application/json
    body:
      encoding: UTF-8
      string: '{"task_group_id": null, "exception": null, "traceback": null, "_href":
        "/pulp/api/v2/tasks/fc8e4d70-3b5a-4de8-be9a-35b5be31b154/", "task_id": "fc8e4d70-3b5a-4de8-be9a-35b5be31b154",
        "call_request_tags": ["pulp:repository:integration_test_id_clone", "pulp:repository:integration_test_id",
        "pulp:action:associate"], "reasons": [], "start_time": null, "tags": ["pulp:repository:integration_test_id_clone",
        "pulp:repository:integration_test_id", "pulp:action:associate"], "state":
        "waiting", "finish_time": null, "dependency_failures": {}, "schedule_id":
        null, "progress": {}, "call_request_group_id": null, "call_request_id": "fc8e4d70-3b5a-4de8-be9a-35b5be31b154",
        "principal_login": "admin", "response": "accepted", "result": null}'
    http_version: 
  recorded_at: Tue, 30 Jul 2013 18:33:27 GMT
- request:
    method: post
    uri: https://admin:admin@kafka.usersys.redhat.com/pulp/api/v2/repositories/integration_test_id_clone/search/units/
    body:
      encoding: UTF-8
      string: '{"criteria":{"type_ids":["package_group"]}}'
    headers:
      Accept:
      - application/json
      Accept-Encoding:
      - gzip, deflate
      Content-Type:
      - application/json
      Content-Length:
      - '43'
      User-Agent:
      - Ruby
  response:
    status:
      code: 200
      message: OK
    headers:
      Date:
      - Tue, 30 Jul 2013 18:33:28 GMT
      Server:
      - Apache/2.4.4 (Fedora) OpenSSL/1.0.1e-fips mod_wsgi/3.4 Python/2.7.3
      Content-Length:
      - '1776'
      Content-Type:
      - application/json
    body:
      encoding: UTF-8
      string: '[{"updated": "2013-07-30T22:33:27Z", "repo_id": "integration_test_id_clone",
        "created": "2013-07-30T22:33:27Z", "_ns": "repo_content_units", "unit_id":
        "93730587-41e8-46c6-914f-d89847ab5ed0", "unit_type_id": "package_group", "owner_type":
        "user", "_id": {"$oid": "51f806f7196cbe402b5983ec"}, "id": "51f806f7196cbe402b5983ec",
        "owner_id": "admin", "metadata": {"_storage_path": null, "mandatory_package_names":
        ["penguin"], "repo_id": "integration_test_id_clone", "description": null,
        "user_visible": true, "default": true, "_ns": "units_package_group", "display_order":
        1024, "optional_package_names": [], "translated_name": {}, "translated_description":
        {}, "conditional_package_names": [], "default_package_names": [], "_content_type_id":
        "package_group", "langonly": null, "_id": "93730587-41e8-46c6-914f-d89847ab5ed0",
        "id": "bird", "name": "bird"}}, {"updated": "2013-07-30T22:33:20Z", "repo_id":
        "integration_test_id_clone", "created": "2013-07-30T22:33:20Z", "_ns": "repo_content_units",
        "unit_id": "09efdbab-113d-4840-8f92-6e975b056bd5", "unit_type_id": "package_group",
        "owner_type": "user", "_id": {"$oid": "51f806f0196cbe402b598394"}, "id": "51f806f0196cbe402b598394",
        "owner_id": "admin", "metadata": {"_storage_path": null, "mandatory_package_names":
        ["elephant,giraffe,cheetah,lion,monkey,penguin,squirrel,walrus", "penguin"],
        "repo_id": "integration_test_id_clone", "description": null, "user_visible":
        true, "default": true, "_ns": "units_package_group", "display_order": 1024,
        "optional_package_names": [], "translated_name": {}, "translated_description":
        {}, "conditional_package_names": [], "default_package_names": [], "_content_type_id":
        "package_group", "langonly": null, "_id": "09efdbab-113d-4840-8f92-6e975b056bd5",
        "id": "mammal", "name": "mammal"}}]'
    http_version: 
  recorded_at: Tue, 30 Jul 2013 18:33:28 GMT
- request:
    method: post
    uri: https://admin:admin@kafka.usersys.redhat.com/pulp/api/v2/repositories/integration_test_id_clone/search/units/
    body:
      encoding: UTF-8
      string: '{"criteria":{"type_ids":["package_group"]}}'
    headers:
      Accept:
      - application/json
      Accept-Encoding:
      - gzip, deflate
      Content-Type:
      - application/json
      Content-Length:
      - '43'
      User-Agent:
      - Ruby
  response:
    status:
      code: 200
      message: OK
    headers:
      Date:
      - Tue, 30 Jul 2013 18:33:28 GMT
      Server:
      - Apache/2.4.4 (Fedora) OpenSSL/1.0.1e-fips mod_wsgi/3.4 Python/2.7.3
      Content-Length:
      - '1776'
      Content-Type:
      - application/json
    body:
      encoding: UTF-8
      string: '[{"updated": "2013-07-30T22:33:27Z", "repo_id": "integration_test_id_clone",
        "created": "2013-07-30T22:33:27Z", "_ns": "repo_content_units", "unit_id":
        "93730587-41e8-46c6-914f-d89847ab5ed0", "unit_type_id": "package_group", "owner_type":
        "user", "_id": {"$oid": "51f806f7196cbe402b5983ec"}, "id": "51f806f7196cbe402b5983ec",
        "owner_id": "admin", "metadata": {"_storage_path": null, "mandatory_package_names":
        ["penguin"], "repo_id": "integration_test_id_clone", "description": null,
        "user_visible": true, "default": true, "_ns": "units_package_group", "display_order":
        1024, "optional_package_names": [], "translated_name": {}, "translated_description":
        {}, "conditional_package_names": [], "default_package_names": [], "_content_type_id":
        "package_group", "langonly": null, "_id": "93730587-41e8-46c6-914f-d89847ab5ed0",
        "id": "bird", "name": "bird"}}, {"updated": "2013-07-30T22:33:20Z", "repo_id":
        "integration_test_id_clone", "created": "2013-07-30T22:33:20Z", "_ns": "repo_content_units",
        "unit_id": "09efdbab-113d-4840-8f92-6e975b056bd5", "unit_type_id": "package_group",
        "owner_type": "user", "_id": {"$oid": "51f806f0196cbe402b598394"}, "id": "51f806f0196cbe402b598394",
        "owner_id": "admin", "metadata": {"_storage_path": null, "mandatory_package_names":
        ["elephant,giraffe,cheetah,lion,monkey,penguin,squirrel,walrus", "penguin"],
        "repo_id": "integration_test_id_clone", "description": null, "user_visible":
        true, "default": true, "_ns": "units_package_group", "display_order": 1024,
        "optional_package_names": [], "translated_name": {}, "translated_description":
        {}, "conditional_package_names": [], "default_package_names": [], "_content_type_id":
        "package_group", "langonly": null, "_id": "09efdbab-113d-4840-8f92-6e975b056bd5",
        "id": "mammal", "name": "mammal"}}]'
    http_version: 
  recorded_at: Tue, 30 Jul 2013 18:33:28 GMT
recorded_with: VCR 2.5.0
