---
http_interactions:
- request:
    method: get
    uri: https://admin:HeQSzZgm6ZEKG8aHrJEGW7aGD85Wrj57@runcible.example.com/pulp/api/v2/tasks/37341524-d471-4ca5-a3b6-4017a83cb7f8/
    body:
      encoding: US-ASCII
      string: ''
    headers:
      Accept:
      - application/json
      Accept-Encoding:
      - gzip, deflate
      Content-Type:
      - application/json
      User-Agent:
      - Ruby
  response:
    status:
      code: 200
      message: OK
    headers:
      Date:
      - Fri, 29 Apr 2016 16:26:22 GMT
      Server:
      - Apache/2.4.6 (CentOS)
      Vary:
      - Accept-Encoding
      Content-Length:
      - '2188'
      Content-Type:
      - application/json; charset=utf-8
    body:
      encoding: ASCII-8BIT
      string: '{"exception": null, "task_type": "pulp.server.managers.repo.sync.sync",
        "_href": "/pulp/api/v2/tasks/37341524-d471-4ca5-a3b6-4017a83cb7f8/", "task_id":
        "37341524-d471-4ca5-a3b6-4017a83cb7f8", "tags": ["pulp:repository:integration_test_id",
        "pulp:action:sync"], "finish_time": "2016-04-29T16:26:22Z", "_ns": "task_status",
        "start_time": "2016-04-29T16:26:21Z", "traceback": null, "spawned_tasks":
        [], "progress_report": {"yum_importer": {"content": {"items_total": 0, "state":
        "FINISHED", "error_details": [], "details": {"rpm_total": 0, "rpm_done": 0,
        "drpm_total": 0, "drpm_done": 0}, "size_total": 0, "size_left": 0, "items_left":
        0}, "comps": {"state": "FINISHED"}, "purge_duplicates": {"state": "FINISHED"},
        "distribution": {"items_total": 3, "state": "FINISHED", "error_details": [],
        "items_left": 0}, "errata": {"state": "FINISHED"}, "metadata": {"state": "FINISHED"}}},
        "queue": "reserved_resource_worker-0@runcible.example.com.dq", "state": "finished",
        "worker_name": "reserved_resource_worker-0@runcible.example.com", "result":
        {"result": "success", "importer_id": "yum_importer", "exception": null, "repo_id":
        "integration_test_id", "traceback": null, "started": "2016-04-29T16:26:21Z",
        "_ns": "repo_sync_results", "completed": "2016-04-29T16:26:22Z", "importer_type_id":
        "yum_importer", "error_message": null, "summary": {"content": {"state": "FINISHED"},
        "comps": {"state": "FINISHED"}, "purge_duplicates": {"state": "FINISHED"},
        "distribution": {"state": "FINISHED"}, "errata": {"state": "FINISHED"}, "metadata":
        {"state": "FINISHED"}}, "added_count": 14, "removed_count": 0, "updated_count":
        0, "id": "57238b2eaca4886e0c05c3d8", "details": {"content": {"size_total":
        0, "items_left": 0, "items_total": 0, "state": "FINISHED", "size_left": 0,
        "details": {"rpm_total": 0, "rpm_done": 0, "drpm_total": 0, "drpm_done": 0},
        "error_details": []}, "comps": {"state": "FINISHED"}, "purge_duplicates":
        {"state": "FINISHED"}, "distribution": {"items_total": 3, "state": "FINISHED",
        "error_details": [], "items_left": 0}, "errata": {"state": "FINISHED"}, "metadata":
        {"state": "FINISHED"}}}, "error": null, "_id": {"$oid": "57238b2d898f5c862fa3eb6e"},
        "id": "57238b2d898f5c862fa3eb6e"}'
    http_version: 
  recorded_at: Fri, 29 Apr 2016 16:26:22 GMT
- request:
    method: get
    uri: https://admin:HeQSzZgm6ZEKG8aHrJEGW7aGD85Wrj57@runcible.example.com/pulp/api/v2/tasks/934451c2-e80b-4d6a-9c3a-f9d2a4c2c950/
    body:
      encoding: US-ASCII
      string: ''
    headers:
      Accept:
      - application/json
      Accept-Encoding:
      - gzip, deflate
      Content-Type:
      - application/json
      User-Agent:
      - Ruby
  response:
    status:
      code: 200
      message: OK
    headers:
      Date:
      - Fri, 29 Apr 2016 16:26:24 GMT
      Server:
      - Apache/2.4.6 (CentOS)
      Vary:
      - Accept-Encoding
      Content-Length:
      - '684'
      Content-Type:
      - application/json; charset=utf-8
    body:
      encoding: ASCII-8BIT
      string: '{"exception": null, "task_type": "pulp.server.tasks.repository.delete",
        "_href": "/pulp/api/v2/tasks/934451c2-e80b-4d6a-9c3a-f9d2a4c2c950/", "task_id":
        "934451c2-e80b-4d6a-9c3a-f9d2a4c2c950", "tags": ["pulp:repository:integration_test_id",
        "pulp:action:delete"], "finish_time": "2016-04-29T16:26:24Z", "_ns": "task_status",
        "start_time": "2016-04-29T16:26:24Z", "traceback": null, "spawned_tasks":
        [], "progress_report": {}, "queue": "reserved_resource_worker-0@runcible.example.com.dq",
        "state": "finished", "worker_name": "reserved_resource_worker-0@runcible.example.com",
        "result": null, "error": null, "_id": {"$oid": "57238b30898f5c862fa3eb7d"},
        "id": "57238b30898f5c862fa3eb7d"}'
    http_version: 
  recorded_at: Fri, 29 Apr 2016 16:26:25 GMT
- request:
    method: get
    uri: https://devel.example.com/pulp/api/v2/tasks/019fecf5-24a7-4e74-b212-9b23e2ab5871/
    body:
      encoding: US-ASCII
      string: ''
    headers:
      Accept:
      - application/json
      Accept-Encoding:
      - gzip, deflate
      User-Agent:
      - rest-client/2.0.2 (linux-gnu x86_64) ruby/2.4.4p296
      Content-Type:
      - application/json
      Host:
      - devel.example.com
      Authorization:
      - Basic YWRtaW46YWRtaW4=
  response:
    status:
      code: 200
      message: OK
    headers:
      Date:
      - Wed, 15 Aug 2018 15:40:28 GMT
      Server:
      - Apache/2.4.6 (CentOS)
      Etag:
      - '"1cd6e17ca87c67962865b2522bd05e1a-gzip"'
      Vary:
      - Accept-Encoding
      Content-Length:
      - '1146'
      Content-Type:
      - application/json; charset=utf-8
    body:
      encoding: ASCII-8BIT
      string: '{"exception": null, "task_type": "pulp.server.managers.repo.sync.sync",
        "_href": "/pulp/api/v2/tasks/019fecf5-24a7-4e74-b212-9b23e2ab5871/", "task_id":
        "019fecf5-24a7-4e74-b212-9b23e2ab5871", "tags": ["pulp:repository:integration_test_id",
        "pulp:action:sync"], "finish_time": null, "_ns": "task_status", "start_time":
        "2018-08-15T15:40:28Z", "traceback": null, "spawned_tasks": [], "progress_report":
        {"yum_importer": {"content": {"items_total": 0, "state": "FINISHED", "error_details":
        [], "details": {"rpm_total": 0, "rpm_done": 0, "drpm_total": 0, "drpm_done":
        0}, "size_total": 0, "size_left": 0, "items_left": 0}, "comps": {"state":
        "FINISHED"}, "purge_duplicates": {"state": "FINISHED"}, "distribution": {"items_total":
        3, "state": "FINISHED", "error_details": [], "items_left": 0}, "modules":
        {"state": "FINISHED"}, "errata": {"state": "FINISHED"}, "metadata": {"state":
        "FINISHED"}}}, "queue": "reserved_resource_worker-1@devel.example.com.dq2",
        "state": "running", "worker_name": "reserved_resource_worker-1@devel.example.com",
        "result": null, "error": null, "_id": {"$oid": "5b74496c69b4753f995cdd90"},
        "id": "5b74496c69b4753f995cdd90"}'
    http_version: 
  recorded_at: Wed, 15 Aug 2018 15:40:29 GMT
- request:
    method: get
    uri: https://devel.example.com/pulp/api/v2/tasks/019fecf5-24a7-4e74-b212-9b23e2ab5871/
    body:
      encoding: US-ASCII
      string: ''
    headers:
      Accept:
      - application/json
      Accept-Encoding:
      - gzip, deflate
      User-Agent:
      - rest-client/2.0.2 (linux-gnu x86_64) ruby/2.4.4p296
      Content-Type:
      - application/json
      Host:
      - devel.example.com
      Authorization:
      - Basic YWRtaW46YWRtaW4=
  response:
    status:
      code: 200
      message: OK
    headers:
      Date:
      - Wed, 15 Aug 2018 15:40:29 GMT
      Server:
      - Apache/2.4.6 (CentOS)
      Etag:
      - '"1cd6e17ca87c67962865b2522bd05e1a-gzip"'
      Vary:
      - Accept-Encoding
      Content-Length:
      - '1146'
      Content-Type:
      - application/json; charset=utf-8
    body:
      encoding: ASCII-8BIT
      string: '{"exception": null, "task_type": "pulp.server.managers.repo.sync.sync",
        "_href": "/pulp/api/v2/tasks/019fecf5-24a7-4e74-b212-9b23e2ab5871/", "task_id":
        "019fecf5-24a7-4e74-b212-9b23e2ab5871", "tags": ["pulp:repository:integration_test_id",
        "pulp:action:sync"], "finish_time": null, "_ns": "task_status", "start_time":
        "2018-08-15T15:40:28Z", "traceback": null, "spawned_tasks": [], "progress_report":
        {"yum_importer": {"content": {"items_total": 0, "state": "FINISHED", "error_details":
        [], "details": {"rpm_total": 0, "rpm_done": 0, "drpm_total": 0, "drpm_done":
        0}, "size_total": 0, "size_left": 0, "items_left": 0}, "comps": {"state":
        "FINISHED"}, "purge_duplicates": {"state": "FINISHED"}, "distribution": {"items_total":
        3, "state": "FINISHED", "error_details": [], "items_left": 0}, "modules":
        {"state": "FINISHED"}, "errata": {"state": "FINISHED"}, "metadata": {"state":
        "FINISHED"}}}, "queue": "reserved_resource_worker-1@devel.example.com.dq2",
        "state": "running", "worker_name": "reserved_resource_worker-1@devel.example.com",
        "result": null, "error": null, "_id": {"$oid": "5b74496c69b4753f995cdd90"},
        "id": "5b74496c69b4753f995cdd90"}'
    http_version: 
  recorded_at: Wed, 15 Aug 2018 15:40:29 GMT
- request:
    method: get
    uri: https://devel.example.com/pulp/api/v2/tasks/019fecf5-24a7-4e74-b212-9b23e2ab5871/
    body:
      encoding: US-ASCII
      string: ''
    headers:
      Accept:
      - application/json
      Accept-Encoding:
      - gzip, deflate
      User-Agent:
      - rest-client/2.0.2 (linux-gnu x86_64) ruby/2.4.4p296
      Content-Type:
      - application/json
      Host:
      - devel.example.com
      Authorization:
      - Basic YWRtaW46YWRtaW4=
  response:
    status:
      code: 200
      message: OK
    headers:
      Date:
      - Wed, 15 Aug 2018 15:40:30 GMT
      Server:
      - Apache/2.4.6 (CentOS)
      Etag:
      - '"f58f957d4d84d3302238c216998708ff-gzip"'
      Vary:
      - Accept-Encoding
      Content-Length:
      - '2285'
      Content-Type:
      - application/json; charset=utf-8
    body:
      encoding: ASCII-8BIT
      string: '{"exception": null, "task_type": "pulp.server.managers.repo.sync.sync",
        "_href": "/pulp/api/v2/tasks/019fecf5-24a7-4e74-b212-9b23e2ab5871/", "task_id":
        "019fecf5-24a7-4e74-b212-9b23e2ab5871", "tags": ["pulp:repository:integration_test_id",
        "pulp:action:sync"], "finish_time": "2018-08-15T15:40:29Z", "_ns": "task_status",
        "start_time": "2018-08-15T15:40:28Z", "traceback": null, "spawned_tasks":
        [], "progress_report": {"yum_importer": {"content": {"items_total": 0, "state":
        "FINISHED", "error_details": [], "details": {"rpm_total": 0, "rpm_done": 0,
        "drpm_total": 0, "drpm_done": 0}, "size_total": 0, "size_left": 0, "items_left":
        0}, "comps": {"state": "FINISHED"}, "purge_duplicates": {"state": "FINISHED"},
        "distribution": {"items_total": 3, "state": "FINISHED", "error_details": [],
        "items_left": 0}, "modules": {"state": "FINISHED"}, "errata": {"state": "FINISHED"},
        "metadata": {"state": "FINISHED"}}}, "queue": "reserved_resource_worker-1@devel.example.com.dq2",
        "state": "finished", "worker_name": "reserved_resource_worker-1@devel.example.com",
        "result": {"result": "success", "importer_id": "yum_importer", "exception":
        null, "repo_id": "integration_test_id", "traceback": null, "started": "2018-08-15T15:40:28Z",
        "_ns": "repo_sync_results", "completed": "2018-08-15T15:40:28Z", "importer_type_id":
        "yum_importer", "error_message": null, "summary": {"modules": {"state": "FINISHED"},
        "content": {"state": "FINISHED"}, "comps": {"state": "FINISHED"}, "purge_duplicates":
        {"state": "FINISHED"}, "distribution": {"state": "FINISHED"}, "errata": {"state":
        "FINISHED"}, "metadata": {"state": "FINISHED"}}, "added_count": 14, "removed_count":
        0, "updated_count": 0, "id": "5b74496c69f4e512cd684a49", "details": {"modules":
        {"state": "FINISHED"}, "content": {"size_total": 0, "items_left": 0, "items_total":
        0, "state": "FINISHED", "size_left": 0, "details": {"rpm_total": 0, "rpm_done":
        0, "drpm_total": 0, "drpm_done": 0}, "error_details": []}, "comps": {"state":
        "FINISHED"}, "purge_duplicates": {"state": "FINISHED"}, "distribution": {"items_total":
        3, "state": "FINISHED", "error_details": [], "items_left": 0}, "errata": {"state":
        "FINISHED"}, "metadata": {"state": "FINISHED"}}}, "error": null, "_id": {"$oid":
        "5b74496c69b4753f995cdd90"}, "id": "5b74496c69b4753f995cdd90"}'
    http_version: 
  recorded_at: Wed, 15 Aug 2018 15:40:30 GMT
- request:
    method: get
    uri: https://devel.example.com/pulp/api/v2/tasks/856f527e-e185-42e4-8b59-25bdbc0815fd/
    body:
      encoding: US-ASCII
      string: ''
    headers:
      Accept:
      - application/json
      Accept-Encoding:
      - gzip, deflate
      User-Agent:
      - rest-client/2.0.2 (linux-gnu x86_64) ruby/2.4.4p296
      Content-Type:
      - application/json
      Host:
      - devel.example.com
      Authorization:
      - Basic YWRtaW46YWRtaW4=
  response:
    status:
      code: 200
      message: OK
    headers:
      Date:
      - Wed, 15 Aug 2018 15:40:31 GMT
      Server:
      - Apache/2.4.6 (CentOS)
      Etag:
      - '"d3d5912a82732440383d554db64c66d1-gzip"'
      Vary:
      - Accept-Encoding
      Content-Length:
      - '679'
      Content-Type:
      - application/json; charset=utf-8
    body:
      encoding: ASCII-8BIT
      string: '{"exception": null, "task_type": "pulp.server.tasks.repository.delete",
        "_href": "/pulp/api/v2/tasks/856f527e-e185-42e4-8b59-25bdbc0815fd/", "task_id":
        "856f527e-e185-42e4-8b59-25bdbc0815fd", "tags": ["pulp:repository:integration_test_id",
        "pulp:action:delete"], "finish_time": "2018-08-15T15:40:30Z", "_ns": "task_status",
        "start_time": "2018-08-15T15:40:30Z", "traceback": null, "spawned_tasks":
        [], "progress_report": {}, "queue": "reserved_resource_worker-1@devel.example.com.dq2",
        "state": "finished", "worker_name": "reserved_resource_worker-1@devel.example.com",
        "result": null, "error": null, "_id": {"$oid": "5b74496e69b4753f995cdf21"},
        "id": "5b74496e69b4753f995cdf21"}'
    http_version: 
  recorded_at: Wed, 15 Aug 2018 15:40:31 GMT
- request:
    method: delete
    uri: https://devel.example.com/pulp/api/v2/repositories/integration_test_id/
    body:
      encoding: US-ASCII
      string: ''
    headers:
      Accept:
      - application/json
      Accept-Encoding:
      - gzip, deflate
      User-Agent:
      - rest-client/2.0.2 (linux-gnu x86_64) ruby/2.4.4p296
      Content-Type:
      - application/json
      Host:
      - devel.example.com
      Authorization:
      - Basic YWRtaW46YWRtaW4=
  response:
    status:
      code: 404
      message: Not Found
    headers:
      Date:
      - Wed, 15 Aug 2018 15:49:08 GMT
      Server:
      - Apache/2.4.6 (CentOS)
      Content-Length:
      - '454'
      Content-Type:
      - application/json; charset=utf-8
    body:
      encoding: UTF-8
      string: '{"http_request_method": "DELETE", "exception": null, "error_message":
        "Missing resource(s): repository=integration_test_id", "_href": "/pulp/api/v2/repositories/integration_test_id/",
        "http_status": 404, "error": {"code": "PLP0009", "data": {"resources": {"repository":
        "integration_test_id"}}, "description": "Missing resource(s): repository=integration_test_id",
        "sub_errors": []}, "traceback": null, "resources": {"repository": "integration_test_id"}}'
    http_version: 
  recorded_at: Wed, 15 Aug 2018 15:49:08 GMT
- request:
    method: get
    uri: https://devel.example.com/pulp/api/v2/repositories/integration_test_id/
    body:
      encoding: US-ASCII
      string: ''
    headers:
      Accept:
      - application/json
      Accept-Encoding:
      - gzip, deflate
      User-Agent:
      - rest-client/2.0.2 (linux-gnu x86_64) ruby/2.4.4p296
      Content-Type:
      - application/json
      Host:
      - devel.example.com
      Authorization:
      - Basic YWRtaW46YWRtaW4=
  response:
    status:
      code: 404
      message: Not Found
    headers:
      Date:
      - Wed, 15 Aug 2018 15:49:08 GMT
      Server:
      - Apache/2.4.6 (CentOS)
      Content-Length:
      - '452'
      Etag:
      - '"7069a6b1115393c7d259d12015ef56e1"'
      Content-Type:
      - application/json; charset=utf-8
    body:
      encoding: UTF-8
      string: '{"http_request_method": "GET", "exception": null, "error_message":
        "Missing resource(s): repository=integration_test_id", "_href": "/pulp/api/v2/repositories/integration_test_id/?",
        "http_status": 404, "error": {"code": "PLP0009", "data": {"resources": {"repository":
        "integration_test_id"}}, "description": "Missing resource(s): repository=integration_test_id",
        "sub_errors": []}, "traceback": null, "resources": {"repository": "integration_test_id"}}'
    http_version: 
  recorded_at: Wed, 15 Aug 2018 15:49:09 GMT
- request:
    method: post
    uri: https://devel.example.com/pulp/api/v2/repositories/
    body:
      encoding: UTF-8
      string: '{"id":"integration_test_id","importer_type_id":"yum_importer","importer_config":{"feed":"file:///var/www/repositories/zoo5"}}'
    headers:
      Accept:
      - application/json
      Accept-Encoding:
      - gzip, deflate
      User-Agent:
      - rest-client/2.0.2 (linux-gnu x86_64) ruby/2.4.4p296
      Content-Type:
      - application/json
      Content-Length:
      - '125'
      Host:
      - devel.example.com
      Authorization:
      - Basic YWRtaW46YWRtaW4=
  response:
    status:
      code: 201
      message: CREATED
    headers:
      Date:
      - Wed, 15 Aug 2018 15:49:09 GMT
      Server:
      - Apache/2.4.6 (CentOS)
      Content-Length:
      - '319'
      Location:
      - "/pulp/api/v2/repositories/integration_test_id/"
      Content-Type:
      - application/json; charset=utf-8
    body:
      encoding: UTF-8
      string: '{"scratchpad": {}, "display_name": "integration_test_id", "description":
        null, "last_unit_added": null, "notes": {}, "last_unit_removed": null, "content_unit_counts":
        {}, "_ns": "repos", "_id": {"$oid": "5b744b7569f4e52415bb1c35"}, "id": "integration_test_id",
        "_href": "/pulp/api/v2/repositories/integration_test_id/"}'
    http_version: 
  recorded_at: Wed, 15 Aug 2018 15:49:09 GMT
- request:
    method: post
    uri: https://devel.example.com/pulp/api/v2/repositories/integration_test_id/actions/sync/
    body:
      encoding: UTF-8
      string: "{}"
    headers:
      Accept:
      - application/json
      Accept-Encoding:
      - gzip, deflate
      User-Agent:
      - rest-client/2.0.2 (linux-gnu x86_64) ruby/2.4.4p296
      Content-Type:
      - application/json
      Content-Length:
      - '2'
      Host:
      - devel.example.com
      Authorization:
      - Basic YWRtaW46YWRtaW4=
  response:
    status:
      code: 202
      message: Accepted
    headers:
      Date:
      - Wed, 15 Aug 2018 15:49:09 GMT
      Server:
      - Apache/2.4.6 (CentOS)
      Content-Length:
      - '172'
      Content-Type:
      - application/json; charset=utf-8
    body:
      encoding: UTF-8
      string: '{"spawned_tasks": [{"_href": "/pulp/api/v2/tasks/e92046fa-8a55-466f-8e27-fdfb6a63d0a6/",
        "task_id": "e92046fa-8a55-466f-8e27-fdfb6a63d0a6"}], "result": null, "error":
        null}'
    http_version: 
  recorded_at: Wed, 15 Aug 2018 15:49:09 GMT
- request:
    method: get
    uri: https://devel.example.com/pulp/api/v2/tasks/e92046fa-8a55-466f-8e27-fdfb6a63d0a6/
    body:
      encoding: US-ASCII
      string: ''
    headers:
      Accept:
      - application/json
      Accept-Encoding:
      - gzip, deflate
      User-Agent:
      - rest-client/2.0.2 (linux-gnu x86_64) ruby/2.4.4p296
      Content-Type:
      - application/json
      Host:
      - devel.example.com
      Authorization:
      - Basic YWRtaW46YWRtaW4=
  response:
    status:
      code: 200
      message: OK
    headers:
      Date:
      - Wed, 15 Aug 2018 15:49:09 GMT
      Server:
      - Apache/2.4.6 (CentOS)
      Etag:
      - '"4751caf7cf5a8e5eab8e8f9383e37326-gzip"'
      Vary:
      - Accept-Encoding
      Content-Length:
      - '1146'
      Content-Type:
      - application/json; charset=utf-8
    body:
      encoding: ASCII-8BIT
      string: '{"exception": null, "task_type": "pulp.server.managers.repo.sync.sync",
        "_href": "/pulp/api/v2/tasks/e92046fa-8a55-466f-8e27-fdfb6a63d0a6/", "task_id":
        "e92046fa-8a55-466f-8e27-fdfb6a63d0a6", "tags": ["pulp:repository:integration_test_id",
        "pulp:action:sync"], "finish_time": null, "_ns": "task_status", "start_time":
        "2018-08-15T15:49:09Z", "traceback": null, "spawned_tasks": [], "progress_report":
        {"yum_importer": {"content": {"items_total": 0, "state": "FINISHED", "error_details":
        [], "details": {"rpm_total": 0, "rpm_done": 0, "drpm_total": 0, "drpm_done":
        0}, "size_total": 0, "size_left": 0, "items_left": 0}, "comps": {"state":
        "FINISHED"}, "purge_duplicates": {"state": "FINISHED"}, "distribution": {"items_total":
        3, "state": "FINISHED", "error_details": [], "items_left": 0}, "modules":
        {"state": "FINISHED"}, "errata": {"state": "FINISHED"}, "metadata": {"state":
        "FINISHED"}}}, "queue": "reserved_resource_worker-1@devel.example.com.dq2",
        "state": "running", "worker_name": "reserved_resource_worker-1@devel.example.com",
        "result": null, "error": null, "_id": {"$oid": "5b744b7569b4753f995d8504"},
        "id": "5b744b7569b4753f995d8504"}'
    http_version: 
  recorded_at: Wed, 15 Aug 2018 15:49:09 GMT
- request:
    method: get
    uri: https://devel.example.com/pulp/api/v2/tasks/e92046fa-8a55-466f-8e27-fdfb6a63d0a6/
    body:
      encoding: US-ASCII
      string: ''
    headers:
      Accept:
      - application/json
      Accept-Encoding:
      - gzip, deflate
      User-Agent:
      - rest-client/2.0.2 (linux-gnu x86_64) ruby/2.4.4p296
      Content-Type:
      - application/json
      Host:
      - devel.example.com
      Authorization:
      - Basic YWRtaW46YWRtaW4=
  response:
    status:
      code: 200
      message: OK
    headers:
      Date:
      - Wed, 15 Aug 2018 15:49:10 GMT
      Server:
      - Apache/2.4.6 (CentOS)
      Etag:
      - '"4751caf7cf5a8e5eab8e8f9383e37326-gzip"'
      Vary:
      - Accept-Encoding
      Content-Length:
      - '1146'
      Content-Type:
      - application/json; charset=utf-8
    body:
      encoding: ASCII-8BIT
      string: '{"exception": null, "task_type": "pulp.server.managers.repo.sync.sync",
        "_href": "/pulp/api/v2/tasks/e92046fa-8a55-466f-8e27-fdfb6a63d0a6/", "task_id":
        "e92046fa-8a55-466f-8e27-fdfb6a63d0a6", "tags": ["pulp:repository:integration_test_id",
        "pulp:action:sync"], "finish_time": null, "_ns": "task_status", "start_time":
        "2018-08-15T15:49:09Z", "traceback": null, "spawned_tasks": [], "progress_report":
        {"yum_importer": {"content": {"items_total": 0, "state": "FINISHED", "error_details":
        [], "details": {"rpm_total": 0, "rpm_done": 0, "drpm_total": 0, "drpm_done":
        0}, "size_total": 0, "size_left": 0, "items_left": 0}, "comps": {"state":
        "FINISHED"}, "purge_duplicates": {"state": "FINISHED"}, "distribution": {"items_total":
        3, "state": "FINISHED", "error_details": [], "items_left": 0}, "modules":
        {"state": "FINISHED"}, "errata": {"state": "FINISHED"}, "metadata": {"state":
        "FINISHED"}}}, "queue": "reserved_resource_worker-1@devel.example.com.dq2",
        "state": "running", "worker_name": "reserved_resource_worker-1@devel.example.com",
        "result": null, "error": null, "_id": {"$oid": "5b744b7569b4753f995d8504"},
        "id": "5b744b7569b4753f995d8504"}'
    http_version: 
  recorded_at: Wed, 15 Aug 2018 15:49:10 GMT
- request:
    method: get
    uri: https://devel.example.com/pulp/api/v2/tasks/e92046fa-8a55-466f-8e27-fdfb6a63d0a6/
    body:
      encoding: US-ASCII
      string: ''
    headers:
      Accept:
      - application/json
      Accept-Encoding:
      - gzip, deflate
      User-Agent:
      - rest-client/2.0.2 (linux-gnu x86_64) ruby/2.4.4p296
      Content-Type:
      - application/json
      Host:
      - devel.example.com
      Authorization:
      - Basic YWRtaW46YWRtaW4=
  response:
    status:
      code: 200
      message: OK
    headers:
      Date:
      - Wed, 15 Aug 2018 15:49:10 GMT
      Server:
      - Apache/2.4.6 (CentOS)
      Etag:
      - '"81442e73bb74aa51e6a15d70a7b2aa57-gzip"'
      Vary:
      - Accept-Encoding
      Content-Length:
      - '2285'
      Content-Type:
      - application/json; charset=utf-8
    body:
      encoding: ASCII-8BIT
      string: '{"exception": null, "task_type": "pulp.server.managers.repo.sync.sync",
        "_href": "/pulp/api/v2/tasks/e92046fa-8a55-466f-8e27-fdfb6a63d0a6/", "task_id":
        "e92046fa-8a55-466f-8e27-fdfb6a63d0a6", "tags": ["pulp:repository:integration_test_id",
        "pulp:action:sync"], "finish_time": "2018-08-15T15:49:10Z", "_ns": "task_status",
        "start_time": "2018-08-15T15:49:09Z", "traceback": null, "spawned_tasks":
        [], "progress_report": {"yum_importer": {"content": {"items_total": 0, "state":
        "FINISHED", "error_details": [], "details": {"rpm_total": 0, "rpm_done": 0,
        "drpm_total": 0, "drpm_done": 0}, "size_total": 0, "size_left": 0, "items_left":
        0}, "comps": {"state": "FINISHED"}, "purge_duplicates": {"state": "FINISHED"},
        "distribution": {"items_total": 3, "state": "FINISHED", "error_details": [],
        "items_left": 0}, "modules": {"state": "FINISHED"}, "errata": {"state": "FINISHED"},
        "metadata": {"state": "FINISHED"}}}, "queue": "reserved_resource_worker-1@devel.example.com.dq2",
        "state": "finished", "worker_name": "reserved_resource_worker-1@devel.example.com",
        "result": {"result": "success", "importer_id": "yum_importer", "exception":
        null, "repo_id": "integration_test_id", "traceback": null, "started": "2018-08-15T15:49:09Z",
        "_ns": "repo_sync_results", "completed": "2018-08-15T15:49:09Z", "importer_type_id":
        "yum_importer", "error_message": null, "summary": {"modules": {"state": "FINISHED"},
        "content": {"state": "FINISHED"}, "comps": {"state": "FINISHED"}, "purge_duplicates":
        {"state": "FINISHED"}, "distribution": {"state": "FINISHED"}, "errata": {"state":
        "FINISHED"}, "metadata": {"state": "FINISHED"}}, "added_count": 14, "removed_count":
        0, "updated_count": 0, "id": "5b744b7569f4e5246970c40d", "details": {"modules":
        {"state": "FINISHED"}, "content": {"size_total": 0, "items_left": 0, "items_total":
        0, "state": "FINISHED", "size_left": 0, "details": {"rpm_total": 0, "rpm_done":
        0, "drpm_total": 0, "drpm_done": 0}, "error_details": []}, "comps": {"state":
        "FINISHED"}, "purge_duplicates": {"state": "FINISHED"}, "distribution": {"items_total":
        3, "state": "FINISHED", "error_details": [], "items_left": 0}, "errata": {"state":
        "FINISHED"}, "metadata": {"state": "FINISHED"}}}, "error": null, "_id": {"$oid":
        "5b744b7569b4753f995d8504"}, "id": "5b744b7569b4753f995d8504"}'
    http_version: 
  recorded_at: Wed, 15 Aug 2018 15:49:10 GMT
- request:
    method: delete
    uri: https://devel.example.com/pulp/api/v2/repositories/integration_test_id/
    body:
      encoding: US-ASCII
      string: ''
    headers:
      Accept:
      - application/json
      Accept-Encoding:
      - gzip, deflate
      User-Agent:
      - rest-client/2.0.2 (linux-gnu x86_64) ruby/2.4.4p296
      Content-Type:
      - application/json
      Host:
      - devel.example.com
      Authorization:
      - Basic YWRtaW46YWRtaW4=
  response:
    status:
      code: 202
      message: Accepted
    headers:
      Date:
      - Wed, 15 Aug 2018 15:49:11 GMT
      Server:
      - Apache/2.4.6 (CentOS)
      Content-Length:
      - '172'
      Content-Type:
      - application/json; charset=utf-8
    body:
      encoding: UTF-8
      string: '{"spawned_tasks": [{"_href": "/pulp/api/v2/tasks/7ed04c99-8975-4851-aa7e-1d683ee94e32/",
        "task_id": "7ed04c99-8975-4851-aa7e-1d683ee94e32"}], "result": null, "error":
        null}'
    http_version: 
  recorded_at: Wed, 15 Aug 2018 15:49:11 GMT
- request:
    method: get
    uri: https://devel.example.com/pulp/api/v2/tasks/7ed04c99-8975-4851-aa7e-1d683ee94e32/
    body:
      encoding: US-ASCII
      string: ''
    headers:
      Accept:
      - application/json
      Accept-Encoding:
      - gzip, deflate
      User-Agent:
      - rest-client/2.0.2 (linux-gnu x86_64) ruby/2.4.4p296
      Content-Type:
      - application/json
      Host:
      - devel.example.com
      Authorization:
      - Basic YWRtaW46YWRtaW4=
  response:
    status:
      code: 200
      message: OK
    headers:
      Date:
      - Wed, 15 Aug 2018 15:49:11 GMT
      Server:
      - Apache/2.4.6 (CentOS)
      Etag:
      - '"95aea1aa3f680aeaa4ea440a73ce69b1-gzip"'
      Vary:
      - Accept-Encoding
      Content-Length:
      - '679'
      Content-Type:
      - application/json; charset=utf-8
    body:
      encoding: ASCII-8BIT
      string: '{"exception": null, "task_type": "pulp.server.tasks.repository.delete",
        "_href": "/pulp/api/v2/tasks/7ed04c99-8975-4851-aa7e-1d683ee94e32/", "task_id":
        "7ed04c99-8975-4851-aa7e-1d683ee94e32", "tags": ["pulp:repository:integration_test_id",
        "pulp:action:delete"], "finish_time": "2018-08-15T15:49:11Z", "_ns": "task_status",
        "start_time": "2018-08-15T15:49:11Z", "traceback": null, "spawned_tasks":
        [], "progress_report": {}, "queue": "reserved_resource_worker-1@devel.example.com.dq2",
        "state": "finished", "worker_name": "reserved_resource_worker-1@devel.example.com",
        "result": null, "error": null, "_id": {"$oid": "5b744b7769b4753f995d8696"},
        "id": "5b744b7769b4753f995d8696"}'
    http_version: 
  recorded_at: Wed, 15 Aug 2018 15:49:12 GMT
recorded_with: VCR 4.0.0
