--- 
http_interactions: 
- request: 
    method: get
    uri: https://admin:admin@localhost/pulp/api/v2/consumer_groups/integration_test_consumer_group/
    body: 
      encoding: US-ASCII
      string: ""
    headers: 
      Accept: 
      - application/json
      Accept-Encoding: 
      - gzip, deflate
      Content-Type: 
      - application/json
      User-Agent: 
      - Ruby
  response: 
    status: 
      code: 200
      message: OK
    headers: 
      Date: 
      - Sun, 06 Jan 2013 11:49:29 GMT
      Server: 
      - Apache/2.2.22 (Fedora)
      Content-Length: 
      - "298"
      Connection: 
      - close
      Content-Type: 
      - application/json
    body: 
      encoding: US-ASCII
      string: "{\"scratchpad\": null, \"display_name\": \"foo\", \"description\": \"Test description.\", \"_ns\": \"consumer_groups\", \"notes\": {}, \"consumer_ids\": [], \"_id\": {\"$oid\": \"50e964c9dc79213ace00034d\"}, \"id\": \"integration_test_consumer_group\", \"_href\": \"/pulp/api/v2/consumer_groups/integration_test_consumer_group/\"}"
    http_version: 
  recorded_at: Sun, 06 Jan 2013 11:49:29 GMT
- request: 
    method: post
    uri: https://admin:admin@localhost/pulp/api/v2/consumer_groups/integration_test_consumer_group/actions/content/install//
    body: 
      encoding: US-ASCII
      string: "{\"units\":{\"units\":[{\"unit_key\":{\"name\":\"zsh\"}}]},\"options\":{}}"
    headers: 
      Accept: 
      - application/json
      Accept-Encoding: 
      - gzip, deflate
      Content-Type: 
      - application/json
      Content-Length: 
      - "62"
      User-Agent: 
      - Ruby
  response: 
    status: 
      code: 202
      message: Accepted
    headers: 
      Date: 
      - Sun, 06 Jan 2013 11:49:48 GMT
      Server: 
      - Apache/2.2.22 (Fedora)
      Content-Encoding: 
      - utf-8
      Content-Length: 
      - "516"
      Connection: 
      - close
      Content-Type: 
      - application/json
    body: 
      encoding: US-ASCII
      string: "{\"task_group_id\": null, \"exception\": null, \"traceback\": null, \"_href\": \"/pulp/api/v2/tasks/76a735a4-fb88-4d2b-92ca-7ee84d2f5134/\", \"task_id\": \"76a735a4-fb88-4d2b-92ca-7ee84d2f5134\", \"call_request_tags\": [], \"reasons\": [], \"start_time\": null, \"tags\": [], \"state\": \"waiting\", \"finish_time\": null, \"dependency_failures\": {}, \"schedule_id\": null, \"progress\": {}, \"call_request_group_id\": null, \"call_request_id\": \"76a735a4-fb88-4d2b-92ca-7ee84d2f5134\", \"principal_login\": \"admin\", \"response\": \"accepted\", \"result\": null}"
    http_version: 
  recorded_at: Sun, 06 Jan 2013 11:49:49 GMT
- request: 
    method: post
    uri: https://admin:admin@localhost/pulp/api/v2/consumer_groups/integration_test_consumer_group/actions/content/uninstall//
    body: 
      encoding: US-ASCII
      string: "{\"units\":{\"units\":[{\"unit_key\":{\"name\":\"zsh\"}}]},\"options\":{}}"
    headers: 
      Accept: 
      - application/json
      Accept-Encoding: 
      - gzip, deflate
      Content-Type: 
      - application/json
      Content-Length: 
      - "62"
      User-Agent: 
      - Ruby
  response: 
    status: 
      code: 202
      message: Accepted
    headers: 
      Date: 
      - Sun, 06 Jan 2013 11:49:49 GMT
      Server: 
      - Apache/2.2.22 (Fedora)
      Content-Encoding: 
      - utf-8
      Content-Length: 
      - "516"
      Connection: 
      - close
      Content-Type: 
      - application/json
    body: 
      encoding: US-ASCII
      string: "{\"task_group_id\": null, \"exception\": null, \"traceback\": null, \"_href\": \"/pulp/api/v2/tasks/0c26dfe0-d1d7-48e1-b050-118e84fdb29f/\", \"task_id\": \"0c26dfe0-d1d7-48e1-b050-118e84fdb29f\", \"call_request_tags\": [], \"reasons\": [], \"start_time\": null, \"tags\": [], \"state\": \"waiting\", \"finish_time\": null, \"dependency_failures\": {}, \"schedule_id\": null, \"progress\": {}, \"call_request_group_id\": null, \"call_request_id\": \"0c26dfe0-d1d7-48e1-b050-118e84fdb29f\", \"principal_login\": \"admin\", \"response\": \"accepted\", \"result\": null}"
    http_version: 
  recorded_at: Sun, 06 Jan 2013 11:49:49 GMT
- request: 
    method: post
    uri: https://admin:admin@localhost/pulp/api/v2/consumer_groups/integration_test_consumer_group/actions/content/update//
    body: 
      encoding: US-ASCII
      string: "{\"units\":{\"units\":[{\"unit_key\":{\"name\":\"zsh\"}}]},\"options\":{}}"
    headers: 
      Accept: 
      - application/json
      Accept-Encoding: 
      - gzip, deflate
      Content-Type: 
      - application/json
      Content-Length: 
      - "62"
      User-Agent: 
      - Ruby
  response: 
    status: 
      code: 202
      message: Accepted
    headers: 
      Date: 
      - Sun, 06 Jan 2013 11:49:50 GMT
      Server: 
      - Apache/2.2.22 (Fedora)
      Content-Encoding: 
      - utf-8
      Content-Length: 
      - "516"
      Connection: 
      - close
      Content-Type: 
      - application/json
    body: 
      encoding: US-ASCII
      string: "{\"task_group_id\": null, \"exception\": null, \"traceback\": null, \"_href\": \"/pulp/api/v2/tasks/782fa49b-0204-4132-8081-4fc18ad92469/\", \"task_id\": \"782fa49b-0204-4132-8081-4fc18ad92469\", \"call_request_tags\": [], \"reasons\": [], \"start_time\": null, \"tags\": [], \"state\": \"waiting\", \"finish_time\": null, \"dependency_failures\": {}, \"schedule_id\": null, \"progress\": {}, \"call_request_group_id\": null, \"call_request_id\": \"782fa49b-0204-4132-8081-4fc18ad92469\", \"principal_login\": \"admin\", \"response\": \"accepted\", \"result\": null}"
    http_version: 
  recorded_at: Sun, 06 Jan 2013 11:49:50 GMT
- request: 
    method: post
    uri: https://admin:admin@localhost/pulp/api/v2/consumer_groups/
    body: 
      encoding: US-ASCII
      string: "{\"id\":\"integration_test_consumer_group\",\"display_name\":\"foo\",\"description\":\"Test description.\",\"consumer_ids\":[]}"
    headers: 
      Accept: 
      - application/json
      Accept-Encoding: 
      - gzip, deflate
      Content-Type: 
      - application/json
      Content-Length: 
      - "113"
      User-Agent: 
      - Ruby
  response: 
    status: 
      code: 201
      message: Created
    headers: 
      Date: 
      - Sun, 06 Jan 2013 11:49:52 GMT
      Server: 
      - Apache/2.2.22 (Fedora)
      Location: 
      - /pulp/api/v2/consumer_groups/integration_test_consumer_group/
      Content-Length: 
      - "298"
      Connection: 
      - close
      Content-Type: 
      - application/json
    body: 
      encoding: US-ASCII
      string: "{\"scratchpad\": null, \"display_name\": \"foo\", \"description\": \"Test description.\", \"_ns\": \"consumer_groups\", \"notes\": {}, \"consumer_ids\": [], \"_id\": {\"$oid\": \"50e964e0dc79213ace0005fe\"}, \"id\": \"integration_test_consumer_group\", \"_href\": \"/pulp/api/v2/consumer_groups/integration_test_consumer_group/\"}"
    http_version: 
  recorded_at: Sun, 06 Jan 2013 11:49:52 GMT
- request: 
    method: post
    uri: https://admin:admin@localhost/pulp/api/v2/consumer_groups/integration_test_consumer_group/actions/associate/
    body: 
      encoding: US-ASCII
      string: "{\"criteria\":{\"filters\":{\"id\":{\"$in\":[\"integration_test_consumer_support\"]}}}}"
    headers: 
      Accept: 
      - application/json
      Accept-Encoding: 
      - gzip, deflate
      Content-Type: 
      - application/json
      Content-Length: 
      - "77"
      User-Agent: 
      - Ruby
  response: 
    status: 
      code: 200
      message: OK
    headers: 
      Date: 
      - Sun, 06 Jan 2013 11:49:53 GMT
      Server: 
      - Apache/2.2.22 (Fedora)
      Content-Length: 
      - "37"
      Connection: 
      - close
      Content-Type: 
      - application/json
    body: 
      encoding: US-ASCII
      string: "[\"integration_test_consumer_support\"]"
    http_version: 
  recorded_at: Sun, 06 Jan 2013 11:49:53 GMT
- request: 
    method: post
    uri: https://admin:admin@localhost/pulp/api/v2/consumer_groups/integration_test_consumer_group/actions/unassociate/
    body: 
      encoding: US-ASCII
      string: "{\"criteria\":{\"filters\":{\"id\":{\"$in\":[\"integration_test_consumer_support\"]}}}}"
    headers: 
      Accept: 
      - application/json
      Accept-Encoding: 
      - gzip, deflate
      Content-Type: 
      - application/json
      Content-Length: 
      - "77"
      User-Agent: 
      - Ruby
  response: 
    status: 
      code: 200
      message: OK
    headers: 
      Date: 
      - Sun, 06 Jan 2013 11:49:53 GMT
      Server: 
      - Apache/2.2.22 (Fedora)
      Content-Length: 
      - "37"
      Connection: 
      - close
      Content-Type: 
      - application/json
    body: 
      encoding: US-ASCII
      string: "[\"integration_test_consumer_support\"]"
    http_version: 
  recorded_at: Sun, 06 Jan 2013 11:49:53 GMT
- request: 
    method: delete
    uri: https://admin:admin@localhost/pulp/api/v2/consumer_groups/integration_test_consumer_group/
    body: 
      encoding: US-ASCII
      string: ""
    headers: 
      Accept: 
      - application/json
      Accept-Encoding: 
      - gzip, deflate
      Content-Type: 
      - application/json
      User-Agent: 
      - Ruby
  response: 
    status: 
      code: 200
      message: OK
    headers: 
      Date: 
      - Sun, 06 Jan 2013 11:49:53 GMT
      Server: 
      - Apache/2.2.22 (Fedora)
      Content-Length: 
      - "4"
      Connection: 
      - close
      Content-Type: 
      - application/json
    body: 
      encoding: US-ASCII
      string: "null"
    http_version: 
  recorded_at: Sun, 06 Jan 2013 11:49:54 GMT
recorded_with: VCR 2.2.5
