--- 
recorded_with: VCR 2.3.0
http_interactions: 
- request: 
    method: get
    uri: https://admin:admin@localhost/pulp/api/v2/consumer_groups/integration_test_consumer_group/
    body: 
      string: ""
    headers: 
      Content-Type: 
      - application/json
      Accept: 
      - application/json
      Accept-Encoding: 
      - gzip, deflate
  response: 
    status: 
      code: 200
      message: OK
    headers: 
      Content-Type: 
      - application/json
      Content-Length: 
      - "298"
      Server: 
      - Apache/2.2.22 (Fedora)
      Date: 
      - Fri, 16 Nov 2012 00:20:16 GMT
    body: 
      string: "{\"scratchpad\": null, \"display_name\": \"foo\", \"description\": \"Test description.\", \"_ns\": \"consumer_groups\", \"notes\": {}, \"consumer_ids\": [], \"_id\": {\"$oid\": \"50a586c09c60ed4335000383\"}, \"id\": \"integration_test_consumer_group\", \"_href\": \"/pulp/api/v2/consumer_groups/integration_test_consumer_group/\"}"
    http_version: 
  recorded_at: Fri, 16 Nov 2012 00:20:16 GMT
- request: 
    method: post
    uri: https://admin:admin@localhost/pulp/api/v2/consumer_groups/integration_test_consumer_group/actions/content/update//
    body: 
      string: "{\"options\":{},\"units\":{\"units\":[{\"unit_key\":{\"name\":\"zsh\"}}]}}"
    headers: 
      Content-Type: 
      - application/json
      Content-Length: 
      - "62"
      Accept: 
      - application/json
      Accept-Encoding: 
      - gzip, deflate
  response: 
    status: 
      code: 202
      message: Accepted
    headers: 
      Content-Type: 
      - application/json
      Content-Encoding: 
      - utf-8
      Content-Length: 
      - "516"
      Server: 
      - Apache/2.2.22 (Fedora)
      Date: 
      - Fri, 16 Nov 2012 00:20:38 GMT
    body: 
      string: "{\"task_group_id\": null, \"exception\": null, \"traceback\": null, \"_href\": \"/pulp/api/v2/tasks/0f7744d2-e00d-493c-a9ea-013fc7fcc778/\", \"task_id\": \"0f7744d2-e00d-493c-a9ea-013fc7fcc778\", \"call_request_tags\": [], \"reasons\": [], \"start_time\": null, \"tags\": [], \"state\": \"waiting\", \"finish_time\": null, \"dependency_failures\": {}, \"schedule_id\": null, \"progress\": {}, \"call_request_group_id\": null, \"call_request_id\": \"0f7744d2-e00d-493c-a9ea-013fc7fcc778\", \"principal_login\": \"admin\", \"response\": \"accepted\", \"result\": null}"
    http_version: 
  recorded_at: Fri, 16 Nov 2012 00:20:38 GMT
- request: 
    method: post
    uri: https://admin:admin@localhost/pulp/api/v2/consumer_groups/integration_test_consumer_group/actions/content/uninstall//
    body: 
      string: "{\"options\":{},\"units\":{\"units\":[{\"unit_key\":{\"name\":\"zsh\"}}]}}"
    headers: 
      Content-Type: 
      - application/json
      Content-Length: 
      - "62"
      Accept: 
      - application/json
      Accept-Encoding: 
      - gzip, deflate
  response: 
    status: 
      code: 202
      message: Accepted
    headers: 
      Content-Type: 
      - application/json
      Content-Encoding: 
      - utf-8
      Content-Length: 
      - "516"
      Server: 
      - Apache/2.2.22 (Fedora)
      Date: 
      - Fri, 16 Nov 2012 00:20:38 GMT
    body: 
      string: "{\"task_group_id\": null, \"exception\": null, \"traceback\": null, \"_href\": \"/pulp/api/v2/tasks/60802de8-bb3d-4d8e-80cb-44e303ad6bad/\", \"task_id\": \"60802de8-bb3d-4d8e-80cb-44e303ad6bad\", \"call_request_tags\": [], \"reasons\": [], \"start_time\": null, \"tags\": [], \"state\": \"waiting\", \"finish_time\": null, \"dependency_failures\": {}, \"schedule_id\": null, \"progress\": {}, \"call_request_group_id\": null, \"call_request_id\": \"60802de8-bb3d-4d8e-80cb-44e303ad6bad\", \"principal_login\": \"admin\", \"response\": \"accepted\", \"result\": null}"
    http_version: 
  recorded_at: Fri, 16 Nov 2012 00:20:39 GMT
- request: 
    method: post
    uri: https://admin:admin@localhost/pulp/api/v2/consumer_groups/integration_test_consumer_group/actions/content/install//
    body: 
      string: "{\"options\":{},\"units\":{\"units\":[{\"unit_key\":{\"name\":\"zsh\"}}]}}"
    headers: 
      Content-Type: 
      - application/json
      Content-Length: 
      - "62"
      Accept: 
      - application/json
      Accept-Encoding: 
      - gzip, deflate
  response: 
    status: 
      code: 202
      message: Accepted
    headers: 
      Content-Type: 
      - application/json
      Content-Encoding: 
      - utf-8
      Content-Length: 
      - "516"
      Server: 
      - Apache/2.2.22 (Fedora)
      Date: 
      - Fri, 16 Nov 2012 00:20:39 GMT
    body: 
      string: "{\"task_group_id\": null, \"exception\": null, \"traceback\": null, \"_href\": \"/pulp/api/v2/tasks/5fe85679-0da6-4c38-8891-011140bfe250/\", \"task_id\": \"5fe85679-0da6-4c38-8891-011140bfe250\", \"call_request_tags\": [], \"reasons\": [], \"start_time\": null, \"tags\": [], \"state\": \"waiting\", \"finish_time\": null, \"dependency_failures\": {}, \"schedule_id\": null, \"progress\": {}, \"call_request_group_id\": null, \"call_request_id\": \"5fe85679-0da6-4c38-8891-011140bfe250\", \"principal_login\": \"admin\", \"response\": \"accepted\", \"result\": null}"
    http_version: 
  recorded_at: Fri, 16 Nov 2012 00:20:39 GMT
- request: 
    method: post
    uri: https://admin:admin@localhost/pulp/api/v2/consumer_groups/
    body: 
      string: "{\"display_name\":\"foo\",\"id\":\"integration_test_consumer_group\",\"description\":\"Test description.\",\"consumer_ids\":[]}"
    headers: 
      Content-Type: 
      - application/json
      Content-Length: 
      - "113"
      Accept: 
      - application/json
      Accept-Encoding: 
      - gzip, deflate
  response: 
    status: 
      code: 201
      message: Created
    headers: 
      Content-Type: 
      - application/json
      Location: 
      - /pulp/api/v2/consumer_groups/integration_test_consumer_group/
      Content-Length: 
      - "298"
      Server: 
      - Apache/2.2.22 (Fedora)
      Date: 
      - Fri, 16 Nov 2012 00:20:42 GMT
    body: 
      string: "{\"scratchpad\": null, \"display_name\": \"foo\", \"description\": \"Test description.\", \"_ns\": \"consumer_groups\", \"notes\": {}, \"consumer_ids\": [], \"_id\": {\"$oid\": \"50a586da9c60ed4335000607\"}, \"id\": \"integration_test_consumer_group\", \"_href\": \"/pulp/api/v2/consumer_groups/integration_test_consumer_group/\"}"
    http_version: 
  recorded_at: Fri, 16 Nov 2012 00:20:42 GMT
- request: 
    method: post
    uri: https://admin:admin@localhost/pulp/api/v2/consumer_groups/integration_test_consumer_group/actions/associate/
    body: 
      string: "{\"criteria\":{\"filters\":{\"id\":{\"$in\":[\"integration_test_consumer_support\"]}}}}"
    headers: 
      Content-Type: 
      - application/json
      Content-Length: 
      - "77"
      Accept: 
      - application/json
      Accept-Encoding: 
      - gzip, deflate
  response: 
    status: 
      code: 200
      message: OK
    headers: 
      Content-Type: 
      - application/json
      Content-Length: 
      - "37"
      Server: 
      - Apache/2.2.22 (Fedora)
      Date: 
      - Fri, 16 Nov 2012 00:20:43 GMT
    body: 
      string: "[\"integration_test_consumer_support\"]"
    http_version: 
  recorded_at: Fri, 16 Nov 2012 00:20:43 GMT
- request: 
    method: post
    uri: https://admin:admin@localhost/pulp/api/v2/consumer_groups/integration_test_consumer_group/actions/unassociate/
    body: 
      string: "{\"criteria\":{\"filters\":{\"id\":{\"$in\":[\"integration_test_consumer_support\"]}}}}"
    headers: 
      Content-Type: 
      - application/json
      Content-Length: 
      - "77"
      Accept: 
      - application/json
      Accept-Encoding: 
      - gzip, deflate
  response: 
    status: 
      code: 200
      message: OK
    headers: 
      Content-Type: 
      - application/json
      Content-Length: 
      - "37"
      Server: 
      - Apache/2.2.22 (Fedora)
      Date: 
      - Fri, 16 Nov 2012 00:20:43 GMT
    body: 
      string: "[\"integration_test_consumer_support\"]"
    http_version: 
  recorded_at: Fri, 16 Nov 2012 00:20:44 GMT
- request: 
    method: delete
    uri: https://admin:admin@localhost/pulp/api/v2/consumer_groups/integration_test_consumer_group/
    body: 
      string: ""
    headers: 
      Content-Type: 
      - application/json
      Accept: 
      - application/json
      Accept-Encoding: 
      - gzip, deflate
  response: 
    status: 
      code: 200
      message: OK
    headers: 
      Content-Type: 
      - application/json
      Content-Length: 
      - "4"
      Server: 
      - Apache/2.2.22 (Fedora)
      Date: 
      - Fri, 16 Nov 2012 00:20:44 GMT
    body: 
      string: "null"
    http_version: 
  recorded_at: Fri, 16 Nov 2012 00:20:44 GMT
