--- 
http_interactions: 
- request: 
    method: post
    uri: https://admin:oDkT6iqqnlAIkZI7zLzdr%2BNkZME93kCO@dhcp129-181.rdu.redhat.com/pulp/api/v2/events/
    body: 
      encoding: US-ASCII
      string: "{\"notifier_type_id\":\"http\",\"notifier_config\":{\"url\":\"http://foo.com/foo/\"},\"event_types\":[\"repo.publish.finish\"]}"
    headers: 
      Accept: 
      - application/json
      Accept-Encoding: 
      - gzip, deflate
      Content-Type: 
      - application/json
      Content-Length: 
      - "113"
      User-Agent: 
      - Ruby
  response: 
    status: 
      code: 201
      message: Created
    headers: 
      Date: 
      - Tue, 23 Apr 2013 17:49:41 GMT
      Server: 
      - Apache/2.2.15 (Red Hat)
      Location: 
      - /pulp/api/v2/events/5176c9b53cbbb5206800234f/
      Content-Length: 
      - "282"
      Content-Type: 
      - application/json
    body: 
      encoding: US-ASCII
      string: "{\"notifier_config\": {\"url\": \"http://foo.com/foo/\"}, \"_ns\": \"event_listeners\", \"event_types\": [\"repo.publish.finish\"], \"_id\": {\"$oid\": \"5176c9b53cbbb5206800234f\"}, \"id\": \"5176c9b53cbbb5206800234f\", \"notifier_type_id\": \"http\", \"_href\": \"/pulp/api/v2/events/5176c9b53cbbb5206800234f/\"}"
    http_version: 
  recorded_at: Tue, 23 Apr 2013 17:49:41 GMT
- request: 
    method: get
    uri: https://admin:oDkT6iqqnlAIkZI7zLzdr%2BNkZME93kCO@dhcp129-181.rdu.redhat.com/pulp/api/v2/events/
    body: 
      encoding: US-ASCII
      string: ""
    headers: 
      Accept: 
      - application/json
      Accept-Encoding: 
      - gzip, deflate
      Content-Type: 
      - application/json
      User-Agent: 
      - Ruby
  response: 
    status: 
      code: 200
      message: OK
    headers: 
      Date: 
      - Tue, 23 Apr 2013 17:49:41 GMT
      Server: 
      - Apache/2.2.15 (Red Hat)
      Content-Length: 
      - "556"
      Content-Type: 
      - application/json
    body: 
      encoding: US-ASCII
      string: "[{\"notifier_config\": {\"url\": \"http://localhost:3000/katello/api/repositories/sync_complete\"}, \"_ns\": \"event_listeners\", \"event_types\": [\"repo.sync.finish\"], \"_id\": {\"$oid\": \"517698a93cbbb511f8000030\"}, \"id\": \"517698a93cbbb511f8000030\", \"notifier_type_id\": \"http\", \"_href\": \"/pulp/api/v2/events/\"}, {\"notifier_config\": {\"url\": \"http://foo.com/foo/\"}, \"_ns\": \"event_listeners\", \"event_types\": [\"repo.publish.finish\"], \"_id\": {\"$oid\": \"5176c9b53cbbb5206800234f\"}, \"id\": \"5176c9b53cbbb5206800234f\", \"notifier_type_id\": \"http\", \"_href\": \"/pulp/api/v2/events/\"}]"
    http_version: 
  recorded_at: Tue, 23 Apr 2013 17:49:42 GMT
- request: 
    method: delete
    uri: https://admin:oDkT6iqqnlAIkZI7zLzdr%2BNkZME93kCO@dhcp129-181.rdu.redhat.com/pulp/api/v2/events/5176c9b53cbbb5206800234f/
    body: 
      encoding: US-ASCII
      string: ""
    headers: 
      Accept: 
      - application/json
      Accept-Encoding: 
      - gzip, deflate
      Content-Type: 
      - application/json
      User-Agent: 
      - Ruby
  response: 
    status: 
      code: 200
      message: OK
    headers: 
      Date: 
      - Tue, 23 Apr 2013 17:49:42 GMT
      Server: 
      - Apache/2.2.15 (Red Hat)
      Content-Length: 
      - "4"
      Content-Type: 
      - application/json
    body: 
      encoding: US-ASCII
      string: "null"
    http_version: 
  recorded_at: Tue, 23 Apr 2013 17:49:42 GMT
recorded_with: VCR 2.4.0
