--- 
recorded_with: VCR 2.4.0
http_interactions: 
- request: 
    method: post
    uri: https://admin:admin@localhost/pulp/api/v2/events/
    body: 
      string: "{\"event_types\":[\"repo.publish.finish\"],\"notifier_type_id\":\"http\",\"notifier_config\":{\"url\":\"http://foo.com/foo/\"}}"
    headers: 
      Content-Length: 
      - "113"
      Accept-Encoding: 
      - gzip, deflate
      Accept: 
      - application/json
      Content-Type: 
      - application/json
  response: 
    status: 
      code: 201
      message: Created
    headers: 
      Content-Length: 
      - "282"
      Server: 
      - Apache/2.2.22 (Fedora)
      Location: 
      - /pulp/api/v2/events/50feebe8196cbe0dcc0006ca/
      Date: 
      - Tue, 22 Jan 2013 19:43:36 GMT
      Content-Type: 
      - application/json
    body: 
      string: "{\"notifier_config\": {\"url\": \"http://foo.com/foo/\"}, \"_ns\": \"event_listeners\", \"event_types\": [\"repo.publish.finish\"], \"_id\": {\"$oid\": \"50feebe8196cbe0dcc0006ca\"}, \"id\": \"50feebe8196cbe0dcc0006ca\", \"notifier_type_id\": \"http\", \"_href\": \"/pulp/api/v2/events/50feebe8196cbe0dcc0006ca/\"}"
    http_version: 
  recorded_at: Tue, 22 Jan 2013 19:43:36 GMT
- request: 
    method: delete
    uri: https://admin:admin@localhost/pulp/api/v2/events/50feebe8196cbe0dcc0006ca/
    body: 
      string: ""
    headers: 
      Accept-Encoding: 
      - gzip, deflate
      Accept: 
      - application/json
      Content-Type: 
      - application/json
  response: 
    status: 
      code: 200
      message: OK
    headers: 
      Content-Length: 
      - "4"
      Server: 
      - Apache/2.2.22 (Fedora)
      Date: 
      - Tue, 22 Jan 2013 19:43:36 GMT
      Content-Type: 
      - application/json
    body: 
      string: "null"
    http_version: 
  recorded_at: Tue, 22 Jan 2013 19:43:36 GMT
- request: 
    method: get
    uri: https://admin:admin@localhost/pulp/api/v2/events/
    body: 
      string: ""
    headers: 
      Accept-Encoding: 
      - gzip, deflate
      Accept: 
      - application/json
      Content-Type: 
      - application/json
  response: 
    status: 
      code: 200
      message: OK
    headers: 
      Content-Length: 
      - "239"
      Server: 
      - Apache/2.2.22 (Fedora)
      Date: 
      - Tue, 22 Jan 2013 19:43:36 GMT
      Content-Type: 
      - application/json
    body: 
      string: "[{\"notifier_config\": {\"url\": null}, \"_ns\": \"event_listeners\", \"event_types\": [\"repo.sync.finish\"], \"_id\": {\"$oid\": \"50feeb20196cbe0dcc000030\"}, \"id\": \"50feeb20196cbe0dcc000030\", \"notifier_type_id\": \"http\", \"_href\": \"/pulp/api/v2/events/\"}]"
    http_version: 
  recorded_at: Tue, 22 Jan 2013 19:43:36 GMT
