---
http_interactions:
- request:
    method: post
    uri: https://admin:admin@kafka.usersys.redhat.com/pulp/api/v2/events/
    body:
      encoding: UTF-8
      string: '{"notifier_type_id":"http","notifier_config":{"url":"http://foo.com/foo/"},"event_types":["repo.publish.finish"]}'
    headers:
      Accept:
      - application/json
      Accept-Encoding:
      - gzip, deflate
      Content-Type:
      - application/json
      Content-Length:
      - '113'
      User-Agent:
      - Ruby
  response:
    status:
      code: 201
      message: Created
    headers:
      Date:
      - Tue, 30 Jul 2013 18:32:13 GMT
      Server:
      - Apache/2.4.4 (Fedora) OpenSSL/1.0.1e-fips mod_wsgi/3.4 Python/2.7.3
      Location:
      - /pulp/api/v2/events/51f806ad196cbe402b598006/
      Content-Length:
      - '282'
      Content-Type:
      - application/json
    body:
      encoding: UTF-8
      string: '{"notifier_config": {"url": "http://foo.com/foo/"}, "_ns": "event_listeners",
        "event_types": ["repo.publish.finish"], "_id": {"$oid": "51f806ad196cbe402b598006"},
        "id": "51f806ad196cbe402b598006", "notifier_type_id": "http", "_href": "/pulp/api/v2/events/51f806ad196cbe402b598006/"}'
    http_version: 
  recorded_at: Tue, 30 Jul 2013 18:32:13 GMT
- request:
    method: get
    uri: https://admin:admin@kafka.usersys.redhat.com/pulp/api/v2/events/
    body:
      encoding: US-ASCII
      string: ''
    headers:
      Accept:
      - application/json
      Accept-Encoding:
      - gzip, deflate
      Content-Type:
      - application/json
      User-Agent:
      - Ruby
  response:
    status:
      code: 200
      message: OK
    headers:
      Date:
      - Tue, 30 Jul 2013 18:32:13 GMT
      Server:
      - Apache/2.4.4 (Fedora) OpenSSL/1.0.1e-fips mod_wsgi/3.4 Python/2.7.3
      Content-Length:
      - '556'
      Content-Type:
      - application/json
    body:
      encoding: UTF-8
      string: '[{"notifier_config": {"url": "http://localhost:3000/katello/api/repositories/sync_complete"},
        "_ns": "event_listeners", "event_types": ["repo.sync.finish"], "_id": {"$oid":
        "51f80514196cbe402b5976d6"}, "id": "51f80514196cbe402b5976d6", "notifier_type_id":
        "http", "_href": "/pulp/api/v2/events/"}, {"notifier_config": {"url": "http://foo.com/foo/"},
        "_ns": "event_listeners", "event_types": ["repo.publish.finish"], "_id": {"$oid":
        "51f806ad196cbe402b598006"}, "id": "51f806ad196cbe402b598006", "notifier_type_id":
        "http", "_href": "/pulp/api/v2/events/"}]'
    http_version: 
  recorded_at: Tue, 30 Jul 2013 18:32:13 GMT
- request:
    method: delete
    uri: https://admin:admin@kafka.usersys.redhat.com/pulp/api/v2/events/51f806ad196cbe402b598006/
    body:
      encoding: US-ASCII
      string: ''
    headers:
      Accept:
      - application/json
      Accept-Encoding:
      - gzip, deflate
      Content-Type:
      - application/json
      User-Agent:
      - Ruby
  response:
    status:
      code: 200
      message: OK
    headers:
      Date:
      - Tue, 30 Jul 2013 18:32:13 GMT
      Server:
      - Apache/2.4.4 (Fedora) OpenSSL/1.0.1e-fips mod_wsgi/3.4 Python/2.7.3
      Content-Length:
      - '4'
      Content-Type:
      - application/json
    body:
      encoding: UTF-8
      string: 'null'
    http_version: 
  recorded_at: Tue, 30 Jul 2013 18:32:13 GMT
recorded_with: VCR 2.5.0
