--- 
http_interactions: 
- request: 
    method: post
    uri: https://admin:nuN2FAe%2B2JpPGJRYZmDTeMYpOgC9Dy1h@abed.usersys.redhat.com/pulp/api/v2/repositories/search/
    body: 
      encoding: US-ASCII
      string: "{\"criteria\":{}}"
    headers: 
      Accept: 
      - application/json
      Accept-Encoding: 
      - gzip, deflate
      Content-Type: 
      - application/json
      Content-Length: 
      - "15"
      User-Agent: 
      - Ruby
  response: 
    status: 
      code: 200
      message: OK
    headers: 
      Date: 
      - Mon, 25 Mar 2013 21:14:14 GMT
      Server: 
      - Apache/2.2.15 (Red Hat)
      Content-Length: 
      - "251"
      Content-Type: 
      - application/json
    body: 
      encoding: US-ASCII
      string: "[{\"display_name\": \"integration_test_id\", \"description\": null, \"_ns\": \"repos\", \"notes\": {}, \"content_unit_counts\": {}, \"_id\": {\"$oid\": \"5150be265ca0133d080025f3\"}, \"id\": \"integration_test_id\", \"_href\": \"/pulp/api/v2/repositories/integration_test_id/\"}]"
    http_version: 
  recorded_at: Mon, 25 Mar 2013 21:14:15 GMT
- request: 
    method: put
    uri: https://admin:nuN2FAe%2B2JpPGJRYZmDTeMYpOgC9Dy1h@abed.usersys.redhat.com/pulp/api/v2/repositories/integration_test_id/
    body: 
      encoding: US-ASCII
      string: "{\"delta\":{\"description\":\"updated_description_integration_test_id\"}}"
    headers: 
      Accept: 
      - application/json
      Accept-Encoding: 
      - gzip, deflate
      Content-Type: 
      - application/json
      Content-Length: 
      - "67"
      User-Agent: 
      - Ruby
  response: 
    status: 
      code: 200
      message: OK
    headers: 
      Date: 
      - Mon, 25 Mar 2013 21:14:15 GMT
      Server: 
      - Apache/2.2.15 (Red Hat)
      Content-Length: 
      - "304"
      Content-Type: 
      - application/json
    body: 
      encoding: US-ASCII
      string: "{\"scratchpad\": {}, \"display_name\": \"integration_test_id\", \"description\": \"updated_description_integration_test_id\", \"_ns\": \"repos\", \"notes\": {}, \"content_unit_counts\": {}, \"_id\": {\"$oid\": \"5150be265ca0133d080025f3\"}, \"id\": \"integration_test_id\", \"_href\": \"/pulp/api/v2/repositories/integration_test_id/\"}"
    http_version: 
  recorded_at: Mon, 25 Mar 2013 21:14:15 GMT
- request: 
    method: delete
    uri: https://admin:nuN2FAe%2B2JpPGJRYZmDTeMYpOgC9Dy1h@abed.usersys.redhat.com/pulp/api/v2/repositories/integration_test_id//distributors/dist_1/
    body: 
      encoding: US-ASCII
      string: ""
    headers: 
      Accept: 
      - application/json
      Accept-Encoding: 
      - gzip, deflate
      Content-Type: 
      - application/json
      User-Agent: 
      - Ruby
  response: 
    status: 
      code: 202
      message: Accepted
    headers: 
      Date: 
      - Mon, 25 Mar 2013 21:14:15 GMT
      Server: 
      - Apache/2.2.15 (Red Hat)
      Content-Encoding: 
      - utf-8
      Content-Length: 
      - "810"
      Content-Type: 
      - application/json
    body: 
      encoding: US-ASCII
      string: "[{\"task_group_id\": \"f95e53d5-c5f4-4341-b0eb-f2c91aa8a784\", \"exception\": null, \"traceback\": null, \"_href\": \"/pulp/api/v2/task_groups/f95e53d5-c5f4-4341-b0eb-f2c91aa8a784/\", \"task_id\": \"24beda6a-8fda-40a2-b430-3233e6685d30\", \"call_request_tags\": [\"pulp:repository:integration_test_id\", \"pulp:repository_distributor:dist_1\", \"pulp:action:remove_distributor\"], \"reasons\": [], \"start_time\": null, \"tags\": [\"pulp:repository:integration_test_id\", \"pulp:repository_distributor:dist_1\", \"pulp:action:remove_distributor\"], \"state\": \"waiting\", \"finish_time\": null, \"dependency_failures\": {}, \"schedule_id\": null, \"progress\": {}, \"call_request_group_id\": \"f95e53d5-c5f4-4341-b0eb-f2c91aa8a784\", \"call_request_id\": \"24beda6a-8fda-40a2-b430-3233e6685d30\", \"principal_login\": \"admin\", \"response\": \"accepted\", \"result\": null}]"
    http_version: 
  recorded_at: Mon, 25 Mar 2013 21:14:15 GMT
- request: 
    method: get
    uri: https://admin:nuN2FAe%2B2JpPGJRYZmDTeMYpOgC9Dy1h@abed.usersys.redhat.com/pulp/api/v2/repositories/
    body: 
      encoding: US-ASCII
      string: ""
    headers: 
      Accept: 
      - application/json
      Accept-Encoding: 
      - gzip, deflate
      Content-Type: 
      - application/json
      User-Agent: 
      - Ruby
  response: 
    status: 
      code: 200
      message: OK
    headers: 
      Date: 
      - Mon, 25 Mar 2013 21:14:17 GMT
      Server: 
      - Apache/2.2.15 (Red Hat)
      Content-Length: 
      - "288"
      Content-Type: 
      - application/json
    body: 
      encoding: US-ASCII
      string: "[{\"display_name\": \"integration_test_id\", \"description\": \"updated_description_integration_test_id\", \"_ns\": \"repos\", \"notes\": {}, \"content_unit_counts\": {}, \"_id\": {\"$oid\": \"5150be265ca0133d080025f3\"}, \"id\": \"integration_test_id\", \"_href\": \"/pulp/api/v2/repositories/integration_test_id/\"}]"
    http_version: 
  recorded_at: Mon, 25 Mar 2013 21:14:17 GMT
- request: 
    method: get
    uri: https://admin:nuN2FAe%2B2JpPGJRYZmDTeMYpOgC9Dy1h@abed.usersys.redhat.com/pulp/api/v2/repositories/integration_test_id/?
    body: 
      encoding: US-ASCII
      string: ""
    headers: 
      Accept: 
      - application/json
      Accept-Encoding: 
      - gzip, deflate
      Content-Type: 
      - application/json
      User-Agent: 
      - Ruby
  response: 
    status: 
      code: 200
      message: OK
    headers: 
      Date: 
      - Mon, 25 Mar 2013 21:14:17 GMT
      Server: 
      - Apache/2.2.15 (Red Hat)
      Content-Length: 
      - "304"
      Content-Type: 
      - application/json
    body: 
      encoding: US-ASCII
      string: "{\"scratchpad\": {}, \"display_name\": \"integration_test_id\", \"description\": \"updated_description_integration_test_id\", \"_ns\": \"repos\", \"notes\": {}, \"content_unit_counts\": {}, \"_id\": {\"$oid\": \"5150be265ca0133d080025f3\"}, \"id\": \"integration_test_id\", \"_href\": \"/pulp/api/v2/repositories/integration_test_id/\"}"
    http_version: 
  recorded_at: Mon, 25 Mar 2013 21:14:17 GMT
- request: 
    method: post
    uri: https://admin:nuN2FAe%2B2JpPGJRYZmDTeMYpOgC9Dy1h@abed.usersys.redhat.com/pulp/api/v2/repositories/integration_test_id/distributors/
    body: 
      encoding: US-ASCII
      string: "{\"distributor_type_id\":\"yum_distributor\",\"distributor_config\":{\"relative_url\":\"/\",\"http\":true,\"https\":true}}"
    headers: 
      Accept: 
      - application/json
      Accept-Encoding: 
      - gzip, deflate
      Content-Type: 
      - application/json
      Content-Length: 
      - "108"
      User-Agent: 
      - Ruby
  response: 
    status: 
      code: 201
      message: Created
    headers: 
      Date: 
      - Mon, 25 Mar 2013 21:14:17 GMT
      Server: 
      - Apache/2.2.15 (Red Hat)
      Location: 
      - None
      Content-Length: 
      - "349"
      Content-Type: 
      - application/json
    body: 
      encoding: US-ASCII
      string: "{\"repo_id\": \"integration_test_id\", \"_ns\": \"repo_distributors\", \"last_publish\": null, \"auto_publish\": false, \"scheduled_publishes\": [], \"distributor_type_id\": \"yum_distributor\", \"scratchpad\": null, \"_id\": {\"$oid\": \"5150be295ca0133d0800261e\"}, \"config\": {\"http\": true, \"https\": true, \"relative_url\": \"/\"}, \"id\": \"dc850925-de24-4d65-b6e3-7088eef3e2e5\"}"
    http_version: 
  recorded_at: Mon, 25 Mar 2013 21:14:17 GMT
- request: 
    method: post
    uri: https://admin:nuN2FAe%2B2JpPGJRYZmDTeMYpOgC9Dy1h@abed.usersys.redhat.com/pulp/api/v2/repositories/integration_test_id/importers/
    body: 
      encoding: US-ASCII
      string: "{\"id\":\"integration_test_id\",\"importer_type_id\":\"yum_importer\",\"importer_config\":{}}"
    headers: 
      Accept: 
      - application/json
      Accept-Encoding: 
      - gzip, deflate
      Content-Type: 
      - application/json
      Content-Length: 
      - "83"
      User-Agent: 
      - Ruby
  response: 
    status: 
      code: 201
      message: Created
    headers: 
      Date: 
      - Mon, 25 Mar 2013 21:14:17 GMT
      Server: 
      - Apache/2.2.15 (Red Hat)
      Location: 
      - importer
      Content-Length: 
      - "238"
      Content-Type: 
      - application/json
    body: 
      encoding: US-ASCII
      string: "{\"repo_id\": \"integration_test_id\", \"_ns\": \"repo_importers\", \"importer_type_id\": \"yum_importer\", \"last_sync\": null, \"scheduled_syncs\": [], \"scratchpad\": null, \"_id\": {\"$oid\": \"5150be295ca0133d08002627\"}, \"config\": {}, \"id\": \"yum_importer\"}"
    http_version: 
  recorded_at: Mon, 25 Mar 2013 21:14:17 GMT
- request: 
    method: post
    uri: https://admin:nuN2FAe%2B2JpPGJRYZmDTeMYpOgC9Dy1h@abed.usersys.redhat.com/pulp/api/v2/repositories/
    body: 
      encoding: US-ASCII
      string: "{\"id\":\"integration_test_id_clone\",\"importer_type_id\":\"yum_importer\",\"importer_config\":{}}"
    headers: 
      Accept: 
      - application/json
      Accept-Encoding: 
      - gzip, deflate
      Content-Type: 
      - application/json
      Content-Length: 
      - "89"
      User-Agent: 
      - Ruby
  response: 
    status: 
      code: 201
      message: Created
    headers: 
      Date: 
      - Mon, 25 Mar 2013 21:14:23 GMT
      Server: 
      - Apache/2.2.15 (Red Hat)
      Location: 
      - integration_test_id_clone
      Content-Length: 
      - "285"
      Content-Type: 
      - application/json
    body: 
      encoding: US-ASCII
      string: "{\"scratchpad\": {}, \"display_name\": \"integration_test_id_clone\", \"description\": null, \"_ns\": \"repos\", \"notes\": {}, \"content_unit_counts\": {}, \"_id\": {\"$oid\": \"5150be2f5ca0133d08002669\"}, \"id\": \"integration_test_id_clone\", \"_href\": \"/pulp/api/v2/repositories/integration_test_id_clone/\"}"
    http_version: 
  recorded_at: Mon, 25 Mar 2013 21:14:23 GMT
- request: 
    method: post
    uri: https://admin:nuN2FAe%2B2JpPGJRYZmDTeMYpOgC9Dy1h@abed.usersys.redhat.com/pulp/api/v2/repositories/integration_test_id_clone/actions/associate/
    body: 
      encoding: US-ASCII
      string: "{\"source_repo_id\":\"integration_test_id\"}"
    headers: 
      Accept: 
      - application/json
      Accept-Encoding: 
      - gzip, deflate
      Content-Type: 
      - application/json
      Content-Length: 
      - "40"
      User-Agent: 
      - Ruby
  response: 
    status: 
      code: 202
      message: Accepted
    headers: 
      Date: 
      - Mon, 25 Mar 2013 21:14:23 GMT
      Server: 
      - Apache/2.2.15 (Red Hat)
      Content-Encoding: 
      - utf-8
      Content-Length: 
      - "730"
      Content-Type: 
      - application/json
    body: 
      encoding: US-ASCII
      string: "{\"task_group_id\": null, \"exception\": null, \"traceback\": null, \"_href\": \"/pulp/api/v2/tasks/164bcd54-d16c-4fba-b502-9005a55d512e/\", \"task_id\": \"164bcd54-d16c-4fba-b502-9005a55d512e\", \"call_request_tags\": [\"pulp:repository:integration_test_id_clone\", \"pulp:repository:integration_test_id\", \"pulp:action:associate\"], \"reasons\": [], \"start_time\": null, \"tags\": [\"pulp:repository:integration_test_id_clone\", \"pulp:repository:integration_test_id\", \"pulp:action:associate\"], \"state\": \"waiting\", \"finish_time\": null, \"dependency_failures\": {}, \"schedule_id\": null, \"progress\": {}, \"call_request_group_id\": null, \"call_request_id\": \"164bcd54-d16c-4fba-b502-9005a55d512e\", \"principal_login\": \"admin\", \"response\": \"accepted\", \"result\": null}"
    http_version: 
  recorded_at: Mon, 25 Mar 2013 21:14:23 GMT
- request: 
    method: delete
    uri: https://admin:nuN2FAe%2B2JpPGJRYZmDTeMYpOgC9Dy1h@abed.usersys.redhat.com/pulp/api/v2/repositories/integration_test_id/
    body: 
      encoding: US-ASCII
      string: ""
    headers: 
      Accept: 
      - application/json
      Accept-Encoding: 
      - gzip, deflate
      Content-Type: 
      - application/json
      User-Agent: 
      - Ruby
  response: 
    status: 
      code: 202
      message: Accepted
    headers: 
      Date: 
      - Mon, 25 Mar 2013 21:14:39 GMT
      Server: 
      - Apache/2.2.15 (Red Hat)
      Content-Encoding: 
      - utf-8
      Content-Length: 
      - "710"
      Content-Type: 
      - application/json
    body: 
      encoding: US-ASCII
      string: "[{\"task_group_id\": \"b7513c3f-a054-4c78-8bd1-4f743edd69e9\", \"exception\": null, \"traceback\": null, \"_href\": \"/pulp/api/v2/task_groups/b7513c3f-a054-4c78-8bd1-4f743edd69e9/\", \"task_id\": \"10221c66-cd6e-4c18-a1ad-8e75867074bd\", \"call_request_tags\": [\"pulp:repository:integration_test_id\", \"pulp:action:delete\"], \"reasons\": [], \"start_time\": null, \"tags\": [\"pulp:repository:integration_test_id\", \"pulp:action:delete\"], \"state\": \"waiting\", \"finish_time\": null, \"dependency_failures\": {}, \"schedule_id\": null, \"progress\": {}, \"call_request_group_id\": \"b7513c3f-a054-4c78-8bd1-4f743edd69e9\", \"call_request_id\": \"10221c66-cd6e-4c18-a1ad-8e75867074bd\", \"principal_login\": \"admin\", \"response\": \"accepted\", \"result\": null}]"
    http_version: 
  recorded_at: Mon, 25 Mar 2013 21:14:39 GMT
- request: 
    method: get
    uri: https://admin:nuN2FAe%2B2JpPGJRYZmDTeMYpOgC9Dy1h@abed.usersys.redhat.com/pulp/api/v2/repositories/integration_test_id/?details=true
    body: 
      encoding: US-ASCII
      string: ""
    headers: 
      Accept: 
      - application/json
      Accept-Encoding: 
      - gzip, deflate
      Content-Type: 
      - application/json
      User-Agent: 
      - Ruby
  response: 
    status: 
      code: 200
      message: OK
    headers: 
      Date: 
      - Mon, 25 Mar 2013 21:14:44 GMT
      Server: 
      - Apache/2.2.15 (Red Hat)
      Content-Length: 
      - "1067"
      Content-Type: 
      - application/json
    body: 
      encoding: US-ASCII
      string: "{\"scratchpad\": {\"checksum_type\": \"sha256\", \"repodata\": {}}, \"display_name\": \"integration_test_id\", \"description\": null, \"_ns\": \"repos\", \"notes\": {}, \"content_unit_counts\": {\"package_group\": 2, \"distribution\": 1, \"package_category\": 1, \"rpm\": 8, \"erratum\": 2}, \"_id\": {\"$oid\": \"5150be415ca0133d0800273a\"}, \"id\": \"integration_test_id\", \"_href\": \"/pulp/api/v2/repositories/integration_test_id/\", \"importers\": [{\"repo_id\": \"integration_test_id\", \"_ns\": \"repo_importers\", \"importer_type_id\": \"yum_importer\", \"last_sync\": \"2013-03-25T17:14:42-04:00\", \"scheduled_syncs\": [], \"_id\": {\"$oid\": \"5150be415ca0133d0800273b\"}, \"config\": {\"feed_url\": \"file:///home/jlsherri/git/runcible/test/fixtures/repositories/zoo5\"}, \"id\": \"yum_importer\"}], \"distributors\": [{\"repo_id\": \"integration_test_id\", \"_ns\": \"repo_distributors\", \"last_publish\": null, \"auto_publish\": false, \"scheduled_publishes\": [], \"distributor_type_id\": \"yum_distributor\", \"_id\": {\"$oid\": \"5150be415ca0133d0800273c\"}, \"config\": {\"http\": true, \"relative_url\": \"/path\", \"https\": true}, \"id\": \"057d4389098833ca018f\"}]}"
    http_version: 
  recorded_at: Mon, 25 Mar 2013 21:14:44 GMT
- request: 
    method: post
    uri: https://admin:nuN2FAe%2B2JpPGJRYZmDTeMYpOgC9Dy1h@abed.usersys.redhat.com/pulp/api/v2/repositories/integration_test_id/actions/publish/
    body: 
      encoding: US-ASCII
      string: "{\"id\":{\"repo_id\":\"integration_test_id\",\"_ns\":\"repo_distributors\",\"last_publish\":null,\"auto_publish\":false,\"scheduled_publishes\":[],\"distributor_type_id\":\"yum_distributor\",\"_id\":{\"$oid\":\"5150be415ca0133d0800273c\"},\"config\":{\"http\":true,\"relative_url\":\"/path\",\"https\":true},\"id\":\"057d4389098833ca018f\"}}"
    headers: 
      Accept: 
      - application/json
      Accept-Encoding: 
      - gzip, deflate
      Content-Type: 
      - application/json
      Content-Length: 
      - "301"
      User-Agent: 
      - Ruby
  response: 
    status: 
      code: 202
      message: Accepted
    headers: 
      Date: 
      - Mon, 25 Mar 2013 21:14:44 GMT
      Server: 
      - Apache/2.2.15 (Red Hat)
      Content-Encoding: 
      - utf-8
      Content-Length: 
      - "636"
      Content-Type: 
      - application/json
    body: 
      encoding: US-ASCII
      string: "{\"task_group_id\": null, \"exception\": null, \"traceback\": null, \"_href\": \"/pulp/api/v2/tasks/f1a9fb60-f63f-4cc7-8786-aa4f569ac16a/\", \"task_id\": \"f1a9fb60-f63f-4cc7-8786-aa4f569ac16a\", \"call_request_tags\": [\"pulp:repository:integration_test_id\", \"pulp:action:publish\"], \"reasons\": [], \"start_time\": null, \"tags\": [\"pulp:repository:integration_test_id\", \"pulp:action:publish\"], \"state\": \"waiting\", \"finish_time\": null, \"dependency_failures\": {}, \"schedule_id\": null, \"progress\": {}, \"call_request_group_id\": null, \"call_request_id\": \"f1a9fb60-f63f-4cc7-8786-aa4f569ac16a\", \"principal_login\": \"admin\", \"response\": \"accepted\", \"result\": null}"
    http_version: 
  recorded_at: Mon, 25 Mar 2013 21:14:44 GMT
- request: 
    method: post
    uri: https://admin:nuN2FAe%2B2JpPGJRYZmDTeMYpOgC9Dy1h@abed.usersys.redhat.com/pulp/api/v2/repositories/integration_test_id/actions/unassociate/
    body: 
      encoding: US-ASCII
      string: "{\"criteria\":{}}"
    headers: 
      Accept: 
      - application/json
      Accept-Encoding: 
      - gzip, deflate
      Content-Type: 
      - application/json
      Content-Length: 
      - "15"
      User-Agent: 
      - Ruby
  response: 
    status: 
      code: 202
      message: Accepted
    headers: 
      Date: 
      - Mon, 25 Mar 2013 21:14:52 GMT
      Server: 
      - Apache/2.2.15 (Red Hat)
      Content-Encoding: 
      - utf-8
      Content-Length: 
      - "644"
      Content-Type: 
      - application/json
    body: 
      encoding: US-ASCII
      string: "{\"task_group_id\": null, \"exception\": null, \"traceback\": null, \"_href\": \"/pulp/api/v2/tasks/90b30657-25d7-4a2e-9324-261cef7acc83/\", \"task_id\": \"90b30657-25d7-4a2e-9324-261cef7acc83\", \"call_request_tags\": [\"pulp:repository:integration_test_id\", \"pulp:action:unassociate\"], \"reasons\": [], \"start_time\": null, \"tags\": [\"pulp:repository:integration_test_id\", \"pulp:action:unassociate\"], \"state\": \"waiting\", \"finish_time\": null, \"dependency_failures\": {}, \"schedule_id\": null, \"progress\": {}, \"call_request_group_id\": null, \"call_request_id\": \"90b30657-25d7-4a2e-9324-261cef7acc83\", \"principal_login\": \"admin\", \"response\": \"accepted\", \"result\": null}"
    http_version: 
  recorded_at: Mon, 25 Mar 2013 21:14:52 GMT
- request: 
    method: post
    uri: https://admin:nuN2FAe%2B2JpPGJRYZmDTeMYpOgC9Dy1h@abed.usersys.redhat.com/pulp/api/v2/repositories/integration_test_id/search/units/
    body: 
      encoding: US-ASCII
      string: "{\"criteria\":{}}"
    headers: 
      Accept: 
      - application/json
      Accept-Encoding: 
      - gzip, deflate
      Content-Type: 
      - application/json
      Content-Length: 
      - "15"
      User-Agent: 
      - Ruby
  response: 
    status: 
      code: 200
      message: OK
    headers: 
      Date: 
      - Mon, 25 Mar 2013 21:15:00 GMT
      Server: 
      - Apache/2.2.15 (Red Hat)
      Content-Length: 
      - "29009"
      Content-Type: 
      - application/json
    body: 
      encoding: US-ASCII
      string: "[{\"updated\": \"2013-03-26T01:14:58Z\", \"repo_id\": \"integration_test_id\", \"created\": \"2013-03-26T01:14:58Z\", \"_ns\": \"repo_content_units\", \"unit_id\": \"0d887999-7f2d-4911-85a6-9c48782c5675\", \"unit_type_id\": \"distribution\", \"owner_type\": \"importer\", \"_id\": {\"$oid\": \"5150be525ca0133d080027dd\"}, \"id\": \"5150be525ca0133d080027dd\", \"owner_id\": \"yum_importer\", \"metadata\": {\"files\": [{\"checksumtype\": \"sha256\", \"relativepath\": \"images/test2.img\", \"fileName\": \"test2.img\", \"downloadurl\": \"file:///home/jlsherri/git/runcible/test/fixtures/repositories/zoo5/images/test2.img\", \"item_type\": \"tree_file\", \"savepath\": \"/var/lib/pulp/working/repos/integration_test_id/importers/yum_importer/integration_test_id/images\", \"checksum\": \"e3b0c44298fc1c149afbf4c8996fb92427ae41e4649b934ca495991b7852b855\", \"filename\": \"test2.img\", \"pkgpath\": \"/var/lib/pulp/content/distribution/ks-Test Family-TestVariant-16-x86_64/images\", \"size\": 0}, {\"checksumtype\": \"sha256\", \"relativepath\": \"empty.iso\", \"fileName\": \"empty.iso\", \"downloadurl\": \"file:///home/jlsherri/git/runcible/test/fixtures/repositories/zoo5/empty.iso\", \"item_type\": \"tree_file\", \"savepath\": \"/var/lib/pulp/working/repos/integration_test_id/importers/yum_importer/integration_test_id/\", \"checksum\": \"e3b0c44298fc1c149afbf4c8996fb92427ae41e4649b934ca495991b7852b855\", \"filename\": \"empty.iso\", \"pkgpath\": \"/var/lib/pulp/content/distribution/ks-Test Family-TestVariant-16-x86_64\", \"size\": 0}, {\"checksumtype\": \"sha256\", \"relativepath\": \"images/test1.img\", \"fileName\": \"test1.img\", \"downloadurl\": \"file:///home/jlsherri/git/runcible/test/fixtures/repositories/zoo5/images/test1.img\", \"item_type\": \"tree_file\", \"savepath\": \"/var/lib/pulp/working/repos/integration_test_id/importers/yum_importer/integration_test_id/images\", \"checksum\": \"e3b0c44298fc1c149afbf4c8996fb92427ae41e4649b934ca495991b7852b855\", \"filename\": \"test1.img\", \"pkgpath\": \"/var/lib/pulp/content/distribution/ks-Test Family-TestVariant-16-x86_64/images\", \"size\": 0}], \"_storage_path\": \"/var/lib/pulp/content/distribution/ks-Test Family-TestVariant-16-x86_64\", \"family\": \"Test Family\", \"_ns\": \"units_distribution\", \"variant\": \"TestVariant\", \"version\": \"16\", \"_content_type_id\": \"distribution\", \"_id\": \"0d887999-7f2d-4911-85a6-9c48782c5675\", \"arch\": \"x86_64\", \"id\": \"ks-Test Family-TestVariant-16-x86_64\"}}, {\"updated\": \"2013-03-26T01:14:58Z\", \"repo_id\": \"integration_test_id\", \"created\": \"2013-03-26T01:14:58Z\", \"_ns\": \"repo_content_units\", \"unit_id\": \"f9736d68-8518-42a3-8d00-ff045a63e77a\", \"unit_type_id\": \"erratum\", \"owner_type\": \"importer\", \"_id\": {\"$oid\": \"5150be525ca0133d080027e0\"}, \"id\": \"5150be525ca0133d080027e0\", \"owner_id\": \"yum_importer\", \"metadata\": {\"issued\": \"2010-01-01 01:01:01\", \"references\": [], \"_content_type_id\": \"erratum\", \"id\": \"RHEA-2010:0001\", \"severity\": \"\", \"title\": \"Empty errata\", \"_ns\": \"units_erratum\", \"version\": \"1\", \"reboot_suggested\": false, \"type\": \"security\", \"pkglist\": [], \"status\": \"stable\", \"updated\": \"\", \"description\": \"Empty errata\", \"pushcount\": 1, \"from_str\": \"lzap+pub@redhat.com\", \"_storage_path\": null, \"rights\": \"\", \"solution\": \"\", \"summary\": \"\", \"release\": \"1\", \"_id\": \"f9736d68-8518-42a3-8d00-ff045a63e77a\"}}, {\"updated\": \"2013-03-26T01:14:58Z\", \"repo_id\": \"integration_test_id\", \"created\": \"2013-03-26T01:14:58Z\", \"_ns\": \"repo_content_units\", \"unit_id\": \"4f36ae97-8b22-40f5-bfc4-a31e49a90eae\", \"unit_type_id\": \"erratum\", \"owner_type\": \"importer\", \"_id\": {\"$oid\": \"5150be525ca0133d080027e2\"}, \"id\": \"5150be525ca0133d080027e2\", \"owner_id\": \"yum_importer\", \"metadata\": {\"issued\": \"2010-01-01 01:01:01\", \"references\": [], \"_content_type_id\": \"erratum\", \"id\": \"RHEA-2010:0002\", \"severity\": \"\", \"title\": \"One package errata\", \"_ns\": \"units_erratum\", \"version\": \"1\", \"reboot_suggested\": false, \"type\": \"security\", \"pkglist\": [{\"packages\": [{\"src\": \"http://www.fedoraproject.org\", \"name\": \"elephant\", \"filename\": \"elephant-0.3-0.8.noarch.rpm\", \"epoch\": null, \"version\": \"0.3\", \"release\": \"0.8\", \"arch\": \"noarch\"}], \"name\": \"1\", \"short\": \"\"}], \"status\": \"stable\", \"updated\": \"\", \"description\": \"One package errata\", \"pushcount\": 1, \"from_str\": \"lzap+pub@redhat.com\", \"_storage_path\": null, \"rights\": \"\", \"solution\": \"\", \"summary\": \"\", \"release\": \"1\", \"_id\": \"4f36ae97-8b22-40f5-bfc4-a31e49a90eae\"}}, {\"updated\": \"2013-03-26T01:14:58Z\", \"repo_id\": \"integration_test_id\", \"created\": \"2013-03-26T01:14:58Z\", \"_ns\": \"repo_content_units\", \"unit_id\": \"216edaf8-19bb-4d8a-8401-9b3e7132be63\", \"unit_type_id\": \"package_category\", \"owner_type\": \"importer\", \"_id\": {\"$oid\": \"5150be525ca0133d080027e9\"}, \"id\": \"5150be525ca0133d080027e9\", \"owner_id\": \"yum_importer\", \"metadata\": {\"_storage_path\": null, \"repo_id\": \"integration_test_id\", \"description\": null, \"_ns\": \"units_package_category\", \"display_order\": 99, \"translated_name\": {}, \"packagegroupids\": [\"mammal\", \"bird\"], \"translated_description\": {}, \"_content_type_id\": \"package_category\", \"_id\": \"216edaf8-19bb-4d8a-8401-9b3e7132be63\", \"id\": \"all\", \"name\": \"all\"}}, {\"updated\": \"2013-03-26T01:14:58Z\", \"repo_id\": \"integration_test_id\", \"created\": \"2013-03-26T01:14:58Z\", \"_ns\": \"repo_content_units\", \"unit_id\": \"de6bfc70-42e9-4a32-abac-09e98641b394\", \"unit_type_id\": \"package_group\", \"owner_type\": \"importer\", \"_id\": {\"$oid\": \"5150be525ca0133d080027e8\"}, \"id\": \"5150be525ca0133d080027e8\", \"owner_id\": \"yum_importer\", \"metadata\": {\"_storage_path\": null, \"mandatory_package_names\": [\"penguin\"], \"repo_id\": \"integration_test_id\", \"description\": \"\", \"user_visible\": true, \"default\": true, \"_ns\": \"units_package_group\", \"display_order\": 1024, \"optional_package_names\": [], \"translated_name\": {}, \"translated_description\": {}, \"conditional_package_names\": [], \"default_package_names\": [], \"_content_type_id\": \"package_group\", \"langonly\": null, \"_id\": \"de6bfc70-42e9-4a32-abac-09e98641b394\", \"id\": \"bird\", \"name\": \"bird\"}}, {\"updated\": \"2013-03-26T01:14:58Z\", \"repo_id\": \"integration_test_id\", \"created\": \"2013-03-26T01:14:58Z\", \"_ns\": \"repo_content_units\", \"unit_id\": \"77004d7d-913e-4479-98fe-5d9ebebe3f20\", \"unit_type_id\": \"package_group\", \"owner_type\": \"importer\", \"_id\": {\"$oid\": \"5150be525ca0133d080027e7\"}, \"id\": \"5150be525ca0133d080027e7\", \"owner_id\": \"yum_importer\", \"metadata\": {\"_storage_path\": null, \"mandatory_package_names\": [\"elephant,giraffe,cheetah,lion,monkey,penguin,squirrel,walrus\", \"penguin\"], \"repo_id\": \"integration_test_id\", \"description\": \"\", \"user_visible\": true, \"default\": true, \"_ns\": \"units_package_group\", \"display_order\": 1024, \"optional_package_names\": [], \"translated_name\": {}, \"translated_description\": {}, \"conditional_package_names\": [], \"default_package_names\": [], \"_content_type_id\": \"package_group\", \"langonly\": null, \"_id\": \"77004d7d-913e-4479-98fe-5d9ebebe3f20\", \"id\": \"mammal\", \"name\": \"mammal\"}}, {\"updated\": \"2013-03-26T01:14:58Z\", \"repo_id\": \"integration_test_id\", \"created\": \"2013-03-26T01:14:58Z\", \"_ns\": \"repo_content_units\", \"unit_id\": \"f98e6887-ceb8-4707-899c-44af5eda242b\", \"unit_type_id\": \"rpm\", \"owner_type\": \"importer\", \"_id\": {\"$oid\": \"5150be525ca0133d080027d9\"}, \"id\": \"5150be525ca0133d080027d9\", \"owner_id\": \"yum_importer\", \"metadata\": {\"buildhost\": \"dhcp-26-118.brq.redhat.com\", \"_content_type_id\": \"rpm\", \"vendor\": \"\", \"_ns\": \"units_rpm\", \"filename\": \"penguin-0.3-0.8.noarch.rpm\", \"epoch\": \"0\", \"version\": \"0.3\", \"provides\": [[\"penguin\", \"EQ\", [\"0\", \"0.3\", \"0.8\"]]], \"files\": {\"file\": [\"//penguin.txt\"]}, \"repodata\": {\"filelists\": \"\\n<package pkgid=\\\"3fcb2c927de9e13bf68469032a28b139d3e5ad2e58564fc210fd6e48635be694\\\" name=\\\"penguin\\\" arch=\\\"noarch\\\">\\n    <version epoch=\\\"0\\\" ver=\\\"0.3\\\" rel=\\\"0.8\\\"/>\\n\\n    <file>//penguin.txt</file>\\n</package>\\n\", \"other\": \"\\n<package pkgid=\\\"3fcb2c927de9e13bf68469032a28b139d3e5ad2e58564fc210fd6e48635be694\\\" name=\\\"penguin\\\" arch=\\\"noarch\\\">\\n    <version epoch=\\\"0\\\" ver=\\\"0.3\\\" rel=\\\"0.8\\\"/>\\n\\n</package>\\n\", \"primary\": \"\\n<package type=\\\"rpm\\\">\\n  <name>penguin</name>\\n  <arch>noarch</arch>\\n  <version epoch=\\\"0\\\" ver=\\\"0.3\\\" rel=\\\"0.8\\\"/>\\n  <checksum type=\\\"sha256\\\" pkgid=\\\"YES\\\">3fcb2c927de9e13bf68469032a28b139d3e5ad2e58564fc210fd6e48635be694</checksum>\\n  <summary>A dummy package of penguin</summary>\\n  <description>A dummy package of penguin</description>\\n  <packager></packager>\\n  <url>http://tstrachota.fedorapeople.org</url>\\n  <time file=\\\"1321891029\\\" build=\\\"1308257460\\\"/>\\n  <size package=\\\"2232\\\" installed=\\\"2232\\\" archive=\\\"292\\\"/>\\n<location href=\\\"penguin-0.3-0.8.noarch.rpm\\\"/>\\n  <format>\\n    <rpm:license>GPLv2</rpm:license>\\n    <rpm:vendor/>\\n    <rpm:group>Internet/Applications</rpm:group>\\n    <rpm:buildhost>dhcp-26-118.brq.redhat.com</rpm:buildhost>\\n    <rpm:sourcerpm>penguin-0.3-0.8.src.rpm</rpm:sourcerpm>\\n    <rpm:header-range start=\\\"280\\\" end=\\\"2016\\\"/>\\n    <rpm:provides>\\n      <rpm:entry name=\\\"penguin\\\" flags=\\\"EQ\\\" epoch=\\\"0\\\" ver=\\\"0.3\\\" rel=\\\"0.8\\\"/>\\n    </rpm:provides>\\n    <rpm:requires>\\n      <rpm:entry name=\\\"/bin/sh\\\" pre=\\\"0\\\"/>\\n    </rpm:requires>\\n  </format>\\n</package>\"}, \"description\": \"A dummy package of penguin\", \"arch\": \"noarch\", \"name\": \"penguin\", \"_storage_path\": \"/var/lib/pulp/content/rpm/.//penguin/0.3/0.8/noarch/3fcb2c927de9e13bf68469032a28b139d3e5ad2e58564fc210fd6e48635be694/penguin-0.3-0.8.noarch.rpm\", \"checksumtype\": \"sha256\", \"license\": \"GPLv2\", \"changelog\": [], \"checksum\": \"3fcb2c927de9e13bf68469032a28b139d3e5ad2e58564fc210fd6e48635be694\", \"filelist\": [\"//penguin.txt\"], \"relativepath\": \"penguin-0.3-0.8.noarch.rpm\", \"release\": \"0.8\", \"_id\": \"f98e6887-ceb8-4707-899c-44af5eda242b\", \"requires\": [[\"/bin/sh\", null, [null, null, null]]]}}, {\"updated\": \"2013-03-26T01:14:58Z\", \"repo_id\": \"integration_test_id\", \"created\": \"2013-03-26T01:14:58Z\", \"_ns\": \"repo_content_units\", \"unit_id\": \"00e50e36-cd8b-4dea-b369-f253df1c05c6\", \"unit_type_id\": \"rpm\", \"owner_type\": \"importer\", \"_id\": {\"$oid\": \"5150be525ca0133d080027db\"}, \"id\": \"5150be525ca0133d080027db\", \"owner_id\": \"yum_importer\", \"metadata\": {\"buildhost\": \"dhcp-26-118.brq.redhat.com\", \"_content_type_id\": \"rpm\", \"vendor\": \"\", \"_ns\": \"units_rpm\", \"filename\": \"walrus-0.3-0.8.noarch.rpm\", \"epoch\": \"0\", \"version\": \"0.3\", \"provides\": [[\"walrus\", \"EQ\", [\"0\", \"0.3\", \"0.8\"]]], \"files\": {\"file\": [\"//walrus.txt\"]}, \"repodata\": {\"filelists\": \"\\n<package pkgid=\\\"6e8d6dc057e3e2c9819f0dc7e6c7b7f86bf2e8571bba414adec7fb621a461dfd\\\" name=\\\"walrus\\\" arch=\\\"noarch\\\">\\n    <version epoch=\\\"0\\\" ver=\\\"0.3\\\" rel=\\\"0.8\\\"/>\\n\\n    <file>//walrus.txt</file>\\n</package>\\n\", \"other\": \"\\n<package pkgid=\\\"6e8d6dc057e3e2c9819f0dc7e6c7b7f86bf2e8571bba414adec7fb621a461dfd\\\" name=\\\"walrus\\\" arch=\\\"noarch\\\">\\n    <version epoch=\\\"0\\\" ver=\\\"0.3\\\" rel=\\\"0.8\\\"/>\\n\\n</package>\\n\", \"primary\": \"\\n<package type=\\\"rpm\\\">\\n  <name>walrus</name>\\n  <arch>noarch</arch>\\n  <version epoch=\\\"0\\\" ver=\\\"0.3\\\" rel=\\\"0.8\\\"/>\\n  <checksum type=\\\"sha256\\\" pkgid=\\\"YES\\\">6e8d6dc057e3e2c9819f0dc7e6c7b7f86bf2e8571bba414adec7fb621a461dfd</checksum>\\n  <summary>A dummy package of walrus</summary>\\n  <description>A dummy package of walrus</description>\\n  <packager></packager>\\n  <url>http://tstrachota.fedorapeople.org</url>\\n  <time file=\\\"1321891030\\\" build=\\\"1308257449\\\"/>\\n  <size package=\\\"2236\\\" installed=\\\"2236\\\" archive=\\\"292\\\"/>\\n<location href=\\\"walrus-0.3-0.8.noarch.rpm\\\"/>\\n  <format>\\n    <rpm:license>GPLv2</rpm:license>\\n    <rpm:vendor/>\\n    <rpm:group>Internet/Applications</rpm:group>\\n    <rpm:buildhost>dhcp-26-118.brq.redhat.com</rpm:buildhost>\\n    <rpm:sourcerpm>walrus-0.3-0.8.src.rpm</rpm:sourcerpm>\\n    <rpm:header-range start=\\\"280\\\" end=\\\"2016\\\"/>\\n    <rpm:provides>\\n      <rpm:entry name=\\\"walrus\\\" flags=\\\"EQ\\\" epoch=\\\"0\\\" ver=\\\"0.3\\\" rel=\\\"0.8\\\"/>\\n    </rpm:provides>\\n    <rpm:requires>\\n      <rpm:entry name=\\\"/bin/sh\\\" pre=\\\"0\\\"/>\\n    </rpm:requires>\\n  </format>\\n</package>\"}, \"description\": \"A dummy package of walrus\", \"arch\": \"noarch\", \"name\": \"walrus\", \"_storage_path\": \"/var/lib/pulp/content/rpm/.//walrus/0.3/0.8/noarch/6e8d6dc057e3e2c9819f0dc7e6c7b7f86bf2e8571bba414adec7fb621a461dfd/walrus-0.3-0.8.noarch.rpm\", \"checksumtype\": \"sha256\", \"license\": \"GPLv2\", \"changelog\": [], \"checksum\": \"6e8d6dc057e3e2c9819f0dc7e6c7b7f86bf2e8571bba414adec7fb621a461dfd\", \"filelist\": [\"//walrus.txt\"], \"relativepath\": \"walrus-0.3-0.8.noarch.rpm\", \"release\": \"0.8\", \"_id\": \"00e50e36-cd8b-4dea-b369-f253df1c05c6\", \"requires\": [[\"/bin/sh\", null, [null, null, null]]]}}, {\"updated\": \"2013-03-26T01:14:58Z\", \"repo_id\": \"integration_test_id\", \"created\": \"2013-03-26T01:14:58Z\", \"_ns\": \"repo_content_units\", \"unit_id\": \"99660958-4d15-4764-93fd-aa0e10c2b237\", \"unit_type_id\": \"rpm\", \"owner_type\": \"importer\", \"_id\": {\"$oid\": \"5150be525ca0133d080027d5\"}, \"id\": \"5150be525ca0133d080027d5\", \"owner_id\": \"yum_importer\", \"metadata\": {\"buildhost\": \"dhcp-26-118.brq.redhat.com\", \"_content_type_id\": \"rpm\", \"vendor\": \"\", \"_ns\": \"units_rpm\", \"filename\": \"giraffe-0.3-0.8.noarch.rpm\", \"epoch\": \"0\", \"version\": \"0.3\", \"provides\": [[\"giraffe\", \"EQ\", [\"0\", \"0.3\", \"0.8\"]]], \"files\": {\"file\": [\"//giraffe.txt\"]}, \"repodata\": {\"filelists\": \"\\n<package pkgid=\\\"f25d67d1d9da04f12e57ca323247b43891ac46533e355b82de6d1922009f9f14\\\" name=\\\"giraffe\\\" arch=\\\"noarch\\\">\\n    <version epoch=\\\"0\\\" ver=\\\"0.3\\\" rel=\\\"0.8\\\"/>\\n\\n    <file>//giraffe.txt</file>\\n</package>\\n\", \"other\": \"\\n<package pkgid=\\\"f25d67d1d9da04f12e57ca323247b43891ac46533e355b82de6d1922009f9f14\\\" name=\\\"giraffe\\\" arch=\\\"noarch\\\">\\n    <version epoch=\\\"0\\\" ver=\\\"0.3\\\" rel=\\\"0.8\\\"/>\\n\\n</package>\\n\", \"primary\": \"\\n<package type=\\\"rpm\\\">\\n  <name>giraffe</name>\\n  <arch>noarch</arch>\\n  <version epoch=\\\"0\\\" ver=\\\"0.3\\\" rel=\\\"0.8\\\"/>\\n  <checksum type=\\\"sha256\\\" pkgid=\\\"YES\\\">f25d67d1d9da04f12e57ca323247b43891ac46533e355b82de6d1922009f9f14</checksum>\\n  <summary>A dummy package of giraffe</summary>\\n  <description>A dummy package of giraffe</description>\\n  <packager></packager>\\n  <url>http://tstrachota.fedorapeople.org</url>\\n  <time file=\\\"1321891027\\\" build=\\\"1308257414\\\"/>\\n  <size package=\\\"2236\\\" installed=\\\"2236\\\" archive=\\\"292\\\"/>\\n<location href=\\\"giraffe-0.3-0.8.noarch.rpm\\\"/>\\n  <format>\\n    <rpm:license>GPLv2</rpm:license>\\n    <rpm:vendor/>\\n    <rpm:group>Internet/Applications</rpm:group>\\n    <rpm:buildhost>dhcp-26-118.brq.redhat.com</rpm:buildhost>\\n    <rpm:sourcerpm>giraffe-0.3-0.8.src.rpm</rpm:sourcerpm>\\n    <rpm:header-range start=\\\"280\\\" end=\\\"2016\\\"/>\\n    <rpm:provides>\\n      <rpm:entry name=\\\"giraffe\\\" flags=\\\"EQ\\\" epoch=\\\"0\\\" ver=\\\"0.3\\\" rel=\\\"0.8\\\"/>\\n    </rpm:provides>\\n    <rpm:requires>\\n      <rpm:entry name=\\\"/bin/sh\\\" pre=\\\"0\\\"/>\\n    </rpm:requires>\\n  </format>\\n</package>\"}, \"description\": \"A dummy package of giraffe\", \"arch\": \"noarch\", \"name\": \"giraffe\", \"_storage_path\": \"/var/lib/pulp/content/rpm/.//giraffe/0.3/0.8/noarch/f25d67d1d9da04f12e57ca323247b43891ac46533e355b82de6d1922009f9f14/giraffe-0.3-0.8.noarch.rpm\", \"checksumtype\": \"sha256\", \"license\": \"GPLv2\", \"changelog\": [], \"checksum\": \"f25d67d1d9da04f12e57ca323247b43891ac46533e355b82de6d1922009f9f14\", \"filelist\": [\"//giraffe.txt\"], \"relativepath\": \"giraffe-0.3-0.8.noarch.rpm\", \"release\": \"0.8\", \"_id\": \"99660958-4d15-4764-93fd-aa0e10c2b237\", \"requires\": [[\"/bin/sh\", null, [null, null, null]]]}}, {\"updated\": \"2013-03-26T01:14:58Z\", \"repo_id\": \"integration_test_id\", \"created\": \"2013-03-26T01:14:58Z\", \"_ns\": \"repo_content_units\", \"unit_id\": \"b7d1776a-7d73-4b0a-8069-3d3aeb955fe3\", \"unit_type_id\": \"rpm\", \"owner_type\": \"importer\", \"_id\": {\"$oid\": \"5150be525ca0133d080027d6\"}, \"id\": \"5150be525ca0133d080027d6\", \"owner_id\": \"yum_importer\", \"metadata\": {\"buildhost\": \"dhcp-26-118.brq.redhat.com\", \"_content_type_id\": \"rpm\", \"vendor\": \"\", \"_ns\": \"units_rpm\", \"filename\": \"elephant-0.3-0.8.noarch.rpm\", \"epoch\": \"0\", \"version\": \"0.3\", \"provides\": [[\"elephant\", \"EQ\", [\"0\", \"0.3\", \"0.8\"]]], \"files\": {\"file\": [\"//elephant.txt\"]}, \"repodata\": {\"filelists\": \"\\n<package pkgid=\\\"3e1c70cd1b421328acaf6397cb3d16145306bb95f65d1b095fc31372a0a701f3\\\" name=\\\"elephant\\\" arch=\\\"noarch\\\">\\n    <version epoch=\\\"0\\\" ver=\\\"0.3\\\" rel=\\\"0.8\\\"/>\\n\\n    <file>//elephant.txt</file>\\n</package>\\n\", \"other\": \"\\n<package pkgid=\\\"3e1c70cd1b421328acaf6397cb3d16145306bb95f65d1b095fc31372a0a701f3\\\" name=\\\"elephant\\\" arch=\\\"noarch\\\">\\n    <version epoch=\\\"0\\\" ver=\\\"0.3\\\" rel=\\\"0.8\\\"/>\\n\\n</package>\\n\", \"primary\": \"\\n<package type=\\\"rpm\\\">\\n  <name>elephant</name>\\n  <arch>noarch</arch>\\n  <version epoch=\\\"0\\\" ver=\\\"0.3\\\" rel=\\\"0.8\\\"/>\\n  <checksum type=\\\"sha256\\\" pkgid=\\\"YES\\\">3e1c70cd1b421328acaf6397cb3d16145306bb95f65d1b095fc31372a0a701f3</checksum>\\n  <summary>A dummy package of elephant</summary>\\n  <description>A dummy package of elephant</description>\\n  <packager></packager>\\n  <url>http://tstrachota.fedorapeople.org</url>\\n  <time file=\\\"1321891027\\\" build=\\\"1308257466\\\"/>\\n  <size package=\\\"2244\\\" installed=\\\"2244\\\" archive=\\\"296\\\"/>\\n<location href=\\\"elephant-0.3-0.8.noarch.rpm\\\"/>\\n  <format>\\n    <rpm:license>GPLv2</rpm:license>\\n    <rpm:vendor/>\\n    <rpm:group>Internet/Applications</rpm:group>\\n    <rpm:buildhost>dhcp-26-118.brq.redhat.com</rpm:buildhost>\\n    <rpm:sourcerpm>elephant-0.3-0.8.src.rpm</rpm:sourcerpm>\\n    <rpm:header-range start=\\\"280\\\" end=\\\"2028\\\"/>\\n    <rpm:provides>\\n      <rpm:entry name=\\\"elephant\\\" flags=\\\"EQ\\\" epoch=\\\"0\\\" ver=\\\"0.3\\\" rel=\\\"0.8\\\"/>\\n    </rpm:provides>\\n    <rpm:requires>\\n      <rpm:entry name=\\\"/bin/sh\\\" pre=\\\"0\\\"/>\\n    </rpm:requires>\\n  </format>\\n</package>\"}, \"description\": \"A dummy package of elephant\", \"arch\": \"noarch\", \"name\": \"elephant\", \"_storage_path\": \"/var/lib/pulp/content/rpm/.//elephant/0.3/0.8/noarch/3e1c70cd1b421328acaf6397cb3d16145306bb95f65d1b095fc31372a0a701f3/elephant-0.3-0.8.noarch.rpm\", \"checksumtype\": \"sha256\", \"license\": \"GPLv2\", \"changelog\": [], \"checksum\": \"3e1c70cd1b421328acaf6397cb3d16145306bb95f65d1b095fc31372a0a701f3\", \"filelist\": [\"//elephant.txt\"], \"relativepath\": \"elephant-0.3-0.8.noarch.rpm\", \"release\": \"0.8\", \"_id\": \"b7d1776a-7d73-4b0a-8069-3d3aeb955fe3\", \"requires\": [[\"/bin/sh\", null, [null, null, null]]]}}, {\"updated\": \"2013-03-26T01:14:58Z\", \"repo_id\": \"integration_test_id\", \"created\": \"2013-03-26T01:14:58Z\", \"_ns\": \"repo_content_units\", \"unit_id\": \"0425f8ca-7975-4bfb-bdfc-6f3e20de6746\", \"unit_type_id\": \"rpm\", \"owner_type\": \"importer\", \"_id\": {\"$oid\": \"5150be525ca0133d080027d7\"}, \"id\": \"5150be525ca0133d080027d7\", \"owner_id\": \"yum_importer\", \"metadata\": {\"buildhost\": \"dhcp-26-118.brq.redhat.com\", \"_content_type_id\": \"rpm\", \"vendor\": \"\", \"_ns\": \"units_rpm\", \"filename\": \"lion-0.3-0.8.noarch.rpm\", \"epoch\": \"0\", \"version\": \"0.3\", \"provides\": [[\"lion\", \"EQ\", [\"0\", \"0.3\", \"0.8\"]]], \"files\": {\"file\": [\"//lion.txt\"]}, \"repodata\": {\"filelists\": \"\\n<package pkgid=\\\"12400dc95c23a4c160725a908716cd3fcdd7a8981585437ab64cd62efa3e4ae4\\\" name=\\\"lion\\\" arch=\\\"noarch\\\">\\n    <version epoch=\\\"0\\\" ver=\\\"0.3\\\" rel=\\\"0.8\\\"/>\\n\\n    <file>//lion.txt</file>\\n</package>\\n\", \"other\": \"\\n<package pkgid=\\\"12400dc95c23a4c160725a908716cd3fcdd7a8981585437ab64cd62efa3e4ae4\\\" name=\\\"lion\\\" arch=\\\"noarch\\\">\\n    <version epoch=\\\"0\\\" ver=\\\"0.3\\\" rel=\\\"0.8\\\"/>\\n\\n</package>\\n\", \"primary\": \"\\n<package type=\\\"rpm\\\">\\n  <name>lion</name>\\n  <arch>noarch</arch>\\n  <version epoch=\\\"0\\\" ver=\\\"0.3\\\" rel=\\\"0.8\\\"/>\\n  <checksum type=\\\"sha256\\\" pkgid=\\\"YES\\\">12400dc95c23a4c160725a908716cd3fcdd7a8981585437ab64cd62efa3e4ae4</checksum>\\n  <summary>A dummy package of lion</summary>\\n  <description>A dummy package of lion</description>\\n  <packager></packager>\\n  <url>http://tstrachota.fedorapeople.org</url>\\n  <time file=\\\"1321891028\\\" build=\\\"1308257455\\\"/>\\n  <size package=\\\"2212\\\" installed=\\\"2212\\\" archive=\\\"292\\\"/>\\n<location href=\\\"lion-0.3-0.8.noarch.rpm\\\"/>\\n  <format>\\n    <rpm:license>GPLv2</rpm:license>\\n    <rpm:vendor/>\\n    <rpm:group>Internet/Applications</rpm:group>\\n    <rpm:buildhost>dhcp-26-118.brq.redhat.com</rpm:buildhost>\\n    <rpm:sourcerpm>lion-0.3-0.8.src.rpm</rpm:sourcerpm>\\n    <rpm:header-range start=\\\"280\\\" end=\\\"2000\\\"/>\\n    <rpm:provides>\\n      <rpm:entry name=\\\"lion\\\" flags=\\\"EQ\\\" epoch=\\\"0\\\" ver=\\\"0.3\\\" rel=\\\"0.8\\\"/>\\n    </rpm:provides>\\n    <rpm:requires>\\n      <rpm:entry name=\\\"/bin/sh\\\" pre=\\\"0\\\"/>\\n    </rpm:requires>\\n  </format>\\n</package>\"}, \"description\": \"A dummy package of lion\", \"arch\": \"noarch\", \"name\": \"lion\", \"_storage_path\": \"/var/lib/pulp/content/rpm/.//lion/0.3/0.8/noarch/12400dc95c23a4c160725a908716cd3fcdd7a8981585437ab64cd62efa3e4ae4/lion-0.3-0.8.noarch.rpm\", \"checksumtype\": \"sha256\", \"license\": \"GPLv2\", \"changelog\": [], \"checksum\": \"12400dc95c23a4c160725a908716cd3fcdd7a8981585437ab64cd62efa3e4ae4\", \"filelist\": [\"//lion.txt\"], \"relativepath\": \"lion-0.3-0.8.noarch.rpm\", \"release\": \"0.8\", \"_id\": \"0425f8ca-7975-4bfb-bdfc-6f3e20de6746\", \"requires\": [[\"/bin/sh\", null, [null, null, null]]]}}, {\"updated\": \"2013-03-26T01:14:58Z\", \"repo_id\": \"integration_test_id\", \"created\": \"2013-03-26T01:14:58Z\", \"_ns\": \"repo_content_units\", \"unit_id\": \"8210be77-aac0-4e28-8da4-6eb39e54790f\", \"unit_type_id\": \"rpm\", \"owner_type\": \"importer\", \"_id\": {\"$oid\": \"5150be525ca0133d080027da\"}, \"id\": \"5150be525ca0133d080027da\", \"owner_id\": \"yum_importer\", \"metadata\": {\"buildhost\": \"dhcp-26-118.brq.redhat.com\", \"_content_type_id\": \"rpm\", \"vendor\": \"\", \"_ns\": \"units_rpm\", \"filename\": \"cheetah-0.3-0.8.noarch.rpm\", \"epoch\": \"0\", \"version\": \"0.3\", \"provides\": [[\"cheetah\", \"EQ\", [\"0\", \"0.3\", \"0.8\"]]], \"files\": {\"file\": [\"//cheetah.txt\"]}, \"repodata\": {\"filelists\": \"\\n<package pkgid=\\\"422d0baa0cd9d7713ae796e886a23e17f578f924f74880debdbb7d65fb368dae\\\" name=\\\"cheetah\\\" arch=\\\"noarch\\\">\\n    <version epoch=\\\"0\\\" ver=\\\"0.3\\\" rel=\\\"0.8\\\"/>\\n\\n    <file>//cheetah.txt</file>\\n</package>\\n\", \"other\": \"\\n<package pkgid=\\\"422d0baa0cd9d7713ae796e886a23e17f578f924f74880debdbb7d65fb368dae\\\" name=\\\"cheetah\\\" arch=\\\"noarch\\\">\\n    <version epoch=\\\"0\\\" ver=\\\"0.3\\\" rel=\\\"0.8\\\"/>\\n\\n</package>\\n\", \"primary\": \"\\n<package type=\\\"rpm\\\">\\n  <name>cheetah</name>\\n  <arch>noarch</arch>\\n  <version epoch=\\\"0\\\" ver=\\\"0.3\\\" rel=\\\"0.8\\\"/>\\n  <checksum type=\\\"sha256\\\" pkgid=\\\"YES\\\">422d0baa0cd9d7713ae796e886a23e17f578f924f74880debdbb7d65fb368dae</checksum>\\n  <summary>A dummy package of cheetah</summary>\\n  <description>A dummy package of cheetah</description>\\n  <packager></packager>\\n  <url>http://tstrachota.fedorapeople.org</url>\\n  <time file=\\\"1321891028\\\" build=\\\"1308257472\\\"/>\\n  <size package=\\\"2232\\\" installed=\\\"2232\\\" archive=\\\"292\\\"/>\\n<location href=\\\"cheetah-0.3-0.8.noarch.rpm\\\"/>\\n  <format>\\n    <rpm:license>GPLv2</rpm:license>\\n    <rpm:vendor/>\\n    <rpm:group>Internet/Applications</rpm:group>\\n    <rpm:buildhost>dhcp-26-118.brq.redhat.com</rpm:buildhost>\\n    <rpm:sourcerpm>cheetah-0.3-0.8.src.rpm</rpm:sourcerpm>\\n    <rpm:header-range start=\\\"280\\\" end=\\\"2016\\\"/>\\n    <rpm:provides>\\n      <rpm:entry name=\\\"cheetah\\\" flags=\\\"EQ\\\" epoch=\\\"0\\\" ver=\\\"0.3\\\" rel=\\\"0.8\\\"/>\\n    </rpm:provides>\\n    <rpm:requires>\\n      <rpm:entry name=\\\"/bin/sh\\\" pre=\\\"0\\\"/>\\n    </rpm:requires>\\n  </format>\\n</package>\"}, \"description\": \"A dummy package of cheetah\", \"arch\": \"noarch\", \"name\": \"cheetah\", \"_storage_path\": \"/var/lib/pulp/content/rpm/.//cheetah/0.3/0.8/noarch/422d0baa0cd9d7713ae796e886a23e17f578f924f74880debdbb7d65fb368dae/cheetah-0.3-0.8.noarch.rpm\", \"checksumtype\": \"sha256\", \"license\": \"GPLv2\", \"changelog\": [], \"checksum\": \"422d0baa0cd9d7713ae796e886a23e17f578f924f74880debdbb7d65fb368dae\", \"filelist\": [\"//cheetah.txt\"], \"relativepath\": \"cheetah-0.3-0.8.noarch.rpm\", \"release\": \"0.8\", \"_id\": \"8210be77-aac0-4e28-8da4-6eb39e54790f\", \"requires\": [[\"/bin/sh\", null, [null, null, null]]]}}, {\"updated\": \"2013-03-26T01:14:58Z\", \"repo_id\": \"integration_test_id\", \"created\": \"2013-03-26T01:14:58Z\", \"_ns\": \"repo_content_units\", \"unit_id\": \"8d3828cb-1b90-4373-aa80-2c6be5e3618d\", \"unit_type_id\": \"rpm\", \"owner_type\": \"importer\", \"_id\": {\"$oid\": \"5150be525ca0133d080027d8\"}, \"id\": \"5150be525ca0133d080027d8\", \"owner_id\": \"yum_importer\", \"metadata\": {\"buildhost\": \"dhcp-26-118.brq.redhat.com\", \"_content_type_id\": \"rpm\", \"vendor\": \"\", \"_ns\": \"units_rpm\", \"filename\": \"monkey-0.3-0.8.noarch.rpm\", \"epoch\": \"0\", \"version\": \"0.3\", \"provides\": [[\"monkey\", \"EQ\", [\"0\", \"0.3\", \"0.8\"]]], \"files\": {\"file\": [\"//monkey.txt\"]}, \"repodata\": {\"filelists\": \"\\n<package pkgid=\\\"0e8fa50d0128fbabc7ccc5632e3fa25d39b0280169f6166cb8e2c84de8501db1\\\" name=\\\"monkey\\\" arch=\\\"noarch\\\">\\n    <version epoch=\\\"0\\\" ver=\\\"0.3\\\" rel=\\\"0.8\\\"/>\\n\\n    <file>//monkey.txt</file>\\n</package>\\n\", \"other\": \"\\n<package pkgid=\\\"0e8fa50d0128fbabc7ccc5632e3fa25d39b0280169f6166cb8e2c84de8501db1\\\" name=\\\"monkey\\\" arch=\\\"noarch\\\">\\n    <version epoch=\\\"0\\\" ver=\\\"0.3\\\" rel=\\\"0.8\\\"/>\\n\\n</package>\\n\", \"primary\": \"\\n<package type=\\\"rpm\\\">\\n  <name>monkey</name>\\n  <arch>noarch</arch>\\n  <version epoch=\\\"0\\\" ver=\\\"0.3\\\" rel=\\\"0.8\\\"/>\\n  <checksum type=\\\"sha256\\\" pkgid=\\\"YES\\\">0e8fa50d0128fbabc7ccc5632e3fa25d39b0280169f6166cb8e2c84de8501db1</checksum>\\n  <summary>A dummy package of monkey</summary>\\n  <description>A dummy package of monkey</description>\\n  <packager></packager>\\n  <url>http://tstrachota.fedorapeople.org</url>\\n  <time file=\\\"1321891029\\\" build=\\\"1308257260\\\"/>\\n  <size package=\\\"2232\\\" installed=\\\"2232\\\" archive=\\\"292\\\"/>\\n<location href=\\\"monkey-0.3-0.8.noarch.rpm\\\"/>\\n  <format>\\n    <rpm:license>GPLv2</rpm:license>\\n    <rpm:vendor/>\\n    <rpm:group>Internet/Applications</rpm:group>\\n    <rpm:buildhost>dhcp-26-118.brq.redhat.com</rpm:buildhost>\\n    <rpm:sourcerpm>monkey-0.3-0.8.src.rpm</rpm:sourcerpm>\\n    <rpm:header-range start=\\\"280\\\" end=\\\"2016\\\"/>\\n    <rpm:provides>\\n      <rpm:entry name=\\\"monkey\\\" flags=\\\"EQ\\\" epoch=\\\"0\\\" ver=\\\"0.3\\\" rel=\\\"0.8\\\"/>\\n    </rpm:provides>\\n    <rpm:requires>\\n      <rpm:entry name=\\\"/bin/sh\\\" pre=\\\"0\\\"/>\\n    </rpm:requires>\\n  </format>\\n</package>\"}, \"description\": \"A dummy package of monkey\", \"arch\": \"noarch\", \"name\": \"monkey\", \"_storage_path\": \"/var/lib/pulp/content/rpm/.//monkey/0.3/0.8/noarch/0e8fa50d0128fbabc7ccc5632e3fa25d39b0280169f6166cb8e2c84de8501db1/monkey-0.3-0.8.noarch.rpm\", \"checksumtype\": \"sha256\", \"license\": \"GPLv2\", \"changelog\": [], \"checksum\": \"0e8fa50d0128fbabc7ccc5632e3fa25d39b0280169f6166cb8e2c84de8501db1\", \"filelist\": [\"//monkey.txt\"], \"relativepath\": \"monkey-0.3-0.8.noarch.rpm\", \"release\": \"0.8\", \"_id\": \"8d3828cb-1b90-4373-aa80-2c6be5e3618d\", \"requires\": [[\"/bin/sh\", null, [null, null, null]]]}}, {\"updated\": \"2013-03-26T01:14:58Z\", \"repo_id\": \"integration_test_id\", \"created\": \"2013-03-26T01:14:58Z\", \"_ns\": \"repo_content_units\", \"unit_id\": \"6d49162f-e70a-4c19-9a85-21c31dec3249\", \"unit_type_id\": \"rpm\", \"owner_type\": \"importer\", \"_id\": {\"$oid\": \"5150be525ca0133d080027dc\"}, \"id\": \"5150be525ca0133d080027dc\", \"owner_id\": \"yum_importer\", \"metadata\": {\"buildhost\": \"dhcp-26-118.brq.redhat.com\", \"_content_type_id\": \"rpm\", \"vendor\": \"\", \"_ns\": \"units_rpm\", \"filename\": \"squirrel-0.3-0.8.noarch.rpm\", \"epoch\": \"0\", \"version\": \"0.3\", \"provides\": [[\"squirrel\", \"EQ\", [\"0\", \"0.3\", \"0.8\"]]], \"files\": {\"file\": [\"//squirrel.txt\"]}, \"repodata\": {\"filelists\": \"\\n<package pkgid=\\\"251768bdd15f13d78487c27638aa6aecd01551e253756093cde1c0ae878a17d2\\\" name=\\\"squirrel\\\" arch=\\\"noarch\\\">\\n    <version epoch=\\\"0\\\" ver=\\\"0.3\\\" rel=\\\"0.8\\\"/>\\n\\n    <file>//squirrel.txt</file>\\n</package>\\n\", \"other\": \"\\n<package pkgid=\\\"251768bdd15f13d78487c27638aa6aecd01551e253756093cde1c0ae878a17d2\\\" name=\\\"squirrel\\\" arch=\\\"noarch\\\">\\n    <version epoch=\\\"0\\\" ver=\\\"0.3\\\" rel=\\\"0.8\\\"/>\\n\\n</package>\\n\", \"primary\": \"\\n<package type=\\\"rpm\\\">\\n  <name>squirrel</name>\\n  <arch>noarch</arch>\\n  <version epoch=\\\"0\\\" ver=\\\"0.3\\\" rel=\\\"0.8\\\"/>\\n  <checksum type=\\\"sha256\\\" pkgid=\\\"YES\\\">251768bdd15f13d78487c27638aa6aecd01551e253756093cde1c0ae878a17d2</checksum>\\n  <summary>A dummy package of squirrel</summary>\\n  <description>A dummy package of squirrel</description>\\n  <packager></packager>\\n  <url>http://tstrachota.fedorapeople.org</url>\\n  <time file=\\\"1321891029\\\" build=\\\"1308257502\\\"/>\\n  <size package=\\\"2248\\\" installed=\\\"2248\\\" archive=\\\"296\\\"/>\\n<location href=\\\"squirrel-0.3-0.8.noarch.rpm\\\"/>\\n  <format>\\n    <rpm:license>GPLv2</rpm:license>\\n    <rpm:vendor/>\\n    <rpm:group>Internet/Applications</rpm:group>\\n    <rpm:buildhost>dhcp-26-118.brq.redhat.com</rpm:buildhost>\\n    <rpm:sourcerpm>squirrel-0.3-0.8.src.rpm</rpm:sourcerpm>\\n    <rpm:header-range start=\\\"280\\\" end=\\\"2028\\\"/>\\n    <rpm:provides>\\n      <rpm:entry name=\\\"squirrel\\\" flags=\\\"EQ\\\" epoch=\\\"0\\\" ver=\\\"0.3\\\" rel=\\\"0.8\\\"/>\\n    </rpm:provides>\\n    <rpm:requires>\\n      <rpm:entry name=\\\"/bin/sh\\\" pre=\\\"0\\\"/>\\n    </rpm:requires>\\n  </format>\\n</package>\"}, \"description\": \"A dummy package of squirrel\", \"arch\": \"noarch\", \"name\": \"squirrel\", \"_storage_path\": \"/var/lib/pulp/content/rpm/.//squirrel/0.3/0.8/noarch/251768bdd15f13d78487c27638aa6aecd01551e253756093cde1c0ae878a17d2/squirrel-0.3-0.8.noarch.rpm\", \"checksumtype\": \"sha256\", \"license\": \"GPLv2\", \"changelog\": [], \"checksum\": \"251768bdd15f13d78487c27638aa6aecd01551e253756093cde1c0ae878a17d2\", \"filelist\": [\"//squirrel.txt\"], \"relativepath\": \"squirrel-0.3-0.8.noarch.rpm\", \"release\": \"0.8\", \"_id\": \"6d49162f-e70a-4c19-9a85-21c31dec3249\", \"requires\": [[\"/bin/sh\", null, [null, null, null]]]}}]"
    http_version: 
  recorded_at: Mon, 25 Mar 2013 21:15:00 GMT
- request: 
    method: get
    uri: https://admin:nuN2FAe%2B2JpPGJRYZmDTeMYpOgC9Dy1h@abed.usersys.redhat.com/pulp/api/v2/repositories/integration_test_id//history/sync/
    body: 
      encoding: US-ASCII
      string: ""
    headers: 
      Accept: 
      - application/json
      Accept-Encoding: 
      - gzip, deflate
      Content-Type: 
      - application/json
      User-Agent: 
      - Ruby
  response: 
    status: 
      code: 200
      message: OK
    headers: 
      Date: 
      - Mon, 25 Mar 2013 21:15:08 GMT
      Server: 
      - Apache/2.2.15 (Red Hat)
      Content-Length: 
      - "2069"
      Content-Type: 
      - application/json
    body: 
      encoding: US-ASCII
      string: "[{\"importer_type_id\": \"yum_importer\", \"importer_id\": \"yum_importer\", \"exception\": null, \"repo_id\": \"integration_test_id\", \"removed_count\": 0, \"started\": \"2013-03-25T17:15:05-04:00\", \"_ns\": \"repo_sync_results\", \"completed\": \"2013-03-25T17:15:06-04:00\", \"traceback\": null, \"summary\": {\"comps\": {\"time_total_sec\": 0.011952877044677734, \"num_orphaned_groups\": 0, \"num_available_groups\": 2, \"num_new_groups\": 2, \"num_new_categories\": 1, \"num_orphaned_categories\": 0, \"num_available_categories\": 1}, \"packages\": {\"num_synced_new_rpms\": 8, \"num_resynced_distribution_files\": 0, \"num_not_synced_srpms\": 0, \"num_synced_new_distributions_files\": 3, \"num_rpms\": 8, \"num_resynced_srpms\": 0, \"num_resynced_rpms\": 0, \"rpm_removal_errors\": [], \"time_total_sec\": 0.89911508560180664, \"num_synced_new_drpms\": 0, \"num_synced_new_srpms\": 0, \"num_resynced_distributions\": 0, \"num_orphaned_rpms\": 0, \"num_orphaned_srpms\": 0, \"num_synced_new_distributions\": 1, \"num_resynced_drpms\": 0, \"num_orphaned_distributions\": 0, \"num_orphaned_drpms\": 0, \"num_not_synced_rpms\": 0}, \"errata\": {\"errata_time_total_sec\": 0.015014886856079102, \"num_new_errata\": 0, \"num_orphaned_errata\": 0, \"num_existing_errata\": 0}}, \"added_count\": 0, \"error_message\": null, \"updated_count\": 14, \"details\": {\"comps\": {}, \"packages\": {\"time_download_sec\": 0.52005791664123535, \"not_synced\": [], \"size_total\": 17872, \"time_metadata_sec\": 0.20356106758117676, \"sync_report\": {\"errors\": 0, \"size_total\": 17872, \"successes\": 11, \"downloads\": 0, \"items_left\": 0, \"items_total\": 11, \"error_details\": [], \"details\": {\"tree_file\": {\"num_success\": 3, \"total_count\": 3, \"items_left\": 0, \"size_left\": 0, \"total_size_bytes\": 0, \"num_error\": 0}, \"rpm\": {\"num_success\": 8, \"total_count\": 8, \"items_left\": 0, \"size_left\": 0, \"total_size_bytes\": 17872, \"num_error\": 0}}, \"size_left\": 0}}, \"errata\": {\"num_bugfix_errata\": 0, \"link_report\": {\"missing_rpms\": [], \"linked_units\": []}, \"num_security_errata\": 0, \"num_enhancement_errata\": 0}}, \"_id\": {\"$oid\": \"5150be5a5ca0133d08002827\"}, \"id\": \"5150be5a5ca0133d08002827\", \"result\": \"success\"}]"
    http_version: 
  recorded_at: Mon, 25 Mar 2013 21:15:08 GMT
recorded_with: VCR 2.4.0
