--- 
http_interactions: 
- request: 
    method: get
    uri: https://admin:admin@knifeparty.localdomain/pulp/api/v2/repositories/integration_test_id/?details=detailstrue
    body: 
      string: ""
    headers: 
      Accept: 
      - application/json
      Content-Type: 
      - application/json
      Accept-Encoding: 
      - gzip, deflate
  response: 
    status: 
      code: 200
      message: OK
    headers: 
      Date: 
      - Thu, 25 Oct 2012 02:59:31 GMT
      Content-Length: 
      - "889"
      Content-Type: 
      - application/json
      Server: 
      - Apache/2.2.22 (Fedora)
    body: 
      string: "{\"scratchpad\": {}, \"display_name\": \"integration_test_id\", \"description\": null, \"_ns\": \"repos\", \"notes\": {}, \"content_unit_count\": 0, \"_id\": {\"$oid\": \"5088ab10dc7921558d00381c\"}, \"id\": \"integration_test_id\", \"_href\": \"/pulp/api/v2/repositories/integration_test_id/\", \"importers\": [{\"repo_id\": \"integration_test_id\", \"_ns\": \"repo_importers\", \"importer_type_id\": \"yum_importer\", \"last_sync\": null, \"scratchpad\": null, \"scheduled_syncs\": [], \"_id\": {\"$oid\": \"5088ab13dc7921558d003830\"}, \"config\": {}, \"id\": \"yum_importer\"}], \"distributors\": [{\"repo_id\": \"integration_test_id\", \"_ns\": \"repo_distributors\", \"last_publish\": null, \"auto_publish\": false, \"scheduled_publishes\": [], \"distributor_type_id\": \"yum_distributor\", \"scratchpad\": null, \"_id\": {\"$oid\": \"5088ab12dc7921558d003827\"}, \"config\": {\"http\": true, \"relative_url\": \"/\", \"https\": true}, \"id\": \"28ff438f-048b-4cf4-8dbd-e314a01dfac7\"}]}"
    http_version: 
  recorded_at: Thu, 25 Oct 2012 02:59:31 GMT
- request: 
    method: get
    uri: https://admin:admin@knifeparty.localdomain/pulp/api/v2/tasks/ba9693e5-4abe-4e21-99de-738656ee59ad/
    body: 
      string: ""
    headers: 
      Accept: 
      - application/json
      Content-Type: 
      - application/json
      Accept-Encoding: 
      - gzip, deflate
  response: 
    status: 
      code: 200
      message: OK
    headers: 
      Date: 
      - Fri, 02 Nov 2012 19:27:06 GMT
      Content-Length: 
      - "654"
      Content-Type: 
      - application/json
      Server: 
      - Apache/2.2.22 (Fedora)
    body: 
      string: "{\"task_group_id\": null, \"exception\": null, \"traceback\": null, \"_href\": \"/pulp/api/v2/tasks/ba9693e5-4abe-4e21-99de-738656ee59ad/\", \"task_id\": \"ba9693e5-4abe-4e21-99de-738656ee59ad\", \"call_request_tags\": [\"pulp:repository:integration_test_id\", \"pulp:action:publish\"], \"reasons\": [], \"start_time\": \"2012-11-02T19:27:07Z\", \"tags\": [\"pulp:repository:integration_test_id\", \"pulp:action:publish\"], \"state\": \"running\", \"finish_time\": null, \"dependency_failures\": {}, \"schedule_id\": null, \"progress\": {}, \"call_request_group_id\": null, \"call_request_id\": \"ba9693e5-4abe-4e21-99de-738656ee59ad\", \"principal_login\": \"admin\", \"response\": \"accepted\", \"result\": null}"
    http_version: 
  recorded_at: Fri, 02 Nov 2012 19:27:07 GMT
- request: 
    method: get
    uri: https://admin:admin@knifeparty.localdomain/pulp/api/v2/tasks/ba9693e5-4abe-4e21-99de-738656ee59ad/
    body: 
      string: ""
    headers: 
      Accept: 
      - application/json
      Content-Type: 
      - application/json
      Accept-Encoding: 
      - gzip, deflate
  response: 
    status: 
      code: 200
      message: OK
    headers: 
      Date: 
      - Fri, 02 Nov 2012 19:27:07 GMT
      Content-Length: 
      - "1423"
      Content-Type: 
      - application/json
      Server: 
      - Apache/2.2.22 (Fedora)
    body: 
      string: "{\"task_group_id\": null, \"exception\": [\"MissingResource: Missing resource(s): distributor={u'scratchpad': None, u'_ns': u'repo_distributors', u'last_publish': None, u'auto_publish': False, u'scheduled_publishes': [], u'distributor_type_id': u'yum_distributor', u'repo_id': u'integration_test_id', u'_id': {u'$oid': u'50941e85dc7921763c0019e5'}, u'config': {u'http': True, u'https': True, u'relative_url': u'/path'}, u'id': u'2aee47cd440009de73dd'}, repository=integration_test_id\\n\"], \"traceback\": [\"  File \\\"/usr/lib/python2.7/site-packages/pulp/server/dispatch/task.py\\\", line 128, in _run\\n    result = call(*args, **kwargs)\\n\", \"  File \\\"/usr/lib/python2.7/site-packages/pulp/server/managers/repo/publish.py\\\", line 112, in publish\\n    raise MissingResource(repository=repo_id, distributor=distributor_id)\\n\"], \"_href\": \"/pulp/api/v2/tasks/ba9693e5-4abe-4e21-99de-738656ee59ad/\", \"task_id\": \"ba9693e5-4abe-4e21-99de-738656ee59ad\", \"call_request_tags\": [\"pulp:repository:integration_test_id\", \"pulp:action:publish\"], \"reasons\": [], \"start_time\": \"2012-11-02T19:27:07Z\", \"tags\": [\"pulp:repository:integration_test_id\", \"pulp:action:publish\"], \"state\": \"error\", \"finish_time\": \"2012-11-02T19:27:07Z\", \"dependency_failures\": {}, \"schedule_id\": null, \"progress\": {}, \"call_request_group_id\": null, \"call_request_id\": \"ba9693e5-4abe-4e21-99de-738656ee59ad\", \"principal_login\": \"admin\", \"response\": \"accepted\", \"result\": null}"
    http_version: 
  recorded_at: Fri, 02 Nov 2012 19:27:07 GMT
- request: 
    method: post
    uri: https://admin:admin@localhost/pulp/api/v2/repositories/integration_test_id/importers/
    body: 
      string: "{\"id\":\"integration_test_id\",\"importer_type_id\":\"yum_importer\",\"importer_config\":{}}"
    headers: 
      Accept: 
      - application/json
      Content-Length: 
      - "83"
      Content-Type: 
      - application/json
      Accept-Encoding: 
      - gzip, deflate
  response: 
    status: 
      code: 201
      message: Created
    headers: 
      Date: 
      - Tue, 06 Nov 2012 18:39:37 GMT
      Content-Length: 
      - "238"
      Content-Type: 
      - application/json
      Server: 
      - Apache/2.2.22 (Fedora)
      Location: 
      - importer
    body: 
      string: "{\"repo_id\": \"integration_test_id\", \"_ns\": \"repo_importers\", \"importer_type_id\": \"yum_importer\", \"last_sync\": null, \"scheduled_syncs\": [], \"scratchpad\": null, \"_id\": {\"$oid\": \"50995969196cbe4ddc000d4c\"}, \"config\": {}, \"id\": \"yum_importer\"}"
    http_version: 
  recorded_at: Tue, 06 Nov 2012 18:39:37 GMT
- request: 
    method: put
    uri: https://admin:admin@localhost/pulp/api/v2/repositories/integration_test_id/
    body: 
      string: "{\"delta\":{\"description\":\"updated_description_integration_test_id\"}}"
    headers: 
      Accept: 
      - application/json
      Content-Length: 
      - "67"
      Content-Type: 
      - application/json
      Accept-Encoding: 
      - gzip, deflate
  response: 
    status: 
      code: 200
      message: OK
    headers: 
      Date: 
      - Tue, 06 Nov 2012 18:39:37 GMT
      Content-Length: 
      - "302"
      Content-Type: 
      - application/json
      Server: 
      - Apache/2.2.22 (Fedora)
    body: 
      string: "{\"scratchpad\": {}, \"display_name\": \"integration_test_id\", \"description\": \"updated_description_integration_test_id\", \"_ns\": \"repos\", \"notes\": {}, \"content_unit_count\": 0, \"_id\": {\"$oid\": \"50995965196cbe4ddc000d42\"}, \"id\": \"integration_test_id\", \"_href\": \"/pulp/api/v2/repositories/integration_test_id/\"}"
    http_version: 
  recorded_at: Tue, 06 Nov 2012 18:39:37 GMT
- request: 
    method: post
    uri: https://admin:admin@localhost/pulp/api/v2/repositories/search/
    body: 
      string: "{\"criteria\":{}}"
    headers: 
      Accept: 
      - application/json
      Content-Length: 
      - "15"
      Content-Type: 
      - application/json
      Accept-Encoding: 
      - gzip, deflate
  response: 
    status: 
      code: 200
      message: OK
    headers: 
      Date: 
      - Tue, 06 Nov 2012 18:39:38 GMT
      Content-Length: 
      - "304"
      Content-Type: 
      - application/json
      Server: 
      - Apache/2.2.22 (Fedora)
    body: 
      string: "[{\"scratchpad\": {}, \"display_name\": \"integration_test_id\", \"description\": \"updated_description_integration_test_id\", \"_ns\": \"repos\", \"notes\": {}, \"content_unit_count\": 0, \"_id\": {\"$oid\": \"50995965196cbe4ddc000d42\"}, \"id\": \"integration_test_id\", \"_href\": \"/pulp/api/v2/repositories/integration_test_id/\"}]"
    http_version: 
  recorded_at: Tue, 06 Nov 2012 18:39:38 GMT
- request: 
    method: get
    uri: https://admin:admin@localhost/pulp/api/v2/repositories/
    body: 
      string: ""
    headers: 
      Accept: 
      - application/json
      Content-Type: 
      - application/json
      Accept-Encoding: 
      - gzip, deflate
  response: 
    status: 
      code: 200
      message: OK
    headers: 
      Date: 
      - Tue, 06 Nov 2012 18:39:38 GMT
      Content-Length: 
      - "304"
      Content-Type: 
      - application/json
      Server: 
      - Apache/2.2.22 (Fedora)
    body: 
      string: "[{\"scratchpad\": {}, \"display_name\": \"integration_test_id\", \"description\": \"updated_description_integration_test_id\", \"_ns\": \"repos\", \"notes\": {}, \"content_unit_count\": 0, \"_id\": {\"$oid\": \"50995965196cbe4ddc000d42\"}, \"id\": \"integration_test_id\", \"_href\": \"/pulp/api/v2/repositories/integration_test_id/\"}]"
    http_version: 
  recorded_at: Tue, 06 Nov 2012 18:39:38 GMT
- request: 
    method: get
    uri: https://admin:admin@localhost/pulp/api/v2/repositories/integration_test_id/?
    body: 
      string: ""
    headers: 
      Accept: 
      - application/json
      Content-Type: 
      - application/json
      Accept-Encoding: 
      - gzip, deflate
  response: 
    status: 
      code: 200
      message: OK
    headers: 
      Date: 
      - Tue, 06 Nov 2012 18:39:38 GMT
      Content-Length: 
      - "302"
      Content-Type: 
      - application/json
      Server: 
      - Apache/2.2.22 (Fedora)
    body: 
      string: "{\"scratchpad\": {}, \"display_name\": \"integration_test_id\", \"description\": \"updated_description_integration_test_id\", \"_ns\": \"repos\", \"notes\": {}, \"content_unit_count\": 0, \"_id\": {\"$oid\": \"50995965196cbe4ddc000d42\"}, \"id\": \"integration_test_id\", \"_href\": \"/pulp/api/v2/repositories/integration_test_id/\"}"
    http_version: 
  recorded_at: Tue, 06 Nov 2012 18:39:38 GMT
- request: 
    method: post
    uri: https://admin:admin@localhost/pulp/api/v2/repositories/integration_test_id/distributors/
    body: 
      string: "{\"distributor_type_id\":\"yum_distributor\",\"distributor_config\":{\"https\":true,\"relative_url\":\"/\",\"http\":true}}"
    headers: 
      Accept: 
      - application/json
      Content-Length: 
      - "108"
      Content-Type: 
      - application/json
      Accept-Encoding: 
      - gzip, deflate
  response: 
    status: 
      code: 201
      message: Created
    headers: 
      Date: 
      - Tue, 06 Nov 2012 18:39:38 GMT
      Content-Length: 
      - "349"
      Content-Type: 
      - application/json
      Server: 
      - Apache/2.2.22 (Fedora)
      Location: 
      - None
    body: 
      string: "{\"repo_id\": \"integration_test_id\", \"_ns\": \"repo_distributors\", \"last_publish\": null, \"auto_publish\": false, \"scheduled_publishes\": [], \"distributor_type_id\": \"yum_distributor\", \"scratchpad\": null, \"_id\": {\"$oid\": \"5099596b196cbe4ddc000d62\"}, \"config\": {\"http\": true, \"https\": true, \"relative_url\": \"/\"}, \"id\": \"b5e71ab9-053e-4388-9aa2-d8435e75d193\"}"
    http_version: 
  recorded_at: Tue, 06 Nov 2012 18:39:39 GMT
- request: 
    method: post
    uri: https://admin:admin@localhost/pulp/api/v2/repositories/
    body: 
      string: "{\"id\":\"integration_test_id_clone\",\"importer_type_id\":\"yum_importer\",\"importer_config\":{}}"
    headers: 
      Accept: 
      - application/json
      Content-Length: 
      - "89"
      Content-Type: 
      - application/json
      Accept-Encoding: 
      - gzip, deflate
  response: 
    status: 
      code: 201
      message: Created
    headers: 
      Date: 
      - Tue, 06 Nov 2012 18:39:59 GMT
      Content-Length: 
      - "283"
      Content-Type: 
      - application/json
      Server: 
      - Apache/2.2.22 (Fedora)
      Location: 
      - integration_test_id_clone
    body: 
      string: "{\"scratchpad\": {}, \"display_name\": \"integration_test_id_clone\", \"description\": null, \"_ns\": \"repos\", \"notes\": {}, \"content_unit_count\": 0, \"_id\": {\"$oid\": \"5099597f196cbe4ddc000da9\"}, \"id\": \"integration_test_id_clone\", \"_href\": \"/pulp/api/v2/repositories/integration_test_id_clone/\"}"
    http_version: 
  recorded_at: Tue, 06 Nov 2012 18:40:00 GMT
- request: 
    method: post
    uri: https://admin:admin@localhost/pulp/api/v2/repositories/integration_test_id_clone/actions/associate/
    body: 
      string: "{\"criteria\":{},\"source_repo_id\":\"integration_test_id\"}"
    headers: 
      Accept: 
      - application/json
      Content-Length: 
      - "54"
      Content-Type: 
      - application/json
      Accept-Encoding: 
      - gzip, deflate
  response: 
    status: 
      code: 202
      message: Accepted
    headers: 
      Date: 
      - Tue, 06 Nov 2012 18:40:00 GMT
      Content-Encoding: 
      - utf-8
      Content-Length: 
      - "730"
      Content-Type: 
      - application/json
      Server: 
      - Apache/2.2.22 (Fedora)
    body: 
      string: "{\"task_group_id\": null, \"exception\": null, \"traceback\": null, \"_href\": \"/pulp/api/v2/tasks/cb80fc25-1b24-4736-baab-679ca0957a48/\", \"task_id\": \"cb80fc25-1b24-4736-baab-679ca0957a48\", \"call_request_tags\": [\"pulp:repository:integration_test_id_clone\", \"pulp:repository:integration_test_id\", \"pulp:action:associate\"], \"reasons\": [], \"start_time\": null, \"tags\": [\"pulp:repository:integration_test_id_clone\", \"pulp:repository:integration_test_id\", \"pulp:action:associate\"], \"state\": \"waiting\", \"finish_time\": null, \"dependency_failures\": {}, \"schedule_id\": null, \"progress\": {}, \"call_request_group_id\": null, \"call_request_id\": \"cb80fc25-1b24-4736-baab-679ca0957a48\", \"principal_login\": \"admin\", \"response\": \"accepted\", \"result\": null}"
    http_version: 
  recorded_at: Tue, 06 Nov 2012 18:40:00 GMT
- request: 
    method: delete
    uri: https://admin:admin@localhost/pulp/api/v2/repositories/integration_test_id/
    body: 
      string: ""
    headers: 
      Accept: 
      - application/json
      Content-Type: 
      - application/json
      Accept-Encoding: 
      - gzip, deflate
  response: 
    status: 
      code: 200
      message: OK
    headers: 
      Date: 
      - Tue, 06 Nov 2012 18:41:17 GMT
      Content-Length: 
      - "4"
      Content-Type: 
      - application/json
      Server: 
      - Apache/2.2.22 (Fedora)
    body: 
      string: "null"
    http_version: 
  recorded_at: Tue, 06 Nov 2012 18:41:17 GMT
- request: 
    method: get
    uri: https://admin:admin@localhost/pulp/api/v2/repositories/integration_test_id/?details=true
    body: 
      string: ""
    headers: 
      Accept: 
      - application/json
      Content-Type: 
      - application/json
      Accept-Encoding: 
      - gzip, deflate
  response: 
    status: 
      code: 200
      message: OK
    headers: 
      Date: 
      - Tue, 06 Nov 2012 18:41:38 GMT
      Content-Length: 
      - "1022"
      Content-Type: 
      - application/json
      Server: 
      - Apache/2.2.22 (Fedora)
    body: 
      string: "{\"scratchpad\": {\"checksum_type\": \"sha256\", \"repodata\": {}}, \"display_name\": \"integration_test_id\", \"description\": null, \"_ns\": \"repos\", \"notes\": {}, \"content_unit_count\": 12, \"_id\": {\"$oid\": \"509959d7196cbe4ddc000e7f\"}, \"id\": \"integration_test_id\", \"_href\": \"/pulp/api/v2/repositories/integration_test_id/\", \"importers\": [{\"repo_id\": \"integration_test_id\", \"_ns\": \"repo_importers\", \"importer_type_id\": \"yum_importer\", \"last_sync\": \"2012-11-06T13:41:32-05:00\", \"scheduled_syncs\": [], \"scratchpad\": null, \"_id\": {\"$oid\": \"509959d7196cbe4ddc000e80\"}, \"config\": {\"feed_url\": \"file:///home/paji/katello/runcible/test/fixtures/repositories/zoo5\"}, \"id\": \"yum_importer\"}], \"distributors\": [{\"repo_id\": \"integration_test_id\", \"_ns\": \"repo_distributors\", \"last_publish\": null, \"auto_publish\": false, \"scheduled_publishes\": [], \"distributor_type_id\": \"yum_distributor\", \"scratchpad\": null, \"_id\": {\"$oid\": \"509959d7196cbe4ddc000e81\"}, \"config\": {\"http\": true, \"relative_url\": \"/path\", \"https\": true}, \"id\": \"21dc5f1e8e71014715c0\"}]}"
    http_version: 
  recorded_at: Tue, 06 Nov 2012 18:41:38 GMT
- request: 
    method: post
    uri: https://admin:admin@localhost/pulp/api/v2/repositories/integration_test_id/actions/publish/
    body: 
      string: "{\"id\":{\"auto_publish\":false,\"distributor_type_id\":\"yum_distributor\",\"config\":{\"https\":true,\"relative_url\":\"/path\",\"http\":true},\"scheduled_publishes\":[],\"scratchpad\":null,\"last_publish\":null,\"id\":\"21dc5f1e8e71014715c0\",\"_id\":{\"$oid\":\"509959d7196cbe4ddc000e81\"},\"repo_id\":\"integration_test_id\",\"_ns\":\"repo_distributors\"}}"
    headers: 
      Accept: 
      - application/json
      Content-Length: 
      - "319"
      Content-Type: 
      - application/json
      Accept-Encoding: 
      - gzip, deflate
  response: 
    status: 
      code: 202
      message: Accepted
    headers: 
      Date: 
      - Tue, 06 Nov 2012 18:41:38 GMT
      Content-Encoding: 
      - utf-8
      Content-Length: 
      - "636"
      Content-Type: 
      - application/json
      Server: 
      - Apache/2.2.22 (Fedora)
    body: 
      string: "{\"task_group_id\": null, \"exception\": null, \"traceback\": null, \"_href\": \"/pulp/api/v2/tasks/9475d257-07ed-437f-ade8-a268c70f8011/\", \"task_id\": \"9475d257-07ed-437f-ade8-a268c70f8011\", \"call_request_tags\": [\"pulp:repository:integration_test_id\", \"pulp:action:publish\"], \"reasons\": [], \"start_time\": null, \"tags\": [\"pulp:repository:integration_test_id\", \"pulp:action:publish\"], \"state\": \"waiting\", \"finish_time\": null, \"dependency_failures\": {}, \"schedule_id\": null, \"progress\": {}, \"call_request_group_id\": null, \"call_request_id\": \"9475d257-07ed-437f-ade8-a268c70f8011\", \"principal_login\": \"admin\", \"response\": \"accepted\", \"result\": null}"
    http_version: 
  recorded_at: Tue, 06 Nov 2012 18:41:38 GMT
- request: 
    method: get
    uri: https://admin:admin@localhost/pulp/api/v2/tasks/9475d257-07ed-437f-ade8-a268c70f8011/
    body: 
      string: ""
    headers: 
      Accept: 
      - application/json
      Content-Type: 
      - application/json
      Accept-Encoding: 
      - gzip, deflate
  response: 
    status: 
      code: 200
      message: OK
    headers: 
      Date: 
      - Tue, 06 Nov 2012 18:41:38 GMT
      Content-Length: 
      - "1425"
      Content-Type: 
      - application/json
      Server: 
      - Apache/2.2.22 (Fedora)
    body: 
      string: "{\"task_group_id\": null, \"exception\": [\"MissingResource: Missing resource(s): distributor={u'scratchpad': None, u'_ns': u'repo_distributors', u'last_publish': None, u'auto_publish': False, u'scheduled_publishes': [], u'distributor_type_id': u'yum_distributor', u'repo_id': u'integration_test_id', u'_id': {u'$oid': u'509959d7196cbe4ddc000e81'}, u'config': {u'http': True, u'relative_url': u'/path', u'https': True}, u'id': u'21dc5f1e8e71014715c0'}, repository=integration_test_id\\n\"], \"traceback\": [\"  File \\\"/usr/lib/python2.7/site-packages/pulp/server/dispatch/task.py\\\", line 128, in _run\\n    result = call(*args, **kwargs)\\n\", \"  File \\\"/usr/lib/python2.7/site-packages/pulp/server/managers/repo/publish.py\\\", line 112, in publish\\n    raise MissingResource(repository=repo_id, distributor=distributor_id)\\n\"], \"_href\": \"/pulp/api/v2/tasks/9475d257-07ed-437f-ade8-a268c70f8011/\", \"task_id\": \"9475d257-07ed-437f-ade8-a268c70f8011\", \"call_request_tags\": [\"pulp:repository:integration_test_id\", \"pulp:action:publish\"], \"reasons\": [], \"start_time\": \"2012-11-06T18:41:38Z\", \"tags\": [\"pulp:repository:integration_test_id\", \"pulp:action:publish\"], \"state\": \"running\", \"finish_time\": \"2012-11-06T18:41:38Z\", \"dependency_failures\": {}, \"schedule_id\": null, \"progress\": {}, \"call_request_group_id\": null, \"call_request_id\": \"9475d257-07ed-437f-ade8-a268c70f8011\", \"principal_login\": \"admin\", \"response\": \"accepted\", \"result\": null}"
    http_version: 
  recorded_at: Tue, 06 Nov 2012 18:41:38 GMT
- request: 
    method: get
    uri: https://admin:admin@localhost/pulp/api/v2/tasks/9475d257-07ed-437f-ade8-a268c70f8011/
    body: 
      string: ""
    headers: 
      Accept: 
      - application/json
      Content-Type: 
      - application/json
      Accept-Encoding: 
      - gzip, deflate
  response: 
    status: 
      code: 200
      message: OK
    headers: 
      Date: 
      - Tue, 06 Nov 2012 18:41:38 GMT
      Content-Length: 
      - "1423"
      Content-Type: 
      - application/json
      Server: 
      - Apache/2.2.22 (Fedora)
    body: 
      string: "{\"task_group_id\": null, \"exception\": [\"MissingResource: Missing resource(s): distributor={u'scratchpad': None, u'_ns': u'repo_distributors', u'last_publish': None, u'auto_publish': False, u'scheduled_publishes': [], u'distributor_type_id': u'yum_distributor', u'repo_id': u'integration_test_id', u'_id': {u'$oid': u'509959d7196cbe4ddc000e81'}, u'config': {u'http': True, u'relative_url': u'/path', u'https': True}, u'id': u'21dc5f1e8e71014715c0'}, repository=integration_test_id\\n\"], \"traceback\": [\"  File \\\"/usr/lib/python2.7/site-packages/pulp/server/dispatch/task.py\\\", line 128, in _run\\n    result = call(*args, **kwargs)\\n\", \"  File \\\"/usr/lib/python2.7/site-packages/pulp/server/managers/repo/publish.py\\\", line 112, in publish\\n    raise MissingResource(repository=repo_id, distributor=distributor_id)\\n\"], \"_href\": \"/pulp/api/v2/tasks/9475d257-07ed-437f-ade8-a268c70f8011/\", \"task_id\": \"9475d257-07ed-437f-ade8-a268c70f8011\", \"call_request_tags\": [\"pulp:repository:integration_test_id\", \"pulp:action:publish\"], \"reasons\": [], \"start_time\": \"2012-11-06T18:41:38Z\", \"tags\": [\"pulp:repository:integration_test_id\", \"pulp:action:publish\"], \"state\": \"error\", \"finish_time\": \"2012-11-06T18:41:38Z\", \"dependency_failures\": {}, \"schedule_id\": null, \"progress\": {}, \"call_request_group_id\": null, \"call_request_id\": \"9475d257-07ed-437f-ade8-a268c70f8011\", \"principal_login\": \"admin\", \"response\": \"accepted\", \"result\": null}"
    http_version: 
  recorded_at: Tue, 06 Nov 2012 18:41:38 GMT
recorded_with: VCR 2.2.5
