--- 
http_interactions: 
- request: 
    method: get
    uri: https://admin:admin@knifeparty.localdomain/pulp/api/v2/tasks/36e5addf-4394-4499-8953-aa63f8c9d251/
    body: 
      string: ""
    headers: 
      Accept: 
      - application/json
      Content-Type: 
      - application/json
      Accept-Encoding: 
      - gzip, deflate
  response: 
    status: 
      code: 200
      message: OK
    headers: 
      Date: 
      - Thu, 25 Oct 2012 00:48:29 GMT
      Content-Length: 
      - "1505"
      Content-Type: 
      - application/json
      Server: 
      - Apache/2.2.22 (Fedora)
    body: 
      string: "{\"task_group_id\": \"97688659-73df-41e0-af65-e9f6085842f9\", \"exception\": null, \"traceback\": null, \"_href\": \"/pulp/api/v2/tasks/36e5addf-4394-4499-8953-aa63f8c9d251/\", \"task_id\": \"36e5addf-4394-4499-8953-aa63f8c9d251\", \"call_request_tags\": [\"pulp:repository:integration_test_id\", \"pulp:action:sync\"], \"reasons\": [], \"start_time\": \"2012-10-25T00:48:24Z\", \"tags\": [\"pulp:repository:integration_test_id\", \"pulp:action:sync\"], \"state\": \"finished\", \"finish_time\": \"2012-10-25T00:48:28Z\", \"dependency_failures\": {}, \"schedule_id\": null, \"progress\": {\"yum_importer\": {\"content\": {\"num_success\": 11, \"size_total\": 17872, \"items_left\": 0, \"items_total\": 11, \"state\": \"FINISHED\", \"size_left\": 0, \"details\": {\"tree_file\": {\"num_success\": 3, \"size_total\": 0, \"items_left\": 0, \"items_total\": 3, \"size_left\": 0, \"num_error\": 0}, \"rpm\": {\"num_success\": 8, \"size_total\": 17872, \"items_left\": 0, \"items_total\": 8, \"size_left\": 0, \"num_error\": 0}, \"delta_rpm\": {\"num_success\": 0, \"size_total\": 0, \"items_left\": 0, \"items_total\": 0, \"size_left\": 0, \"num_error\": 0}, \"file\": {\"num_success\": 0, \"size_total\": 0, \"items_left\": 0, \"items_total\": 0, \"size_left\": 0, \"num_error\": 0}}, \"error_details\": [], \"num_error\": 0}, \"comps\": {\"state\": \"FINISHED\"}, \"errata\": {\"state\": \"FINISHED\", \"num_errata\": 2}, \"metadata\": {\"state\": \"FINISHED\"}}}, \"call_request_group_id\": \"97688659-73df-41e0-af65-e9f6085842f9\", \"call_request_id\": \"36e5addf-4394-4499-8953-aa63f8c9d251\", \"principal_login\": \"admin\", \"response\": \"accepted\", \"result\": null}"
    http_version: 
  recorded_at: Thu, 25 Oct 2012 00:48:29 GMT
- request: 
    method: get
    uri: https://admin:admin@knifeparty.localdomain/pulp/api/v2/tasks/8049da62-3540-4e34-b501-091c10260482/
    body: 
      string: ""
    headers: 
      Accept: 
      - application/json
      Content-Type: 
      - application/json
      Accept-Encoding: 
      - gzip, deflate
  response: 
    status: 
      code: 200
      message: OK
    headers: 
      Date: 
      - Thu, 25 Oct 2012 01:03:06 GMT
      Content-Length: 
      - "1505"
      Content-Type: 
      - application/json
      Server: 
      - Apache/2.2.22 (Fedora)
    body: 
      string: "{\"task_group_id\": \"62701cf1-9add-417d-88ff-bac9081e4d95\", \"exception\": null, \"traceback\": null, \"_href\": \"/pulp/api/v2/tasks/8049da62-3540-4e34-b501-091c10260482/\", \"task_id\": \"8049da62-3540-4e34-b501-091c10260482\", \"call_request_tags\": [\"pulp:repository:integration_test_id\", \"pulp:action:sync\"], \"reasons\": [], \"start_time\": \"2012-10-25T01:03:03Z\", \"tags\": [\"pulp:repository:integration_test_id\", \"pulp:action:sync\"], \"state\": \"finished\", \"finish_time\": \"2012-10-25T01:03:05Z\", \"dependency_failures\": {}, \"schedule_id\": null, \"progress\": {\"yum_importer\": {\"content\": {\"num_success\": 11, \"size_total\": 17872, \"items_left\": 0, \"items_total\": 11, \"state\": \"FINISHED\", \"size_left\": 0, \"details\": {\"tree_file\": {\"num_success\": 3, \"size_total\": 0, \"items_left\": 0, \"items_total\": 3, \"size_left\": 0, \"num_error\": 0}, \"rpm\": {\"num_success\": 8, \"size_total\": 17872, \"items_left\": 0, \"items_total\": 8, \"size_left\": 0, \"num_error\": 0}, \"delta_rpm\": {\"num_success\": 0, \"size_total\": 0, \"items_left\": 0, \"items_total\": 0, \"size_left\": 0, \"num_error\": 0}, \"file\": {\"num_success\": 0, \"size_total\": 0, \"items_left\": 0, \"items_total\": 0, \"size_left\": 0, \"num_error\": 0}}, \"error_details\": [], \"num_error\": 0}, \"comps\": {\"state\": \"FINISHED\"}, \"errata\": {\"state\": \"FINISHED\", \"num_errata\": 2}, \"metadata\": {\"state\": \"FINISHED\"}}}, \"call_request_group_id\": \"62701cf1-9add-417d-88ff-bac9081e4d95\", \"call_request_id\": \"8049da62-3540-4e34-b501-091c10260482\", \"principal_login\": \"admin\", \"response\": \"accepted\", \"result\": null}"
    http_version: 
  recorded_at: Thu, 25 Oct 2012 01:03:06 GMT
- request: 
    method: get
    uri: https://admin:admin@knifeparty.localdomain/pulp/api/v2/tasks/f159ee68-a620-46a4-9a96-cbca182a5929/
    body: 
      string: ""
    headers: 
      Accept: 
      - application/json
      Content-Type: 
      - application/json
      Accept-Encoding: 
      - gzip, deflate
  response: 
    status: 
      code: 200
      message: OK
    headers: 
      Date: 
      - Fri, 02 Nov 2012 19:27:45 GMT
      Content-Length: 
      - "1505"
      Content-Type: 
      - application/json
      Server: 
      - Apache/2.2.22 (Fedora)
    body: 
      string: "{\"task_group_id\": \"a9b9910e-2af4-46cd-b0e9-f23a421b8d60\", \"exception\": null, \"traceback\": null, \"_href\": \"/pulp/api/v2/tasks/f159ee68-a620-46a4-9a96-cbca182a5929/\", \"task_id\": \"f159ee68-a620-46a4-9a96-cbca182a5929\", \"call_request_tags\": [\"pulp:repository:integration_test_id\", \"pulp:action:sync\"], \"reasons\": [], \"start_time\": \"2012-11-02T19:27:42Z\", \"tags\": [\"pulp:repository:integration_test_id\", \"pulp:action:sync\"], \"state\": \"finished\", \"finish_time\": \"2012-11-02T19:27:43Z\", \"dependency_failures\": {}, \"schedule_id\": null, \"progress\": {\"yum_importer\": {\"content\": {\"num_success\": 11, \"size_total\": 17872, \"items_left\": 0, \"items_total\": 11, \"state\": \"FINISHED\", \"size_left\": 0, \"details\": {\"tree_file\": {\"num_success\": 3, \"size_total\": 0, \"items_left\": 0, \"items_total\": 3, \"size_left\": 0, \"num_error\": 0}, \"rpm\": {\"num_success\": 8, \"size_total\": 17872, \"items_left\": 0, \"items_total\": 8, \"size_left\": 0, \"num_error\": 0}, \"delta_rpm\": {\"num_success\": 0, \"size_total\": 0, \"items_left\": 0, \"items_total\": 0, \"size_left\": 0, \"num_error\": 0}, \"file\": {\"num_success\": 0, \"size_total\": 0, \"items_left\": 0, \"items_total\": 0, \"size_left\": 0, \"num_error\": 0}}, \"error_details\": [], \"num_error\": 0}, \"comps\": {\"state\": \"FINISHED\"}, \"errata\": {\"state\": \"FINISHED\", \"num_errata\": 2}, \"metadata\": {\"state\": \"FINISHED\"}}}, \"call_request_group_id\": \"a9b9910e-2af4-46cd-b0e9-f23a421b8d60\", \"call_request_id\": \"f159ee68-a620-46a4-9a96-cbca182a5929\", \"principal_login\": \"admin\", \"response\": \"accepted\", \"result\": null}"
    http_version: 
  recorded_at: Fri, 02 Nov 2012 19:27:45 GMT
- request: 
    method: get
    uri: https://admin:admin@localhost/pulp/api/v2/tasks/?
    body: 
      string: ""
    headers: 
      Accept: 
      - application/json
      Content-Type: 
      - application/json
      Accept-Encoding: 
      - gzip, deflate
  response: 
    status: 
      code: 200
      message: OK
    headers: 
      Date: 
      - Tue, 06 Nov 2012 18:42:56 GMT
      Content-Length: 
      - "5106"
      Content-Type: 
      - application/json
      Server: 
      - Apache/2.2.22 (Fedora)
    body: 
      string: "[{\"task_group_id\": null, \"exception\": null, \"traceback\": null, \"task_id\": \"38c71605-25a3-4a60-8280-4d399f66657e\", \"call_request_tags\": [\"pulp:repository:integration_test_id\", \"pulp:repository_importer:yum_importer\", \"pulp:schedule:50995a1c196cbe4ddc000fc8\", \"pulp:action:update_sync_schedule\"], \"reasons\": [], \"start_time\": \"2012-11-06T18:42:40Z\", \"tags\": [\"pulp:repository:integration_test_id\", \"pulp:repository_importer:yum_importer\", \"pulp:schedule:50995a1c196cbe4ddc000fc8\", \"pulp:action:update_sync_schedule\"], \"state\": \"finished\", \"finish_time\": \"2012-11-06T18:42:40Z\", \"dependency_failures\": {}, \"schedule_id\": null, \"progress\": {}, \"call_request_group_id\": null, \"call_request_id\": \"38c71605-25a3-4a60-8280-4d399f66657e\", \"principal_login\": \"admin\", \"response\": \"accepted\", \"result\": null}, {\"task_group_id\": null, \"exception\": null, \"traceback\": null, \"task_id\": \"e221f2ed-00cf-4157-9881-70bde50e9ac8\", \"call_request_tags\": [\"pulp:repository:integration_test_id\", \"pulp:action:delete\"], \"reasons\": [], \"start_time\": \"2012-11-06T18:42:40Z\", \"tags\": [\"pulp:repository:integration_test_id\", \"pulp:action:delete\"], \"state\": \"finished\", \"finish_time\": \"2012-11-06T18:42:40Z\", \"dependency_failures\": {}, \"schedule_id\": null, \"progress\": {}, \"call_request_group_id\": null, \"call_request_id\": \"e221f2ed-00cf-4157-9881-70bde50e9ac8\", \"principal_login\": \"admin\", \"response\": \"accepted\", \"result\": null}, {\"task_group_id\": null, \"exception\": null, \"traceback\": null, \"task_id\": \"b68b1044-f2e1-4a97-b80b-019a73dd96b3\", \"call_request_tags\": [\"pulp:repository:integration_test_id\", \"pulp:action:create\"], \"reasons\": [], \"start_time\": \"2012-11-06T18:42:47Z\", \"tags\": [\"pulp:repository:integration_test_id\", \"pulp:action:create\"], \"state\": \"finished\", \"finish_time\": \"2012-11-06T18:42:47Z\", \"dependency_failures\": {}, \"schedule_id\": null, \"progress\": {}, \"call_request_group_id\": null, \"call_request_id\": \"b68b1044-f2e1-4a97-b80b-019a73dd96b3\", \"principal_login\": \"admin\", \"response\": \"accepted\", \"result\": {\"scratchpad\": {}, \"display_name\": \"integration_test_id\", \"description\": null, \"_ns\": \"repos\", \"notes\": {}, \"content_unit_count\": 0, \"_id\": {\"$oid\": \"50995a27196cbe4ddc000fe7\"}, \"id\": \"integration_test_id\", \"_href\": \"/pulp/api/v2/repositories/integration_test_id/\"}}, {\"task_group_id\": \"4137a943-0fd7-4862-a47a-0aa8617bb5cd\", \"exception\": null, \"traceback\": null, \"task_id\": \"b99e3f19-ea6c-419f-8fe9-610682bac308\", \"call_request_tags\": [\"pulp:repository:integration_test_id\", \"pulp:action:sync\"], \"reasons\": [], \"start_time\": \"2012-11-06T18:42:51Z\", \"tags\": [\"pulp:repository:integration_test_id\", \"pulp:action:sync\"], \"state\": \"finished\", \"finish_time\": \"2012-11-06T18:42:52Z\", \"dependency_failures\": {}, \"schedule_id\": null, \"progress\": {\"yum_importer\": {\"content\": {\"num_success\": 11, \"size_total\": 17872, \"items_left\": 0, \"items_total\": 11, \"state\": \"FINISHED\", \"size_left\": 0, \"details\": {\"tree_file\": {\"num_success\": 3, \"size_total\": 0, \"items_left\": 0, \"items_total\": 3, \"size_left\": 0, \"num_error\": 0}, \"rpm\": {\"num_success\": 8, \"size_total\": 17872, \"items_left\": 0, \"items_total\": 8, \"size_left\": 0, \"num_error\": 0}, \"delta_rpm\": {\"num_success\": 0, \"size_total\": 0, \"items_left\": 0, \"items_total\": 0, \"size_left\": 0, \"num_error\": 0}, \"file\": {\"num_success\": 0, \"size_total\": 0, \"items_left\": 0, \"items_total\": 0, \"size_left\": 0, \"num_error\": 0}}, \"error_details\": [], \"num_error\": 0}, \"comps\": {\"state\": \"FINISHED\"}, \"errata\": {\"state\": \"FINISHED\", \"num_errata\": 2}, \"metadata\": {\"state\": \"FINISHED\"}}}, \"call_request_group_id\": \"4137a943-0fd7-4862-a47a-0aa8617bb5cd\", \"call_request_id\": \"b99e3f19-ea6c-419f-8fe9-610682bac308\", \"principal_login\": \"admin\", \"response\": \"accepted\", \"result\": null}, {\"task_group_id\": null, \"exception\": null, \"traceback\": null, \"task_id\": \"671ea473-611b-4dc8-80a8-1743ff46e828\", \"call_request_tags\": [], \"reasons\": [], \"start_time\": \"2012-11-06T18:34:44Z\", \"tags\": [], \"state\": \"running\", \"finish_time\": null, \"dependency_failures\": {}, \"schedule_id\": null, \"progress\": {}, \"call_request_group_id\": null, \"call_request_id\": \"671ea473-611b-4dc8-80a8-1743ff46e828\", \"principal_login\": \"admin\", \"response\": \"accepted\", \"result\": null}, {\"task_group_id\": null, \"exception\": null, \"traceback\": null, \"task_id\": \"af4560c7-8c89-4a6b-80af-5a9cae9451f9\", \"call_request_tags\": [], \"reasons\": [], \"start_time\": \"2012-11-06T18:34:45Z\", \"tags\": [], \"state\": \"running\", \"finish_time\": null, \"dependency_failures\": {}, \"schedule_id\": null, \"progress\": {}, \"call_request_group_id\": null, \"call_request_id\": \"af4560c7-8c89-4a6b-80af-5a9cae9451f9\", \"principal_login\": \"admin\", \"response\": \"accepted\", \"result\": null}, {\"task_group_id\": null, \"exception\": null, \"traceback\": null, \"task_id\": \"13c5a4e3-28b7-4cee-a924-ef18c4a2a54b\", \"call_request_tags\": [], \"reasons\": [], \"start_time\": \"2012-11-06T18:34:46Z\", \"tags\": [], \"state\": \"running\", \"finish_time\": null, \"dependency_failures\": {}, \"schedule_id\": null, \"progress\": {}, \"call_request_group_id\": null, \"call_request_id\": \"13c5a4e3-28b7-4cee-a924-ef18c4a2a54b\", \"principal_login\": \"admin\", \"response\": \"accepted\", \"result\": null}]"
    http_version: 
  recorded_at: Tue, 06 Nov 2012 18:42:56 GMT
- request: 
    method: get
    uri: https://admin:admin@localhost/pulp/api/v2/tasks/b99e3f19-ea6c-419f-8fe9-610682bac308/
    body: 
      string: ""
    headers: 
      Accept: 
      - application/json
      Content-Type: 
      - application/json
      Accept-Encoding: 
      - gzip, deflate
  response: 
    status: 
      code: 200
      message: OK
    headers: 
      Date: 
      - Tue, 06 Nov 2012 18:42:56 GMT
      Content-Length: 
      - "1505"
      Content-Type: 
      - application/json
      Server: 
      - Apache/2.2.22 (Fedora)
    body: 
      string: "{\"task_group_id\": \"4137a943-0fd7-4862-a47a-0aa8617bb5cd\", \"exception\": null, \"traceback\": null, \"_href\": \"/pulp/api/v2/tasks/b99e3f19-ea6c-419f-8fe9-610682bac308/\", \"task_id\": \"b99e3f19-ea6c-419f-8fe9-610682bac308\", \"call_request_tags\": [\"pulp:repository:integration_test_id\", \"pulp:action:sync\"], \"reasons\": [], \"start_time\": \"2012-11-06T18:42:51Z\", \"tags\": [\"pulp:repository:integration_test_id\", \"pulp:action:sync\"], \"state\": \"finished\", \"finish_time\": \"2012-11-06T18:42:52Z\", \"dependency_failures\": {}, \"schedule_id\": null, \"progress\": {\"yum_importer\": {\"content\": {\"num_success\": 11, \"size_total\": 17872, \"items_left\": 0, \"items_total\": 11, \"state\": \"FINISHED\", \"size_left\": 0, \"details\": {\"tree_file\": {\"num_success\": 3, \"size_total\": 0, \"items_left\": 0, \"items_total\": 3, \"size_left\": 0, \"num_error\": 0}, \"rpm\": {\"num_success\": 8, \"size_total\": 17872, \"items_left\": 0, \"items_total\": 8, \"size_left\": 0, \"num_error\": 0}, \"delta_rpm\": {\"num_success\": 0, \"size_total\": 0, \"items_left\": 0, \"items_total\": 0, \"size_left\": 0, \"num_error\": 0}, \"file\": {\"num_success\": 0, \"size_total\": 0, \"items_left\": 0, \"items_total\": 0, \"size_left\": 0, \"num_error\": 0}}, \"error_details\": [], \"num_error\": 0}, \"comps\": {\"state\": \"FINISHED\"}, \"errata\": {\"state\": \"FINISHED\", \"num_errata\": 2}, \"metadata\": {\"state\": \"FINISHED\"}}}, \"call_request_group_id\": \"4137a943-0fd7-4862-a47a-0aa8617bb5cd\", \"call_request_id\": \"b99e3f19-ea6c-419f-8fe9-610682bac308\", \"principal_login\": \"admin\", \"response\": \"accepted\", \"result\": null}"
    http_version: 
  recorded_at: Tue, 06 Nov 2012 18:42:56 GMT
recorded_with: VCR 2.2.5
