--- 
http_interactions: 
- request: 
    method: get
    uri: https://admin:admin@knifeparty.localdomain/pulp/api/v2/tasks/5121d686-c91a-4edf-b0a0-36cc7e5df6c0/
    body: 
      string: ""
    headers: 
      Accept-Encoding: 
      - gzip, deflate
      Accept: 
      - application/json
      Content-Type: 
      - application/json
  response: 
    status: 
      code: 200
      message: OK
    headers: 
      Content-Length: 
      - "1505"
      Server: 
      - Apache/2.2.22 (Fedora)
      Date: 
      - Wed, 31 Oct 2012 15:09:52 GMT
      Content-Type: 
      - application/json
    body: 
      string: "{\"task_group_id\": \"ff6b9b9e-db48-494e-a8aa-ca68d277b5a7\", \"exception\": null, \"traceback\": null, \"_href\": \"/pulp/api/v2/tasks/5121d686-c91a-4edf-b0a0-36cc7e5df6c0/\", \"task_id\": \"5121d686-c91a-4edf-b0a0-36cc7e5df6c0\", \"call_request_tags\": [\"pulp:repository:integration_test_id\", \"pulp:action:sync\"], \"reasons\": [], \"start_time\": \"2012-10-31T15:09:50Z\", \"tags\": [\"pulp:repository:integration_test_id\", \"pulp:action:sync\"], \"state\": \"finished\", \"finish_time\": \"2012-10-31T15:09:51Z\", \"dependency_failures\": {}, \"schedule_id\": null, \"progress\": {\"yum_importer\": {\"content\": {\"num_success\": 11, \"size_total\": 17872, \"items_left\": 0, \"items_total\": 11, \"state\": \"FINISHED\", \"size_left\": 0, \"details\": {\"tree_file\": {\"num_success\": 3, \"size_total\": 0, \"items_left\": 0, \"items_total\": 3, \"size_left\": 0, \"num_error\": 0}, \"rpm\": {\"num_success\": 8, \"size_total\": 17872, \"items_left\": 0, \"items_total\": 8, \"size_left\": 0, \"num_error\": 0}, \"delta_rpm\": {\"num_success\": 0, \"size_total\": 0, \"items_left\": 0, \"items_total\": 0, \"size_left\": 0, \"num_error\": 0}, \"file\": {\"num_success\": 0, \"size_total\": 0, \"items_left\": 0, \"items_total\": 0, \"size_left\": 0, \"num_error\": 0}}, \"error_details\": [], \"num_error\": 0}, \"comps\": {\"state\": \"FINISHED\"}, \"errata\": {\"state\": \"FINISHED\", \"num_errata\": 2}, \"metadata\": {\"state\": \"FINISHED\"}}}, \"call_request_group_id\": \"ff6b9b9e-db48-494e-a8aa-ca68d277b5a7\", \"call_request_id\": \"5121d686-c91a-4edf-b0a0-36cc7e5df6c0\", \"principal_login\": \"admin\", \"response\": \"accepted\", \"result\": null}"
    http_version: 
  recorded_at: Wed, 31 Oct 2012 15:09:52 GMT
- request: 
    method: get
    uri: https://admin:admin@knifeparty.localdomain/pulp/api/v2/tasks/?
    body: 
      string: ""
    headers: 
      Accept-Encoding: 
      - gzip, deflate
      Accept: 
      - application/json
      Content-Type: 
      - application/json
  response: 
    status: 
      code: 200
      message: OK
    headers: 
      Content-Length: 
      - "2303"
      Server: 
      - Apache/2.2.22 (Fedora)
      Date: 
      - Wed, 31 Oct 2012 16:04:07 GMT
      Content-Type: 
      - application/json
    body: 
      string: "[{\"task_group_id\": null, \"exception\": null, \"traceback\": null, \"task_id\": \"52089fdf-a8c3-443d-91b6-0ba7f8dedb9f\", \"call_request_tags\": [\"pulp:repository:integration_test_id\", \"pulp:action:create\"], \"reasons\": [], \"start_time\": \"2012-10-31T16:04:04Z\", \"tags\": [\"pulp:repository:integration_test_id\", \"pulp:action:create\"], \"state\": \"finished\", \"finish_time\": \"2012-10-31T16:04:05Z\", \"dependency_failures\": {}, \"schedule_id\": null, \"progress\": {}, \"call_request_group_id\": null, \"call_request_id\": \"52089fdf-a8c3-443d-91b6-0ba7f8dedb9f\", \"principal_login\": \"admin\", \"response\": \"accepted\", \"result\": {\"scratchpad\": {}, \"display_name\": \"integration_test_id\", \"description\": null, \"_ns\": \"repos\", \"notes\": {}, \"content_unit_count\": 0, \"_id\": {\"$oid\": \"50914bf4dc79216d39003ba5\"}, \"id\": \"integration_test_id\", \"_href\": \"/pulp/api/v2/repositories/integration_test_id/\"}}, {\"task_group_id\": \"f6d669b0-56e9-497a-8664-b4b64979b7d9\", \"exception\": null, \"traceback\": null, \"task_id\": \"5a63e6e6-cbcf-4b6e-8bad-46c62a94c835\", \"call_request_tags\": [\"pulp:repository:integration_test_id\", \"pulp:action:sync\"], \"reasons\": [], \"start_time\": \"2012-10-31T16:04:05Z\", \"tags\": [\"pulp:repository:integration_test_id\", \"pulp:action:sync\"], \"state\": \"finished\", \"finish_time\": \"2012-10-31T16:04:06Z\", \"dependency_failures\": {}, \"schedule_id\": null, \"progress\": {\"yum_importer\": {\"content\": {\"num_success\": 11, \"size_total\": 17872, \"items_left\": 0, \"items_total\": 11, \"state\": \"FINISHED\", \"size_left\": 0, \"details\": {\"tree_file\": {\"num_success\": 3, \"size_total\": 0, \"items_left\": 0, \"items_total\": 3, \"size_left\": 0, \"num_error\": 0}, \"rpm\": {\"num_success\": 8, \"size_total\": 17872, \"items_left\": 0, \"items_total\": 8, \"size_left\": 0, \"num_error\": 0}, \"delta_rpm\": {\"num_success\": 0, \"size_total\": 0, \"items_left\": 0, \"items_total\": 0, \"size_left\": 0, \"num_error\": 0}, \"file\": {\"num_success\": 0, \"size_total\": 0, \"items_left\": 0, \"items_total\": 0, \"size_left\": 0, \"num_error\": 0}}, \"error_details\": [], \"num_error\": 0}, \"comps\": {\"state\": \"FINISHED\"}, \"errata\": {\"state\": \"FINISHED\", \"num_errata\": 2}, \"metadata\": {\"state\": \"FINISHED\"}}}, \"call_request_group_id\": \"f6d669b0-56e9-497a-8664-b4b64979b7d9\", \"call_request_id\": \"5a63e6e6-cbcf-4b6e-8bad-46c62a94c835\", \"principal_login\": \"admin\", \"response\": \"accepted\", \"result\": null}]"
    http_version: 
  recorded_at: Wed, 31 Oct 2012 16:04:07 GMT
- request: 
    method: get
    uri: https://admin:admin@knifeparty.localdomain/pulp/api/v2/tasks/5a63e6e6-cbcf-4b6e-8bad-46c62a94c835/
    body: 
      string: ""
    headers: 
      Accept-Encoding: 
      - gzip, deflate
      Accept: 
      - application/json
      Content-Type: 
      - application/json
  response: 
    status: 
      code: 200
      message: OK
    headers: 
      Content-Length: 
      - "1505"
      Server: 
      - Apache/2.2.22 (Fedora)
      Date: 
      - Wed, 31 Oct 2012 16:04:07 GMT
      Content-Type: 
      - application/json
    body: 
      string: "{\"task_group_id\": \"f6d669b0-56e9-497a-8664-b4b64979b7d9\", \"exception\": null, \"traceback\": null, \"_href\": \"/pulp/api/v2/tasks/5a63e6e6-cbcf-4b6e-8bad-46c62a94c835/\", \"task_id\": \"5a63e6e6-cbcf-4b6e-8bad-46c62a94c835\", \"call_request_tags\": [\"pulp:repository:integration_test_id\", \"pulp:action:sync\"], \"reasons\": [], \"start_time\": \"2012-10-31T16:04:05Z\", \"tags\": [\"pulp:repository:integration_test_id\", \"pulp:action:sync\"], \"state\": \"finished\", \"finish_time\": \"2012-10-31T16:04:06Z\", \"dependency_failures\": {}, \"schedule_id\": null, \"progress\": {\"yum_importer\": {\"content\": {\"num_success\": 11, \"size_total\": 17872, \"items_left\": 0, \"items_total\": 11, \"state\": \"FINISHED\", \"size_left\": 0, \"details\": {\"tree_file\": {\"num_success\": 3, \"size_total\": 0, \"items_left\": 0, \"items_total\": 3, \"size_left\": 0, \"num_error\": 0}, \"rpm\": {\"num_success\": 8, \"size_total\": 17872, \"items_left\": 0, \"items_total\": 8, \"size_left\": 0, \"num_error\": 0}, \"delta_rpm\": {\"num_success\": 0, \"size_total\": 0, \"items_left\": 0, \"items_total\": 0, \"size_left\": 0, \"num_error\": 0}, \"file\": {\"num_success\": 0, \"size_total\": 0, \"items_left\": 0, \"items_total\": 0, \"size_left\": 0, \"num_error\": 0}}, \"error_details\": [], \"num_error\": 0}, \"comps\": {\"state\": \"FINISHED\"}, \"errata\": {\"state\": \"FINISHED\", \"num_errata\": 2}, \"metadata\": {\"state\": \"FINISHED\"}}}, \"call_request_group_id\": \"f6d669b0-56e9-497a-8664-b4b64979b7d9\", \"call_request_id\": \"5a63e6e6-cbcf-4b6e-8bad-46c62a94c835\", \"principal_login\": \"admin\", \"response\": \"accepted\", \"result\": null}"
    http_version: 
  recorded_at: Wed, 31 Oct 2012 16:04:07 GMT
recorded_with: VCR 2.3.0
