--- 
recorded_with: VCR 2.3.0
http_interactions: 
- request: 
    method: get
    uri: https://admin:admin@localhost/pulp/api/v2/users/integration_test_user/
    body: 
      string: ""
    headers: 
      Accept: 
      - application/json
      Accept-Encoding: 
      - gzip, deflate
      Content-Type: 
      - application/json
  response: 
    status: 
      code: 200
      message: OK
    headers: 
      Date: 
      - Wed, 28 Nov 2012 15:45:16 GMT
      Server: 
      - Apache/2.2.22 (Fedora)
      Content-Type: 
      - application/json
      Content-Length: 
      - "247"
    body: 
      string: "{\"_id\": {\"$oid\": \"50b6318c9c60ed61380021af\"}, \"name\": \"integration_test_user\", \"roles\": [], \"_ns\": \"users\", \"login\": \"integration_test_user\", \"password\": null, \"id\": \"50b6318c9c60ed61380021af\", \"_href\": \"/pulp/api/v2/users/integration_test_user/\"}"
    http_version: 
  recorded_at: Wed, 28 Nov 2012 15:45:16 GMT
- request: 
    method: get
    uri: https://admin:admin@localhost/pulp/api/v2/users/
    body: 
      string: ""
    headers: 
      Accept: 
      - application/json
      Accept-Encoding: 
      - gzip, deflate
      Content-Type: 
      - application/json
  response: 
    status: 
      code: 200
      message: OK
    headers: 
      Date: 
      - Wed, 28 Nov 2012 15:45:18 GMT
      Server: 
      - Apache/2.2.22 (Fedora)
      Content-Type: 
      - application/json
      Content-Length: 
      - "674"
    body: 
      string: "[{\"_id\": {\"$oid\": \"50b62a369c60ed6138000002\"}, \"name\": \"admin\", \"roles\": [\"super-users\"], \"_ns\": \"users\", \"login\": \"admin\", \"id\": \"50b62a369c60ed6138000002\", \"_href\": \"/pulp/api/v2/users/admin/\"}, {\"_id\": {\"$oid\": \"50b62a639c60ed613800001d\"}, \"name\": \"hidden-aQUYrB-788c694c\", \"roles\": [\"super-users\"], \"_ns\": \"users\", \"login\": \"hidden-aQUYrB-788c694c\", \"id\": \"50b62a639c60ed613800001d\", \"_href\": \"/pulp/api/v2/users/hidden-aQUYrB-788c694c/\"}, {\"_id\": {\"$oid\": \"50b6318e9c60ed61380021de\"}, \"name\": \"integration_test_user\", \"roles\": [], \"_ns\": \"users\", \"login\": \"integration_test_user\", \"id\": \"50b6318e9c60ed61380021de\", \"_href\": \"/pulp/api/v2/users/integration_test_user/\"}]"
    http_version: 
  recorded_at: Wed, 28 Nov 2012 15:45:18 GMT
- request: 
    method: delete
    uri: https://admin:admin@localhost/pulp/api/v2/users/integration_test_user/
    body: 
      string: ""
    headers: 
      Accept: 
      - application/json
      Accept-Encoding: 
      - gzip, deflate
      Content-Type: 
      - application/json
  response: 
    status: 
      code: 200
      message: OK
    headers: 
      Date: 
      - Wed, 28 Nov 2012 15:45:20 GMT
      Server: 
      - Apache/2.2.22 (Fedora)
      Content-Type: 
      - application/json
      Content-Length: 
      - "4"
    body: 
      string: "null"
    http_version: 
  recorded_at: Wed, 28 Nov 2012 15:45:20 GMT
- request: 
    method: post
    uri: https://admin:admin@localhost/pulp/api/v2/users/
    body: 
      string: "{\"name\":\"integration_test_user\",\"login\":\"integration_test_user\",\"password\":\"integration_test_password\"}"
    headers: 
      Accept: 
      - application/json
      Accept-Encoding: 
      - gzip, deflate
      Content-Type: 
      - application/json
      Content-Length: 
      - "103"
  response: 
    status: 
      code: 201
      message: Created
    headers: 
      Date: 
      - Wed, 28 Nov 2012 15:45:21 GMT
      Server: 
      - Apache/2.2.22 (Fedora)
      Content-Type: 
      - application/json
      Location: 
      - integration_test_user
      Content-Length: 
      - "229"
    body: 
      string: "{\"_id\": {\"$oid\": \"50b631919c60ed613800223a\"}, \"name\": \"integration_test_user\", \"roles\": [], \"_ns\": \"users\", \"login\": \"integration_test_user\", \"id\": \"50b631919c60ed613800223a\", \"_href\": \"/pulp/api/v2/users/integration_test_user/\"}"
    http_version: 
  recorded_at: Wed, 28 Nov 2012 15:45:21 GMT
