--- 
http_interactions: 
- request: 
    method: delete
    uri: https://admin:admin@abed.usersys.redhat.com/pulp/api/v2/repositories/test_repo_iso_fixture/
    body: 
      encoding: US-ASCII
      string: ""
    headers: 
      Accept: 
      - application/json
      Accept-Encoding: 
      - gzip, deflate
      Content-Type: 
      - application/json
      User-Agent: 
      - Ruby
  response: 
    status: 
      code: 202
      message: Accepted
    headers: 
      Date: 
      - Thu, 13 Jun 2013 20:43:50 GMT
      Server: 
      - Apache/2.2.15 (Red Hat)
      Content-Encoding: 
      - utf-8
      Content-Length: 
      - "714"
      Content-Type: 
      - application/json
    body: 
      encoding: US-ASCII
      string: "[{\"task_group_id\": \"9279835a-c57a-4c47-b436-b1af2cb12b5f\", \"exception\": null, \"traceback\": null, \"_href\": \"/pulp/api/v2/task_groups/9279835a-c57a-4c47-b436-b1af2cb12b5f/\", \"task_id\": \"0421465d-fb55-4ec2-ac4a-39f899a84034\", \"call_request_tags\": [\"pulp:repository:test_repo_iso_fixture\", \"pulp:action:delete\"], \"reasons\": [], \"start_time\": null, \"tags\": [\"pulp:repository:test_repo_iso_fixture\", \"pulp:action:delete\"], \"state\": \"waiting\", \"finish_time\": null, \"dependency_failures\": {}, \"schedule_id\": null, \"progress\": {}, \"call_request_group_id\": \"9279835a-c57a-4c47-b436-b1af2cb12b5f\", \"call_request_id\": \"0421465d-fb55-4ec2-ac4a-39f899a84034\", \"principal_login\": \"admin\", \"response\": \"accepted\", \"result\": null}]"
    http_version: 
  recorded_at: Thu, 13 Jun 2013 20:43:50 GMT
- request: 
    method: delete
    uri: https://admin:admin@abed.usersys.redhat.com/pulp/api/v2/repositories/integration_test_id_distro/
    body: 
      encoding: US-ASCII
      string: ""
    headers: 
      Accept: 
      - application/json
      Accept-Encoding: 
      - gzip, deflate
      Content-Type: 
      - application/json
      User-Agent: 
      - Ruby
  response: 
    status: 
      code: 202
      message: Accepted
    headers: 
      Date: 
      - Thu, 13 Jun 2013 20:44:23 GMT
      Server: 
      - Apache/2.2.15 (Red Hat)
      Content-Encoding: 
      - utf-8
      Content-Length: 
      - "724"
      Content-Type: 
      - application/json
    body: 
      encoding: US-ASCII
      string: "[{\"task_group_id\": \"acc79522-51b6-4f7f-b867-d1679598403d\", \"exception\": null, \"traceback\": null, \"_href\": \"/pulp/api/v2/task_groups/acc79522-51b6-4f7f-b867-d1679598403d/\", \"task_id\": \"b53abb99-187c-4d24-9d02-db3f993b652a\", \"call_request_tags\": [\"pulp:repository:integration_test_id_distro\", \"pulp:action:delete\"], \"reasons\": [], \"start_time\": null, \"tags\": [\"pulp:repository:integration_test_id_distro\", \"pulp:action:delete\"], \"state\": \"waiting\", \"finish_time\": null, \"dependency_failures\": {}, \"schedule_id\": null, \"progress\": {}, \"call_request_group_id\": \"acc79522-51b6-4f7f-b867-d1679598403d\", \"call_request_id\": \"b53abb99-187c-4d24-9d02-db3f993b652a\", \"principal_login\": \"admin\", \"response\": \"accepted\", \"result\": null}]"
    http_version: 
  recorded_at: Thu, 13 Jun 2013 20:44:23 GMT
- request: 
    method: delete
    uri: https://admin:admin@abed.usersys.redhat.com/pulp/api/v2/repositories/integration_test_id_clone/
    body: 
      encoding: US-ASCII
      string: ""
    headers: 
      Accept: 
      - application/json
      Accept-Encoding: 
      - gzip, deflate
      Content-Type: 
      - application/json
      User-Agent: 
      - Ruby
  response: 
    status: 
      code: 202
      message: Accepted
    headers: 
      Date: 
      - Thu, 13 Jun 2013 20:46:25 GMT
      Server: 
      - Apache/2.2.15 (Red Hat)
      Content-Encoding: 
      - utf-8
      Content-Length: 
      - "722"
      Content-Type: 
      - application/json
    body: 
      encoding: US-ASCII
      string: "[{\"task_group_id\": \"fb334a8e-849a-4d4b-bf96-91edd8167be5\", \"exception\": null, \"traceback\": null, \"_href\": \"/pulp/api/v2/task_groups/fb334a8e-849a-4d4b-bf96-91edd8167be5/\", \"task_id\": \"f6582c89-b776-4df2-8361-ccf7f9787d14\", \"call_request_tags\": [\"pulp:repository:integration_test_id_clone\", \"pulp:action:delete\"], \"reasons\": [], \"start_time\": null, \"tags\": [\"pulp:repository:integration_test_id_clone\", \"pulp:action:delete\"], \"state\": \"waiting\", \"finish_time\": null, \"dependency_failures\": {}, \"schedule_id\": null, \"progress\": {}, \"call_request_group_id\": \"fb334a8e-849a-4d4b-bf96-91edd8167be5\", \"call_request_id\": \"f6582c89-b776-4df2-8361-ccf7f9787d14\", \"principal_login\": \"admin\", \"response\": \"accepted\", \"result\": null}]"
    http_version: 
  recorded_at: Thu, 13 Jun 2013 20:46:25 GMT
- request: 
    method: post
    uri: https://admin:admin@abed.usersys.redhat.com/pulp/api/v2/repositories/integration_test_id/importers/yum_importer/schedules/sync/
    body: 
      encoding: US-ASCII
      string: "{\"schedule\":\"2012-09-25T20:44:00Z/P7D\"}"
    headers: 
      Accept: 
      - application/json
      Accept-Encoding: 
      - gzip, deflate
      Content-Type: 
      - application/json
      Content-Length: 
      - "39"
      User-Agent: 
      - Ruby
  response: 
    status: 
      code: 201
      message: Created
    headers: 
      Date: 
      - Thu, 13 Jun 2013 20:47:24 GMT
      Server: 
      - Apache/2.2.15 (Red Hat)
      Location: 
      - /pulp/api/v2/repositories/integration_test_id/importers/yum_importer/schedules/sync/51ba2fdc5ca01344a5ca5ebb/
      Content-Length: 
      - "406"
      Content-Type: 
      - application/json
    body: 
      encoding: US-ASCII
      string: "{\"next_run\": \"2013-06-18T20:44:00Z\", \"_href\": \"/pulp/api/v2/repositories/integration_test_id/importers/yum_importer/schedules/sync/51ba2fdc5ca01344a5ca5ebb/\", \"schedule\": \"2012-09-25T20:44:00Z/P7D\", \"override_config\": {}, \"remaining_runs\": null, \"first_run\": \"2013-06-18T20:44:00Z\", \"enabled\": true, \"last_run\": null, \"failure_threshold\": null, \"_id\": \"51ba2fdc5ca01344a5ca5ebb\", \"consecutive_failures\": 0}"
    http_version: 
  recorded_at: Thu, 13 Jun 2013 20:47:24 GMT
- request: 
    method: post
    uri: https://admin:admin@abed.usersys.redhat.com/pulp/api/v2/repositories/integration_test_id/actions/sync/
    body: 
      encoding: US-ASCII
      string: "{}"
    headers: 
      Accept: 
      - application/json
      Accept-Encoding: 
      - gzip, deflate
      Content-Type: 
      - application/json
      Content-Length: 
      - "2"
      User-Agent: 
      - Ruby
  response: 
    status: 
      code: 202
      message: Accepted
    headers: 
      Date: 
      - Thu, 13 Jun 2013 20:47:27 GMT
      Server: 
      - Apache/2.2.15 (Red Hat)
      Content-Encoding: 
      - utf-8
      Content-Length: 
      - "706"
      Content-Type: 
      - application/json
    body: 
      encoding: US-ASCII
      string: "[{\"task_group_id\": \"d838de8c-e822-4f57-a0ba-334b2711ab8b\", \"exception\": null, \"traceback\": null, \"_href\": \"/pulp/api/v2/task_groups/d838de8c-e822-4f57-a0ba-334b2711ab8b/\", \"task_id\": \"9dab3835-1cad-4c4b-b152-4106b6c8954f\", \"call_request_tags\": [\"pulp:repository:integration_test_id\", \"pulp:action:sync\"], \"reasons\": [], \"start_time\": null, \"tags\": [\"pulp:repository:integration_test_id\", \"pulp:action:sync\"], \"state\": \"waiting\", \"finish_time\": null, \"dependency_failures\": {}, \"schedule_id\": null, \"progress\": {}, \"call_request_group_id\": \"d838de8c-e822-4f57-a0ba-334b2711ab8b\", \"call_request_id\": \"9dab3835-1cad-4c4b-b152-4106b6c8954f\", \"principal_login\": \"admin\", \"response\": \"accepted\", \"result\": null}]"
    http_version: 
  recorded_at: Thu, 13 Jun 2013 20:47:28 GMT
- request: 
    method: get
    uri: https://admin:admin@abed.usersys.redhat.com/pulp/api/v2/repositories/integration_test_id/?
    body: 
      encoding: US-ASCII
      string: ""
    headers: 
      Accept: 
      - application/json
      Accept-Encoding: 
      - gzip, deflate
      Content-Type: 
      - application/json
      User-Agent: 
      - Ruby
  response: 
    status: 
      code: 404
      message: Not Found
    headers: 
      Date: 
      - Thu, 13 Jun 2013 20:47:43 GMT
      Server: 
      - Apache/2.2.15 (Red Hat)
      Content-Encoding: 
      - utf-8
      Content-Length: 
      - "259"
      Content-Type: 
      - application/json
    body: 
      encoding: US-ASCII
      string: "{\"http_request_method\": \"GET\", \"exception\": null, \"error_message\": \"Missing resource(s): repo=integration_test_id\", \"_href\": \"/pulp/api/v2/repositories/integration_test_id/\", \"http_status\": 404, \"traceback\": null, \"resources\": {\"repo\": \"integration_test_id\"}}"
    http_version: 
  recorded_at: Thu, 13 Jun 2013 20:47:43 GMT
- request: 
    method: post
    uri: https://admin:admin@abed.usersys.redhat.com/pulp/api/v2/repositories/
    body: 
      encoding: US-ASCII
      string: "{\"id\":\"integration_test_id\"}"
    headers: 
      Accept: 
      - application/json
      Accept-Encoding: 
      - gzip, deflate
      Content-Type: 
      - application/json
      Content-Length: 
      - "28"
      User-Agent: 
      - Ruby
  response: 
    status: 
      code: 201
      message: Created
    headers: 
      Date: 
      - Thu, 13 Jun 2013 20:47:43 GMT
      Server: 
      - Apache/2.2.15 (Red Hat)
      Location: 
      - integration_test_id
      Content-Length: 
      - "267"
      Content-Type: 
      - application/json
    body: 
      encoding: US-ASCII
      string: "{\"scratchpad\": {}, \"display_name\": \"integration_test_id\", \"description\": null, \"_ns\": \"repos\", \"notes\": {}, \"content_unit_counts\": {}, \"_id\": {\"$oid\": \"51ba2fef5ca01344a5ca5ff9\"}, \"id\": \"integration_test_id\", \"_href\": \"/pulp/api/v2/repositories/integration_test_id/\"}"
    http_version: 
  recorded_at: Thu, 13 Jun 2013 20:47:43 GMT
- request: 
    method: delete
    uri: https://admin:admin@abed.usersys.redhat.com/pulp/api/v2/repositories/integration_test_id/
    body: 
      encoding: US-ASCII
      string: ""
    headers: 
      Accept: 
      - application/json
      Accept-Encoding: 
      - gzip, deflate
      Content-Type: 
      - application/json
      User-Agent: 
      - Ruby
  response: 
    status: 
      code: 202
      message: Accepted
    headers: 
      Date: 
      - Thu, 13 Jun 2013 20:47:45 GMT
      Server: 
      - Apache/2.2.15 (Red Hat)
      Content-Encoding: 
      - utf-8
      Content-Length: 
      - "710"
      Content-Type: 
      - application/json
    body: 
      encoding: US-ASCII
      string: "[{\"task_group_id\": \"35983583-22e2-4dcb-94ee-9249542f7cd9\", \"exception\": null, \"traceback\": null, \"_href\": \"/pulp/api/v2/task_groups/35983583-22e2-4dcb-94ee-9249542f7cd9/\", \"task_id\": \"c312b9f9-79b6-4882-ac82-eacf0de84430\", \"call_request_tags\": [\"pulp:repository:integration_test_id\", \"pulp:action:delete\"], \"reasons\": [], \"start_time\": null, \"tags\": [\"pulp:repository:integration_test_id\", \"pulp:action:delete\"], \"state\": \"waiting\", \"finish_time\": null, \"dependency_failures\": {}, \"schedule_id\": null, \"progress\": {}, \"call_request_group_id\": \"35983583-22e2-4dcb-94ee-9249542f7cd9\", \"call_request_id\": \"c312b9f9-79b6-4882-ac82-eacf0de84430\", \"principal_login\": \"admin\", \"response\": \"accepted\", \"result\": null}]"
    http_version: 
  recorded_at: Thu, 13 Jun 2013 20:47:45 GMT
recorded_with: VCR 2.4.0
