--- 
http_interactions: 
- request: 
    method: delete
    uri: https://admin:oDkT6iqqnlAIkZI7zLzdr%2BNkZME93kCO@dhcp129-181.rdu.redhat.com/pulp/api/v2/repositories/test_repo_iso_fixture/
    body: 
      encoding: US-ASCII
      string: ""
    headers: 
      Accept: 
      - application/json
      Accept-Encoding: 
      - gzip, deflate
      Content-Type: 
      - application/json
      User-Agent: 
      - Ruby
  response: 
    status: 
      code: 202
      message: Accepted
    headers: 
      Date: 
      - Tue, 23 Apr 2013 17:52:11 GMT
      Server: 
      - Apache/2.2.15 (Red Hat)
      Content-Encoding: 
      - utf-8
      Content-Length: 
      - "714"
      Content-Type: 
      - application/json
    body: 
      encoding: US-ASCII
      string: "[{\"task_group_id\": \"d2f71b48-daed-4770-b0a0-0bd8fbedd2bf\", \"exception\": null, \"traceback\": null, \"_href\": \"/pulp/api/v2/task_groups/d2f71b48-daed-4770-b0a0-0bd8fbedd2bf/\", \"task_id\": \"7ae77b56-3179-477d-a59c-82964f9b46b7\", \"call_request_tags\": [\"pulp:repository:test_repo_iso_fixture\", \"pulp:action:delete\"], \"reasons\": [], \"start_time\": null, \"tags\": [\"pulp:repository:test_repo_iso_fixture\", \"pulp:action:delete\"], \"state\": \"waiting\", \"finish_time\": null, \"dependency_failures\": {}, \"schedule_id\": null, \"progress\": {}, \"call_request_group_id\": \"d2f71b48-daed-4770-b0a0-0bd8fbedd2bf\", \"call_request_id\": \"7ae77b56-3179-477d-a59c-82964f9b46b7\", \"principal_login\": \"admin\", \"response\": \"accepted\", \"result\": null}]"
    http_version: 
  recorded_at: Tue, 23 Apr 2013 17:52:11 GMT
- request: 
    method: delete
    uri: https://admin:oDkT6iqqnlAIkZI7zLzdr%2BNkZME93kCO@dhcp129-181.rdu.redhat.com/pulp/api/v2/repositories/integration_test_id_distro/
    body: 
      encoding: US-ASCII
      string: ""
    headers: 
      Accept: 
      - application/json
      Accept-Encoding: 
      - gzip, deflate
      Content-Type: 
      - application/json
      User-Agent: 
      - Ruby
  response: 
    status: 
      code: 202
      message: Accepted
    headers: 
      Date: 
      - Tue, 23 Apr 2013 17:52:56 GMT
      Server: 
      - Apache/2.2.15 (Red Hat)
      Content-Encoding: 
      - utf-8
      Content-Length: 
      - "724"
      Content-Type: 
      - application/json
    body: 
      encoding: US-ASCII
      string: "[{\"task_group_id\": \"c9f6c618-3b88-43cf-8f0d-d1db04ff35c7\", \"exception\": null, \"traceback\": null, \"_href\": \"/pulp/api/v2/task_groups/c9f6c618-3b88-43cf-8f0d-d1db04ff35c7/\", \"task_id\": \"3ebe370d-f84b-45b9-89a1-19273358a258\", \"call_request_tags\": [\"pulp:repository:integration_test_id_distro\", \"pulp:action:delete\"], \"reasons\": [], \"start_time\": null, \"tags\": [\"pulp:repository:integration_test_id_distro\", \"pulp:action:delete\"], \"state\": \"waiting\", \"finish_time\": null, \"dependency_failures\": {}, \"schedule_id\": null, \"progress\": {}, \"call_request_group_id\": \"c9f6c618-3b88-43cf-8f0d-d1db04ff35c7\", \"call_request_id\": \"3ebe370d-f84b-45b9-89a1-19273358a258\", \"principal_login\": \"admin\", \"response\": \"accepted\", \"result\": null}]"
    http_version: 
  recorded_at: Tue, 23 Apr 2013 17:52:56 GMT
- request: 
    method: post
    uri: https://admin:oDkT6iqqnlAIkZI7zLzdr%2BNkZME93kCO@dhcp129-181.rdu.redhat.com/pulp/api/v2/repositories/integration_test_id/importers/yum_importer/schedules/sync/
    body: 
      encoding: US-ASCII
      string: "{\"schedule\":\"2012-09-25T20:44:00Z/P7D\"}"
    headers: 
      Accept: 
      - application/json
      Accept-Encoding: 
      - gzip, deflate
      Content-Type: 
      - application/json
      Content-Length: 
      - "39"
      User-Agent: 
      - Ruby
  response: 
    status: 
      code: 201
      message: Created
    headers: 
      Date: 
      - Tue, 23 Apr 2013 18:02:00 GMT
      Server: 
      - Apache/2.2.15 (Red Hat)
      Location: 
      - /pulp/api/v2/repositories/integration_test_id/importers/yum_importer/schedules/sync/5176cc983cbbb529ef0004bf/
      Content-Length: 
      - "406"
      Content-Type: 
      - application/json
    body: 
      encoding: US-ASCII
      string: "{\"next_run\": \"2013-04-23T20:44:00Z\", \"_href\": \"/pulp/api/v2/repositories/integration_test_id/importers/yum_importer/schedules/sync/5176cc983cbbb529ef0004bf/\", \"schedule\": \"2012-09-25T20:44:00Z/P7D\", \"override_config\": {}, \"remaining_runs\": null, \"first_run\": \"2013-04-23T20:44:00Z\", \"enabled\": true, \"last_run\": null, \"failure_threshold\": null, \"_id\": \"5176cc983cbbb529ef0004bf\", \"consecutive_failures\": 0}"
    http_version: 
  recorded_at: Tue, 23 Apr 2013 18:02:00 GMT
- request: 
    method: delete
    uri: https://admin:oDkT6iqqnlAIkZI7zLzdr%2BNkZME93kCO@dhcp129-181.rdu.redhat.com/pulp/api/v2/repositories/integration_test_id_clone/
    body: 
      encoding: US-ASCII
      string: ""
    headers: 
      Accept: 
      - application/json
      Accept-Encoding: 
      - gzip, deflate
      Content-Type: 
      - application/json
      User-Agent: 
      - Ruby
  response: 
    status: 
      code: 202
      message: Accepted
    headers: 
      Date: 
      - Tue, 23 Apr 2013 18:24:30 GMT
      Server: 
      - Apache/2.2.15 (Red Hat)
      Content-Encoding: 
      - utf-8
      Content-Length: 
      - "722"
      Content-Type: 
      - application/json
    body: 
      encoding: US-ASCII
      string: "[{\"task_group_id\": \"aa1a3f7f-7a0e-4729-942f-3840178a2078\", \"exception\": null, \"traceback\": null, \"_href\": \"/pulp/api/v2/task_groups/aa1a3f7f-7a0e-4729-942f-3840178a2078/\", \"task_id\": \"2e6376f4-b39a-4172-81a1-b22122c130cb\", \"call_request_tags\": [\"pulp:repository:integration_test_id_clone\", \"pulp:action:delete\"], \"reasons\": [], \"start_time\": null, \"tags\": [\"pulp:repository:integration_test_id_clone\", \"pulp:action:delete\"], \"state\": \"waiting\", \"finish_time\": null, \"dependency_failures\": {}, \"schedule_id\": null, \"progress\": {}, \"call_request_group_id\": \"aa1a3f7f-7a0e-4729-942f-3840178a2078\", \"call_request_id\": \"2e6376f4-b39a-4172-81a1-b22122c130cb\", \"principal_login\": \"admin\", \"response\": \"accepted\", \"result\": null}]"
    http_version: 
  recorded_at: Tue, 23 Apr 2013 18:24:30 GMT
- request: 
    method: get
    uri: https://admin:oDkT6iqqnlAIkZI7zLzdr%2BNkZME93kCO@dhcp129-181.rdu.redhat.com/pulp/api/v2/repositories/integration_test_id/?
    body: 
      encoding: US-ASCII
      string: ""
    headers: 
      Accept: 
      - application/json
      Accept-Encoding: 
      - gzip, deflate
      Content-Type: 
      - application/json
      User-Agent: 
      - Ruby
  response: 
    status: 
      code: 404
      message: Not Found
    headers: 
      Date: 
      - Tue, 23 Apr 2013 18:39:57 GMT
      Server: 
      - Apache/2.2.15 (Red Hat)
      Content-Encoding: 
      - utf-8
      Content-Length: 
      - "259"
      Content-Type: 
      - application/json
    body: 
      encoding: US-ASCII
      string: "{\"http_request_method\": \"GET\", \"exception\": null, \"error_message\": \"Missing resource(s): repo=integration_test_id\", \"_href\": \"/pulp/api/v2/repositories/integration_test_id/\", \"http_status\": 404, \"traceback\": null, \"resources\": {\"repo\": \"integration_test_id\"}}"
    http_version: 
  recorded_at: Tue, 23 Apr 2013 18:39:57 GMT
- request: 
    method: post
    uri: https://admin:oDkT6iqqnlAIkZI7zLzdr%2BNkZME93kCO@dhcp129-181.rdu.redhat.com/pulp/api/v2/repositories/
    body: 
      encoding: US-ASCII
      string: "{\"id\":\"integration_test_id\",\"importer_type_id\":\"yum_importer\",\"importer_config\":{\"feed_url\":\"file:///home/bbucking/github/runcible/test/fixtures/repositories/zoo5\"}}"
    headers: 
      Accept: 
      - application/json
      Accept-Encoding: 
      - gzip, deflate
      Content-Type: 
      - application/json
      Content-Length: 
      - "165"
      User-Agent: 
      - Ruby
  response: 
    status: 
      code: 201
      message: Created
    headers: 
      Date: 
      - Tue, 23 Apr 2013 18:39:58 GMT
      Server: 
      - Apache/2.2.15 (Red Hat)
      Location: 
      - integration_test_id
      Content-Length: 
      - "267"
      Content-Type: 
      - application/json
    body: 
      encoding: US-ASCII
      string: "{\"scratchpad\": {}, \"display_name\": \"integration_test_id\", \"description\": null, \"_ns\": \"repos\", \"notes\": {}, \"content_unit_counts\": {}, \"_id\": {\"$oid\": \"5176d57e3cbbb536730001a1\"}, \"id\": \"integration_test_id\", \"_href\": \"/pulp/api/v2/repositories/integration_test_id/\"}"
    http_version: 
  recorded_at: Tue, 23 Apr 2013 18:39:58 GMT
- request: 
    method: post
    uri: https://admin:oDkT6iqqnlAIkZI7zLzdr%2BNkZME93kCO@dhcp129-181.rdu.redhat.com/pulp/api/v2/repositories/integration_test_id/actions/sync/
    body: 
      encoding: US-ASCII
      string: "{}"
    headers: 
      Accept: 
      - application/json
      Accept-Encoding: 
      - gzip, deflate
      Content-Type: 
      - application/json
      Content-Length: 
      - "2"
      User-Agent: 
      - Ruby
  response: 
    status: 
      code: 202
      message: Accepted
    headers: 
      Date: 
      - Tue, 23 Apr 2013 18:39:58 GMT
      Server: 
      - Apache/2.2.15 (Red Hat)
      Content-Encoding: 
      - utf-8
      Content-Length: 
      - "706"
      Content-Type: 
      - application/json
    body: 
      encoding: US-ASCII
      string: "[{\"task_group_id\": \"c37f4e0d-4813-4cae-b8e3-997588609142\", \"exception\": null, \"traceback\": null, \"_href\": \"/pulp/api/v2/task_groups/c37f4e0d-4813-4cae-b8e3-997588609142/\", \"task_id\": \"253080e6-ddbd-4dd7-a571-5bf61a2243f2\", \"call_request_tags\": [\"pulp:repository:integration_test_id\", \"pulp:action:sync\"], \"reasons\": [], \"start_time\": null, \"tags\": [\"pulp:repository:integration_test_id\", \"pulp:action:sync\"], \"state\": \"waiting\", \"finish_time\": null, \"dependency_failures\": {}, \"schedule_id\": null, \"progress\": {}, \"call_request_group_id\": \"c37f4e0d-4813-4cae-b8e3-997588609142\", \"call_request_id\": \"253080e6-ddbd-4dd7-a571-5bf61a2243f2\", \"principal_login\": \"admin\", \"response\": \"accepted\", \"result\": null}]"
    http_version: 
  recorded_at: Tue, 23 Apr 2013 18:39:58 GMT
- request: 
    method: delete
    uri: https://admin:oDkT6iqqnlAIkZI7zLzdr%2BNkZME93kCO@dhcp129-181.rdu.redhat.com/pulp/api/v2/repositories/integration_test_id/
    body: 
      encoding: US-ASCII
      string: ""
    headers: 
      Accept: 
      - application/json
      Accept-Encoding: 
      - gzip, deflate
      Content-Type: 
      - application/json
      User-Agent: 
      - Ruby
  response: 
    status: 
      code: 202
      message: Accepted
    headers: 
      Date: 
      - Tue, 23 Apr 2013 18:40:06 GMT
      Server: 
      - Apache/2.2.15 (Red Hat)
      Content-Encoding: 
      - utf-8
      Content-Length: 
      - "710"
      Content-Type: 
      - application/json
    body: 
      encoding: US-ASCII
      string: "[{\"task_group_id\": \"6c585e3f-6dd2-46d7-9253-4e8d069048fb\", \"exception\": null, \"traceback\": null, \"_href\": \"/pulp/api/v2/task_groups/6c585e3f-6dd2-46d7-9253-4e8d069048fb/\", \"task_id\": \"123b0274-9d11-48f2-8910-c74f6dbd175f\", \"call_request_tags\": [\"pulp:repository:integration_test_id\", \"pulp:action:delete\"], \"reasons\": [], \"start_time\": null, \"tags\": [\"pulp:repository:integration_test_id\", \"pulp:action:delete\"], \"state\": \"waiting\", \"finish_time\": null, \"dependency_failures\": {}, \"schedule_id\": null, \"progress\": {}, \"call_request_group_id\": \"6c585e3f-6dd2-46d7-9253-4e8d069048fb\", \"call_request_id\": \"123b0274-9d11-48f2-8910-c74f6dbd175f\", \"principal_login\": \"admin\", \"response\": \"accepted\", \"result\": null}]"
    http_version: 
  recorded_at: Tue, 23 Apr 2013 18:40:06 GMT
recorded_with: VCR 2.4.0
