---
http_interactions:
- request:
    method: get
    uri: https://admin:admin@devel.example.com/pulp/api/v2/tasks/caa5c47b-dbff-41b9-a5aa-12f1bcffca7f/
    body:
      encoding: US-ASCII
      string: ''
    headers:
      Accept:
      - application/json
      Accept-Encoding:
      - gzip, deflate
      Content-Type:
      - application/json
      User-Agent:
      - Ruby
  response:
    status:
      code: 200
      message: OK
    headers:
      Date:
      - Fri, 01 Jul 2016 14:43:42 GMT
      Server:
      - Apache/2.4.6 (CentOS)
      Vary:
      - Accept-Encoding
      Content-Length:
      - '2487'
      Content-Type:
      - application/json; charset=utf-8
    body:
      encoding: ASCII-8BIT
      string: '{"exception": null, "task_type": "pulp.server.managers.repo.sync.sync",
        "_href": "/pulp/api/v2/tasks/caa5c47b-dbff-41b9-a5aa-12f1bcffca7f/", "task_id":
        "caa5c47b-dbff-41b9-a5aa-12f1bcffca7f", "tags": ["pulp:repository:integration_test_id",
        "pulp:action:sync"], "finish_time": "2016-07-01T14:43:42Z", "_ns": "task_status",
        "start_time": "2016-07-01T14:43:42Z", "traceback": "Traceback (most recent
        call last):\n  File \"/usr/lib/python2.7/site-packages/celery/app/trace.py\",
        line 240, in trace_task\n    R = retval = fun(*args, **kwargs)\n  File \"/usr/lib/python2.7/site-packages/pulp/server/async/tasks.py\",
        line 473, in __call__\n    return super(Task, self).__call__(*args, **kwargs)\n  File
        \"/usr/lib/python2.7/site-packages/pulp/server/async/tasks.py\", line 103,
        in __call__\n    return super(PulpTask, self).__call__(*args, **kwargs)\n  File
        \"/usr/lib/python2.7/site-packages/celery/app/trace.py\", line 437, in __protected_call__\n    return
        self.run(*args, **kwargs)\n  File \"/usr/lib/python2.7/site-packages/pulp/server/controllers/repository.py\",
        line 760, in sync\n    sync_report = sync_repo(transfer_repo, conduit, call_config)\n  File
        \"/usr/lib/python2.7/site-packages/pulp/server/async/tasks.py\", line 658,
        in wrap_f\n    return f(*args, **kwargs)\n  File \"/usr/lib/python2.7/site-packages/pulp_rpm/plugins/importers/iso/importer.py\",
        line 103, in sync_repo\n    report = self.iso_sync.perform_sync()\n  File
        \"/usr/lib/python2.7/site-packages/pulp_rpm/plugins/importers/iso/sync.py\",
        line 220, in perform_sync\n    self.add_catalog_entries(local_available_isos)\n  File
        \"/usr/lib/python2.7/site-packages/pulp_rpm/plugins/importers/iso/sync.py\",
        line 186, in add_catalog_entries\n    entry.url = unit.url\nAttributeError:
        ''ISO'' object has no attribute ''url''\n", "spawned_tasks": [], "progress_report":
        {"iso_importer": {"error_message": null, "traceback": null, "finished_bytes":
        0, "num_isos": null, "state": "manifest_in_progress", "total_bytes": null,
        "state_times": {"not_started": "2016-07-01T14:43:42", "manifest_in_progress":
        "2016-07-01T14:43:42"}, "num_isos_finished": 0, "iso_error_messages": []}},
        "queue": "reserved_resource_worker-1@devel.example.com.dq", "state": "error",
        "worker_name": "reserved_resource_worker-1@devel.example.com", "result": null,
        "error": {"code": "PLP0000", "data": {}, "description": "''ISO'' object has
        no attribute ''url''", "sub_errors": []}, "_id": {"$oid": "5776819e9036949adab88915"},
        "id": "5776819e9036949adab88915"}'
    http_version: 
  recorded_at: Fri, 01 Jul 2016 14:43:42 GMT
- request:
    method: get
    uri: https://admin:admin@devel.example.com/pulp/api/v2/tasks/caa5c47b-dbff-41b9-a5aa-12f1bcffca7f/
    body:
      encoding: US-ASCII
      string: ''
    headers:
      Accept:
      - application/json
      Accept-Encoding:
      - gzip, deflate
      Content-Type:
      - application/json
      User-Agent:
      - Ruby
  response:
    status:
      code: 200
      message: OK
    headers:
      Date:
      - Fri, 01 Jul 2016 14:43:43 GMT
      Server:
      - Apache/2.4.6 (CentOS)
      Vary:
      - Accept-Encoding
      Content-Length:
      - '2487'
      Content-Type:
      - application/json; charset=utf-8
    body:
      encoding: ASCII-8BIT
      string: '{"exception": null, "task_type": "pulp.server.managers.repo.sync.sync",
        "_href": "/pulp/api/v2/tasks/caa5c47b-dbff-41b9-a5aa-12f1bcffca7f/", "task_id":
        "caa5c47b-dbff-41b9-a5aa-12f1bcffca7f", "tags": ["pulp:repository:integration_test_id",
        "pulp:action:sync"], "finish_time": "2016-07-01T14:43:42Z", "_ns": "task_status",
        "start_time": "2016-07-01T14:43:42Z", "traceback": "Traceback (most recent
        call last):\n  File \"/usr/lib/python2.7/site-packages/celery/app/trace.py\",
        line 240, in trace_task\n    R = retval = fun(*args, **kwargs)\n  File \"/usr/lib/python2.7/site-packages/pulp/server/async/tasks.py\",
        line 473, in __call__\n    return super(Task, self).__call__(*args, **kwargs)\n  File
        \"/usr/lib/python2.7/site-packages/pulp/server/async/tasks.py\", line 103,
        in __call__\n    return super(PulpTask, self).__call__(*args, **kwargs)\n  File
        \"/usr/lib/python2.7/site-packages/celery/app/trace.py\", line 437, in __protected_call__\n    return
        self.run(*args, **kwargs)\n  File \"/usr/lib/python2.7/site-packages/pulp/server/controllers/repository.py\",
        line 760, in sync\n    sync_report = sync_repo(transfer_repo, conduit, call_config)\n  File
        \"/usr/lib/python2.7/site-packages/pulp/server/async/tasks.py\", line 658,
        in wrap_f\n    return f(*args, **kwargs)\n  File \"/usr/lib/python2.7/site-packages/pulp_rpm/plugins/importers/iso/importer.py\",
        line 103, in sync_repo\n    report = self.iso_sync.perform_sync()\n  File
        \"/usr/lib/python2.7/site-packages/pulp_rpm/plugins/importers/iso/sync.py\",
        line 220, in perform_sync\n    self.add_catalog_entries(local_available_isos)\n  File
        \"/usr/lib/python2.7/site-packages/pulp_rpm/plugins/importers/iso/sync.py\",
        line 186, in add_catalog_entries\n    entry.url = unit.url\nAttributeError:
        ''ISO'' object has no attribute ''url''\n", "spawned_tasks": [], "progress_report":
        {"iso_importer": {"error_message": null, "traceback": null, "finished_bytes":
        0, "num_isos": null, "state": "manifest_in_progress", "total_bytes": null,
        "state_times": {"not_started": "2016-07-01T14:43:42", "manifest_in_progress":
        "2016-07-01T14:43:42"}, "num_isos_finished": 0, "iso_error_messages": []}},
        "queue": "reserved_resource_worker-1@devel.example.com.dq", "state": "error",
        "worker_name": "reserved_resource_worker-1@devel.example.com", "result": null,
        "error": {"code": "PLP0000", "data": {}, "description": "''ISO'' object has
        no attribute ''url''", "sub_errors": []}, "_id": {"$oid": "5776819e9036949adab88915"},
        "id": "5776819e9036949adab88915"}'
    http_version: 
  recorded_at: Fri, 01 Jul 2016 14:43:43 GMT
- request:
    method: get
    uri: https://admin:admin@devel.example.com/pulp/api/v2/tasks/b1d873e0-ac2b-4d4a-91ee-da1434e37bb0/
    body:
      encoding: US-ASCII
      string: ''
    headers:
      Accept:
      - application/json
      Accept-Encoding:
      - gzip, deflate
      Content-Type:
      - application/json
      User-Agent:
      - Ruby
  response:
    status:
      code: 200
      message: OK
    headers:
      Date:
      - Fri, 01 Jul 2016 14:43:43 GMT
      Server:
      - Apache/2.4.6 (CentOS)
      Vary:
      - Accept-Encoding
      Content-Length:
      - '678'
      Content-Type:
      - application/json; charset=utf-8
    body:
      encoding: ASCII-8BIT
      string: '{"exception": null, "task_type": "pulp.server.tasks.repository.delete",
        "_href": "/pulp/api/v2/tasks/b1d873e0-ac2b-4d4a-91ee-da1434e37bb0/", "task_id":
        "b1d873e0-ac2b-4d4a-91ee-da1434e37bb0", "tags": ["pulp:repository:integration_test_id",
        "pulp:action:delete"], "finish_time": "2016-07-01T14:43:43Z", "_ns": "task_status",
        "start_time": "2016-07-01T14:43:43Z", "traceback": null, "spawned_tasks":
        [], "progress_report": {}, "queue": "reserved_resource_worker-1@devel.example.com.dq",
        "state": "finished", "worker_name": "reserved_resource_worker-1@devel.example.com",
        "result": null, "error": null, "_id": {"$oid": "5776819f9036949adab88916"},
        "id": "5776819f9036949adab88916"}'
    http_version: 
  recorded_at: Fri, 01 Jul 2016 14:43:43 GMT
- request:
    method: get
    uri: https://admin:8hPtEyo9rgBhv2ahMTYH9Xqsp3WX5rcj@runcible.example.com/pulp/api/v2/tasks/22ad4ec2-3f6f-4aa8-81bb-ab8e9fe45f0e/
    body:
      encoding: US-ASCII
      string: ''
    headers:
      Accept:
      - application/json
      Accept-Encoding:
      - gzip, deflate
      Content-Type:
      - application/json
      User-Agent:
      - Ruby
  response:
    status:
      code: 200
      message: OK
    headers:
      Date:
      - Tue, 26 Jul 2016 19:16:17 GMT
      Server:
      - Apache/2.4.6 (CentOS)
      Vary:
      - Accept-Encoding
      Content-Length:
      - '1793'
      Content-Type:
      - application/json; charset=utf-8
    body:
      encoding: ASCII-8BIT
      string: '{"exception": null, "task_type": "pulp.server.managers.repo.sync.sync",
        "_href": "/pulp/api/v2/tasks/22ad4ec2-3f6f-4aa8-81bb-ab8e9fe45f0e/", "task_id":
        "22ad4ec2-3f6f-4aa8-81bb-ab8e9fe45f0e", "tags": ["pulp:repository:integration_test_id",
        "pulp:action:sync"], "finish_time": "2016-07-26T19:16:16Z", "_ns": "task_status",
        "start_time": "2016-07-26T19:16:16Z", "traceback": null, "spawned_tasks":
        [], "progress_report": {"iso_importer": {"error_message": null, "traceback":
        null, "finished_bytes": 0, "num_isos": 0, "state": "complete", "total_bytes":
        0, "state_times": {"not_started": "2016-07-26T19:16:16", "manifest_in_progress":
        "2016-07-26T19:16:16", "complete": "2016-07-26T19:16:16", "isos_in_progress":
        "2016-07-26T19:16:16"}, "num_isos_finished": 0, "iso_error_messages": []}},
        "queue": "reserved_resource_worker-0@runcible.example.com.dq", "state": "finished",
        "worker_name": "reserved_resource_worker-0@runcible.example.com", "result":
        {"result": "success", "importer_id": "iso_importer", "exception": null, "repo_id":
        "integration_test_id", "traceback": null, "started": "2016-07-26T19:16:16Z",
        "_ns": "repo_sync_results", "completed": "2016-07-26T19:16:16Z", "importer_type_id":
        "iso_importer", "error_message": null, "summary": {"total_bytes": 0, "traceback":
        null, "error_message": null, "finished_bytes": 0, "num_isos": 0, "state":
        "complete", "iso_error_messages": [], "num_isos_finished": 0, "state_times":
        {"not_started": "2016-07-26T19:16:16", "manifest_in_progress": "2016-07-26T19:16:16",
        "complete": "2016-07-26T19:16:16", "isos_in_progress": "2016-07-26T19:16:16"}},
        "added_count": 1, "removed_count": 0, "updated_count": 0, "id": "5797b700aca4886f94017db3",
        "details": null}, "error": null, "_id": {"$oid": "5797b700d5c469f4207bd174"},
        "id": "5797b700d5c469f4207bd174"}'
    http_version: 
  recorded_at: Tue, 26 Jul 2016 19:16:17 GMT
- request:
    method: get
    uri: https://admin:8hPtEyo9rgBhv2ahMTYH9Xqsp3WX5rcj@runcible.example.com/pulp/api/v2/tasks/22ad4ec2-3f6f-4aa8-81bb-ab8e9fe45f0e/
    body:
      encoding: US-ASCII
      string: ''
    headers:
      Accept:
      - application/json
      Accept-Encoding:
      - gzip, deflate
      Content-Type:
      - application/json
      User-Agent:
      - Ruby
  response:
    status:
      code: 200
      message: OK
    headers:
      Date:
      - Tue, 26 Jul 2016 19:16:17 GMT
      Server:
      - Apache/2.4.6 (CentOS)
      Vary:
      - Accept-Encoding
      Content-Length:
      - '1793'
      Content-Type:
      - application/json; charset=utf-8
    body:
      encoding: ASCII-8BIT
      string: '{"exception": null, "task_type": "pulp.server.managers.repo.sync.sync",
        "_href": "/pulp/api/v2/tasks/22ad4ec2-3f6f-4aa8-81bb-ab8e9fe45f0e/", "task_id":
        "22ad4ec2-3f6f-4aa8-81bb-ab8e9fe45f0e", "tags": ["pulp:repository:integration_test_id",
        "pulp:action:sync"], "finish_time": "2016-07-26T19:16:16Z", "_ns": "task_status",
        "start_time": "2016-07-26T19:16:16Z", "traceback": null, "spawned_tasks":
        [], "progress_report": {"iso_importer": {"error_message": null, "traceback":
        null, "finished_bytes": 0, "num_isos": 0, "state": "complete", "total_bytes":
        0, "state_times": {"not_started": "2016-07-26T19:16:16", "manifest_in_progress":
        "2016-07-26T19:16:16", "complete": "2016-07-26T19:16:16", "isos_in_progress":
        "2016-07-26T19:16:16"}, "num_isos_finished": 0, "iso_error_messages": []}},
        "queue": "reserved_resource_worker-0@runcible.example.com.dq", "state": "finished",
        "worker_name": "reserved_resource_worker-0@runcible.example.com", "result":
        {"result": "success", "importer_id": "iso_importer", "exception": null, "repo_id":
        "integration_test_id", "traceback": null, "started": "2016-07-26T19:16:16Z",
        "_ns": "repo_sync_results", "completed": "2016-07-26T19:16:16Z", "importer_type_id":
        "iso_importer", "error_message": null, "summary": {"total_bytes": 0, "traceback":
        null, "error_message": null, "finished_bytes": 0, "num_isos": 0, "state":
        "complete", "iso_error_messages": [], "num_isos_finished": 0, "state_times":
        {"not_started": "2016-07-26T19:16:16", "manifest_in_progress": "2016-07-26T19:16:16",
        "complete": "2016-07-26T19:16:16", "isos_in_progress": "2016-07-26T19:16:16"}},
        "added_count": 1, "removed_count": 0, "updated_count": 0, "id": "5797b700aca4886f94017db3",
        "details": null}, "error": null, "_id": {"$oid": "5797b700d5c469f4207bd174"},
        "id": "5797b700d5c469f4207bd174"}'
    http_version: 
  recorded_at: Tue, 26 Jul 2016 19:16:17 GMT
- request:
    method: get
    uri: https://admin:8hPtEyo9rgBhv2ahMTYH9Xqsp3WX5rcj@runcible.example.com/pulp/api/v2/tasks/460d900a-bcb7-49a1-b8dd-90416c1da131/
    body:
      encoding: US-ASCII
      string: ''
    headers:
      Accept:
      - application/json
      Accept-Encoding:
      - gzip, deflate
      Content-Type:
      - application/json
      User-Agent:
      - Ruby
  response:
    status:
      code: 200
      message: OK
    headers:
      Date:
      - Tue, 26 Jul 2016 19:16:18 GMT
      Server:
      - Apache/2.4.6 (CentOS)
      Vary:
      - Accept-Encoding
      Content-Length:
      - '684'
      Content-Type:
      - application/json; charset=utf-8
    body:
      encoding: ASCII-8BIT
      string: '{"exception": null, "task_type": "pulp.server.tasks.repository.delete",
        "_href": "/pulp/api/v2/tasks/460d900a-bcb7-49a1-b8dd-90416c1da131/", "task_id":
        "460d900a-bcb7-49a1-b8dd-90416c1da131", "tags": ["pulp:repository:integration_test_id",
        "pulp:action:delete"], "finish_time": "2016-07-26T19:16:18Z", "_ns": "task_status",
        "start_time": "2016-07-26T19:16:18Z", "traceback": null, "spawned_tasks":
        [], "progress_report": {}, "queue": "reserved_resource_worker-0@runcible.example.com.dq",
        "state": "finished", "worker_name": "reserved_resource_worker-0@runcible.example.com",
        "result": null, "error": null, "_id": {"$oid": "5797b701d5c469f4207bd175"},
        "id": "5797b701d5c469f4207bd175"}'
    http_version: 
  recorded_at: Tue, 26 Jul 2016 19:16:18 GMT
- request:
    method: get
    uri: https://admin:8hPtEyo9rgBhv2ahMTYH9Xqsp3WX5rcj@runcible.example.com/pulp/api/v2/repositories/integration_test_id/
    body:
      encoding: US-ASCII
      string: ''
    headers:
      Accept:
      - application/json
      Accept-Encoding:
      - gzip, deflate
      Content-Type:
      - application/json
      User-Agent:
      - Ruby
  response:
    status:
      code: 404
      message: NOT FOUND
    headers:
      Date:
      - Tue, 26 Jul 2016 20:00:25 GMT
      Server:
      - Apache/2.4.6 (CentOS)
      Content-Encoding:
      - utf-8
      Content-Length:
      - '452'
      Content-Type:
      - application/json; charset=utf-8
    body:
      encoding: UTF-8
      string: '{"http_request_method": "GET", "exception": null, "error_message":
        "Missing resource(s): repository=integration_test_id", "_href": "/pulp/api/v2/repositories/integration_test_id/?",
        "http_status": 404, "error": {"code": "PLP0009", "data": {"resources": {"repository":
        "integration_test_id"}}, "description": "Missing resource(s): repository=integration_test_id",
        "sub_errors": []}, "traceback": null, "resources": {"repository": "integration_test_id"}}'
    http_version: 
  recorded_at: Tue, 26 Jul 2016 20:00:25 GMT
- request:
    method: post
    uri: https://admin:8hPtEyo9rgBhv2ahMTYH9Xqsp3WX5rcj@runcible.example.com/pulp/api/v2/repositories/
    body:
      encoding: UTF-8
      string: '{"id":"integration_test_id","importer_type_id":"iso_importer","importer_config":{"feed":"file:///var/www/repositories/iso"}}'
    headers:
      Accept:
      - application/json
      Accept-Encoding:
      - gzip, deflate
      Content-Type:
      - application/json
      Content-Length:
      - '124'
      User-Agent:
      - Ruby
  response:
    status:
      code: 201
      message: CREATED
    headers:
      Date:
      - Tue, 26 Jul 2016 20:00:25 GMT
      Server:
      - Apache/2.4.6 (CentOS)
      Content-Length:
      - '319'
      Location:
      - https://runcible.example.com/pulp/api/v2/repositories/integration_test_id/
      Content-Type:
      - application/json; charset=utf-8
    body:
      encoding: UTF-8
      string: '{"scratchpad": {}, "display_name": "integration_test_id", "description":
        null, "last_unit_added": null, "notes": {}, "last_unit_removed": null, "content_unit_counts":
        {}, "_ns": "repos", "_id": {"$oid": "5797c159aca4887c76e91904"}, "id": "integration_test_id",
        "_href": "/pulp/api/v2/repositories/integration_test_id/"}'
    http_version: 
  recorded_at: Tue, 26 Jul 2016 20:00:25 GMT
- request:
    method: post
    uri: https://admin:8hPtEyo9rgBhv2ahMTYH9Xqsp3WX5rcj@runcible.example.com/pulp/api/v2/repositories/integration_test_id/actions/sync/
    body:
      encoding: UTF-8
      string: "{}"
    headers:
      Accept:
      - application/json
      Accept-Encoding:
      - gzip, deflate
      Content-Type:
      - application/json
      Content-Length:
      - '2'
      User-Agent:
      - Ruby
  response:
    status:
      code: 202
      message: ACCEPTED
    headers:
      Date:
      - Tue, 26 Jul 2016 20:00:25 GMT
      Server:
      - Apache/2.4.6 (CentOS)
      Content-Length:
      - '172'
      Content-Type:
      - application/json; charset=utf-8
    body:
      encoding: UTF-8
      string: '{"spawned_tasks": [{"_href": "/pulp/api/v2/tasks/86626742-032d-4b04-91d1-31e99a4010ec/",
        "task_id": "86626742-032d-4b04-91d1-31e99a4010ec"}], "result": null, "error":
        null}'
    http_version: 
  recorded_at: Tue, 26 Jul 2016 20:00:25 GMT
- request:
    method: get
    uri: https://admin:8hPtEyo9rgBhv2ahMTYH9Xqsp3WX5rcj@runcible.example.com/pulp/api/v2/tasks/86626742-032d-4b04-91d1-31e99a4010ec/
    body:
      encoding: US-ASCII
      string: ''
    headers:
      Accept:
      - application/json
      Accept-Encoding:
      - gzip, deflate
      Content-Type:
      - application/json
      User-Agent:
      - Ruby
  response:
    status:
      code: 200
      message: OK
    headers:
      Date:
      - Tue, 26 Jul 2016 20:00:25 GMT
      Server:
      - Apache/2.4.6 (CentOS)
      Vary:
      - Accept-Encoding
      Content-Length:
      - '2493'
      Content-Type:
      - application/json; charset=utf-8
    body:
      encoding: ASCII-8BIT
      string: '{"exception": null, "task_type": "pulp.server.managers.repo.sync.sync",
        "_href": "/pulp/api/v2/tasks/86626742-032d-4b04-91d1-31e99a4010ec/", "task_id":
        "86626742-032d-4b04-91d1-31e99a4010ec", "tags": ["pulp:repository:integration_test_id",
        "pulp:action:sync"], "finish_time": "2016-07-26T20:00:25Z", "_ns": "task_status",
        "start_time": "2016-07-26T20:00:25Z", "traceback": "Traceback (most recent
        call last):\n  File \"/usr/lib/python2.7/site-packages/celery/app/trace.py\",
        line 240, in trace_task\n    R = retval = fun(*args, **kwargs)\n  File \"/usr/lib/python2.7/site-packages/pulp/server/async/tasks.py\",
        line 484, in __call__\n    return super(Task, self).__call__(*args, **kwargs)\n  File
        \"/usr/lib/python2.7/site-packages/pulp/server/async/tasks.py\", line 103,
        in __call__\n    return super(PulpTask, self).__call__(*args, **kwargs)\n  File
        \"/usr/lib/python2.7/site-packages/celery/app/trace.py\", line 437, in __protected_call__\n    return
        self.run(*args, **kwargs)\n  File \"/usr/lib/python2.7/site-packages/pulp/server/controllers/repository.py\",
        line 760, in sync\n    sync_report = sync_repo(transfer_repo, conduit, call_config)\n  File
        \"/usr/lib/python2.7/site-packages/pulp/server/async/tasks.py\", line 669,
        in wrap_f\n    return f(*args, **kwargs)\n  File \"/usr/lib/python2.7/site-packages/pulp_rpm/plugins/importers/iso/importer.py\",
        line 103, in sync_repo\n    report = self.iso_sync.perform_sync()\n  File
        \"/usr/lib/python2.7/site-packages/pulp_rpm/plugins/importers/iso/sync.py\",
        line 220, in perform_sync\n    self.add_catalog_entries(local_available_isos)\n  File
        \"/usr/lib/python2.7/site-packages/pulp_rpm/plugins/importers/iso/sync.py\",
        line 186, in add_catalog_entries\n    entry.url = unit.url\nAttributeError:
        ''ISO'' object has no attribute ''url''\n", "spawned_tasks": [], "progress_report":
        {"iso_importer": {"error_message": null, "traceback": null, "finished_bytes":
        0, "num_isos": null, "state": "manifest_in_progress", "total_bytes": null,
        "state_times": {"not_started": "2016-07-26T20:00:25", "manifest_in_progress":
        "2016-07-26T20:00:25"}, "num_isos_finished": 0, "iso_error_messages": []}},
        "queue": "reserved_resource_worker-0@runcible.example.com.dq", "state": "error",
        "worker_name": "reserved_resource_worker-0@runcible.example.com", "result":
        null, "error": {"code": "PLP0000", "data": {}, "description": "''ISO'' object
        has no attribute ''url''", "sub_errors": []}, "_id": {"$oid": "5797c159d5c469f4207bd51f"},
        "id": "5797c159d5c469f4207bd51f"}'
    http_version: 
  recorded_at: Tue, 26 Jul 2016 20:00:26 GMT
- request:
    method: get
    uri: https://admin:8hPtEyo9rgBhv2ahMTYH9Xqsp3WX5rcj@runcible.example.com/pulp/api/v2/tasks/86626742-032d-4b04-91d1-31e99a4010ec/
    body:
      encoding: US-ASCII
      string: ''
    headers:
      Accept:
      - application/json
      Accept-Encoding:
      - gzip, deflate
      Content-Type:
      - application/json
      User-Agent:
      - Ruby
  response:
    status:
      code: 200
      message: OK
    headers:
      Date:
      - Tue, 26 Jul 2016 20:00:26 GMT
      Server:
      - Apache/2.4.6 (CentOS)
      Vary:
      - Accept-Encoding
      Content-Length:
      - '2493'
      Content-Type:
      - application/json; charset=utf-8
    body:
      encoding: ASCII-8BIT
      string: '{"exception": null, "task_type": "pulp.server.managers.repo.sync.sync",
        "_href": "/pulp/api/v2/tasks/86626742-032d-4b04-91d1-31e99a4010ec/", "task_id":
        "86626742-032d-4b04-91d1-31e99a4010ec", "tags": ["pulp:repository:integration_test_id",
        "pulp:action:sync"], "finish_time": "2016-07-26T20:00:25Z", "_ns": "task_status",
        "start_time": "2016-07-26T20:00:25Z", "traceback": "Traceback (most recent
        call last):\n  File \"/usr/lib/python2.7/site-packages/celery/app/trace.py\",
        line 240, in trace_task\n    R = retval = fun(*args, **kwargs)\n  File \"/usr/lib/python2.7/site-packages/pulp/server/async/tasks.py\",
        line 484, in __call__\n    return super(Task, self).__call__(*args, **kwargs)\n  File
        \"/usr/lib/python2.7/site-packages/pulp/server/async/tasks.py\", line 103,
        in __call__\n    return super(PulpTask, self).__call__(*args, **kwargs)\n  File
        \"/usr/lib/python2.7/site-packages/celery/app/trace.py\", line 437, in __protected_call__\n    return
        self.run(*args, **kwargs)\n  File \"/usr/lib/python2.7/site-packages/pulp/server/controllers/repository.py\",
        line 760, in sync\n    sync_report = sync_repo(transfer_repo, conduit, call_config)\n  File
        \"/usr/lib/python2.7/site-packages/pulp/server/async/tasks.py\", line 669,
        in wrap_f\n    return f(*args, **kwargs)\n  File \"/usr/lib/python2.7/site-packages/pulp_rpm/plugins/importers/iso/importer.py\",
        line 103, in sync_repo\n    report = self.iso_sync.perform_sync()\n  File
        \"/usr/lib/python2.7/site-packages/pulp_rpm/plugins/importers/iso/sync.py\",
        line 220, in perform_sync\n    self.add_catalog_entries(local_available_isos)\n  File
        \"/usr/lib/python2.7/site-packages/pulp_rpm/plugins/importers/iso/sync.py\",
        line 186, in add_catalog_entries\n    entry.url = unit.url\nAttributeError:
        ''ISO'' object has no attribute ''url''\n", "spawned_tasks": [], "progress_report":
        {"iso_importer": {"error_message": null, "traceback": null, "finished_bytes":
        0, "num_isos": null, "state": "manifest_in_progress", "total_bytes": null,
        "state_times": {"not_started": "2016-07-26T20:00:25", "manifest_in_progress":
        "2016-07-26T20:00:25"}, "num_isos_finished": 0, "iso_error_messages": []}},
        "queue": "reserved_resource_worker-0@runcible.example.com.dq", "state": "error",
        "worker_name": "reserved_resource_worker-0@runcible.example.com", "result":
        null, "error": {"code": "PLP0000", "data": {}, "description": "''ISO'' object
        has no attribute ''url''", "sub_errors": []}, "_id": {"$oid": "5797c159d5c469f4207bd51f"},
        "id": "5797c159d5c469f4207bd51f"}'
    http_version: 
  recorded_at: Tue, 26 Jul 2016 20:00:26 GMT
- request:
    method: delete
    uri: https://admin:8hPtEyo9rgBhv2ahMTYH9Xqsp3WX5rcj@runcible.example.com/pulp/api/v2/repositories/integration_test_id/
    body:
      encoding: US-ASCII
      string: ''
    headers:
      Accept:
      - application/json
      Accept-Encoding:
      - gzip, deflate
      Content-Type:
      - application/json
      User-Agent:
      - Ruby
  response:
    status:
      code: 202
      message: ACCEPTED
    headers:
      Date:
      - Tue, 26 Jul 2016 20:00:26 GMT
      Server:
      - Apache/2.4.6 (CentOS)
      Content-Length:
      - '172'
      Content-Type:
      - application/json; charset=utf-8
    body:
      encoding: UTF-8
      string: '{"spawned_tasks": [{"_href": "/pulp/api/v2/tasks/e5ef83b7-d758-4df0-ab09-6066feaf340a/",
        "task_id": "e5ef83b7-d758-4df0-ab09-6066feaf340a"}], "result": null, "error":
        null}'
    http_version: 
  recorded_at: Tue, 26 Jul 2016 20:00:26 GMT
- request:
    method: get
    uri: https://admin:8hPtEyo9rgBhv2ahMTYH9Xqsp3WX5rcj@runcible.example.com/pulp/api/v2/tasks/e5ef83b7-d758-4df0-ab09-6066feaf340a/
    body:
      encoding: US-ASCII
      string: ''
    headers:
      Accept:
      - application/json
      Accept-Encoding:
      - gzip, deflate
      Content-Type:
      - application/json
      User-Agent:
      - Ruby
  response:
    status:
      code: 200
      message: OK
    headers:
      Date:
      - Tue, 26 Jul 2016 20:00:27 GMT
      Server:
      - Apache/2.4.6 (CentOS)
      Vary:
      - Accept-Encoding
      Content-Length:
      - '684'
      Content-Type:
      - application/json; charset=utf-8
    body:
      encoding: ASCII-8BIT
      string: '{"exception": null, "task_type": "pulp.server.tasks.repository.delete",
        "_href": "/pulp/api/v2/tasks/e5ef83b7-d758-4df0-ab09-6066feaf340a/", "task_id":
        "e5ef83b7-d758-4df0-ab09-6066feaf340a", "tags": ["pulp:repository:integration_test_id",
        "pulp:action:delete"], "finish_time": "2016-07-26T20:00:26Z", "_ns": "task_status",
        "start_time": "2016-07-26T20:00:26Z", "traceback": null, "spawned_tasks":
        [], "progress_report": {}, "queue": "reserved_resource_worker-0@runcible.example.com.dq",
        "state": "finished", "worker_name": "reserved_resource_worker-0@runcible.example.com",
        "result": null, "error": null, "_id": {"$oid": "5797c15ad5c469f4207bd520"},
        "id": "5797c15ad5c469f4207bd520"}'
    http_version: 
  recorded_at: Tue, 26 Jul 2016 20:00:27 GMT
recorded_with: VCR 3.0.3
