---
http_interactions:
- request:
    method: post
    uri: https://admin:admin@box.devel.com/pulp/api/v2/content/units/distribution/search/
    body:
      encoding: US-ASCII
      string: '{"criteria":{"filters":{"_id":{"$in":["a4072e1f-17da-487b-849e-d7b057e4600a"]}}},"include_repos":true}'
    headers:
      Accept:
      - application/json
      Accept-Encoding:
      - gzip, deflate
      Content-Type:
      - application/json
      Content-Length:
      - '102'
      User-Agent:
      - Ruby
  response:
    status:
      code: 200
      message: OK
    headers:
      Date:
      - Wed, 15 Oct 2014 14:24:14 GMT
      Server:
      - Apache/2.2.15 (Red Hat)
      Vary:
      - Accept-Encoding
      Content-Length:
      - '2106'
      Connection:
      - close
      Content-Type:
      - application/json
    body:
      encoding: ASCII-8BIT
      string: '[{"files": [{"checksumtype": "sha256", "checksum": "e3b0c44298fc1c149afbf4c8996fb92427ae41e4649b934ca495991b7852b855",
        "fileName": "test2.img", "downloadurl": "file:///var/www/repositories/zoo5/images/test2.img",
        "item_type": "distribution", "savepath": "/var/lib/pulp/working/repos/integration_test_id/importers/yum_importer/tmpXTq4ru/tmpbPLSPT/images/test2.img",
        "relativepath": "images/test2.img", "filename": "test2.img", "pkgpath": "/var/lib/pulp/content/distribution/ks-Test
        Family-TestVariant-16-x86_64/images", "size": null}, {"checksumtype": "sha256",
        "checksum": "e3b0c44298fc1c149afbf4c8996fb92427ae41e4649b934ca495991b7852b855",
        "fileName": "empty.iso", "downloadurl": "file:///var/www/repositories/zoo5/empty.iso",
        "item_type": "distribution", "savepath": "/var/lib/pulp/working/repos/integration_test_id/importers/yum_importer/tmpXTq4ru/tmpbPLSPT/empty.iso",
        "relativepath": "empty.iso", "filename": "empty.iso", "pkgpath": "/var/lib/pulp/content/distribution/ks-Test
        Family-TestVariant-16-x86_64/", "size": null}, {"checksumtype": "sha256",
        "checksum": "e3b0c44298fc1c149afbf4c8996fb92427ae41e4649b934ca495991b7852b855",
        "fileName": "test1.img", "downloadurl": "file:///var/www/repositories/zoo5/images/test1.img",
        "item_type": "distribution", "savepath": "/var/lib/pulp/working/repos/integration_test_id/importers/yum_importer/tmpXTq4ru/tmpbPLSPT/images/test1.img",
        "relativepath": "images/test1.img", "filename": "test1.img", "pkgpath": "/var/lib/pulp/content/distribution/ks-Test
        Family-TestVariant-16-x86_64/images", "size": null}], "_storage_path": "/var/lib/pulp/content/distribution/ks-Test
        Family-TestVariant-16-x86_64", "_href": "/pulp/api/v2/content/units/distribution/a4072e1f-17da-487b-849e-d7b057e4600a/",
        "family": "Test Family", "_last_updated": "2014-10-15T14:24:14Z", "packagedir":
        "", "variant": "TestVariant", "repository_memberships": ["integration_test_id"],
        "children": {}, "version": "16", "version_sort_index": "02-16", "_content_type_id":
        "distribution", "_id": "a4072e1f-17da-487b-849e-d7b057e4600a", "arch": "x86_64",
        "id": "ks-Test Family-TestVariant-16-x86_64"}]'
    http_version: 
  recorded_at: Wed, 15 Oct 2014 14:24:14 GMT
- request:
    method: post
    uri: https://admin:eYo5Dh2rR6jQayB4vFLEpqUwMcXosuXg@kt1.local/pulp/api/v2/content/units/distribution/search/
    body:
      encoding: US-ASCII
      string: '{"criteria":{"filters":{"_id":{"$in":["d26ce7ca-f7db-4895-885f-53ef5703ad33"]}}},"include_repos":true}'
    headers:
      Accept:
      - application/json
      Accept-Encoding:
      - gzip, deflate
      Content-Type:
      - application/json
      Content-Length:
      - '102'
      User-Agent:
      - Ruby
  response:
    status:
      code: 200
      message: OK
    headers:
      Date:
      - Sun, 01 Feb 2015 18:27:29 GMT
      Server:
      - Apache/2.2.15 (Red Hat)
      Vary:
      - Accept-Encoding
      Content-Length:
      - '2106'
      Content-Type:
      - application/json
    body:
      encoding: ASCII-8BIT
      string: '[{"files": [{"checksumtype": "sha256", "checksum": "e3b0c44298fc1c149afbf4c8996fb92427ae41e4649b934ca495991b7852b855",
        "fileName": "test2.img", "downloadurl": "file:///var/www/repositories/zoo5/images/test2.img",
        "item_type": "distribution", "savepath": "/var/lib/pulp/working/repos/integration_test_id/importers/yum_importer/tmp4wl4uU/tmpJ08AD6/images/test2.img",
        "relativepath": "images/test2.img", "filename": "test2.img", "pkgpath": "/var/lib/pulp/content/distribution/ks-Test
        Family-TestVariant-16-x86_64/images", "size": null}, {"checksumtype": "sha256",
        "checksum": "e3b0c44298fc1c149afbf4c8996fb92427ae41e4649b934ca495991b7852b855",
        "fileName": "empty.iso", "downloadurl": "file:///var/www/repositories/zoo5/empty.iso",
        "item_type": "distribution", "savepath": "/var/lib/pulp/working/repos/integration_test_id/importers/yum_importer/tmp4wl4uU/tmpJ08AD6/empty.iso",
        "relativepath": "empty.iso", "filename": "empty.iso", "pkgpath": "/var/lib/pulp/content/distribution/ks-Test
        Family-TestVariant-16-x86_64/", "size": null}, {"checksumtype": "sha256",
        "checksum": "e3b0c44298fc1c149afbf4c8996fb92427ae41e4649b934ca495991b7852b855",
        "fileName": "test1.img", "downloadurl": "file:///var/www/repositories/zoo5/images/test1.img",
        "item_type": "distribution", "savepath": "/var/lib/pulp/working/repos/integration_test_id/importers/yum_importer/tmp4wl4uU/tmpJ08AD6/images/test1.img",
        "relativepath": "images/test1.img", "filename": "test1.img", "pkgpath": "/var/lib/pulp/content/distribution/ks-Test
        Family-TestVariant-16-x86_64/images", "size": null}], "_storage_path": "/var/lib/pulp/content/distribution/ks-Test
        Family-TestVariant-16-x86_64", "_href": "/pulp/api/v2/content/units/distribution/d26ce7ca-f7db-4895-885f-53ef5703ad33/",
        "family": "Test Family", "_last_updated": "2015-02-01T18:27:28Z", "packagedir":
        "", "variant": "TestVariant", "repository_memberships": ["integration_test_id"],
        "children": {}, "version": "16", "version_sort_index": "02-16", "_content_type_id":
        "distribution", "_id": "d26ce7ca-f7db-4895-885f-53ef5703ad33", "arch": "x86_64",
        "id": "ks-Test Family-TestVariant-16-x86_64"}]'
    http_version: 
  recorded_at: Sun, 01 Feb 2015 18:27:29 GMT
- request:
    method: post
    uri: https://admin:eYo5Dh2rR6jQayB4vFLEpqUwMcXosuXg@kt1.local/pulp/api/v2/content/units/distribution/search/
    body:
      encoding: US-ASCII
      string: '{"criteria":{"filters":{"_id":{"$in":["279c412d-3bfd-47b1-8123-22fd16f0f814"]}}},"include_repos":true}'
    headers:
      Accept:
      - application/json
      Accept-Encoding:
      - gzip, deflate
      Content-Type:
      - application/json
      Content-Length:
      - '102'
      User-Agent:
      - Ruby
  response:
    status:
      code: 200
      message: OK
    headers:
      Date:
      - Mon, 02 Feb 2015 06:38:42 GMT
      Server:
      - Apache/2.2.15 (Red Hat)
      Vary:
      - Accept-Encoding
      Content-Length:
      - '2106'
      Content-Type:
      - application/json
    body:
      encoding: ASCII-8BIT
      string: '[{"files": [{"checksumtype": "sha256", "checksum": "e3b0c44298fc1c149afbf4c8996fb92427ae41e4649b934ca495991b7852b855",
        "fileName": "test2.img", "downloadurl": "file:///var/www/repositories/zoo5/images/test2.img",
        "item_type": "distribution", "savepath": "/var/lib/pulp/working/repos/integration_test_id/importers/yum_importer/tmpA4wjqr/tmpZu9bhU/images/test2.img",
        "relativepath": "images/test2.img", "filename": "test2.img", "pkgpath": "/var/lib/pulp/content/distribution/ks-Test
        Family-TestVariant-16-x86_64/images", "size": null}, {"checksumtype": "sha256",
        "checksum": "e3b0c44298fc1c149afbf4c8996fb92427ae41e4649b934ca495991b7852b855",
        "fileName": "empty.iso", "downloadurl": "file:///var/www/repositories/zoo5/empty.iso",
        "item_type": "distribution", "savepath": "/var/lib/pulp/working/repos/integration_test_id/importers/yum_importer/tmpA4wjqr/tmpZu9bhU/empty.iso",
        "relativepath": "empty.iso", "filename": "empty.iso", "pkgpath": "/var/lib/pulp/content/distribution/ks-Test
        Family-TestVariant-16-x86_64/", "size": null}, {"checksumtype": "sha256",
        "checksum": "e3b0c44298fc1c149afbf4c8996fb92427ae41e4649b934ca495991b7852b855",
        "fileName": "test1.img", "downloadurl": "file:///var/www/repositories/zoo5/images/test1.img",
        "item_type": "distribution", "savepath": "/var/lib/pulp/working/repos/integration_test_id/importers/yum_importer/tmpA4wjqr/tmpZu9bhU/images/test1.img",
        "relativepath": "images/test1.img", "filename": "test1.img", "pkgpath": "/var/lib/pulp/content/distribution/ks-Test
        Family-TestVariant-16-x86_64/images", "size": null}], "_storage_path": "/var/lib/pulp/content/distribution/ks-Test
        Family-TestVariant-16-x86_64", "_href": "/pulp/api/v2/content/units/distribution/279c412d-3bfd-47b1-8123-22fd16f0f814/",
        "family": "Test Family", "_last_updated": "2015-02-02T06:38:41Z", "packagedir":
        "", "variant": "TestVariant", "repository_memberships": ["integration_test_id"],
        "children": {}, "version": "16", "version_sort_index": "02-16", "_content_type_id":
        "distribution", "_id": "279c412d-3bfd-47b1-8123-22fd16f0f814", "arch": "x86_64",
        "id": "ks-Test Family-TestVariant-16-x86_64"}]'
    http_version: 
  recorded_at: Mon, 02 Feb 2015 06:38:42 GMT
- request:
    method: post
    uri: https://admin:eYo5Dh2rR6jQayB4vFLEpqUwMcXosuXg@kt1.local/pulp/api/v2/content/units/distribution/search/
    body:
      encoding: US-ASCII
      string: '{"criteria":{"filters":{"_id":{"$in":["fd94d7f7-28bb-4457-949e-2c016f93ee7c"]}}},"include_repos":true}'
    headers:
      Accept:
      - application/json
      Accept-Encoding:
      - gzip, deflate
      Content-Type:
      - application/json
      Content-Length:
      - '102'
      User-Agent:
      - Ruby
  response:
    status:
      code: 200
      message: OK
    headers:
      Date:
      - Tue, 03 Feb 2015 20:22:18 GMT
      Server:
      - Apache/2.2.15 (Red Hat)
      Vary:
      - Accept-Encoding
      Content-Length:
      - '2106'
      Connection:
      - close
      Content-Type:
      - application/json
    body:
      encoding: ASCII-8BIT
      string: '[{"files": [{"checksumtype": "sha256", "checksum": "e3b0c44298fc1c149afbf4c8996fb92427ae41e4649b934ca495991b7852b855",
        "fileName": "test2.img", "downloadurl": "file:///var/www/repositories/zoo5/images/test2.img",
        "item_type": "distribution", "savepath": "/var/lib/pulp/working/repos/integration_test_id/importers/yum_importer/tmprwN5fF/tmpnThVrD/images/test2.img",
        "relativepath": "images/test2.img", "filename": "test2.img", "pkgpath": "/var/lib/pulp/content/distribution/ks-Test
        Family-TestVariant-16-x86_64/images", "size": null}, {"checksumtype": "sha256",
        "checksum": "e3b0c44298fc1c149afbf4c8996fb92427ae41e4649b934ca495991b7852b855",
        "fileName": "empty.iso", "downloadurl": "file:///var/www/repositories/zoo5/empty.iso",
        "item_type": "distribution", "savepath": "/var/lib/pulp/working/repos/integration_test_id/importers/yum_importer/tmprwN5fF/tmpnThVrD/empty.iso",
        "relativepath": "empty.iso", "filename": "empty.iso", "pkgpath": "/var/lib/pulp/content/distribution/ks-Test
        Family-TestVariant-16-x86_64/", "size": null}, {"checksumtype": "sha256",
        "checksum": "e3b0c44298fc1c149afbf4c8996fb92427ae41e4649b934ca495991b7852b855",
        "fileName": "test1.img", "downloadurl": "file:///var/www/repositories/zoo5/images/test1.img",
        "item_type": "distribution", "savepath": "/var/lib/pulp/working/repos/integration_test_id/importers/yum_importer/tmprwN5fF/tmpnThVrD/images/test1.img",
        "relativepath": "images/test1.img", "filename": "test1.img", "pkgpath": "/var/lib/pulp/content/distribution/ks-Test
        Family-TestVariant-16-x86_64/images", "size": null}], "_storage_path": "/var/lib/pulp/content/distribution/ks-Test
        Family-TestVariant-16-x86_64", "_href": "/pulp/api/v2/content/units/distribution/fd94d7f7-28bb-4457-949e-2c016f93ee7c/",
        "family": "Test Family", "_last_updated": "2015-02-03T20:22:16Z", "packagedir":
        "", "variant": "TestVariant", "repository_memberships": ["integration_test_id"],
        "children": {}, "version": "16", "version_sort_index": "02-16", "_content_type_id":
        "distribution", "_id": "fd94d7f7-28bb-4457-949e-2c016f93ee7c", "arch": "x86_64",
        "id": "ks-Test Family-TestVariant-16-x86_64"}]'
    http_version: 
  recorded_at: Tue, 03 Feb 2015 20:22:18 GMT
- request:
    method: post
    uri: https://admin:7HLGDTSxNnAEEtqKgjecYCvftjzNmoRE@katello-kant.example.com/pulp/api/v2/content/units/distribution/search/
    body:
      encoding: UTF-8
      string: '{"criteria":{"filters":{"_id":{"$in":["61ecf9de-1eac-4d5d-8157-3d5c38fab1df"]}}},"include_repos":true}'
    headers:
      Accept:
      - application/json
      Accept-Encoding:
      - gzip, deflate
      Content-Type:
      - application/json
      Content-Length:
      - '102'
      User-Agent:
      - Ruby
  response:
    status:
      code: 200
      message: OK
    headers:
      Date:
      - Tue, 23 Jun 2015 22:37:11 GMT
      Server:
      - Apache/2.4.6 (CentOS)
      Content-Length:
      - '2262'
      Connection:
      - close
      Content-Type:
      - application/json
    body:
      encoding: UTF-8
      string: '[{"files": [{"checksumtype": "sha256", "checksum": "e3b0c44298fc1c149afbf4c8996fb92427ae41e4649b934ca495991b7852b855",
        "fileName": "test2.img", "downloadurl": "file:///var/www/repositories/zoo5/images/test2.img",
        "item_type": "distribution", "savepath": "/var/cache/pulp/reserved_resource_worker-0@katello-kant.example.com/899ade22-9424-4bad-82ca-413bc5d343c6/tmpf2i6ER/tmpF9ylJe/images/test2.img",
        "relativepath": "images/test2.img", "filename": "test2.img", "pkgpath": "/var/lib/pulp/content/distribution/ks-Test
        Family-TestVariant-16-x86_64/images", "size": null}, {"checksumtype": "sha256",
        "checksum": "e3b0c44298fc1c149afbf4c8996fb92427ae41e4649b934ca495991b7852b855",
        "fileName": "empty.iso", "downloadurl": "file:///var/www/repositories/zoo5/empty.iso",
        "item_type": "distribution", "savepath": "/var/cache/pulp/reserved_resource_worker-0@katello-kant.example.com/899ade22-9424-4bad-82ca-413bc5d343c6/tmpf2i6ER/tmpF9ylJe/empty.iso",
        "relativepath": "empty.iso", "filename": "empty.iso", "pkgpath": "/var/lib/pulp/content/distribution/ks-Test
        Family-TestVariant-16-x86_64/", "size": null}, {"checksumtype": "sha256",
        "checksum": "e3b0c44298fc1c149afbf4c8996fb92427ae41e4649b934ca495991b7852b855",
        "fileName": "test1.img", "downloadurl": "file:///var/www/repositories/zoo5/images/test1.img",
        "item_type": "distribution", "savepath": "/var/cache/pulp/reserved_resource_worker-0@katello-kant.example.com/899ade22-9424-4bad-82ca-413bc5d343c6/tmpf2i6ER/tmpF9ylJe/images/test1.img",
        "relativepath": "images/test1.img", "filename": "test1.img", "pkgpath": "/var/lib/pulp/content/distribution/ks-Test
        Family-TestVariant-16-x86_64/images", "size": null}], "_storage_path": "/var/lib/pulp/content/distribution/ks-Test
        Family-TestVariant-16-x86_64", "_href": "/pulp/api/v2/content/units/distribution/61ecf9de-1eac-4d5d-8157-3d5c38fab1df/",
        "family": "Test Family", "timestamp": 1323112153.09, "_last_updated": "2015-06-23T22:37:10Z",
        "_content_type_id": "distribution", "variant": "TestVariant", "repository_memberships":
        ["integration_test_id"], "id": "ks-Test Family-TestVariant-16-x86_64", "version":
        "16", "version_sort_index": "02-16", "pulp_user_metadata": {}, "packagedir":
        "", "_id": "61ecf9de-1eac-4d5d-8157-3d5c38fab1df", "arch": "x86_64", "children":
        {}}]'
    http_version: 
  recorded_at: Tue, 23 Jun 2015 22:37:11 GMT
- request:
    method: post
    uri: https://admin:7HLGDTSxNnAEEtqKgjecYCvftjzNmoRE@katello-kant.example.com/pulp/api/v2/content/units/distribution/search/
    body:
      encoding: UTF-8
      string: '{"criteria":{"filters":{"_id":{"$in":["af5f95c7-77eb-4ffc-878f-cbadbb976ebc"]}}},"include_repos":true}'
    headers:
      Accept:
      - application/json
      Accept-Encoding:
      - gzip, deflate
      Content-Type:
      - application/json
      Content-Length:
      - '102'
      User-Agent:
      - Ruby
  response:
    status:
      code: 200
      message: OK
    headers:
      Date:
      - Tue, 23 Jun 2015 22:44:35 GMT
      Server:
      - Apache/2.4.6 (CentOS)
      Content-Length:
      - '2262'
      Connection:
      - close
      Content-Type:
      - application/json
    body:
      encoding: UTF-8
      string: '[{"files": [{"checksumtype": "sha256", "checksum": "e3b0c44298fc1c149afbf4c8996fb92427ae41e4649b934ca495991b7852b855",
        "fileName": "test2.img", "downloadurl": "file:///var/www/repositories/zoo5/images/test2.img",
        "item_type": "distribution", "savepath": "/var/cache/pulp/reserved_resource_worker-0@katello-kant.example.com/103422a7-c342-42d6-b9de-aae58e3672cf/tmps3Wzu5/tmpEG_9y0/images/test2.img",
        "relativepath": "images/test2.img", "filename": "test2.img", "pkgpath": "/var/lib/pulp/content/distribution/ks-Test
        Family-TestVariant-16-x86_64/images", "size": null}, {"checksumtype": "sha256",
        "checksum": "e3b0c44298fc1c149afbf4c8996fb92427ae41e4649b934ca495991b7852b855",
        "fileName": "empty.iso", "downloadurl": "file:///var/www/repositories/zoo5/empty.iso",
        "item_type": "distribution", "savepath": "/var/cache/pulp/reserved_resource_worker-0@katello-kant.example.com/103422a7-c342-42d6-b9de-aae58e3672cf/tmps3Wzu5/tmpEG_9y0/empty.iso",
        "relativepath": "empty.iso", "filename": "empty.iso", "pkgpath": "/var/lib/pulp/content/distribution/ks-Test
        Family-TestVariant-16-x86_64/", "size": null}, {"checksumtype": "sha256",
        "checksum": "e3b0c44298fc1c149afbf4c8996fb92427ae41e4649b934ca495991b7852b855",
        "fileName": "test1.img", "downloadurl": "file:///var/www/repositories/zoo5/images/test1.img",
        "item_type": "distribution", "savepath": "/var/cache/pulp/reserved_resource_worker-0@katello-kant.example.com/103422a7-c342-42d6-b9de-aae58e3672cf/tmps3Wzu5/tmpEG_9y0/images/test1.img",
        "relativepath": "images/test1.img", "filename": "test1.img", "pkgpath": "/var/lib/pulp/content/distribution/ks-Test
        Family-TestVariant-16-x86_64/images", "size": null}], "_storage_path": "/var/lib/pulp/content/distribution/ks-Test
        Family-TestVariant-16-x86_64", "_href": "/pulp/api/v2/content/units/distribution/af5f95c7-77eb-4ffc-878f-cbadbb976ebc/",
        "family": "Test Family", "timestamp": 1323112153.09, "_last_updated": "2015-06-23T22:44:34Z",
        "_content_type_id": "distribution", "variant": "TestVariant", "repository_memberships":
        ["integration_test_id"], "id": "ks-Test Family-TestVariant-16-x86_64", "version":
        "16", "version_sort_index": "02-16", "pulp_user_metadata": {}, "packagedir":
        "", "_id": "af5f95c7-77eb-4ffc-878f-cbadbb976ebc", "arch": "x86_64", "children":
        {}}]'
    http_version: 
  recorded_at: Tue, 23 Jun 2015 22:44:35 GMT
- request:
    method: post
    uri: https://admin:7HLGDTSxNnAEEtqKgjecYCvftjzNmoRE@katello-kant.example.com/pulp/api/v2/content/units/distribution/search/
    body:
      encoding: UTF-8
      string: '{"criteria":{}}'
    headers:
      Accept:
      - application/json
      Accept-Encoding:
      - gzip, deflate
      Content-Type:
      - application/json
      Content-Length:
      - '15'
      User-Agent:
      - Ruby
  response:
    status:
      code: 200
      message: OK
    headers:
      Date:
      - Wed, 16 Sep 2015 18:28:32 GMT
      Server:
      - Apache/2.4.6 (CentOS)
      Content-Length:
      - '2211'
      Connection:
      - close
      Content-Type:
      - application/json
    body:
      encoding: UTF-8
      string: '[{"files": [{"checksumtype": "sha256", "checksum": "e3b0c44298fc1c149afbf4c8996fb92427ae41e4649b934ca495991b7852b855",
        "fileName": "test2.img", "downloadurl": "file:///var/www/repositories/zoo5/images/test2.img",
        "item_type": "distribution", "savepath": "/var/cache/pulp/reserved_resource_worker-0@katello-kant.example.com/1c51bdd7-c3ce-488d-ad6f-13ced2593162/tmp3X6h8U/tmp0H6Dr0/images/test2.img",
        "relativepath": "images/test2.img", "filename": "test2.img", "pkgpath": "/var/lib/pulp/content/distribution/ks-Test
        Family-TestVariant-16-x86_64/images", "size": null}, {"checksumtype": "sha256",
        "checksum": "e3b0c44298fc1c149afbf4c8996fb92427ae41e4649b934ca495991b7852b855",
        "fileName": "empty.iso", "downloadurl": "file:///var/www/repositories/zoo5/empty.iso",
        "item_type": "distribution", "savepath": "/var/cache/pulp/reserved_resource_worker-0@katello-kant.example.com/1c51bdd7-c3ce-488d-ad6f-13ced2593162/tmp3X6h8U/tmp0H6Dr0/empty.iso",
        "relativepath": "empty.iso", "filename": "empty.iso", "pkgpath": "/var/lib/pulp/content/distribution/ks-Test
        Family-TestVariant-16-x86_64/", "size": null}, {"checksumtype": "sha256",
        "checksum": "e3b0c44298fc1c149afbf4c8996fb92427ae41e4649b934ca495991b7852b855",
        "fileName": "test1.img", "downloadurl": "file:///var/www/repositories/zoo5/images/test1.img",
        "item_type": "distribution", "savepath": "/var/cache/pulp/reserved_resource_worker-0@katello-kant.example.com/1c51bdd7-c3ce-488d-ad6f-13ced2593162/tmp3X6h8U/tmp0H6Dr0/images/test1.img",
        "relativepath": "images/test1.img", "filename": "test1.img", "pkgpath": "/var/lib/pulp/content/distribution/ks-Test
        Family-TestVariant-16-x86_64/images", "size": null}], "_storage_path": "/var/lib/pulp/content/distribution/ks-Test
        Family-TestVariant-16-x86_64", "_href": "/pulp/api/v2/content/units/distribution/e561d737-25cd-4615-8251-7024dc4b82e1/",
        "family": "Test Family", "timestamp": 1323112153.09, "_last_updated": "2015-09-16T18:28:31Z",
        "_content_type_id": "distribution", "variant": "TestVariant", "id": "ks-Test
        Family-TestVariant-16-x86_64", "version": "16", "version_sort_index": "02-16",
        "pulp_user_metadata": {}, "packagedir": "", "_id": "e561d737-25cd-4615-8251-7024dc4b82e1",
        "arch": "x86_64", "children": {}}]'
    http_version: 
  recorded_at: Wed, 16 Sep 2015 18:28:32 GMT
- request:
    method: post
    uri: https://admin:7HLGDTSxNnAEEtqKgjecYCvftjzNmoRE@katello-kant.example.com/pulp/api/v2/content/units/distribution/search/
    body:
      encoding: UTF-8
      string: '{"criteria":{"filters":{"_id":{"$in":["e561d737-25cd-4615-8251-7024dc4b82e1"]}}},"include_repos":true}'
    headers:
      Accept:
      - application/json
      Accept-Encoding:
      - gzip, deflate
      Content-Type:
      - application/json
      Content-Length:
      - '102'
      User-Agent:
      - Ruby
  response:
    status:
      code: 200
      message: OK
    headers:
      Date:
      - Wed, 16 Sep 2015 18:28:32 GMT
      Server:
      - Apache/2.4.6 (CentOS)
      Content-Length:
      - '2262'
      Connection:
      - close
      Content-Type:
      - application/json
    body:
      encoding: UTF-8
      string: '[{"files": [{"checksumtype": "sha256", "checksum": "e3b0c44298fc1c149afbf4c8996fb92427ae41e4649b934ca495991b7852b855",
        "fileName": "test2.img", "downloadurl": "file:///var/www/repositories/zoo5/images/test2.img",
        "item_type": "distribution", "savepath": "/var/cache/pulp/reserved_resource_worker-0@katello-kant.example.com/1c51bdd7-c3ce-488d-ad6f-13ced2593162/tmp3X6h8U/tmp0H6Dr0/images/test2.img",
        "relativepath": "images/test2.img", "filename": "test2.img", "pkgpath": "/var/lib/pulp/content/distribution/ks-Test
        Family-TestVariant-16-x86_64/images", "size": null}, {"checksumtype": "sha256",
        "checksum": "e3b0c44298fc1c149afbf4c8996fb92427ae41e4649b934ca495991b7852b855",
        "fileName": "empty.iso", "downloadurl": "file:///var/www/repositories/zoo5/empty.iso",
        "item_type": "distribution", "savepath": "/var/cache/pulp/reserved_resource_worker-0@katello-kant.example.com/1c51bdd7-c3ce-488d-ad6f-13ced2593162/tmp3X6h8U/tmp0H6Dr0/empty.iso",
        "relativepath": "empty.iso", "filename": "empty.iso", "pkgpath": "/var/lib/pulp/content/distribution/ks-Test
        Family-TestVariant-16-x86_64/", "size": null}, {"checksumtype": "sha256",
        "checksum": "e3b0c44298fc1c149afbf4c8996fb92427ae41e4649b934ca495991b7852b855",
        "fileName": "test1.img", "downloadurl": "file:///var/www/repositories/zoo5/images/test1.img",
        "item_type": "distribution", "savepath": "/var/cache/pulp/reserved_resource_worker-0@katello-kant.example.com/1c51bdd7-c3ce-488d-ad6f-13ced2593162/tmp3X6h8U/tmp0H6Dr0/images/test1.img",
        "relativepath": "images/test1.img", "filename": "test1.img", "pkgpath": "/var/lib/pulp/content/distribution/ks-Test
        Family-TestVariant-16-x86_64/images", "size": null}], "_storage_path": "/var/lib/pulp/content/distribution/ks-Test
        Family-TestVariant-16-x86_64", "_href": "/pulp/api/v2/content/units/distribution/e561d737-25cd-4615-8251-7024dc4b82e1/",
        "family": "Test Family", "timestamp": 1323112153.09, "_last_updated": "2015-09-16T18:28:31Z",
        "_content_type_id": "distribution", "variant": "TestVariant", "repository_memberships":
        ["integration_test_id"], "id": "ks-Test Family-TestVariant-16-x86_64", "version":
        "16", "version_sort_index": "02-16", "pulp_user_metadata": {}, "packagedir":
        "", "_id": "e561d737-25cd-4615-8251-7024dc4b82e1", "arch": "x86_64", "children":
        {}}]'
    http_version: 
  recorded_at: Wed, 16 Sep 2015 18:28:32 GMT
recorded_with: VCR 2.9.3
