---
http_interactions:
- request:
    method: get
    uri: https://admin:admin@box.devel.com/pulp/api/v2/tasks/b0d51ecd-882a-4137-b0e5-8b7142420010/
    body:
      encoding: US-ASCII
      string: ''
    headers:
      Accept:
      - application/json
      Accept-Encoding:
      - gzip, deflate
      Content-Type:
      - application/json
      User-Agent:
      - Ruby
  response:
    status:
      code: 200
      message: OK
    headers:
      Date:
      - Wed, 15 Oct 2014 14:24:14 GMT
      Server:
      - Apache/2.2.15 (Red Hat)
      Vary:
      - Accept-Encoding
      Content-Length:
      - '2002'
      Connection:
      - close
      Content-Type:
      - application/json
    body:
      encoding: ASCII-8BIT
      string: '{"exception": null, "task_type": "pulp.server.tasks.repository.sync_with_auto_publish",
        "_href": "/pulp/api/v2/tasks/b0d51ecd-882a-4137-b0e5-8b7142420010/", "task_id":
        "b0d51ecd-882a-4137-b0e5-8b7142420010", "tags": ["pulp:repository:integration_test_id",
        "pulp:action:sync"], "finish_time": "2014-10-15T14:24:14Z", "_ns": "task_status",
        "start_time": "2014-10-15T14:24:13Z", "traceback": null, "spawned_tasks":
        [], "progress_report": {"yum_importer": {"content": {"size_total": 0, "items_left":
        0, "items_total": 0, "state": "FINISHED", "size_left": 0, "details": {"rpm_total":
        0, "rpm_done": 0, "drpm_total": 0, "drpm_done": 0}, "error_details": []},
        "comps": {"state": "FINISHED"}, "distribution": {"items_total": 3, "state":
        "FINISHED", "error_details": [], "items_left": 0}, "errata": {"state": "FINISHED"},
        "metadata": {"state": "FINISHED"}}}, "queue": "reserved_resource_worker-1@box.devel.com.dq",
        "state": "finished", "result": {"importer_type_id": "yum_importer", "importer_id":
        "yum_importer", "exception": null, "repo_id": "integration_test_id", "removed_count":
        0, "started": "2014-10-15T14:24:13Z", "_ns": "repo_sync_results", "completed":
        "2014-10-15T14:24:14Z", "traceback": null, "summary": {"content": {"state":
        "FINISHED"}, "comps": {"state": "FINISHED"}, "distribution": {"state": "FINISHED"},
        "errata": {"state": "FINISHED"}, "metadata": {"state": "FINISHED"}}, "added_count":
        0, "error_message": null, "updated_count": 14, "details": {"content": {"size_total":
        0, "items_left": 0, "items_total": 0, "state": "FINISHED", "size_left": 0,
        "details": {"rpm_total": 0, "rpm_done": 0, "drpm_total": 0, "drpm_done": 0},
        "error_details": []}, "comps": {"state": "FINISHED"}, "distribution": {"items_total":
        3, "state": "FINISHED", "error_details": [], "items_left": 0}, "errata": {"state":
        "FINISHED"}, "metadata": {"state": "FINISHED"}}, "id": "543e838e47078709559b2196",
        "result": "success"}, "error": null, "_id": {"$oid": "543e838d505c6f3b4b509b3a"},
        "id": "543e838d47078708d9ecb3ce"}'
    http_version: 
  recorded_at: Wed, 15 Oct 2014 14:24:14 GMT
- request:
    method: get
    uri: https://admin:admin@box.devel.com/pulp/api/v2/tasks/60052772-5c21-490d-bcfb-6f21e88f1b19/
    body:
      encoding: US-ASCII
      string: ''
    headers:
      Accept:
      - application/json
      Accept-Encoding:
      - gzip, deflate
      Content-Type:
      - application/json
      User-Agent:
      - Ruby
  response:
    status:
      code: 200
      message: OK
    headers:
      Date:
      - Wed, 15 Oct 2014 14:24:16 GMT
      Server:
      - Apache/2.2.15 (Red Hat)
      Vary:
      - Accept-Encoding
      Content-Length:
      - '611'
      Connection:
      - close
      Content-Type:
      - application/json
    body:
      encoding: ASCII-8BIT
      string: '{"exception": null, "task_type": "pulp.server.tasks.repository.delete",
        "_href": "/pulp/api/v2/tasks/60052772-5c21-490d-bcfb-6f21e88f1b19/", "task_id":
        "60052772-5c21-490d-bcfb-6f21e88f1b19", "tags": ["pulp:repository:integration_test_id",
        "pulp:action:delete"], "finish_time": "2014-10-15T14:24:15Z", "_ns": "task_status",
        "start_time": "2014-10-15T14:24:15Z", "traceback": null, "spawned_tasks":
        [], "progress_report": {}, "queue": "reserved_resource_worker-1@box.devel.com.dq",
        "state": "finished", "result": null, "error": null, "_id": {"$oid": "543e838f505c6f3b4b509b3b"},
        "id": "543e838f47078708d9ecb3e8"}'
    http_version: 
  recorded_at: Wed, 15 Oct 2014 14:24:16 GMT
- request:
    method: get
    uri: https://admin:eYo5Dh2rR6jQayB4vFLEpqUwMcXosuXg@kt1.local/pulp/api/v2/tasks/02ec33c8-cc82-4156-89e3-01ebbb5f22a5/
    body:
      encoding: US-ASCII
      string: ''
    headers:
      Accept:
      - application/json
      Accept-Encoding:
      - gzip, deflate
      Content-Type:
      - application/json
      User-Agent:
      - Ruby
  response:
    status:
      code: 200
      message: OK
    headers:
      Date:
      - Sun, 01 Feb 2015 18:27:29 GMT
      Server:
      - Apache/2.2.15 (Red Hat)
      Vary:
      - Accept-Encoding
      Content-Length:
      - '2053'
      Content-Type:
      - application/json
    body:
      encoding: ASCII-8BIT
      string: '{"exception": null, "task_type": "pulp.server.tasks.repository.sync_with_auto_publish",
        "_href": "/pulp/api/v2/tasks/02ec33c8-cc82-4156-89e3-01ebbb5f22a5/", "task_id":
        "02ec33c8-cc82-4156-89e3-01ebbb5f22a5", "tags": ["pulp:repository:integration_test_id",
        "pulp:action:sync"], "finish_time": "2015-02-01T18:27:28Z", "_ns": "task_status",
        "start_time": "2015-02-01T18:27:28Z", "traceback": null, "spawned_tasks":
        [], "progress_report": {"yum_importer": {"content": {"size_total": 0, "items_left":
        0, "items_total": 0, "state": "FINISHED", "size_left": 0, "details": {"rpm_total":
        0, "rpm_done": 0, "drpm_total": 0, "drpm_done": 0}, "error_details": []},
        "comps": {"state": "FINISHED"}, "distribution": {"items_total": 3, "state":
        "FINISHED", "error_details": [], "items_left": 0}, "errata": {"state": "FINISHED"},
        "metadata": {"state": "FINISHED"}}}, "queue": "reserved_resource_worker-0@kt1.local.dq",
        "state": "finished", "worker_name": "reserved_resource_worker-0@kt1.local",
        "result": {"importer_type_id": "yum_importer", "importer_id": "yum_importer",
        "exception": null, "repo_id": "integration_test_id", "removed_count": 0, "started":
        "2015-02-01T18:27:28Z", "_ns": "repo_sync_results", "completed": "2015-02-01T18:27:28Z",
        "traceback": null, "summary": {"content": {"state": "FINISHED"}, "comps":
        {"state": "FINISHED"}, "distribution": {"state": "FINISHED"}, "errata": {"state":
        "FINISHED"}, "metadata": {"state": "FINISHED"}}, "added_count": 0, "error_message":
        null, "updated_count": 14, "details": {"content": {"size_total": 0, "items_left":
        0, "items_total": 0, "state": "FINISHED", "size_left": 0, "details": {"rpm_total":
        0, "rpm_done": 0, "drpm_total": 0, "drpm_done": 0}, "error_details": []},
        "comps": {"state": "FINISHED"}, "distribution": {"items_total": 3, "state":
        "FINISHED", "error_details": [], "items_left": 0}, "errata": {"state": "FINISHED"},
        "metadata": {"state": "FINISHED"}}, "id": "54ce7010b2ff981e8887d340", "result":
        "success"}, "error": null, "_id": {"$oid": "54ce7010962f40ae3501a269"}, "id":
        "54ce7010b2ff981dcc43fcb7"}'
    http_version: 
  recorded_at: Sun, 01 Feb 2015 18:27:29 GMT
- request:
    method: get
    uri: https://admin:eYo5Dh2rR6jQayB4vFLEpqUwMcXosuXg@kt1.local/pulp/api/v2/tasks/fbbb6cfb-b9ec-487f-a3fd-c8e2eb7d874e/
    body:
      encoding: US-ASCII
      string: ''
    headers:
      Accept:
      - application/json
      Accept-Encoding:
      - gzip, deflate
      Content-Type:
      - application/json
      User-Agent:
      - Ruby
  response:
    status:
      code: 200
      message: OK
    headers:
      Date:
      - Sun, 01 Feb 2015 18:27:31 GMT
      Server:
      - Apache/2.2.15 (Red Hat)
      Vary:
      - Accept-Encoding
      Content-Length:
      - '662'
      Content-Type:
      - application/json
    body:
      encoding: ASCII-8BIT
      string: '{"exception": null, "task_type": "pulp.server.tasks.repository.delete",
        "_href": "/pulp/api/v2/tasks/fbbb6cfb-b9ec-487f-a3fd-c8e2eb7d874e/", "task_id":
        "fbbb6cfb-b9ec-487f-a3fd-c8e2eb7d874e", "tags": ["pulp:repository:integration_test_id",
        "pulp:action:delete"], "finish_time": "2015-02-01T18:27:31Z", "_ns": "task_status",
        "start_time": "2015-02-01T18:27:31Z", "traceback": null, "spawned_tasks":
        [], "progress_report": {}, "queue": "reserved_resource_worker-0@kt1.local.dq",
        "state": "finished", "worker_name": "reserved_resource_worker-0@kt1.local",
        "result": null, "error": null, "_id": {"$oid": "54ce7013962f40ae3501a26a"},
        "id": "54ce7013b2ff981dcc43fcbd"}'
    http_version: 
  recorded_at: Sun, 01 Feb 2015 18:27:31 GMT
- request:
    method: get
    uri: https://admin:eYo5Dh2rR6jQayB4vFLEpqUwMcXosuXg@kt1.local/pulp/api/v2/tasks/239cb051-c1f4-4973-9202-7d4fa650467a/
    body:
      encoding: US-ASCII
      string: ''
    headers:
      Accept:
      - application/json
      Accept-Encoding:
      - gzip, deflate
      Content-Type:
      - application/json
      User-Agent:
      - Ruby
  response:
    status:
      code: 200
      message: OK
    headers:
      Date:
      - Mon, 02 Feb 2015 06:38:41 GMT
      Server:
      - Apache/2.2.15 (Red Hat)
      Vary:
      - Accept-Encoding
      Content-Length:
      - '2053'
      Content-Type:
      - application/json
    body:
      encoding: ASCII-8BIT
      string: '{"exception": null, "task_type": "pulp.server.tasks.repository.sync_with_auto_publish",
        "_href": "/pulp/api/v2/tasks/239cb051-c1f4-4973-9202-7d4fa650467a/", "task_id":
        "239cb051-c1f4-4973-9202-7d4fa650467a", "tags": ["pulp:repository:integration_test_id",
        "pulp:action:sync"], "finish_time": "2015-02-02T06:38:41Z", "_ns": "task_status",
        "start_time": "2015-02-02T06:38:41Z", "traceback": null, "spawned_tasks":
        [], "progress_report": {"yum_importer": {"content": {"size_total": 0, "items_left":
        0, "items_total": 0, "state": "FINISHED", "size_left": 0, "details": {"rpm_total":
        0, "rpm_done": 0, "drpm_total": 0, "drpm_done": 0}, "error_details": []},
        "comps": {"state": "FINISHED"}, "distribution": {"items_total": 3, "state":
        "FINISHED", "error_details": [], "items_left": 0}, "errata": {"state": "FINISHED"},
        "metadata": {"state": "FINISHED"}}}, "queue": "reserved_resource_worker-0@kt1.local.dq",
        "state": "finished", "worker_name": "reserved_resource_worker-0@kt1.local",
        "result": {"importer_type_id": "yum_importer", "importer_id": "yum_importer",
        "exception": null, "repo_id": "integration_test_id", "removed_count": 0, "started":
        "2015-02-02T06:38:41Z", "_ns": "repo_sync_results", "completed": "2015-02-02T06:38:41Z",
        "traceback": null, "summary": {"content": {"state": "FINISHED"}, "comps":
        {"state": "FINISHED"}, "distribution": {"state": "FINISHED"}, "errata": {"state":
        "FINISHED"}, "metadata": {"state": "FINISHED"}}, "added_count": 0, "error_message":
        null, "updated_count": 14, "details": {"content": {"size_total": 0, "items_left":
        0, "items_total": 0, "state": "FINISHED", "size_left": 0, "details": {"rpm_total":
        0, "rpm_done": 0, "drpm_total": 0, "drpm_done": 0}, "error_details": []},
        "comps": {"state": "FINISHED"}, "distribution": {"items_total": 3, "state":
        "FINISHED", "error_details": [], "items_left": 0}, "errata": {"state": "FINISHED"},
        "metadata": {"state": "FINISHED"}}, "id": "54cf1b71b2ff981e8887d8c1", "result":
        "success"}, "error": null, "_id": {"$oid": "54cf1b71962f40ae3501a36d"}, "id":
        "54cf1b71b2ff981dcc4402bd"}'
    http_version: 
  recorded_at: Mon, 02 Feb 2015 06:38:41 GMT
- request:
    method: get
    uri: https://admin:eYo5Dh2rR6jQayB4vFLEpqUwMcXosuXg@kt1.local/pulp/api/v2/tasks/87d59b8c-9e3c-4f23-af8e-f4f276dde9f5/
    body:
      encoding: US-ASCII
      string: ''
    headers:
      Accept:
      - application/json
      Accept-Encoding:
      - gzip, deflate
      Content-Type:
      - application/json
      User-Agent:
      - Ruby
  response:
    status:
      code: 200
      message: OK
    headers:
      Date:
      - Mon, 02 Feb 2015 06:38:43 GMT
      Server:
      - Apache/2.2.15 (Red Hat)
      Vary:
      - Accept-Encoding
      Content-Length:
      - '662'
      Content-Type:
      - application/json
    body:
      encoding: ASCII-8BIT
      string: '{"exception": null, "task_type": "pulp.server.tasks.repository.delete",
        "_href": "/pulp/api/v2/tasks/87d59b8c-9e3c-4f23-af8e-f4f276dde9f5/", "task_id":
        "87d59b8c-9e3c-4f23-af8e-f4f276dde9f5", "tags": ["pulp:repository:integration_test_id",
        "pulp:action:delete"], "finish_time": "2015-02-02T06:38:43Z", "_ns": "task_status",
        "start_time": "2015-02-02T06:38:43Z", "traceback": null, "spawned_tasks":
        [], "progress_report": {}, "queue": "reserved_resource_worker-0@kt1.local.dq",
        "state": "finished", "worker_name": "reserved_resource_worker-0@kt1.local",
        "result": null, "error": null, "_id": {"$oid": "54cf1b73962f40ae3501a36e"},
        "id": "54cf1b73b2ff981dcc4402c3"}'
    http_version: 
  recorded_at: Mon, 02 Feb 2015 06:38:44 GMT
- request:
    method: get
    uri: https://admin:eYo5Dh2rR6jQayB4vFLEpqUwMcXosuXg@kt1.local/pulp/api/v2/tasks/b7495c5f-9929-4e73-b7a9-66d5615c3010/
    body:
      encoding: US-ASCII
      string: ''
    headers:
      Accept:
      - application/json
      Accept-Encoding:
      - gzip, deflate
      Content-Type:
      - application/json
      User-Agent:
      - Ruby
  response:
    status:
      code: 200
      message: OK
    headers:
      Date:
      - Tue, 03 Feb 2015 20:22:16 GMT
      Server:
      - Apache/2.2.15 (Red Hat)
      Vary:
      - Accept-Encoding
      Content-Length:
      - '2053'
      Connection:
      - close
      Content-Type:
      - application/json
    body:
      encoding: ASCII-8BIT
      string: '{"exception": null, "task_type": "pulp.server.tasks.repository.sync_with_auto_publish",
        "_href": "/pulp/api/v2/tasks/b7495c5f-9929-4e73-b7a9-66d5615c3010/", "task_id":
        "b7495c5f-9929-4e73-b7a9-66d5615c3010", "tags": ["pulp:repository:integration_test_id",
        "pulp:action:sync"], "finish_time": "2015-02-03T20:22:16Z", "_ns": "task_status",
        "start_time": "2015-02-03T20:22:15Z", "traceback": null, "spawned_tasks":
        [], "progress_report": {"yum_importer": {"content": {"size_total": 0, "items_left":
        0, "items_total": 0, "state": "FINISHED", "size_left": 0, "details": {"rpm_total":
        0, "rpm_done": 0, "drpm_total": 0, "drpm_done": 0}, "error_details": []},
        "comps": {"state": "FINISHED"}, "distribution": {"items_total": 3, "state":
        "FINISHED", "error_details": [], "items_left": 0}, "errata": {"state": "FINISHED"},
        "metadata": {"state": "FINISHED"}}}, "queue": "reserved_resource_worker-0@kt1.local.dq",
        "state": "finished", "worker_name": "reserved_resource_worker-0@kt1.local",
        "result": {"importer_type_id": "yum_importer", "importer_id": "yum_importer",
        "exception": null, "repo_id": "integration_test_id", "removed_count": 0, "started":
        "2015-02-03T20:22:15Z", "_ns": "repo_sync_results", "completed": "2015-02-03T20:22:16Z",
        "traceback": null, "summary": {"content": {"state": "FINISHED"}, "comps":
        {"state": "FINISHED"}, "distribution": {"state": "FINISHED"}, "errata": {"state":
        "FINISHED"}, "metadata": {"state": "FINISHED"}}, "added_count": 0, "error_message":
        null, "updated_count": 14, "details": {"content": {"size_total": 0, "items_left":
        0, "items_total": 0, "state": "FINISHED", "size_left": 0, "details": {"rpm_total":
        0, "rpm_done": 0, "drpm_total": 0, "drpm_done": 0}, "error_details": []},
        "comps": {"state": "FINISHED"}, "distribution": {"items_total": 3, "state":
        "FINISHED", "error_details": [], "items_left": 0}, "errata": {"state": "FINISHED"},
        "metadata": {"state": "FINISHED"}}, "id": "54d12df8b2ff9804eda02fa4", "result":
        "success"}, "error": null, "_id": {"$oid": "54d12df7db087ce12b11fccb"}, "id":
        "54d12df7b2ff980faeab9d78"}'
    http_version: 
  recorded_at: Tue, 03 Feb 2015 20:22:16 GMT
- request:
    method: get
    uri: https://admin:eYo5Dh2rR6jQayB4vFLEpqUwMcXosuXg@kt1.local/pulp/api/v2/tasks/583c6651-77f8-4e29-ab3c-73feb7484aac/
    body:
      encoding: US-ASCII
      string: ''
    headers:
      Accept:
      - application/json
      Accept-Encoding:
      - gzip, deflate
      Content-Type:
      - application/json
      User-Agent:
      - Ruby
  response:
    status:
      code: 200
      message: OK
    headers:
      Date:
      - Tue, 03 Feb 2015 20:22:19 GMT
      Server:
      - Apache/2.2.15 (Red Hat)
      Vary:
      - Accept-Encoding
      Content-Length:
      - '662'
      Connection:
      - close
      Content-Type:
      - application/json
    body:
      encoding: ASCII-8BIT
      string: '{"exception": null, "task_type": "pulp.server.tasks.repository.delete",
        "_href": "/pulp/api/v2/tasks/583c6651-77f8-4e29-ab3c-73feb7484aac/", "task_id":
        "583c6651-77f8-4e29-ab3c-73feb7484aac", "tags": ["pulp:repository:integration_test_id",
        "pulp:action:delete"], "finish_time": "2015-02-03T20:22:19Z", "_ns": "task_status",
        "start_time": "2015-02-03T20:22:19Z", "traceback": null, "spawned_tasks":
        [], "progress_report": {}, "queue": "reserved_resource_worker-0@kt1.local.dq",
        "state": "finished", "worker_name": "reserved_resource_worker-0@kt1.local",
        "result": null, "error": null, "_id": {"$oid": "54d12dfbdb087ce12b11fccc"},
        "id": "54d12dfbb2ff980faeab9d7e"}'
    http_version: 
  recorded_at: Tue, 03 Feb 2015 20:22:20 GMT
- request:
    method: get
    uri: https://admin:7HLGDTSxNnAEEtqKgjecYCvftjzNmoRE@katello-kant.example.com/pulp/api/v2/tasks/899ade22-9424-4bad-82ca-413bc5d343c6/
    body:
      encoding: US-ASCII
      string: ''
    headers:
      Accept:
      - application/json
      Accept-Encoding:
      - gzip, deflate
      Content-Type:
      - application/json
      User-Agent:
      - Ruby
  response:
    status:
      code: 200
      message: OK
    headers:
      Date:
      - Tue, 23 Jun 2015 22:37:10 GMT
      Server:
      - Apache/2.4.6 (CentOS)
      Content-Length:
      - '2067'
      Connection:
      - close
      Content-Type:
      - application/json
    body:
      encoding: UTF-8
      string: '{"exception": null, "task_type": "pulp.server.managers.repo.sync.sync",
        "_href": "/pulp/api/v2/tasks/899ade22-9424-4bad-82ca-413bc5d343c6/", "task_id":
        "899ade22-9424-4bad-82ca-413bc5d343c6", "tags": ["pulp:repository:integration_test_id",
        "pulp:action:sync"], "finish_time": "2015-06-23T22:37:10Z", "_ns": "task_status",
        "start_time": "2015-06-23T22:37:09Z", "traceback": null, "spawned_tasks":
        [], "progress_report": {"yum_importer": {"content": {"items_total": 0, "state":
        "FINISHED", "size_left": 0, "details": {"rpm_total": 0, "rpm_done": 0, "drpm_total":
        0, "drpm_done": 0}, "size_total": 0, "error_details": [], "items_left": 0},
        "comps": {"state": "FINISHED"}, "distribution": {"items_total": 3, "state":
        "FINISHED", "error_details": [], "items_left": 0}, "errata": {"state": "FINISHED"},
        "metadata": {"state": "FINISHED"}}}, "queue": "reserved_resource_worker-0@katello-kant.example.com.dq",
        "state": "finished", "worker_name": "reserved_resource_worker-0@katello-kant.example.com",
        "result": {"result": "success", "importer_id": "yum_importer", "exception":
        null, "repo_id": "integration_test_id", "traceback": null, "started": "2015-06-23T22:37:09Z",
        "_ns": "repo_sync_results", "completed": "2015-06-23T22:37:10Z", "importer_type_id":
        "yum_importer", "error_message": null, "summary": {"content": {"state": "FINISHED"},
        "comps": {"state": "FINISHED"}, "distribution": {"state": "FINISHED"}, "errata":
        {"state": "FINISHED"}, "metadata": {"state": "FINISHED"}}, "added_count":
        0, "removed_count": 0, "updated_count": 14, "id": "5589df96f115fc7dd636bc2b",
        "details": {"content": {"size_total": 0, "items_left": 0, "items_total": 0,
        "state": "FINISHED", "size_left": 0, "details": {"rpm_total": 0, "rpm_done":
        0, "drpm_total": 0, "drpm_done": 0}, "error_details": []}, "comps": {"state":
        "FINISHED"}, "distribution": {"items_total": 3, "state": "FINISHED", "error_details":
        [], "items_left": 0}, "errata": {"state": "FINISHED"}, "metadata": {"state":
        "FINISHED"}}}, "error": null, "_id": {"$oid": "5589df952812e3d33cf0fee9"},
        "id": "5589df952812e3d33cf0fee9"}'
    http_version: 
  recorded_at: Tue, 23 Jun 2015 22:37:10 GMT
- request:
    method: get
    uri: https://admin:7HLGDTSxNnAEEtqKgjecYCvftjzNmoRE@katello-kant.example.com/pulp/api/v2/tasks/673cf958-4733-42d5-b550-53fea12e8acd/
    body:
      encoding: US-ASCII
      string: ''
    headers:
      Accept:
      - application/json
      Accept-Encoding:
      - gzip, deflate
      Content-Type:
      - application/json
      User-Agent:
      - Ruby
  response:
    status:
      code: 200
      message: OK
    headers:
      Date:
      - Tue, 23 Jun 2015 22:37:11 GMT
      Server:
      - Apache/2.4.6 (CentOS)
      Content-Length:
      - '692'
      Connection:
      - close
      Content-Type:
      - application/json
    body:
      encoding: UTF-8
      string: '{"exception": null, "task_type": "pulp.server.tasks.repository.delete",
        "_href": "/pulp/api/v2/tasks/673cf958-4733-42d5-b550-53fea12e8acd/", "task_id":
        "673cf958-4733-42d5-b550-53fea12e8acd", "tags": ["pulp:repository:integration_test_id",
        "pulp:action:delete"], "finish_time": "2015-06-23T22:37:11Z", "_ns": "task_status",
        "start_time": "2015-06-23T22:37:11Z", "traceback": null, "spawned_tasks":
        [], "progress_report": {}, "queue": "reserved_resource_worker-0@katello-kant.example.com.dq",
        "state": "finished", "worker_name": "reserved_resource_worker-0@katello-kant.example.com",
        "result": null, "error": null, "_id": {"$oid": "5589df972812e3d33cf0fef1"},
        "id": "5589df972812e3d33cf0fef1"}'
    http_version: 
  recorded_at: Tue, 23 Jun 2015 22:37:11 GMT
- request:
    method: get
    uri: https://admin:7HLGDTSxNnAEEtqKgjecYCvftjzNmoRE@katello-kant.example.com/pulp/api/v2/tasks/103422a7-c342-42d6-b9de-aae58e3672cf/
    body:
      encoding: US-ASCII
      string: ''
    headers:
      Accept:
      - application/json
      Accept-Encoding:
      - gzip, deflate
      Content-Type:
      - application/json
      User-Agent:
      - Ruby
  response:
    status:
      code: 200
      message: OK
    headers:
      Date:
      - Tue, 23 Jun 2015 22:44:34 GMT
      Server:
      - Apache/2.4.6 (CentOS)
      Content-Length:
      - '2067'
      Connection:
      - close
      Content-Type:
      - application/json
    body:
      encoding: UTF-8
      string: '{"exception": null, "task_type": "pulp.server.managers.repo.sync.sync",
        "_href": "/pulp/api/v2/tasks/103422a7-c342-42d6-b9de-aae58e3672cf/", "task_id":
        "103422a7-c342-42d6-b9de-aae58e3672cf", "tags": ["pulp:repository:integration_test_id",
        "pulp:action:sync"], "finish_time": "2015-06-23T22:44:34Z", "_ns": "task_status",
        "start_time": "2015-06-23T22:44:34Z", "traceback": null, "spawned_tasks":
        [], "progress_report": {"yum_importer": {"content": {"items_total": 0, "state":
        "FINISHED", "size_left": 0, "details": {"rpm_total": 0, "rpm_done": 0, "drpm_total":
        0, "drpm_done": 0}, "size_total": 0, "error_details": [], "items_left": 0},
        "comps": {"state": "FINISHED"}, "distribution": {"items_total": 3, "state":
        "FINISHED", "error_details": [], "items_left": 0}, "errata": {"state": "FINISHED"},
        "metadata": {"state": "FINISHED"}}}, "queue": "reserved_resource_worker-0@katello-kant.example.com.dq",
        "state": "finished", "worker_name": "reserved_resource_worker-0@katello-kant.example.com",
        "result": {"result": "success", "importer_id": "yum_importer", "exception":
        null, "repo_id": "integration_test_id", "traceback": null, "started": "2015-06-23T22:44:34Z",
        "_ns": "repo_sync_results", "completed": "2015-06-23T22:44:34Z", "importer_type_id":
        "yum_importer", "error_message": null, "summary": {"content": {"state": "FINISHED"},
        "comps": {"state": "FINISHED"}, "distribution": {"state": "FINISHED"}, "errata":
        {"state": "FINISHED"}, "metadata": {"state": "FINISHED"}}, "added_count":
        0, "removed_count": 0, "updated_count": 14, "id": "5589e152f115fc0506df7146",
        "details": {"content": {"size_total": 0, "items_left": 0, "items_total": 0,
        "state": "FINISHED", "size_left": 0, "details": {"rpm_total": 0, "rpm_done":
        0, "drpm_total": 0, "drpm_done": 0}, "error_details": []}, "comps": {"state":
        "FINISHED"}, "distribution": {"items_total": 3, "state": "FINISHED", "error_details":
        [], "items_left": 0}, "errata": {"state": "FINISHED"}, "metadata": {"state":
        "FINISHED"}}}, "error": null, "_id": {"$oid": "5589e1522812e3d33cf102c7"},
        "id": "5589e1522812e3d33cf102c7"}'
    http_version: 
  recorded_at: Tue, 23 Jun 2015 22:44:34 GMT
- request:
    method: get
    uri: https://admin:7HLGDTSxNnAEEtqKgjecYCvftjzNmoRE@katello-kant.example.com/pulp/api/v2/tasks/8e253c09-d9ec-486c-858e-8aae9f5e6e04/
    body:
      encoding: US-ASCII
      string: ''
    headers:
      Accept:
      - application/json
      Accept-Encoding:
      - gzip, deflate
      Content-Type:
      - application/json
      User-Agent:
      - Ruby
  response:
    status:
      code: 200
      message: OK
    headers:
      Date:
      - Tue, 23 Jun 2015 22:44:36 GMT
      Server:
      - Apache/2.4.6 (CentOS)
      Content-Length:
      - '692'
      Connection:
      - close
      Content-Type:
      - application/json
    body:
      encoding: UTF-8
      string: '{"exception": null, "task_type": "pulp.server.tasks.repository.delete",
        "_href": "/pulp/api/v2/tasks/8e253c09-d9ec-486c-858e-8aae9f5e6e04/", "task_id":
        "8e253c09-d9ec-486c-858e-8aae9f5e6e04", "tags": ["pulp:repository:integration_test_id",
        "pulp:action:delete"], "finish_time": "2015-06-23T22:44:35Z", "_ns": "task_status",
        "start_time": "2015-06-23T22:44:35Z", "traceback": null, "spawned_tasks":
        [], "progress_report": {}, "queue": "reserved_resource_worker-0@katello-kant.example.com.dq",
        "state": "finished", "worker_name": "reserved_resource_worker-0@katello-kant.example.com",
        "result": null, "error": null, "_id": {"$oid": "5589e1532812e3d33cf102cf"},
        "id": "5589e1532812e3d33cf102cf"}'
    http_version: 
  recorded_at: Tue, 23 Jun 2015 22:44:36 GMT
- request:
    method: get
    uri: https://admin:7HLGDTSxNnAEEtqKgjecYCvftjzNmoRE@katello-kant.example.com/pulp/api/v2/repositories/integration_test_id/
    body:
      encoding: US-ASCII
      string: ''
    headers:
      Accept:
      - application/json
      Accept-Encoding:
      - gzip, deflate
      Content-Type:
      - application/json
      User-Agent:
      - Ruby
  response:
    status:
      code: 404
      message: NOT FOUND
    headers:
      Date:
      - Wed, 16 Sep 2015 18:28:31 GMT
      Server:
      - Apache/2.4.6 (CentOS)
      Content-Encoding:
      - utf-8
      Content-Length:
      - '428'
      Connection:
      - close
      Content-Type:
      - application/json
    body:
      encoding: UTF-8
      string: '{"http_request_method": "GET", "exception": null, "error_message":
        "Missing resource(s): repo=integration_test_id", "_href": "/pulp/api/v2/repositories/integration_test_id/?",
        "http_status": 404, "error": {"code": "PLP0009", "data": {"resources": {"repo":
        "integration_test_id"}}, "description": "Missing resource(s): repo=integration_test_id",
        "sub_errors": []}, "traceback": null, "resources": {"repo": "integration_test_id"}}'
    http_version: 
  recorded_at: Wed, 16 Sep 2015 18:28:31 GMT
- request:
    method: post
    uri: https://admin:7HLGDTSxNnAEEtqKgjecYCvftjzNmoRE@katello-kant.example.com/pulp/api/v2/repositories/
    body:
      encoding: UTF-8
      string: '{"id":"integration_test_id","importer_type_id":"yum_importer","importer_config":{"feed":"file:///var/www/repositories/zoo5"}}'
    headers:
      Accept:
      - application/json
      Accept-Encoding:
      - gzip, deflate
      Content-Type:
      - application/json
      Content-Length:
      - '125'
      User-Agent:
      - Ruby
  response:
    status:
      code: 201
      message: CREATED
    headers:
      Date:
      - Wed, 16 Sep 2015 18:28:31 GMT
      Server:
      - Apache/2.4.6 (CentOS)
      Content-Length:
      - '319'
      Location:
      - https://katello-kant.example.com/pulp/api/v2/repositories/integration_test_id/
      Connection:
      - close
      Content-Type:
      - application/json
    body:
      encoding: UTF-8
      string: '{"scratchpad": {}, "display_name": "integration_test_id", "description":
        null, "last_unit_added": null, "notes": {}, "last_unit_removed": null, "content_unit_counts":
        {}, "_ns": "repos", "_id": {"$oid": "55f9b4cff115fc0f3bef9b5b"}, "id": "integration_test_id",
        "_href": "/pulp/api/v2/repositories/integration_test_id/"}'
    http_version: 
  recorded_at: Wed, 16 Sep 2015 18:28:31 GMT
- request:
    method: post
    uri: https://admin:7HLGDTSxNnAEEtqKgjecYCvftjzNmoRE@katello-kant.example.com/pulp/api/v2/repositories/integration_test_id/actions/sync/
    body:
      encoding: UTF-8
      string: '{}'
    headers:
      Accept:
      - application/json
      Accept-Encoding:
      - gzip, deflate
      Content-Type:
      - application/json
      Content-Length:
      - '2'
      User-Agent:
      - Ruby
  response:
    status:
      code: 202
      message: ACCEPTED
    headers:
      Date:
      - Wed, 16 Sep 2015 18:28:31 GMT
      Server:
      - Apache/2.4.6 (CentOS)
      Content-Encoding:
      - utf-8
      Content-Length:
      - '172'
      Connection:
      - close
      Content-Type:
      - application/json
    body:
      encoding: UTF-8
      string: '{"spawned_tasks": [{"_href": "/pulp/api/v2/tasks/1c51bdd7-c3ce-488d-ad6f-13ced2593162/",
        "task_id": "1c51bdd7-c3ce-488d-ad6f-13ced2593162"}], "result": null, "error":
        null}'
    http_version: 
  recorded_at: Wed, 16 Sep 2015 18:28:31 GMT
- request:
    method: get
    uri: https://admin:7HLGDTSxNnAEEtqKgjecYCvftjzNmoRE@katello-kant.example.com/pulp/api/v2/tasks/1c51bdd7-c3ce-488d-ad6f-13ced2593162/
    body:
      encoding: US-ASCII
      string: ''
    headers:
      Accept:
      - application/json
      Accept-Encoding:
      - gzip, deflate
      Content-Type:
      - application/json
      User-Agent:
      - Ruby
  response:
    status:
      code: 200
      message: OK
    headers:
      Date:
      - Wed, 16 Sep 2015 18:28:31 GMT
      Server:
      - Apache/2.4.6 (CentOS)
      Content-Length:
      - '2067'
      Connection:
      - close
      Content-Type:
      - application/json
    body:
      encoding: UTF-8
      string: '{"exception": null, "task_type": "pulp.server.managers.repo.sync.sync",
        "_href": "/pulp/api/v2/tasks/1c51bdd7-c3ce-488d-ad6f-13ced2593162/", "task_id":
        "1c51bdd7-c3ce-488d-ad6f-13ced2593162", "tags": ["pulp:repository:integration_test_id",
        "pulp:action:sync"], "finish_time": "2015-09-16T18:28:31Z", "_ns": "task_status",
        "start_time": "2015-09-16T18:28:31Z", "traceback": null, "spawned_tasks":
        [], "progress_report": {"yum_importer": {"content": {"items_total": 0, "state":
        "FINISHED", "error_details": [], "details": {"rpm_total": 0, "rpm_done": 0,
        "drpm_total": 0, "drpm_done": 0}, "size_total": 0, "size_left": 0, "items_left":
        0}, "comps": {"state": "FINISHED"}, "distribution": {"items_total": 3, "state":
        "FINISHED", "error_details": [], "items_left": 0}, "errata": {"state": "FINISHED"},
        "metadata": {"state": "FINISHED"}}}, "queue": "reserved_resource_worker-0@katello-kant.example.com.dq",
        "state": "finished", "worker_name": "reserved_resource_worker-0@katello-kant.example.com",
        "result": {"result": "success", "importer_id": "yum_importer", "exception":
        null, "repo_id": "integration_test_id", "traceback": null, "started": "2015-09-16T18:28:31Z",
        "_ns": "repo_sync_results", "completed": "2015-09-16T18:28:31Z", "importer_type_id":
        "yum_importer", "error_message": null, "summary": {"content": {"state": "FINISHED"},
        "comps": {"state": "FINISHED"}, "distribution": {"state": "FINISHED"}, "errata":
        {"state": "FINISHED"}, "metadata": {"state": "FINISHED"}}, "added_count":
        0, "removed_count": 0, "updated_count": 14, "id": "55f9b4cff115fc10524307a3",
        "details": {"content": {"size_total": 0, "items_left": 0, "items_total": 0,
        "state": "FINISHED", "size_left": 0, "details": {"rpm_total": 0, "rpm_done":
        0, "drpm_total": 0, "drpm_done": 0}, "error_details": []}, "comps": {"state":
        "FINISHED"}, "distribution": {"items_total": 3, "state": "FINISHED", "error_details":
        [], "items_left": 0}, "errata": {"state": "FINISHED"}, "metadata": {"state":
        "FINISHED"}}}, "error": null, "_id": {"$oid": "55f9b4cff92c6c36bcd2568c"},
        "id": "55f9b4cff92c6c36bcd2568c"}'
    http_version: 
  recorded_at: Wed, 16 Sep 2015 18:28:31 GMT
- request:
    method: delete
    uri: https://admin:7HLGDTSxNnAEEtqKgjecYCvftjzNmoRE@katello-kant.example.com/pulp/api/v2/repositories/integration_test_id/
    body:
      encoding: US-ASCII
      string: ''
    headers:
      Accept:
      - application/json
      Accept-Encoding:
      - gzip, deflate
      Content-Type:
      - application/json
      User-Agent:
      - Ruby
  response:
    status:
      code: 202
      message: ACCEPTED
    headers:
      Date:
      - Wed, 16 Sep 2015 18:28:32 GMT
      Server:
      - Apache/2.4.6 (CentOS)
      Content-Encoding:
      - utf-8
      Content-Length:
      - '172'
      Connection:
      - close
      Content-Type:
      - application/json
    body:
      encoding: UTF-8
      string: '{"spawned_tasks": [{"_href": "/pulp/api/v2/tasks/015b7aa6-4c06-4207-a1aa-3d4cd7e1fd85/",
        "task_id": "015b7aa6-4c06-4207-a1aa-3d4cd7e1fd85"}], "result": null, "error":
        null}'
    http_version: 
  recorded_at: Wed, 16 Sep 2015 18:28:32 GMT
- request:
    method: get
    uri: https://admin:7HLGDTSxNnAEEtqKgjecYCvftjzNmoRE@katello-kant.example.com/pulp/api/v2/tasks/015b7aa6-4c06-4207-a1aa-3d4cd7e1fd85/
    body:
      encoding: US-ASCII
      string: ''
    headers:
      Accept:
      - application/json
      Accept-Encoding:
      - gzip, deflate
      Content-Type:
      - application/json
      User-Agent:
      - Ruby
  response:
    status:
      code: 200
      message: OK
    headers:
      Date:
      - Wed, 16 Sep 2015 18:28:33 GMT
      Server:
      - Apache/2.4.6 (CentOS)
      Content-Length:
      - '692'
      Connection:
      - close
      Content-Type:
      - application/json
    body:
      encoding: UTF-8
      string: '{"exception": null, "task_type": "pulp.server.tasks.repository.delete",
        "_href": "/pulp/api/v2/tasks/015b7aa6-4c06-4207-a1aa-3d4cd7e1fd85/", "task_id":
        "015b7aa6-4c06-4207-a1aa-3d4cd7e1fd85", "tags": ["pulp:repository:integration_test_id",
        "pulp:action:delete"], "finish_time": "2015-09-16T18:28:32Z", "_ns": "task_status",
        "start_time": "2015-09-16T18:28:32Z", "traceback": null, "spawned_tasks":
        [], "progress_report": {}, "queue": "reserved_resource_worker-0@katello-kant.example.com.dq",
        "state": "finished", "worker_name": "reserved_resource_worker-0@katello-kant.example.com",
        "result": null, "error": null, "_id": {"$oid": "55f9b4d0f92c6c36bcd2568d"},
        "id": "55f9b4d0f92c6c36bcd2568d"}'
    http_version: 
  recorded_at: Wed, 16 Sep 2015 18:28:33 GMT
recorded_with: VCR 2.9.3
