---
http_interactions:
- request:
    method: delete
    uri: https://admin:HeQSzZgm6ZEKG8aHrJEGW7aGD85Wrj57@runcible.example.com/pulp/api/v2/repositories/integration_test_id/
    body:
      encoding: US-ASCII
      string: ''
    headers:
      Accept:
      - application/json
      Accept-Encoding:
      - gzip, deflate
      Content-Type:
      - application/json
      User-Agent:
      - Ruby
  response:
    status:
      code: 404
      message: NOT FOUND
    headers:
      Date:
      - Fri, 29 Apr 2016 16:28:18 GMT
      Server:
      - Apache/2.4.6 (CentOS)
      Content-Encoding:
      - utf-8
      Content-Length:
      - '454'
      Content-Type:
      - application/json; charset=utf-8
    body:
      encoding: UTF-8
      string: '{"http_request_method": "DELETE", "exception": null, "error_message":
        "Missing resource(s): repository=integration_test_id", "_href": "/pulp/api/v2/repositories/integration_test_id/",
        "http_status": 404, "error": {"code": "PLP0009", "data": {"resources": {"repository":
        "integration_test_id"}}, "description": "Missing resource(s): repository=integration_test_id",
        "sub_errors": []}, "traceback": null, "resources": {"repository": "integration_test_id"}}'
    http_version: 
  recorded_at: Fri, 29 Apr 2016 16:28:18 GMT
- request:
    method: get
    uri: https://admin:HeQSzZgm6ZEKG8aHrJEGW7aGD85Wrj57@runcible.example.com/pulp/api/v2/repositories/integration_test_id/
    body:
      encoding: US-ASCII
      string: ''
    headers:
      Accept:
      - application/json
      Accept-Encoding:
      - gzip, deflate
      Content-Type:
      - application/json
      User-Agent:
      - Ruby
  response:
    status:
      code: 404
      message: NOT FOUND
    headers:
      Date:
      - Fri, 29 Apr 2016 16:28:18 GMT
      Server:
      - Apache/2.4.6 (CentOS)
      Content-Encoding:
      - utf-8
      Content-Length:
      - '452'
      Content-Type:
      - application/json; charset=utf-8
    body:
      encoding: UTF-8
      string: '{"http_request_method": "GET", "exception": null, "error_message":
        "Missing resource(s): repository=integration_test_id", "_href": "/pulp/api/v2/repositories/integration_test_id/?",
        "http_status": 404, "error": {"code": "PLP0009", "data": {"resources": {"repository":
        "integration_test_id"}}, "description": "Missing resource(s): repository=integration_test_id",
        "sub_errors": []}, "traceback": null, "resources": {"repository": "integration_test_id"}}'
    http_version: 
  recorded_at: Fri, 29 Apr 2016 16:28:18 GMT
- request:
    method: post
    uri: https://admin:HeQSzZgm6ZEKG8aHrJEGW7aGD85Wrj57@runcible.example.com/pulp/api/v2/repositories/
    body:
      encoding: UTF-8
      string: '{"id":"integration_test_id","importer_type_id":"yum_importer","importer_config":{"feed":"file:///var/www/repositories/zoo5"},"distributors":[{"distributor_type_id":"yum_distributor","distributor_config":{"relative_url":"path","http":true,"https":true},"auto_publish":false,"distributor_id":"yum_dist"}]}'
    headers:
      Accept:
      - application/json
      Accept-Encoding:
      - gzip, deflate
      Content-Type:
      - application/json
      Content-Length:
      - '303'
      User-Agent:
      - Ruby
  response:
    status:
      code: 201
      message: CREATED
    headers:
      Date:
      - Fri, 29 Apr 2016 16:28:18 GMT
      Server:
      - Apache/2.4.6 (CentOS)
      Content-Length:
      - '319'
      Location:
      - https://runcible.example.com/pulp/api/v2/repositories/integration_test_id/
      Content-Type:
      - application/json; charset=utf-8
    body:
      encoding: UTF-8
      string: '{"scratchpad": {}, "display_name": "integration_test_id", "description":
        null, "last_unit_added": null, "notes": {}, "last_unit_removed": null, "content_unit_counts":
        {}, "_ns": "repos", "_id": {"$oid": "57238ba2aca4886d952eeb2a"}, "id": "integration_test_id",
        "_href": "/pulp/api/v2/repositories/integration_test_id/"}'
    http_version: 
  recorded_at: Fri, 29 Apr 2016 16:28:18 GMT
- request:
    method: post
    uri: https://admin:HeQSzZgm6ZEKG8aHrJEGW7aGD85Wrj57@runcible.example.com/pulp/api/v2/repositories/integration_test_id/actions/sync/
    body:
      encoding: UTF-8
      string: "{}"
    headers:
      Accept:
      - application/json
      Accept-Encoding:
      - gzip, deflate
      Content-Type:
      - application/json
      Content-Length:
      - '2'
      User-Agent:
      - Ruby
  response:
    status:
      code: 202
      message: ACCEPTED
    headers:
      Date:
      - Fri, 29 Apr 2016 16:28:19 GMT
      Server:
      - Apache/2.4.6 (CentOS)
      Content-Length:
      - '172'
      Content-Type:
      - application/json; charset=utf-8
    body:
      encoding: UTF-8
      string: '{"spawned_tasks": [{"_href": "/pulp/api/v2/tasks/1d620a06-04a5-4e20-9a6f-1b20bceed726/",
        "task_id": "1d620a06-04a5-4e20-9a6f-1b20bceed726"}], "result": null, "error":
        null}'
    http_version: 
  recorded_at: Fri, 29 Apr 2016 16:28:19 GMT
- request:
    method: get
    uri: https://admin:HeQSzZgm6ZEKG8aHrJEGW7aGD85Wrj57@runcible.example.com/pulp/api/v2/tasks/1d620a06-04a5-4e20-9a6f-1b20bceed726/
    body:
      encoding: US-ASCII
      string: ''
    headers:
      Accept:
      - application/json
      Accept-Encoding:
      - gzip, deflate
      Content-Type:
      - application/json
      User-Agent:
      - Ruby
  response:
    status:
      code: 200
      message: OK
    headers:
      Date:
      - Fri, 29 Apr 2016 16:28:19 GMT
      Server:
      - Apache/2.4.6 (CentOS)
      Vary:
      - Accept-Encoding
      Content-Length:
      - '2188'
      Content-Type:
      - application/json; charset=utf-8
    body:
      encoding: ASCII-8BIT
      string: '{"exception": null, "task_type": "pulp.server.managers.repo.sync.sync",
        "_href": "/pulp/api/v2/tasks/1d620a06-04a5-4e20-9a6f-1b20bceed726/", "task_id":
        "1d620a06-04a5-4e20-9a6f-1b20bceed726", "tags": ["pulp:repository:integration_test_id",
        "pulp:action:sync"], "finish_time": "2016-04-29T16:28:19Z", "_ns": "task_status",
        "start_time": "2016-04-29T16:28:19Z", "traceback": null, "spawned_tasks":
        [], "progress_report": {"yum_importer": {"content": {"items_total": 0, "state":
        "FINISHED", "error_details": [], "details": {"rpm_total": 0, "rpm_done": 0,
        "drpm_total": 0, "drpm_done": 0}, "size_total": 0, "size_left": 0, "items_left":
        0}, "comps": {"state": "FINISHED"}, "purge_duplicates": {"state": "FINISHED"},
        "distribution": {"items_total": 3, "state": "FINISHED", "error_details": [],
        "items_left": 0}, "errata": {"state": "FINISHED"}, "metadata": {"state": "FINISHED"}}},
        "queue": "reserved_resource_worker-0@runcible.example.com.dq", "state": "finished",
        "worker_name": "reserved_resource_worker-0@runcible.example.com", "result":
        {"result": "success", "importer_id": "yum_importer", "exception": null, "repo_id":
        "integration_test_id", "traceback": null, "started": "2016-04-29T16:28:19Z",
        "_ns": "repo_sync_results", "completed": "2016-04-29T16:28:19Z", "importer_type_id":
        "yum_importer", "error_message": null, "summary": {"content": {"state": "FINISHED"},
        "comps": {"state": "FINISHED"}, "purge_duplicates": {"state": "FINISHED"},
        "distribution": {"state": "FINISHED"}, "errata": {"state": "FINISHED"}, "metadata":
        {"state": "FINISHED"}}, "added_count": 14, "removed_count": 0, "updated_count":
        0, "id": "57238ba3aca4886e0c05c431", "details": {"content": {"size_total":
        0, "items_left": 0, "items_total": 0, "state": "FINISHED", "size_left": 0,
        "details": {"rpm_total": 0, "rpm_done": 0, "drpm_total": 0, "drpm_done": 0},
        "error_details": []}, "comps": {"state": "FINISHED"}, "purge_duplicates":
        {"state": "FINISHED"}, "distribution": {"items_total": 3, "state": "FINISHED",
        "error_details": [], "items_left": 0}, "errata": {"state": "FINISHED"}, "metadata":
        {"state": "FINISHED"}}}, "error": null, "_id": {"$oid": "57238ba3898f5c862fa3ecc9"},
        "id": "57238ba3898f5c862fa3ecc9"}'
    http_version: 
  recorded_at: Fri, 29 Apr 2016 16:28:19 GMT
- request:
    method: get
    uri: https://admin:HeQSzZgm6ZEKG8aHrJEGW7aGD85Wrj57@runcible.example.com/pulp/api/v2/repositories/integration_test_id/?details=true
    body:
      encoding: US-ASCII
      string: ''
    headers:
      Accept:
      - application/json
      Accept-Encoding:
      - gzip, deflate
      Content-Type:
      - application/json
      User-Agent:
      - Ruby
  response:
    status:
      code: 200
      message: OK
    headers:
      Date:
      - Fri, 29 Apr 2016 16:28:19 GMT
      Server:
      - Apache/2.4.6 (CentOS)
      Vary:
      - Accept-Encoding
      Content-Length:
      - '1310'
      Content-Type:
      - application/json; charset=utf-8
    body:
      encoding: ASCII-8BIT
      string: '{"scratchpad": {"checksum_type": "sha256"}, "display_name": "integration_test_id",
        "description": null, "distributors": [{"repo_id": "integration_test_id", "_href":
        "/pulp/api/v2/repositories/integration_test_id/distributors/yum_dist/", "_ns":
        "repo_distributors", "last_publish": null, "distributor_type_id": "yum_distributor",
        "auto_publish": false, "scratchpad": {}, "_id": {"$oid": "57238ba2aca4886d952eeb2c"},
        "config": {"http": true, "https": true, "relative_url": "path"}, "id": "yum_dist"}],
        "last_unit_added": null, "notes": {}, "last_unit_removed": null, "content_unit_counts":
        {"package_group": 2, "distribution": 1, "package_category": 1, "rpm": 8, "erratum":
        2}, "_ns": "repos", "importers": [{"scratchpad": {"repomd_revision": 1321893800,
        "previous_skip_list": []}, "_href": "/pulp/api/v2/repositories/integration_test_id/importers/yum_importer/",
        "_ns": "repo_importers", "importer_type_id": "yum_importer", "last_sync":
        "2016-04-29T16:28:19Z", "repo_id": "integration_test_id", "_id": {"$oid":
        "57238ba2aca4886d952eeb2b"}, "config": {"feed": "file:///var/www/repositories/zoo5"},
        "id": "yum_importer"}], "locally_stored_units": 14, "_id": {"$oid": "57238ba2aca4886d952eeb2a"},
        "total_repository_units": 14, "id": "integration_test_id", "_href": "/pulp/api/v2/repositories/integration_test_id/"}'
    http_version: 
  recorded_at: Fri, 29 Apr 2016 16:28:20 GMT
- request:
    method: post
    uri: https://admin:HeQSzZgm6ZEKG8aHrJEGW7aGD85Wrj57@runcible.example.com/pulp/api/v2/repositories/integration_test_id/actions/publish/
    body:
      encoding: UTF-8
      string: '{"id":"yum_dist"}'
    headers:
      Accept:
      - application/json
      Accept-Encoding:
      - gzip, deflate
      Content-Type:
      - application/json
      Content-Length:
      - '17'
      User-Agent:
      - Ruby
  response:
    status:
      code: 202
      message: ACCEPTED
    headers:
      Date:
      - Fri, 29 Apr 2016 16:28:20 GMT
      Server:
      - Apache/2.4.6 (CentOS)
      Content-Length:
      - '172'
      Content-Type:
      - application/json; charset=utf-8
    body:
      encoding: UTF-8
      string: '{"spawned_tasks": [{"_href": "/pulp/api/v2/tasks/225a9420-1d90-48b5-8400-1466436424f8/",
        "task_id": "225a9420-1d90-48b5-8400-1466436424f8"}], "result": null, "error":
        null}'
    http_version: 
  recorded_at: Fri, 29 Apr 2016 16:28:20 GMT
- request:
    method: get
    uri: https://admin:HeQSzZgm6ZEKG8aHrJEGW7aGD85Wrj57@runcible.example.com/pulp/api/v2/tasks/225a9420-1d90-48b5-8400-1466436424f8/
    body:
      encoding: US-ASCII
      string: ''
    headers:
      Accept:
      - application/json
      Accept-Encoding:
      - gzip, deflate
      Content-Type:
      - application/json
      User-Agent:
      - Ruby
  response:
    status:
      code: 200
      message: OK
    headers:
      Date:
      - Fri, 29 Apr 2016 16:28:20 GMT
      Server:
      - Apache/2.4.6 (CentOS)
      Vary:
      - Accept-Encoding
      Content-Length:
      - '7465'
      Content-Type:
      - application/json; charset=utf-8
    body:
      encoding: ASCII-8BIT
      string: '{"exception": null, "task_type": "pulp.server.managers.repo.publish.publish",
        "_href": "/pulp/api/v2/tasks/225a9420-1d90-48b5-8400-1466436424f8/", "task_id":
        "225a9420-1d90-48b5-8400-1466436424f8", "tags": ["pulp:repository:integration_test_id",
        "pulp:action:publish"], "finish_time": "2016-04-29T16:28:20Z", "_ns": "task_status",
        "start_time": "2016-04-29T16:28:20Z", "traceback": null, "spawned_tasks":
        [], "progress_report": {"yum_dist": [{"num_success": 1, "description": "Initializing
        repo metadata", "step_type": "initialize_repo_metadata", "items_total": 1,
        "state": "FINISHED", "error_details": [], "details": "", "num_failures": 0,
        "step_id": "beebbe7a-9015-40b8-a487-2c9aa9320f2b", "num_processed": 1}, {"num_success":
        1, "description": "Publishing Distribution files", "step_type": "distribution",
        "items_total": 1, "state": "FINISHED", "error_details": [], "details": "",
        "num_failures": 0, "step_id": "825bfaed-54cf-4e69-a05d-358d4736ea6f", "num_processed":
        1}, {"num_success": 8, "description": "Publishing RPMs", "step_type": "rpms",
        "items_total": 8, "state": "FINISHED", "error_details": [], "details": "",
        "num_failures": 0, "step_id": "696c5068-2a4f-4749-a735-9e57423199f3", "num_processed":
        8}, {"num_success": 0, "description": "Publishing Delta RPMs", "step_type":
        "drpms", "items_total": 1, "state": "SKIPPED", "error_details": [], "details":
        "", "num_failures": 0, "step_id": "6e537fe8-4965-441b-9858-d857b18cd62d",
        "num_processed": 0}, {"num_success": 2, "description": "Publishing Errata",
        "step_type": "errata", "items_total": 2, "state": "FINISHED", "error_details":
        [], "details": "", "num_failures": 0, "step_id": "cf5bb8a8-5662-4f4c-9005-e925c7e21596",
        "num_processed": 2}, {"num_success": 3, "description": "Publishing Comps file",
        "step_type": "comps", "items_total": 3, "state": "FINISHED", "error_details":
        [], "details": "", "num_failures": 0, "step_id": "aeae48f3-d215-4d52-aa72-c4abccee68f5",
        "num_processed": 3}, {"num_success": 0, "description": "Publishing Metadata.",
        "step_type": "metadata", "items_total": 0, "state": "FINISHED", "error_details":
        [], "details": "", "num_failures": 0, "step_id": "5d21dbab-c02d-4052-bf68-6260376c4488",
        "num_processed": 0}, {"num_success": 1, "description": "Closing repo metadata",
        "step_type": "close_repo_metadata", "items_total": 1, "state": "FINISHED",
        "error_details": [], "details": "", "num_failures": 0, "step_id": "0987fcf0-1590-4e2c-b596-08c9606cd7bf",
        "num_processed": 1}, {"num_success": 0, "description": "Generating sqlite
        files", "step_type": "generate sqlite", "items_total": 1, "state": "SKIPPED",
        "error_details": [], "details": "", "num_failures": 0, "step_id": "0f936f21-0b6d-4894-b8d8-5a3856d01b05",
        "num_processed": 0}, {"num_success": 1, "description": "Publishing files to
        web", "step_type": "publish_directory", "items_total": 1, "state": "FINISHED",
        "error_details": [], "details": "", "num_failures": 0, "step_id": "e261383b-5f57-45a7-9413-52344f46056f",
        "num_processed": 1}, {"num_success": 1, "description": "Writing Listings File",
        "step_type": "initialize_repo_metadata", "items_total": 1, "state": "FINISHED",
        "error_details": [], "details": "", "num_failures": 0, "step_id": "e3208b51-0b38-460d-9a0f-11b98b89aa87",
        "num_processed": 1}, {"num_success": 1, "description": "Writing Listings File",
        "step_type": "initialize_repo_metadata", "items_total": 1, "state": "FINISHED",
        "error_details": [], "details": "", "num_failures": 0, "step_id": "a3574835-279b-4ee3-a9b4-09bdd26d2df0",
        "num_processed": 1}]}, "queue": "reserved_resource_worker-0@runcible.example.com.dq",
        "state": "finished", "worker_name": "reserved_resource_worker-0@runcible.example.com",
        "result": {"result": "success", "exception": null, "repo_id": "integration_test_id",
        "started": "2016-04-29T16:28:20Z", "_ns": "repo_publish_results", "completed":
        "2016-04-29T16:28:20Z", "traceback": null, "distributor_type_id": "yum_distributor",
        "summary": {"generate sqlite": "SKIPPED", "initialize_repo_metadata": "FINISHED",
        "rpms": "FINISHED", "close_repo_metadata": "FINISHED", "drpms": "SKIPPED",
        "comps": "FINISHED", "distribution": "FINISHED", "publish_directory": "FINISHED",
        "errata": "FINISHED", "metadata": "FINISHED"}, "error_message": null, "distributor_id":
        "yum_dist", "id": "57238ba4aca4886e0c05c432", "details": [{"num_success":
        1, "description": "Initializing repo metadata", "step_type": "initialize_repo_metadata",
        "items_total": 1, "state": "FINISHED", "error_details": [], "details": "",
        "num_failures": 0, "step_id": "beebbe7a-9015-40b8-a487-2c9aa9320f2b", "num_processed":
        1}, {"num_success": 1, "description": "Publishing Distribution files", "step_type":
        "distribution", "items_total": 1, "state": "FINISHED", "error_details": [],
        "details": "", "num_failures": 0, "step_id": "825bfaed-54cf-4e69-a05d-358d4736ea6f",
        "num_processed": 1}, {"num_success": 8, "description": "Publishing RPMs",
        "step_type": "rpms", "items_total": 8, "state": "FINISHED", "error_details":
        [], "details": "", "num_failures": 0, "step_id": "696c5068-2a4f-4749-a735-9e57423199f3",
        "num_processed": 8}, {"num_success": 0, "description": "Publishing Delta RPMs",
        "step_type": "drpms", "items_total": 1, "state": "SKIPPED", "error_details":
        [], "details": "", "num_failures": 0, "step_id": "6e537fe8-4965-441b-9858-d857b18cd62d",
        "num_processed": 0}, {"num_success": 2, "description": "Publishing Errata",
        "step_type": "errata", "items_total": 2, "state": "FINISHED", "error_details":
        [], "details": "", "num_failures": 0, "step_id": "cf5bb8a8-5662-4f4c-9005-e925c7e21596",
        "num_processed": 2}, {"num_success": 3, "description": "Publishing Comps file",
        "step_type": "comps", "items_total": 3, "state": "FINISHED", "error_details":
        [], "details": "", "num_failures": 0, "step_id": "aeae48f3-d215-4d52-aa72-c4abccee68f5",
        "num_processed": 3}, {"num_success": 0, "description": "Publishing Metadata.",
        "step_type": "metadata", "items_total": 0, "state": "FINISHED", "error_details":
        [], "details": "", "num_failures": 0, "step_id": "5d21dbab-c02d-4052-bf68-6260376c4488",
        "num_processed": 0}, {"num_success": 1, "description": "Closing repo metadata",
        "step_type": "close_repo_metadata", "items_total": 1, "state": "FINISHED",
        "error_details": [], "details": "", "num_failures": 0, "step_id": "0987fcf0-1590-4e2c-b596-08c9606cd7bf",
        "num_processed": 1}, {"num_success": 0, "description": "Generating sqlite
        files", "step_type": "generate sqlite", "items_total": 1, "state": "SKIPPED",
        "error_details": [], "details": "", "num_failures": 0, "step_id": "0f936f21-0b6d-4894-b8d8-5a3856d01b05",
        "num_processed": 0}, {"num_success": 1, "description": "Publishing files to
        web", "step_type": "publish_directory", "items_total": 1, "state": "FINISHED",
        "error_details": [], "details": "", "num_failures": 0, "step_id": "e261383b-5f57-45a7-9413-52344f46056f",
        "num_processed": 1}, {"num_success": 1, "description": "Writing Listings File",
        "step_type": "initialize_repo_metadata", "items_total": 1, "state": "FINISHED",
        "error_details": [], "details": "", "num_failures": 0, "step_id": "e3208b51-0b38-460d-9a0f-11b98b89aa87",
        "num_processed": 1}, {"num_success": 1, "description": "Writing Listings File",
        "step_type": "initialize_repo_metadata", "items_total": 1, "state": "FINISHED",
        "error_details": [], "details": "", "num_failures": 0, "step_id": "a3574835-279b-4ee3-a9b4-09bdd26d2df0",
        "num_processed": 1}]}, "error": null, "_id": {"$oid": "57238ba4898f5c862fa3ecd8"},
        "id": "57238ba4898f5c862fa3ecd8"}'
    http_version: 
  recorded_at: Fri, 29 Apr 2016 16:28:20 GMT
- request:
    method: delete
    uri: https://admin:HeQSzZgm6ZEKG8aHrJEGW7aGD85Wrj57@runcible.example.com/pulp/api/v2/repositories/integration_test_id/
    body:
      encoding: US-ASCII
      string: ''
    headers:
      Accept:
      - application/json
      Accept-Encoding:
      - gzip, deflate
      Content-Type:
      - application/json
      User-Agent:
      - Ruby
  response:
    status:
      code: 202
      message: ACCEPTED
    headers:
      Date:
      - Fri, 29 Apr 2016 16:28:20 GMT
      Server:
      - Apache/2.4.6 (CentOS)
      Content-Length:
      - '172'
      Content-Type:
      - application/json; charset=utf-8
    body:
      encoding: UTF-8
      string: '{"spawned_tasks": [{"_href": "/pulp/api/v2/tasks/00d4aa30-321e-4646-bef3-45e0fdd2f9c0/",
        "task_id": "00d4aa30-321e-4646-bef3-45e0fdd2f9c0"}], "result": null, "error":
        null}'
    http_version: 
  recorded_at: Fri, 29 Apr 2016 16:28:21 GMT
- request:
    method: get
    uri: https://admin:HeQSzZgm6ZEKG8aHrJEGW7aGD85Wrj57@runcible.example.com/pulp/api/v2/tasks/00d4aa30-321e-4646-bef3-45e0fdd2f9c0/
    body:
      encoding: US-ASCII
      string: ''
    headers:
      Accept:
      - application/json
      Accept-Encoding:
      - gzip, deflate
      Content-Type:
      - application/json
      User-Agent:
      - Ruby
  response:
    status:
      code: 200
      message: OK
    headers:
      Date:
      - Fri, 29 Apr 2016 16:28:21 GMT
      Server:
      - Apache/2.4.6 (CentOS)
      Vary:
      - Accept-Encoding
      Content-Length:
      - '684'
      Content-Type:
      - application/json; charset=utf-8
    body:
      encoding: ASCII-8BIT
      string: '{"exception": null, "task_type": "pulp.server.tasks.repository.delete",
        "_href": "/pulp/api/v2/tasks/00d4aa30-321e-4646-bef3-45e0fdd2f9c0/", "task_id":
        "00d4aa30-321e-4646-bef3-45e0fdd2f9c0", "tags": ["pulp:repository:integration_test_id",
        "pulp:action:delete"], "finish_time": "2016-04-29T16:28:21Z", "_ns": "task_status",
        "start_time": "2016-04-29T16:28:21Z", "traceback": null, "spawned_tasks":
        [], "progress_report": {}, "queue": "reserved_resource_worker-0@runcible.example.com.dq",
        "state": "finished", "worker_name": "reserved_resource_worker-0@runcible.example.com",
        "result": null, "error": null, "_id": {"$oid": "57238ba5898f5c862fa3ecd9"},
        "id": "57238ba5898f5c862fa3ecd9"}'
    http_version: 
  recorded_at: Fri, 29 Apr 2016 16:28:21 GMT
recorded_with: VCR 3.0.1
