---
http_interactions:
- request:
    method: get
    uri: https://admin:admin@box.devel.com/pulp/api/v2/tasks/83c6609e-0551-428a-8f81-d7a30360250e/
    body:
      encoding: US-ASCII
      string: ''
    headers:
      Accept:
      - application/json
      Accept-Encoding:
      - gzip, deflate
      Content-Type:
      - application/json
      User-Agent:
      - Ruby
  response:
    status:
      code: 200
      message: OK
    headers:
      Date:
      - Wed, 15 Oct 2014 14:27:19 GMT
      Server:
      - Apache/2.2.15 (Red Hat)
      Vary:
      - Accept-Encoding
      Content-Length:
      - '2002'
      Connection:
      - close
      Content-Type:
      - application/json
    body:
      encoding: ASCII-8BIT
      string: '{"exception": null, "task_type": "pulp.server.tasks.repository.sync_with_auto_publish",
        "_href": "/pulp/api/v2/tasks/83c6609e-0551-428a-8f81-d7a30360250e/", "task_id":
        "83c6609e-0551-428a-8f81-d7a30360250e", "tags": ["pulp:repository:integration_test_id",
        "pulp:action:sync"], "finish_time": "2014-10-15T14:27:19Z", "_ns": "task_status",
        "start_time": "2014-10-15T14:27:18Z", "traceback": null, "spawned_tasks":
        [], "progress_report": {"yum_importer": {"content": {"size_total": 0, "items_left":
        0, "items_total": 0, "state": "FINISHED", "size_left": 0, "details": {"rpm_total":
        0, "rpm_done": 0, "drpm_total": 0, "drpm_done": 0}, "error_details": []},
        "comps": {"state": "FINISHED"}, "distribution": {"items_total": 3, "state":
        "FINISHED", "error_details": [], "items_left": 0}, "errata": {"state": "FINISHED"},
        "metadata": {"state": "FINISHED"}}}, "queue": "reserved_resource_worker-1@box.devel.com.dq",
        "state": "finished", "result": {"importer_type_id": "yum_importer", "importer_id":
        "yum_importer", "exception": null, "repo_id": "integration_test_id", "removed_count":
        0, "started": "2014-10-15T14:27:18Z", "_ns": "repo_sync_results", "completed":
        "2014-10-15T14:27:19Z", "traceback": null, "summary": {"content": {"state":
        "FINISHED"}, "comps": {"state": "FINISHED"}, "distribution": {"state": "FINISHED"},
        "errata": {"state": "FINISHED"}, "metadata": {"state": "FINISHED"}}, "added_count":
        0, "error_message": null, "updated_count": 14, "details": {"content": {"size_total":
        0, "items_left": 0, "items_total": 0, "state": "FINISHED", "size_left": 0,
        "details": {"rpm_total": 0, "rpm_done": 0, "drpm_total": 0, "drpm_done": 0},
        "error_details": []}, "comps": {"state": "FINISHED"}, "distribution": {"items_total":
        3, "state": "FINISHED", "error_details": [], "items_left": 0}, "errata": {"state":
        "FINISHED"}, "metadata": {"state": "FINISHED"}}, "id": "543e844747078709559b2398",
        "result": "success"}, "error": null, "_id": {"$oid": "543e8446505c6f3b4b509bc7"},
        "id": "543e844647078708d9ecb80c"}'
    http_version: 
  recorded_at: Wed, 15 Oct 2014 14:27:19 GMT
- request:
    method: get
    uri: https://admin:admin@box.devel.com/pulp/api/v2/tasks/0133e24d-af8c-46c9-913a-cc5ce864c7d4/
    body:
      encoding: US-ASCII
      string: ''
    headers:
      Accept:
      - application/json
      Accept-Encoding:
      - gzip, deflate
      Content-Type:
      - application/json
      User-Agent:
      - Ruby
  response:
    status:
      code: 200
      message: OK
    headers:
      Date:
      - Wed, 15 Oct 2014 14:27:20 GMT
      Server:
      - Apache/2.2.15 (Red Hat)
      Vary:
      - Accept-Encoding
      Content-Length:
      - '3057'
      Connection:
      - close
      Content-Type:
      - application/json
    body:
      encoding: ASCII-8BIT
      string: '{"exception": null, "task_type": "pulp.server.managers.repo.unit_association.unassociate_by_criteria",
        "_href": "/pulp/api/v2/tasks/0133e24d-af8c-46c9-913a-cc5ce864c7d4/", "task_id":
        "0133e24d-af8c-46c9-913a-cc5ce864c7d4", "tags": ["pulp:repository:integration_test_id",
        "pulp:action:unassociate"], "finish_time": "2014-10-15T14:27:19Z", "_ns":
        "task_status", "start_time": "2014-10-15T14:27:19Z", "traceback": null, "spawned_tasks":
        [], "progress_report": {}, "queue": "reserved_resource_worker-1@box.devel.com.dq",
        "state": "finished", "result": {"units_successful": [{"unit_key": {"variant":
        "TestVariant", "version": "16", "arch": "x86_64", "id": "ks-Test Family-TestVariant-16-x86_64",
        "family": "Test Family"}, "type_id": "distribution"}, {"unit_key": {"id":
        "RHEA-2010:0001"}, "type_id": "erratum"}, {"unit_key": {"id": "RHEA-2010:0002"},
        "type_id": "erratum"}, {"unit_key": {"repo_id": "integration_test_id", "id":
        "all"}, "type_id": "package_category"}, {"unit_key": {"repo_id": "integration_test_id",
        "id": "bird"}, "type_id": "package_group"}, {"unit_key": {"repo_id": "integration_test_id",
        "id": "mammal"}, "type_id": "package_group"}, {"unit_key": {"name": "cheetah",
        "checksum": "422d0baa0cd9d7713ae796e886a23e17f578f924f74880debdbb7d65fb368dae",
        "epoch": "0", "version": "0.3", "release": "0.8", "arch": "noarch", "checksumtype":
        "sha256"}, "type_id": "rpm"}, {"unit_key": {"name": "elephant", "checksum":
        "3e1c70cd1b421328acaf6397cb3d16145306bb95f65d1b095fc31372a0a701f3", "epoch":
        "0", "version": "0.3", "release": "0.8", "arch": "noarch", "checksumtype":
        "sha256"}, "type_id": "rpm"}, {"unit_key": {"name": "giraffe", "checksum":
        "f25d67d1d9da04f12e57ca323247b43891ac46533e355b82de6d1922009f9f14", "epoch":
        "0", "version": "0.3", "release": "0.8", "arch": "noarch", "checksumtype":
        "sha256"}, "type_id": "rpm"}, {"unit_key": {"name": "lion", "checksum": "12400dc95c23a4c160725a908716cd3fcdd7a8981585437ab64cd62efa3e4ae4",
        "epoch": "0", "version": "0.3", "release": "0.8", "arch": "noarch", "checksumtype":
        "sha256"}, "type_id": "rpm"}, {"unit_key": {"name": "monkey", "checksum":
        "0e8fa50d0128fbabc7ccc5632e3fa25d39b0280169f6166cb8e2c84de8501db1", "epoch":
        "0", "version": "0.3", "release": "0.8", "arch": "noarch", "checksumtype":
        "sha256"}, "type_id": "rpm"}, {"unit_key": {"name": "penguin", "checksum":
        "3fcb2c927de9e13bf68469032a28b139d3e5ad2e58564fc210fd6e48635be694", "epoch":
        "0", "version": "0.3", "release": "0.8", "arch": "noarch", "checksumtype":
        "sha256"}, "type_id": "rpm"}, {"unit_key": {"name": "squirrel", "checksum":
        "251768bdd15f13d78487c27638aa6aecd01551e253756093cde1c0ae878a17d2", "epoch":
        "0", "version": "0.3", "release": "0.8", "arch": "noarch", "checksumtype":
        "sha256"}, "type_id": "rpm"}, {"unit_key": {"name": "walrus", "checksum":
        "6e8d6dc057e3e2c9819f0dc7e6c7b7f86bf2e8571bba414adec7fb621a461dfd", "epoch":
        "0", "version": "0.3", "release": "0.8", "arch": "noarch", "checksumtype":
        "sha256"}, "type_id": "rpm"}]}, "error": null, "_id": {"$oid": "543e8447505c6f3b4b509bc8"},
        "id": "543e844747078708d9ecb810"}'
    http_version: 
  recorded_at: Wed, 15 Oct 2014 14:27:20 GMT
- request:
    method: get
    uri: https://admin:admin@box.devel.com/pulp/api/v2/tasks/a87a6908-fd37-4384-8a18-991200f98d98/
    body:
      encoding: US-ASCII
      string: ''
    headers:
      Accept:
      - application/json
      Accept-Encoding:
      - gzip, deflate
      Content-Type:
      - application/json
      User-Agent:
      - Ruby
  response:
    status:
      code: 200
      message: OK
    headers:
      Date:
      - Wed, 15 Oct 2014 14:27:21 GMT
      Server:
      - Apache/2.2.15 (Red Hat)
      Vary:
      - Accept-Encoding
      Content-Length:
      - '611'
      Connection:
      - close
      Content-Type:
      - application/json
    body:
      encoding: ASCII-8BIT
      string: '{"exception": null, "task_type": "pulp.server.tasks.repository.delete",
        "_href": "/pulp/api/v2/tasks/a87a6908-fd37-4384-8a18-991200f98d98/", "task_id":
        "a87a6908-fd37-4384-8a18-991200f98d98", "tags": ["pulp:repository:integration_test_id",
        "pulp:action:delete"], "finish_time": "2014-10-15T14:27:21Z", "_ns": "task_status",
        "start_time": "2014-10-15T14:27:21Z", "traceback": null, "spawned_tasks":
        [], "progress_report": {}, "queue": "reserved_resource_worker-1@box.devel.com.dq",
        "state": "finished", "result": null, "error": null, "_id": {"$oid": "543e8449505c6f3b4b509bc9"},
        "id": "543e844947078708d9ecb812"}'
    http_version: 
  recorded_at: Wed, 15 Oct 2014 14:27:21 GMT
- request:
    method: post
    uri: https://admin:eYo5Dh2rR6jQayB4vFLEpqUwMcXosuXg@kt1.local/pulp/api/v2/repositories/
    body:
      encoding: US-ASCII
      string: '{"id":"integration_test_id","importer_type_id":"yum_importer","importer_config":{"feed":"file:///var/www/repositories/zoo5"},"distributors":[{"distributor_type_id":"yum_distributor","distributor_config":{"relative_url":"/path","http":true,"https":true},"auto_publish":false,"distributor_id":"puppet_dist"}]}'
    headers:
      Accept:
      - application/json
      Accept-Encoding:
      - gzip, deflate
      Content-Type:
      - application/json
      Content-Length:
      - '307'
      User-Agent:
      - Ruby
  response:
    status:
      code: 201
      message: Created
    headers:
      Date:
      - Sun, 01 Feb 2015 18:30:25 GMT
      Server:
      - Apache/2.2.15 (Red Hat)
      Location:
      - integration_test_id
      Vary:
      - Accept-Encoding
      Content-Length:
      - '319'
      Content-Type:
      - application/json
    body:
      encoding: ASCII-8BIT
      string: '{"scratchpad": {}, "display_name": "integration_test_id", "description":
        null, "last_unit_added": null, "notes": {}, "last_unit_removed": null, "content_unit_counts":
        {}, "_ns": "repos", "_id": {"$oid": "54ce70c2b2ff9879e94e12a6"}, "id": "integration_test_id",
        "_href": "/pulp/api/v2/repositories/integration_test_id/"}'
    http_version: 
  recorded_at: Sun, 01 Feb 2015 18:30:26 GMT
- request:
    method: get
    uri: https://admin:eYo5Dh2rR6jQayB4vFLEpqUwMcXosuXg@kt1.local/pulp/api/v2/tasks/0b18455b-cc67-49d3-9e8a-fc26ee3ab315/
    body:
      encoding: US-ASCII
      string: ''
    headers:
      Accept:
      - application/json
      Accept-Encoding:
      - gzip, deflate
      Content-Type:
      - application/json
      User-Agent:
      - Ruby
  response:
    status:
      code: 200
      message: OK
    headers:
      Date:
      - Sun, 01 Feb 2015 18:30:27 GMT
      Server:
      - Apache/2.2.15 (Red Hat)
      Vary:
      - Accept-Encoding
      Content-Length:
      - '2053'
      Content-Type:
      - application/json
    body:
      encoding: ASCII-8BIT
      string: '{"exception": null, "task_type": "pulp.server.tasks.repository.sync_with_auto_publish",
        "_href": "/pulp/api/v2/tasks/0b18455b-cc67-49d3-9e8a-fc26ee3ab315/", "task_id":
        "0b18455b-cc67-49d3-9e8a-fc26ee3ab315", "tags": ["pulp:repository:integration_test_id",
        "pulp:action:sync"], "finish_time": "2015-02-01T18:30:27Z", "_ns": "task_status",
        "start_time": "2015-02-01T18:30:26Z", "traceback": null, "spawned_tasks":
        [], "progress_report": {"yum_importer": {"content": {"size_total": 0, "items_left":
        0, "items_total": 0, "state": "FINISHED", "size_left": 0, "details": {"rpm_total":
        0, "rpm_done": 0, "drpm_total": 0, "drpm_done": 0}, "error_details": []},
        "comps": {"state": "FINISHED"}, "distribution": {"items_total": 3, "state":
        "FINISHED", "error_details": [], "items_left": 0}, "errata": {"state": "FINISHED"},
        "metadata": {"state": "FINISHED"}}}, "queue": "reserved_resource_worker-0@kt1.local.dq",
        "state": "finished", "worker_name": "reserved_resource_worker-0@kt1.local",
        "result": {"importer_type_id": "yum_importer", "importer_id": "yum_importer",
        "exception": null, "repo_id": "integration_test_id", "removed_count": 0, "started":
        "2015-02-01T18:30:26Z", "_ns": "repo_sync_results", "completed": "2015-02-01T18:30:27Z",
        "traceback": null, "summary": {"content": {"state": "FINISHED"}, "comps":
        {"state": "FINISHED"}, "distribution": {"state": "FINISHED"}, "errata": {"state":
        "FINISHED"}, "metadata": {"state": "FINISHED"}}, "added_count": 0, "error_message":
        null, "updated_count": 14, "details": {"content": {"size_total": 0, "items_left":
        0, "items_total": 0, "state": "FINISHED", "size_left": 0, "details": {"rpm_total":
        0, "rpm_done": 0, "drpm_total": 0, "drpm_done": 0}, "error_details": []},
        "comps": {"state": "FINISHED"}, "distribution": {"items_total": 3, "state":
        "FINISHED", "error_details": [], "items_left": 0}, "errata": {"state": "FINISHED"},
        "metadata": {"state": "FINISHED"}}, "id": "54ce70c3b2ff981e8887d59f", "result":
        "success"}, "error": null, "_id": {"$oid": "54ce70c2962f40ae3501a2f4"}, "id":
        "54ce70c2b2ff981dcc43fff3"}'
    http_version: 
  recorded_at: Sun, 01 Feb 2015 18:30:27 GMT
- request:
    method: get
    uri: https://admin:eYo5Dh2rR6jQayB4vFLEpqUwMcXosuXg@kt1.local/pulp/api/v2/tasks/6a3c3528-4796-4f46-94fa-5df8e998851a/
    body:
      encoding: US-ASCII
      string: ''
    headers:
      Accept:
      - application/json
      Accept-Encoding:
      - gzip, deflate
      Content-Type:
      - application/json
      User-Agent:
      - Ruby
  response:
    status:
      code: 200
      message: OK
    headers:
      Date:
      - Sun, 01 Feb 2015 18:30:28 GMT
      Server:
      - Apache/2.2.15 (Red Hat)
      Vary:
      - Accept-Encoding
      Content-Length:
      - '3108'
      Content-Type:
      - application/json
    body:
      encoding: ASCII-8BIT
      string: '{"exception": null, "task_type": "pulp.server.managers.repo.unit_association.unassociate_by_criteria",
        "_href": "/pulp/api/v2/tasks/6a3c3528-4796-4f46-94fa-5df8e998851a/", "task_id":
        "6a3c3528-4796-4f46-94fa-5df8e998851a", "tags": ["pulp:repository:integration_test_id",
        "pulp:action:unassociate"], "finish_time": "2015-02-01T18:30:28Z", "_ns":
        "task_status", "start_time": "2015-02-01T18:30:27Z", "traceback": null, "spawned_tasks":
        [], "progress_report": {}, "queue": "reserved_resource_worker-0@kt1.local.dq",
        "state": "finished", "worker_name": "reserved_resource_worker-0@kt1.local",
        "result": {"units_successful": [{"unit_key": {"variant": "TestVariant", "version":
        "16", "arch": "x86_64", "id": "ks-Test Family-TestVariant-16-x86_64", "family":
        "Test Family"}, "type_id": "distribution"}, {"unit_key": {"id": "RHEA-2010:0001"},
        "type_id": "erratum"}, {"unit_key": {"id": "RHEA-2010:0002"}, "type_id": "erratum"},
        {"unit_key": {"repo_id": "integration_test_id", "id": "all"}, "type_id": "package_category"},
        {"unit_key": {"repo_id": "integration_test_id", "id": "bird"}, "type_id":
        "package_group"}, {"unit_key": {"repo_id": "integration_test_id", "id": "mammal"},
        "type_id": "package_group"}, {"unit_key": {"name": "cheetah", "checksum":
        "422d0baa0cd9d7713ae796e886a23e17f578f924f74880debdbb7d65fb368dae", "epoch":
        "0", "version": "0.3", "release": "0.8", "arch": "noarch", "checksumtype":
        "sha256"}, "type_id": "rpm"}, {"unit_key": {"name": "elephant", "checksum":
        "3e1c70cd1b421328acaf6397cb3d16145306bb95f65d1b095fc31372a0a701f3", "epoch":
        "0", "version": "0.3", "release": "0.8", "arch": "noarch", "checksumtype":
        "sha256"}, "type_id": "rpm"}, {"unit_key": {"name": "giraffe", "checksum":
        "f25d67d1d9da04f12e57ca323247b43891ac46533e355b82de6d1922009f9f14", "epoch":
        "0", "version": "0.3", "release": "0.8", "arch": "noarch", "checksumtype":
        "sha256"}, "type_id": "rpm"}, {"unit_key": {"name": "lion", "checksum": "12400dc95c23a4c160725a908716cd3fcdd7a8981585437ab64cd62efa3e4ae4",
        "epoch": "0", "version": "0.3", "release": "0.8", "arch": "noarch", "checksumtype":
        "sha256"}, "type_id": "rpm"}, {"unit_key": {"name": "monkey", "checksum":
        "0e8fa50d0128fbabc7ccc5632e3fa25d39b0280169f6166cb8e2c84de8501db1", "epoch":
        "0", "version": "0.3", "release": "0.8", "arch": "noarch", "checksumtype":
        "sha256"}, "type_id": "rpm"}, {"unit_key": {"name": "penguin", "checksum":
        "3fcb2c927de9e13bf68469032a28b139d3e5ad2e58564fc210fd6e48635be694", "epoch":
        "0", "version": "0.3", "release": "0.8", "arch": "noarch", "checksumtype":
        "sha256"}, "type_id": "rpm"}, {"unit_key": {"name": "squirrel", "checksum":
        "251768bdd15f13d78487c27638aa6aecd01551e253756093cde1c0ae878a17d2", "epoch":
        "0", "version": "0.3", "release": "0.8", "arch": "noarch", "checksumtype":
        "sha256"}, "type_id": "rpm"}, {"unit_key": {"name": "walrus", "checksum":
        "6e8d6dc057e3e2c9819f0dc7e6c7b7f86bf2e8571bba414adec7fb621a461dfd", "epoch":
        "0", "version": "0.3", "release": "0.8", "arch": "noarch", "checksumtype":
        "sha256"}, "type_id": "rpm"}]}, "error": null, "_id": {"$oid": "54ce70c3962f40ae3501a2f5"},
        "id": "54ce70c3b2ff981dcc43fff9"}'
    http_version: 
  recorded_at: Sun, 01 Feb 2015 18:30:28 GMT
- request:
    method: get
    uri: https://admin:eYo5Dh2rR6jQayB4vFLEpqUwMcXosuXg@kt1.local/pulp/api/v2/tasks/750489e3-c6f5-4046-9b61-1237c953fc4f/
    body:
      encoding: US-ASCII
      string: ''
    headers:
      Accept:
      - application/json
      Accept-Encoding:
      - gzip, deflate
      Content-Type:
      - application/json
      User-Agent:
      - Ruby
  response:
    status:
      code: 200
      message: OK
    headers:
      Date:
      - Sun, 01 Feb 2015 18:30:29 GMT
      Server:
      - Apache/2.2.15 (Red Hat)
      Vary:
      - Accept-Encoding
      Content-Length:
      - '662'
      Content-Type:
      - application/json
    body:
      encoding: ASCII-8BIT
      string: '{"exception": null, "task_type": "pulp.server.tasks.repository.delete",
        "_href": "/pulp/api/v2/tasks/750489e3-c6f5-4046-9b61-1237c953fc4f/", "task_id":
        "750489e3-c6f5-4046-9b61-1237c953fc4f", "tags": ["pulp:repository:integration_test_id",
        "pulp:action:delete"], "finish_time": "2015-02-01T18:30:29Z", "_ns": "task_status",
        "start_time": "2015-02-01T18:30:29Z", "traceback": null, "spawned_tasks":
        [], "progress_report": {}, "queue": "reserved_resource_worker-0@kt1.local.dq",
        "state": "finished", "worker_name": "reserved_resource_worker-0@kt1.local",
        "result": null, "error": null, "_id": {"$oid": "54ce70c5962f40ae3501a2f6"},
        "id": "54ce70c5b2ff981dcc43ffff"}'
    http_version: 
  recorded_at: Sun, 01 Feb 2015 18:30:29 GMT
- request:
    method: get
    uri: https://admin:eYo5Dh2rR6jQayB4vFLEpqUwMcXosuXg@kt1.local/pulp/api/v2/tasks/21500fac-d540-461c-b63d-41aa885d8ccd/
    body:
      encoding: US-ASCII
      string: ''
    headers:
      Accept:
      - application/json
      Accept-Encoding:
      - gzip, deflate
      Content-Type:
      - application/json
      User-Agent:
      - Ruby
  response:
    status:
      code: 200
      message: OK
    headers:
      Date:
      - Mon, 02 Feb 2015 06:41:29 GMT
      Server:
      - Apache/2.2.15 (Red Hat)
      Vary:
      - Accept-Encoding
      Content-Length:
      - '2053'
      Content-Type:
      - application/json
    body:
      encoding: ASCII-8BIT
      string: '{"exception": null, "task_type": "pulp.server.tasks.repository.sync_with_auto_publish",
        "_href": "/pulp/api/v2/tasks/21500fac-d540-461c-b63d-41aa885d8ccd/", "task_id":
        "21500fac-d540-461c-b63d-41aa885d8ccd", "tags": ["pulp:repository:integration_test_id",
        "pulp:action:sync"], "finish_time": "2015-02-02T06:41:29Z", "_ns": "task_status",
        "start_time": "2015-02-02T06:41:29Z", "traceback": null, "spawned_tasks":
        [], "progress_report": {"yum_importer": {"content": {"size_total": 0, "items_left":
        0, "items_total": 0, "state": "FINISHED", "size_left": 0, "details": {"rpm_total":
        0, "rpm_done": 0, "drpm_total": 0, "drpm_done": 0}, "error_details": []},
        "comps": {"state": "FINISHED"}, "distribution": {"items_total": 3, "state":
        "FINISHED", "error_details": [], "items_left": 0}, "errata": {"state": "FINISHED"},
        "metadata": {"state": "FINISHED"}}}, "queue": "reserved_resource_worker-0@kt1.local.dq",
        "state": "finished", "worker_name": "reserved_resource_worker-0@kt1.local",
        "result": {"importer_type_id": "yum_importer", "importer_id": "yum_importer",
        "exception": null, "repo_id": "integration_test_id", "removed_count": 0, "started":
        "2015-02-02T06:41:29Z", "_ns": "repo_sync_results", "completed": "2015-02-02T06:41:29Z",
        "traceback": null, "summary": {"content": {"state": "FINISHED"}, "comps":
        {"state": "FINISHED"}, "distribution": {"state": "FINISHED"}, "errata": {"state":
        "FINISHED"}, "metadata": {"state": "FINISHED"}}, "added_count": 0, "error_message":
        null, "updated_count": 14, "details": {"content": {"size_total": 0, "items_left":
        0, "items_total": 0, "state": "FINISHED", "size_left": 0, "details": {"rpm_total":
        0, "rpm_done": 0, "drpm_total": 0, "drpm_done": 0}, "error_details": []},
        "comps": {"state": "FINISHED"}, "distribution": {"items_total": 3, "state":
        "FINISHED", "error_details": [], "items_left": 0}, "errata": {"state": "FINISHED"},
        "metadata": {"state": "FINISHED"}}, "id": "54cf1c19b2ff981e8887db2a", "result":
        "success"}, "error": null, "_id": {"$oid": "54cf1c19962f40ae3501a3f9"}, "id":
        "54cf1c19b2ff981dcc4405ff"}'
    http_version: 
  recorded_at: Mon, 02 Feb 2015 06:41:29 GMT
- request:
    method: get
    uri: https://admin:eYo5Dh2rR6jQayB4vFLEpqUwMcXosuXg@kt1.local/pulp/api/v2/tasks/5881037e-4aca-4514-a233-6e95dc9fee16/
    body:
      encoding: US-ASCII
      string: ''
    headers:
      Accept:
      - application/json
      Accept-Encoding:
      - gzip, deflate
      Content-Type:
      - application/json
      User-Agent:
      - Ruby
  response:
    status:
      code: 200
      message: OK
    headers:
      Date:
      - Mon, 02 Feb 2015 06:41:30 GMT
      Server:
      - Apache/2.2.15 (Red Hat)
      Vary:
      - Accept-Encoding
      Content-Length:
      - '3108'
      Content-Type:
      - application/json
    body:
      encoding: ASCII-8BIT
      string: '{"exception": null, "task_type": "pulp.server.managers.repo.unit_association.unassociate_by_criteria",
        "_href": "/pulp/api/v2/tasks/5881037e-4aca-4514-a233-6e95dc9fee16/", "task_id":
        "5881037e-4aca-4514-a233-6e95dc9fee16", "tags": ["pulp:repository:integration_test_id",
        "pulp:action:unassociate"], "finish_time": "2015-02-02T06:41:29Z", "_ns":
        "task_status", "start_time": "2015-02-02T06:41:29Z", "traceback": null, "spawned_tasks":
        [], "progress_report": {}, "queue": "reserved_resource_worker-0@kt1.local.dq",
        "state": "finished", "worker_name": "reserved_resource_worker-0@kt1.local",
        "result": {"units_successful": [{"unit_key": {"variant": "TestVariant", "version":
        "16", "arch": "x86_64", "id": "ks-Test Family-TestVariant-16-x86_64", "family":
        "Test Family"}, "type_id": "distribution"}, {"unit_key": {"id": "RHEA-2010:0001"},
        "type_id": "erratum"}, {"unit_key": {"id": "RHEA-2010:0002"}, "type_id": "erratum"},
        {"unit_key": {"repo_id": "integration_test_id", "id": "all"}, "type_id": "package_category"},
        {"unit_key": {"repo_id": "integration_test_id", "id": "bird"}, "type_id":
        "package_group"}, {"unit_key": {"repo_id": "integration_test_id", "id": "mammal"},
        "type_id": "package_group"}, {"unit_key": {"name": "cheetah", "checksum":
        "422d0baa0cd9d7713ae796e886a23e17f578f924f74880debdbb7d65fb368dae", "epoch":
        "0", "version": "0.3", "release": "0.8", "arch": "noarch", "checksumtype":
        "sha256"}, "type_id": "rpm"}, {"unit_key": {"name": "elephant", "checksum":
        "3e1c70cd1b421328acaf6397cb3d16145306bb95f65d1b095fc31372a0a701f3", "epoch":
        "0", "version": "0.3", "release": "0.8", "arch": "noarch", "checksumtype":
        "sha256"}, "type_id": "rpm"}, {"unit_key": {"name": "giraffe", "checksum":
        "f25d67d1d9da04f12e57ca323247b43891ac46533e355b82de6d1922009f9f14", "epoch":
        "0", "version": "0.3", "release": "0.8", "arch": "noarch", "checksumtype":
        "sha256"}, "type_id": "rpm"}, {"unit_key": {"name": "lion", "checksum": "12400dc95c23a4c160725a908716cd3fcdd7a8981585437ab64cd62efa3e4ae4",
        "epoch": "0", "version": "0.3", "release": "0.8", "arch": "noarch", "checksumtype":
        "sha256"}, "type_id": "rpm"}, {"unit_key": {"name": "monkey", "checksum":
        "0e8fa50d0128fbabc7ccc5632e3fa25d39b0280169f6166cb8e2c84de8501db1", "epoch":
        "0", "version": "0.3", "release": "0.8", "arch": "noarch", "checksumtype":
        "sha256"}, "type_id": "rpm"}, {"unit_key": {"name": "penguin", "checksum":
        "3fcb2c927de9e13bf68469032a28b139d3e5ad2e58564fc210fd6e48635be694", "epoch":
        "0", "version": "0.3", "release": "0.8", "arch": "noarch", "checksumtype":
        "sha256"}, "type_id": "rpm"}, {"unit_key": {"name": "squirrel", "checksum":
        "251768bdd15f13d78487c27638aa6aecd01551e253756093cde1c0ae878a17d2", "epoch":
        "0", "version": "0.3", "release": "0.8", "arch": "noarch", "checksumtype":
        "sha256"}, "type_id": "rpm"}, {"unit_key": {"name": "walrus", "checksum":
        "6e8d6dc057e3e2c9819f0dc7e6c7b7f86bf2e8571bba414adec7fb621a461dfd", "epoch":
        "0", "version": "0.3", "release": "0.8", "arch": "noarch", "checksumtype":
        "sha256"}, "type_id": "rpm"}]}, "error": null, "_id": {"$oid": "54cf1c19962f40ae3501a3fa"},
        "id": "54cf1c19b2ff981dcc440605"}'
    http_version: 
  recorded_at: Mon, 02 Feb 2015 06:41:30 GMT
- request:
    method: get
    uri: https://admin:eYo5Dh2rR6jQayB4vFLEpqUwMcXosuXg@kt1.local/pulp/api/v2/tasks/ded98dcd-5926-4af3-9cf2-873aa7cfc54e/
    body:
      encoding: US-ASCII
      string: ''
    headers:
      Accept:
      - application/json
      Accept-Encoding:
      - gzip, deflate
      Content-Type:
      - application/json
      User-Agent:
      - Ruby
  response:
    status:
      code: 200
      message: OK
    headers:
      Date:
      - Mon, 02 Feb 2015 06:41:31 GMT
      Server:
      - Apache/2.2.15 (Red Hat)
      Vary:
      - Accept-Encoding
      Content-Length:
      - '662'
      Content-Type:
      - application/json
    body:
      encoding: ASCII-8BIT
      string: '{"exception": null, "task_type": "pulp.server.tasks.repository.delete",
        "_href": "/pulp/api/v2/tasks/ded98dcd-5926-4af3-9cf2-873aa7cfc54e/", "task_id":
        "ded98dcd-5926-4af3-9cf2-873aa7cfc54e", "tags": ["pulp:repository:integration_test_id",
        "pulp:action:delete"], "finish_time": "2015-02-02T06:41:30Z", "_ns": "task_status",
        "start_time": "2015-02-02T06:41:30Z", "traceback": null, "spawned_tasks":
        [], "progress_report": {}, "queue": "reserved_resource_worker-0@kt1.local.dq",
        "state": "finished", "worker_name": "reserved_resource_worker-0@kt1.local",
        "result": null, "error": null, "_id": {"$oid": "54cf1c1a962f40ae3501a3fb"},
        "id": "54cf1c1ab2ff981dcc44060b"}'
    http_version: 
  recorded_at: Mon, 02 Feb 2015 06:41:31 GMT
- request:
    method: get
    uri: https://admin:eYo5Dh2rR6jQayB4vFLEpqUwMcXosuXg@kt1.local/pulp/api/v2/tasks/43474ef3-fece-45f3-8197-668ba8d9ae1b/
    body:
      encoding: US-ASCII
      string: ''
    headers:
      Accept:
      - application/json
      Accept-Encoding:
      - gzip, deflate
      Content-Type:
      - application/json
      User-Agent:
      - Ruby
  response:
    status:
      code: 200
      message: OK
    headers:
      Date:
      - Tue, 03 Feb 2015 20:26:33 GMT
      Server:
      - Apache/2.2.15 (Red Hat)
      Vary:
      - Accept-Encoding
      Content-Length:
      - '2053'
      Connection:
      - close
      Content-Type:
      - application/json
    body:
      encoding: ASCII-8BIT
      string: '{"exception": null, "task_type": "pulp.server.tasks.repository.sync_with_auto_publish",
        "_href": "/pulp/api/v2/tasks/43474ef3-fece-45f3-8197-668ba8d9ae1b/", "task_id":
        "43474ef3-fece-45f3-8197-668ba8d9ae1b", "tags": ["pulp:repository:integration_test_id",
        "pulp:action:sync"], "finish_time": "2015-02-03T20:26:33Z", "_ns": "task_status",
        "start_time": "2015-02-03T20:26:33Z", "traceback": null, "spawned_tasks":
        [], "progress_report": {"yum_importer": {"content": {"size_total": 0, "items_left":
        0, "items_total": 0, "state": "FINISHED", "size_left": 0, "details": {"rpm_total":
        0, "rpm_done": 0, "drpm_total": 0, "drpm_done": 0}, "error_details": []},
        "comps": {"state": "FINISHED"}, "distribution": {"items_total": 3, "state":
        "FINISHED", "error_details": [], "items_left": 0}, "errata": {"state": "FINISHED"},
        "metadata": {"state": "FINISHED"}}}, "queue": "reserved_resource_worker-0@kt1.local.dq",
        "state": "finished", "worker_name": "reserved_resource_worker-0@kt1.local",
        "result": {"importer_type_id": "yum_importer", "importer_id": "yum_importer",
        "exception": null, "repo_id": "integration_test_id", "removed_count": 0, "started":
        "2015-02-03T20:26:33Z", "_ns": "repo_sync_results", "completed": "2015-02-03T20:26:33Z",
        "traceback": null, "summary": {"content": {"state": "FINISHED"}, "comps":
        {"state": "FINISHED"}, "distribution": {"state": "FINISHED"}, "errata": {"state":
        "FINISHED"}, "metadata": {"state": "FINISHED"}}, "added_count": 0, "error_message":
        null, "updated_count": 14, "details": {"content": {"size_total": 0, "items_left":
        0, "items_total": 0, "state": "FINISHED", "size_left": 0, "details": {"rpm_total":
        0, "rpm_done": 0, "drpm_total": 0, "drpm_done": 0}, "error_details": []},
        "comps": {"state": "FINISHED"}, "distribution": {"items_total": 3, "state":
        "FINISHED", "error_details": [], "items_left": 0}, "errata": {"state": "FINISHED"},
        "metadata": {"state": "FINISHED"}}, "id": "54d12ef9b2ff9804eda03226", "result":
        "success"}, "error": null, "_id": {"$oid": "54d12ef9db087ce12b11fd5a"}, "id":
        "54d12ef9b2ff980faeaba0cc"}'
    http_version: 
  recorded_at: Tue, 03 Feb 2015 20:26:34 GMT
- request:
    method: get
    uri: https://admin:eYo5Dh2rR6jQayB4vFLEpqUwMcXosuXg@kt1.local/pulp/api/v2/tasks/dfae7686-e2af-4bc3-83b1-e7fe5e6dcfbd/
    body:
      encoding: US-ASCII
      string: ''
    headers:
      Accept:
      - application/json
      Accept-Encoding:
      - gzip, deflate
      Content-Type:
      - application/json
      User-Agent:
      - Ruby
  response:
    status:
      code: 200
      message: OK
    headers:
      Date:
      - Tue, 03 Feb 2015 20:26:34 GMT
      Server:
      - Apache/2.2.15 (Red Hat)
      Vary:
      - Accept-Encoding
      Content-Length:
      - '3108'
      Connection:
      - close
      Content-Type:
      - application/json
    body:
      encoding: ASCII-8BIT
      string: '{"exception": null, "task_type": "pulp.server.managers.repo.unit_association.unassociate_by_criteria",
        "_href": "/pulp/api/v2/tasks/dfae7686-e2af-4bc3-83b1-e7fe5e6dcfbd/", "task_id":
        "dfae7686-e2af-4bc3-83b1-e7fe5e6dcfbd", "tags": ["pulp:repository:integration_test_id",
        "pulp:action:unassociate"], "finish_time": "2015-02-03T20:26:34Z", "_ns":
        "task_status", "start_time": "2015-02-03T20:26:34Z", "traceback": null, "spawned_tasks":
        [], "progress_report": {}, "queue": "reserved_resource_worker-0@kt1.local.dq",
        "state": "finished", "worker_name": "reserved_resource_worker-0@kt1.local",
        "result": {"units_successful": [{"unit_key": {"variant": "TestVariant", "version":
        "16", "arch": "x86_64", "id": "ks-Test Family-TestVariant-16-x86_64", "family":
        "Test Family"}, "type_id": "distribution"}, {"unit_key": {"id": "RHEA-2010:0001"},
        "type_id": "erratum"}, {"unit_key": {"id": "RHEA-2010:0002"}, "type_id": "erratum"},
        {"unit_key": {"repo_id": "integration_test_id", "id": "all"}, "type_id": "package_category"},
        {"unit_key": {"repo_id": "integration_test_id", "id": "bird"}, "type_id":
        "package_group"}, {"unit_key": {"repo_id": "integration_test_id", "id": "mammal"},
        "type_id": "package_group"}, {"unit_key": {"name": "cheetah", "checksum":
        "422d0baa0cd9d7713ae796e886a23e17f578f924f74880debdbb7d65fb368dae", "epoch":
        "0", "version": "0.3", "release": "0.8", "arch": "noarch", "checksumtype":
        "sha256"}, "type_id": "rpm"}, {"unit_key": {"name": "elephant", "checksum":
        "3e1c70cd1b421328acaf6397cb3d16145306bb95f65d1b095fc31372a0a701f3", "epoch":
        "0", "version": "0.3", "release": "0.8", "arch": "noarch", "checksumtype":
        "sha256"}, "type_id": "rpm"}, {"unit_key": {"name": "giraffe", "checksum":
        "f25d67d1d9da04f12e57ca323247b43891ac46533e355b82de6d1922009f9f14", "epoch":
        "0", "version": "0.3", "release": "0.8", "arch": "noarch", "checksumtype":
        "sha256"}, "type_id": "rpm"}, {"unit_key": {"name": "lion", "checksum": "12400dc95c23a4c160725a908716cd3fcdd7a8981585437ab64cd62efa3e4ae4",
        "epoch": "0", "version": "0.3", "release": "0.8", "arch": "noarch", "checksumtype":
        "sha256"}, "type_id": "rpm"}, {"unit_key": {"name": "monkey", "checksum":
        "0e8fa50d0128fbabc7ccc5632e3fa25d39b0280169f6166cb8e2c84de8501db1", "epoch":
        "0", "version": "0.3", "release": "0.8", "arch": "noarch", "checksumtype":
        "sha256"}, "type_id": "rpm"}, {"unit_key": {"name": "penguin", "checksum":
        "3fcb2c927de9e13bf68469032a28b139d3e5ad2e58564fc210fd6e48635be694", "epoch":
        "0", "version": "0.3", "release": "0.8", "arch": "noarch", "checksumtype":
        "sha256"}, "type_id": "rpm"}, {"unit_key": {"name": "squirrel", "checksum":
        "251768bdd15f13d78487c27638aa6aecd01551e253756093cde1c0ae878a17d2", "epoch":
        "0", "version": "0.3", "release": "0.8", "arch": "noarch", "checksumtype":
        "sha256"}, "type_id": "rpm"}, {"unit_key": {"name": "walrus", "checksum":
        "6e8d6dc057e3e2c9819f0dc7e6c7b7f86bf2e8571bba414adec7fb621a461dfd", "epoch":
        "0", "version": "0.3", "release": "0.8", "arch": "noarch", "checksumtype":
        "sha256"}, "type_id": "rpm"}]}, "error": null, "_id": {"$oid": "54d12efadb087ce12b11fd5b"},
        "id": "54d12efab2ff980faeaba0d2"}'
    http_version: 
  recorded_at: Tue, 03 Feb 2015 20:26:34 GMT
- request:
    method: get
    uri: https://admin:eYo5Dh2rR6jQayB4vFLEpqUwMcXosuXg@kt1.local/pulp/api/v2/tasks/f3ac6b13-0b32-4061-8221-ccf2a52e0f0f/
    body:
      encoding: US-ASCII
      string: ''
    headers:
      Accept:
      - application/json
      Accept-Encoding:
      - gzip, deflate
      Content-Type:
      - application/json
      User-Agent:
      - Ruby
  response:
    status:
      code: 200
      message: OK
    headers:
      Date:
      - Tue, 03 Feb 2015 20:26:35 GMT
      Server:
      - Apache/2.2.15 (Red Hat)
      Vary:
      - Accept-Encoding
      Content-Length:
      - '662'
      Connection:
      - close
      Content-Type:
      - application/json
    body:
      encoding: ASCII-8BIT
      string: '{"exception": null, "task_type": "pulp.server.tasks.repository.delete",
        "_href": "/pulp/api/v2/tasks/f3ac6b13-0b32-4061-8221-ccf2a52e0f0f/", "task_id":
        "f3ac6b13-0b32-4061-8221-ccf2a52e0f0f", "tags": ["pulp:repository:integration_test_id",
        "pulp:action:delete"], "finish_time": "2015-02-03T20:26:35Z", "_ns": "task_status",
        "start_time": "2015-02-03T20:26:35Z", "traceback": null, "spawned_tasks":
        [], "progress_report": {}, "queue": "reserved_resource_worker-0@kt1.local.dq",
        "state": "finished", "worker_name": "reserved_resource_worker-0@kt1.local",
        "result": null, "error": null, "_id": {"$oid": "54d12efbdb087ce12b11fd5c"},
        "id": "54d12efbb2ff980faeaba0d8"}'
    http_version: 
  recorded_at: Tue, 03 Feb 2015 20:26:35 GMT
- request:
    method: get
    uri: https://admin:7HLGDTSxNnAEEtqKgjecYCvftjzNmoRE@katello-kant.example.com/pulp/api/v2/tasks/2675d3f8-a9e7-46e0-907c-5e830477d1c7/
    body:
      encoding: US-ASCII
      string: ''
    headers:
      Accept:
      - application/json
      Accept-Encoding:
      - gzip, deflate
      Content-Type:
      - application/json
      User-Agent:
      - Ruby
  response:
    status:
      code: 200
      message: OK
    headers:
      Date:
      - Tue, 23 Jun 2015 22:39:13 GMT
      Server:
      - Apache/2.4.6 (CentOS)
      Content-Length:
      - '2067'
      Connection:
      - close
      Content-Type:
      - application/json
    body:
      encoding: UTF-8
      string: '{"exception": null, "task_type": "pulp.server.managers.repo.sync.sync",
        "_href": "/pulp/api/v2/tasks/2675d3f8-a9e7-46e0-907c-5e830477d1c7/", "task_id":
        "2675d3f8-a9e7-46e0-907c-5e830477d1c7", "tags": ["pulp:repository:integration_test_id",
        "pulp:action:sync"], "finish_time": "2015-06-23T22:39:13Z", "_ns": "task_status",
        "start_time": "2015-06-23T22:39:13Z", "traceback": null, "spawned_tasks":
        [], "progress_report": {"yum_importer": {"content": {"items_total": 0, "state":
        "FINISHED", "size_left": 0, "details": {"rpm_total": 0, "rpm_done": 0, "drpm_total":
        0, "drpm_done": 0}, "size_total": 0, "error_details": [], "items_left": 0},
        "comps": {"state": "FINISHED"}, "distribution": {"items_total": 3, "state":
        "FINISHED", "error_details": [], "items_left": 0}, "errata": {"state": "FINISHED"},
        "metadata": {"state": "FINISHED"}}}, "queue": "reserved_resource_worker-0@katello-kant.example.com.dq",
        "state": "finished", "worker_name": "reserved_resource_worker-0@katello-kant.example.com",
        "result": {"result": "success", "importer_id": "yum_importer", "exception":
        null, "repo_id": "integration_test_id", "traceback": null, "started": "2015-06-23T22:39:13Z",
        "_ns": "repo_sync_results", "completed": "2015-06-23T22:39:13Z", "importer_type_id":
        "yum_importer", "error_message": null, "summary": {"content": {"state": "FINISHED"},
        "comps": {"state": "FINISHED"}, "distribution": {"state": "FINISHED"}, "errata":
        {"state": "FINISHED"}, "metadata": {"state": "FINISHED"}}, "added_count":
        0, "removed_count": 0, "updated_count": 14, "id": "5589e011f115fc7dd636be9e",
        "details": {"content": {"size_total": 0, "items_left": 0, "items_total": 0,
        "state": "FINISHED", "size_left": 0, "details": {"rpm_total": 0, "rpm_done":
        0, "drpm_total": 0, "drpm_done": 0}, "error_details": []}, "comps": {"state":
        "FINISHED"}, "distribution": {"items_total": 3, "state": "FINISHED", "error_details":
        [], "items_left": 0}, "errata": {"state": "FINISHED"}, "metadata": {"state":
        "FINISHED"}}}, "error": null, "_id": {"$oid": "5589e0112812e3d33cf10158"},
        "id": "5589e0112812e3d33cf10158"}'
    http_version: 
  recorded_at: Tue, 23 Jun 2015 22:39:13 GMT
- request:
    method: get
    uri: https://admin:7HLGDTSxNnAEEtqKgjecYCvftjzNmoRE@katello-kant.example.com/pulp/api/v2/tasks/a8b4204b-0cd2-4ea4-bab6-f452ce98a412/
    body:
      encoding: US-ASCII
      string: ''
    headers:
      Accept:
      - application/json
      Accept-Encoding:
      - gzip, deflate
      Content-Type:
      - application/json
      User-Agent:
      - Ruby
  response:
    status:
      code: 200
      message: OK
    headers:
      Date:
      - Tue, 23 Jun 2015 22:39:14 GMT
      Server:
      - Apache/2.4.6 (CentOS)
      Content-Length:
      - '3138'
      Connection:
      - close
      Content-Type:
      - application/json
    body:
      encoding: UTF-8
      string: '{"exception": null, "task_type": "pulp.server.managers.repo.unit_association.unassociate_by_criteria",
        "_href": "/pulp/api/v2/tasks/a8b4204b-0cd2-4ea4-bab6-f452ce98a412/", "task_id":
        "a8b4204b-0cd2-4ea4-bab6-f452ce98a412", "tags": ["pulp:repository:integration_test_id",
        "pulp:action:unassociate"], "finish_time": "2015-06-23T22:39:14Z", "_ns":
        "task_status", "start_time": "2015-06-23T22:39:14Z", "traceback": null, "spawned_tasks":
        [], "progress_report": {}, "queue": "reserved_resource_worker-0@katello-kant.example.com.dq",
        "state": "finished", "worker_name": "reserved_resource_worker-0@katello-kant.example.com",
        "result": {"units_successful": [{"unit_key": {"arch": "x86_64", "version":
        "16", "variant": "TestVariant", "id": "ks-Test Family-TestVariant-16-x86_64",
        "family": "Test Family"}, "type_id": "distribution"}, {"unit_key": {"id":
        "RHEA-2010:0001"}, "type_id": "erratum"}, {"unit_key": {"id": "RHEA-2010:0002"},
        "type_id": "erratum"}, {"unit_key": {"repo_id": "integration_test_id", "id":
        "all"}, "type_id": "package_category"}, {"unit_key": {"repo_id": "integration_test_id",
        "id": "bird"}, "type_id": "package_group"}, {"unit_key": {"repo_id": "integration_test_id",
        "id": "mammal"}, "type_id": "package_group"}, {"unit_key": {"name": "cheetah",
        "checksum": "422d0baa0cd9d7713ae796e886a23e17f578f924f74880debdbb7d65fb368dae",
        "epoch": "0", "version": "0.3", "release": "0.8", "arch": "noarch", "checksumtype":
        "sha256"}, "type_id": "rpm"}, {"unit_key": {"name": "elephant", "checksum":
        "3e1c70cd1b421328acaf6397cb3d16145306bb95f65d1b095fc31372a0a701f3", "epoch":
        "0", "version": "0.3", "release": "0.8", "arch": "noarch", "checksumtype":
        "sha256"}, "type_id": "rpm"}, {"unit_key": {"name": "giraffe", "checksum":
        "f25d67d1d9da04f12e57ca323247b43891ac46533e355b82de6d1922009f9f14", "epoch":
        "0", "version": "0.3", "release": "0.8", "arch": "noarch", "checksumtype":
        "sha256"}, "type_id": "rpm"}, {"unit_key": {"name": "lion", "checksum": "12400dc95c23a4c160725a908716cd3fcdd7a8981585437ab64cd62efa3e4ae4",
        "epoch": "0", "version": "0.3", "release": "0.8", "arch": "noarch", "checksumtype":
        "sha256"}, "type_id": "rpm"}, {"unit_key": {"name": "monkey", "checksum":
        "0e8fa50d0128fbabc7ccc5632e3fa25d39b0280169f6166cb8e2c84de8501db1", "epoch":
        "0", "version": "0.3", "release": "0.8", "arch": "noarch", "checksumtype":
        "sha256"}, "type_id": "rpm"}, {"unit_key": {"name": "penguin", "checksum":
        "3fcb2c927de9e13bf68469032a28b139d3e5ad2e58564fc210fd6e48635be694", "epoch":
        "0", "version": "0.3", "release": "0.8", "arch": "noarch", "checksumtype":
        "sha256"}, "type_id": "rpm"}, {"unit_key": {"name": "squirrel", "checksum":
        "251768bdd15f13d78487c27638aa6aecd01551e253756093cde1c0ae878a17d2", "epoch":
        "0", "version": "0.3", "release": "0.8", "arch": "noarch", "checksumtype":
        "sha256"}, "type_id": "rpm"}, {"unit_key": {"name": "walrus", "checksum":
        "6e8d6dc057e3e2c9819f0dc7e6c7b7f86bf2e8571bba414adec7fb621a461dfd", "epoch":
        "0", "version": "0.3", "release": "0.8", "arch": "noarch", "checksumtype":
        "sha256"}, "type_id": "rpm"}]}, "error": null, "_id": {"$oid": "5589e0122812e3d33cf1015c"},
        "id": "5589e0122812e3d33cf1015c"}'
    http_version: 
  recorded_at: Tue, 23 Jun 2015 22:39:14 GMT
- request:
    method: get
    uri: https://admin:7HLGDTSxNnAEEtqKgjecYCvftjzNmoRE@katello-kant.example.com/pulp/api/v2/tasks/a203537d-daee-4539-8f40-e196ce1d0999/
    body:
      encoding: US-ASCII
      string: ''
    headers:
      Accept:
      - application/json
      Accept-Encoding:
      - gzip, deflate
      Content-Type:
      - application/json
      User-Agent:
      - Ruby
  response:
    status:
      code: 200
      message: OK
    headers:
      Date:
      - Tue, 23 Jun 2015 22:39:15 GMT
      Server:
      - Apache/2.4.6 (CentOS)
      Content-Length:
      - '692'
      Connection:
      - close
      Content-Type:
      - application/json
    body:
      encoding: UTF-8
      string: '{"exception": null, "task_type": "pulp.server.tasks.repository.delete",
        "_href": "/pulp/api/v2/tasks/a203537d-daee-4539-8f40-e196ce1d0999/", "task_id":
        "a203537d-daee-4539-8f40-e196ce1d0999", "tags": ["pulp:repository:integration_test_id",
        "pulp:action:delete"], "finish_time": "2015-06-23T22:39:14Z", "_ns": "task_status",
        "start_time": "2015-06-23T22:39:14Z", "traceback": null, "spawned_tasks":
        [], "progress_report": {}, "queue": "reserved_resource_worker-0@katello-kant.example.com.dq",
        "state": "finished", "worker_name": "reserved_resource_worker-0@katello-kant.example.com",
        "result": null, "error": null, "_id": {"$oid": "5589e0122812e3d33cf10160"},
        "id": "5589e0122812e3d33cf10160"}'
    http_version: 
  recorded_at: Tue, 23 Jun 2015 22:39:15 GMT
- request:
    method: get
    uri: https://admin:7HLGDTSxNnAEEtqKgjecYCvftjzNmoRE@katello-kant.example.com/pulp/api/v2/tasks/aee96db7-0202-48e4-a2c0-fa782dedb491/
    body:
      encoding: US-ASCII
      string: ''
    headers:
      Accept:
      - application/json
      Accept-Encoding:
      - gzip, deflate
      Content-Type:
      - application/json
      User-Agent:
      - Ruby
  response:
    status:
      code: 200
      message: OK
    headers:
      Date:
      - Tue, 23 Jun 2015 22:46:33 GMT
      Server:
      - Apache/2.4.6 (CentOS)
      Content-Length:
      - '2067'
      Connection:
      - close
      Content-Type:
      - application/json
    body:
      encoding: UTF-8
      string: '{"exception": null, "task_type": "pulp.server.managers.repo.sync.sync",
        "_href": "/pulp/api/v2/tasks/aee96db7-0202-48e4-a2c0-fa782dedb491/", "task_id":
        "aee96db7-0202-48e4-a2c0-fa782dedb491", "tags": ["pulp:repository:integration_test_id",
        "pulp:action:sync"], "finish_time": "2015-06-23T22:46:33Z", "_ns": "task_status",
        "start_time": "2015-06-23T22:46:33Z", "traceback": null, "spawned_tasks":
        [], "progress_report": {"yum_importer": {"content": {"items_total": 0, "state":
        "FINISHED", "size_left": 0, "details": {"rpm_total": 0, "rpm_done": 0, "drpm_total":
        0, "drpm_done": 0}, "size_total": 0, "error_details": [], "items_left": 0},
        "comps": {"state": "FINISHED"}, "distribution": {"items_total": 3, "state":
        "FINISHED", "error_details": [], "items_left": 0}, "errata": {"state": "FINISHED"},
        "metadata": {"state": "FINISHED"}}}, "queue": "reserved_resource_worker-0@katello-kant.example.com.dq",
        "state": "finished", "worker_name": "reserved_resource_worker-0@katello-kant.example.com",
        "result": {"result": "success", "importer_id": "yum_importer", "exception":
        null, "repo_id": "integration_test_id", "traceback": null, "started": "2015-06-23T22:46:33Z",
        "_ns": "repo_sync_results", "completed": "2015-06-23T22:46:33Z", "importer_type_id":
        "yum_importer", "error_message": null, "summary": {"content": {"state": "FINISHED"},
        "comps": {"state": "FINISHED"}, "distribution": {"state": "FINISHED"}, "errata":
        {"state": "FINISHED"}, "metadata": {"state": "FINISHED"}}, "added_count":
        0, "removed_count": 0, "updated_count": 14, "id": "5589e1c9f115fc0506df737c",
        "details": {"content": {"size_total": 0, "items_left": 0, "items_total": 0,
        "state": "FINISHED", "size_left": 0, "details": {"rpm_total": 0, "rpm_done":
        0, "drpm_total": 0, "drpm_done": 0}, "error_details": []}, "comps": {"state":
        "FINISHED"}, "distribution": {"items_total": 3, "state": "FINISHED", "error_details":
        [], "items_left": 0}, "errata": {"state": "FINISHED"}, "metadata": {"state":
        "FINISHED"}}}, "error": null, "_id": {"$oid": "5589e1c92812e3d33cf1051b"},
        "id": "5589e1c92812e3d33cf1051b"}'
    http_version: 
  recorded_at: Tue, 23 Jun 2015 22:46:33 GMT
- request:
    method: get
    uri: https://admin:7HLGDTSxNnAEEtqKgjecYCvftjzNmoRE@katello-kant.example.com/pulp/api/v2/tasks/9c0626cf-c2f5-4c63-a0d9-7aab5c6abc90/
    body:
      encoding: US-ASCII
      string: ''
    headers:
      Accept:
      - application/json
      Accept-Encoding:
      - gzip, deflate
      Content-Type:
      - application/json
      User-Agent:
      - Ruby
  response:
    status:
      code: 200
      message: OK
    headers:
      Date:
      - Tue, 23 Jun 2015 22:46:34 GMT
      Server:
      - Apache/2.4.6 (CentOS)
      Content-Length:
      - '3138'
      Connection:
      - close
      Content-Type:
      - application/json
    body:
      encoding: UTF-8
      string: '{"exception": null, "task_type": "pulp.server.managers.repo.unit_association.unassociate_by_criteria",
        "_href": "/pulp/api/v2/tasks/9c0626cf-c2f5-4c63-a0d9-7aab5c6abc90/", "task_id":
        "9c0626cf-c2f5-4c63-a0d9-7aab5c6abc90", "tags": ["pulp:repository:integration_test_id",
        "pulp:action:unassociate"], "finish_time": "2015-06-23T22:46:33Z", "_ns":
        "task_status", "start_time": "2015-06-23T22:46:33Z", "traceback": null, "spawned_tasks":
        [], "progress_report": {}, "queue": "reserved_resource_worker-0@katello-kant.example.com.dq",
        "state": "finished", "worker_name": "reserved_resource_worker-0@katello-kant.example.com",
        "result": {"units_successful": [{"unit_key": {"arch": "x86_64", "version":
        "16", "variant": "TestVariant", "id": "ks-Test Family-TestVariant-16-x86_64",
        "family": "Test Family"}, "type_id": "distribution"}, {"unit_key": {"id":
        "RHEA-2010:0001"}, "type_id": "erratum"}, {"unit_key": {"id": "RHEA-2010:0002"},
        "type_id": "erratum"}, {"unit_key": {"repo_id": "integration_test_id", "id":
        "all"}, "type_id": "package_category"}, {"unit_key": {"repo_id": "integration_test_id",
        "id": "bird"}, "type_id": "package_group"}, {"unit_key": {"repo_id": "integration_test_id",
        "id": "mammal"}, "type_id": "package_group"}, {"unit_key": {"name": "cheetah",
        "checksum": "422d0baa0cd9d7713ae796e886a23e17f578f924f74880debdbb7d65fb368dae",
        "epoch": "0", "version": "0.3", "release": "0.8", "arch": "noarch", "checksumtype":
        "sha256"}, "type_id": "rpm"}, {"unit_key": {"name": "elephant", "checksum":
        "3e1c70cd1b421328acaf6397cb3d16145306bb95f65d1b095fc31372a0a701f3", "epoch":
        "0", "version": "0.3", "release": "0.8", "arch": "noarch", "checksumtype":
        "sha256"}, "type_id": "rpm"}, {"unit_key": {"name": "giraffe", "checksum":
        "f25d67d1d9da04f12e57ca323247b43891ac46533e355b82de6d1922009f9f14", "epoch":
        "0", "version": "0.3", "release": "0.8", "arch": "noarch", "checksumtype":
        "sha256"}, "type_id": "rpm"}, {"unit_key": {"name": "lion", "checksum": "12400dc95c23a4c160725a908716cd3fcdd7a8981585437ab64cd62efa3e4ae4",
        "epoch": "0", "version": "0.3", "release": "0.8", "arch": "noarch", "checksumtype":
        "sha256"}, "type_id": "rpm"}, {"unit_key": {"name": "monkey", "checksum":
        "0e8fa50d0128fbabc7ccc5632e3fa25d39b0280169f6166cb8e2c84de8501db1", "epoch":
        "0", "version": "0.3", "release": "0.8", "arch": "noarch", "checksumtype":
        "sha256"}, "type_id": "rpm"}, {"unit_key": {"name": "penguin", "checksum":
        "3fcb2c927de9e13bf68469032a28b139d3e5ad2e58564fc210fd6e48635be694", "epoch":
        "0", "version": "0.3", "release": "0.8", "arch": "noarch", "checksumtype":
        "sha256"}, "type_id": "rpm"}, {"unit_key": {"name": "squirrel", "checksum":
        "251768bdd15f13d78487c27638aa6aecd01551e253756093cde1c0ae878a17d2", "epoch":
        "0", "version": "0.3", "release": "0.8", "arch": "noarch", "checksumtype":
        "sha256"}, "type_id": "rpm"}, {"unit_key": {"name": "walrus", "checksum":
        "6e8d6dc057e3e2c9819f0dc7e6c7b7f86bf2e8571bba414adec7fb621a461dfd", "epoch":
        "0", "version": "0.3", "release": "0.8", "arch": "noarch", "checksumtype":
        "sha256"}, "type_id": "rpm"}]}, "error": null, "_id": {"$oid": "5589e1c92812e3d33cf1051f"},
        "id": "5589e1c92812e3d33cf1051f"}'
    http_version: 
  recorded_at: Tue, 23 Jun 2015 22:46:34 GMT
- request:
    method: get
    uri: https://admin:7HLGDTSxNnAEEtqKgjecYCvftjzNmoRE@katello-kant.example.com/pulp/api/v2/tasks/b45926bc-c25f-41e1-81b2-61b2bf0f9a22/
    body:
      encoding: US-ASCII
      string: ''
    headers:
      Accept:
      - application/json
      Accept-Encoding:
      - gzip, deflate
      Content-Type:
      - application/json
      User-Agent:
      - Ruby
  response:
    status:
      code: 200
      message: OK
    headers:
      Date:
      - Tue, 23 Jun 2015 22:46:34 GMT
      Server:
      - Apache/2.4.6 (CentOS)
      Content-Length:
      - '692'
      Connection:
      - close
      Content-Type:
      - application/json
    body:
      encoding: UTF-8
      string: '{"exception": null, "task_type": "pulp.server.tasks.repository.delete",
        "_href": "/pulp/api/v2/tasks/b45926bc-c25f-41e1-81b2-61b2bf0f9a22/", "task_id":
        "b45926bc-c25f-41e1-81b2-61b2bf0f9a22", "tags": ["pulp:repository:integration_test_id",
        "pulp:action:delete"], "finish_time": "2015-06-23T22:46:34Z", "_ns": "task_status",
        "start_time": "2015-06-23T22:46:34Z", "traceback": null, "spawned_tasks":
        [], "progress_report": {}, "queue": "reserved_resource_worker-0@katello-kant.example.com.dq",
        "state": "finished", "worker_name": "reserved_resource_worker-0@katello-kant.example.com",
        "result": null, "error": null, "_id": {"$oid": "5589e1ca2812e3d33cf10523"},
        "id": "5589e1ca2812e3d33cf10523"}'
    http_version: 
  recorded_at: Tue, 23 Jun 2015 22:46:35 GMT
- request:
    method: delete
    uri: https://admin:7HLGDTSxNnAEEtqKgjecYCvftjzNmoRE@katello-kant.example.com/pulp/api/v2/repositories/integration_test_id/
    body:
      encoding: US-ASCII
      string: ''
    headers:
      Accept:
      - application/json
      Accept-Encoding:
      - gzip, deflate
      Content-Type:
      - application/json
      User-Agent:
      - Ruby
  response:
    status:
      code: 404
      message: NOT FOUND
    headers:
      Date:
      - Wed, 16 Sep 2015 18:30:30 GMT
      Server:
      - Apache/2.4.6 (CentOS)
      Content-Encoding:
      - utf-8
      Content-Length:
      - '442'
      Connection:
      - close
      Content-Type:
      - application/json
    body:
      encoding: UTF-8
      string: '{"http_request_method": "DELETE", "exception": null, "error_message":
        "Missing resource(s): repo_id=integration_test_id", "_href": "/pulp/api/v2/repositories/integration_test_id/",
        "http_status": 404, "error": {"code": "PLP0009", "data": {"resources": {"repo_id":
        "integration_test_id"}}, "description": "Missing resource(s): repo_id=integration_test_id",
        "sub_errors": []}, "traceback": null, "resources": {"repo_id": "integration_test_id"}}'
    http_version: 
  recorded_at: Wed, 16 Sep 2015 18:30:30 GMT
- request:
    method: get
    uri: https://admin:7HLGDTSxNnAEEtqKgjecYCvftjzNmoRE@katello-kant.example.com/pulp/api/v2/repositories/integration_test_id/
    body:
      encoding: US-ASCII
      string: ''
    headers:
      Accept:
      - application/json
      Accept-Encoding:
      - gzip, deflate
      Content-Type:
      - application/json
      User-Agent:
      - Ruby
  response:
    status:
      code: 404
      message: NOT FOUND
    headers:
      Date:
      - Wed, 16 Sep 2015 18:30:30 GMT
      Server:
      - Apache/2.4.6 (CentOS)
      Content-Encoding:
      - utf-8
      Content-Length:
      - '428'
      Connection:
      - close
      Content-Type:
      - application/json
    body:
      encoding: UTF-8
      string: '{"http_request_method": "GET", "exception": null, "error_message":
        "Missing resource(s): repo=integration_test_id", "_href": "/pulp/api/v2/repositories/integration_test_id/?",
        "http_status": 404, "error": {"code": "PLP0009", "data": {"resources": {"repo":
        "integration_test_id"}}, "description": "Missing resource(s): repo=integration_test_id",
        "sub_errors": []}, "traceback": null, "resources": {"repo": "integration_test_id"}}'
    http_version: 
  recorded_at: Wed, 16 Sep 2015 18:30:30 GMT
- request:
    method: post
    uri: https://admin:7HLGDTSxNnAEEtqKgjecYCvftjzNmoRE@katello-kant.example.com/pulp/api/v2/repositories/
    body:
      encoding: UTF-8
      string: '{"id":"integration_test_id","importer_type_id":"yum_importer","importer_config":{"feed":"file:///var/www/repositories/zoo5"},"distributors":[{"distributor_type_id":"yum_distributor","distributor_config":{"relative_url":"/path","http":true,"https":true},"auto_publish":false,"distributor_id":"yum_dist"}]}'
    headers:
      Accept:
      - application/json
      Accept-Encoding:
      - gzip, deflate
      Content-Type:
      - application/json
      Content-Length:
      - '304'
      User-Agent:
      - Ruby
  response:
    status:
      code: 201
      message: CREATED
    headers:
      Date:
      - Wed, 16 Sep 2015 18:30:30 GMT
      Server:
      - Apache/2.4.6 (CentOS)
      Content-Length:
      - '319'
      Location:
      - https://katello-kant.example.com/pulp/api/v2/repositories/integration_test_id/
      Connection:
      - close
      Content-Type:
      - application/json
    body:
      encoding: UTF-8
      string: '{"scratchpad": {}, "display_name": "integration_test_id", "description":
        null, "last_unit_added": null, "notes": {}, "last_unit_removed": null, "content_unit_counts":
        {}, "_ns": "repos", "_id": {"$oid": "55f9b546f115fc0f3bef9ca6"}, "id": "integration_test_id",
        "_href": "/pulp/api/v2/repositories/integration_test_id/"}'
    http_version: 
  recorded_at: Wed, 16 Sep 2015 18:30:30 GMT
- request:
    method: post
    uri: https://admin:7HLGDTSxNnAEEtqKgjecYCvftjzNmoRE@katello-kant.example.com/pulp/api/v2/repositories/integration_test_id/actions/sync/
    body:
      encoding: UTF-8
      string: '{}'
    headers:
      Accept:
      - application/json
      Accept-Encoding:
      - gzip, deflate
      Content-Type:
      - application/json
      Content-Length:
      - '2'
      User-Agent:
      - Ruby
  response:
    status:
      code: 202
      message: ACCEPTED
    headers:
      Date:
      - Wed, 16 Sep 2015 18:30:30 GMT
      Server:
      - Apache/2.4.6 (CentOS)
      Content-Encoding:
      - utf-8
      Content-Length:
      - '172'
      Connection:
      - close
      Content-Type:
      - application/json
    body:
      encoding: UTF-8
      string: '{"spawned_tasks": [{"_href": "/pulp/api/v2/tasks/3adb5f91-14a8-4aaa-aa8b-c4aafdede34c/",
        "task_id": "3adb5f91-14a8-4aaa-aa8b-c4aafdede34c"}], "result": null, "error":
        null}'
    http_version: 
  recorded_at: Wed, 16 Sep 2015 18:30:30 GMT
- request:
    method: get
    uri: https://admin:7HLGDTSxNnAEEtqKgjecYCvftjzNmoRE@katello-kant.example.com/pulp/api/v2/tasks/3adb5f91-14a8-4aaa-aa8b-c4aafdede34c/
    body:
      encoding: US-ASCII
      string: ''
    headers:
      Accept:
      - application/json
      Accept-Encoding:
      - gzip, deflate
      Content-Type:
      - application/json
      User-Agent:
      - Ruby
  response:
    status:
      code: 200
      message: OK
    headers:
      Date:
      - Wed, 16 Sep 2015 18:30:31 GMT
      Server:
      - Apache/2.4.6 (CentOS)
      Content-Length:
      - '2067'
      Connection:
      - close
      Content-Type:
      - application/json
    body:
      encoding: UTF-8
      string: '{"exception": null, "task_type": "pulp.server.managers.repo.sync.sync",
        "_href": "/pulp/api/v2/tasks/3adb5f91-14a8-4aaa-aa8b-c4aafdede34c/", "task_id":
        "3adb5f91-14a8-4aaa-aa8b-c4aafdede34c", "tags": ["pulp:repository:integration_test_id",
        "pulp:action:sync"], "finish_time": "2015-09-16T18:30:30Z", "_ns": "task_status",
        "start_time": "2015-09-16T18:30:30Z", "traceback": null, "spawned_tasks":
        [], "progress_report": {"yum_importer": {"content": {"items_total": 0, "state":
        "FINISHED", "error_details": [], "details": {"rpm_total": 0, "rpm_done": 0,
        "drpm_total": 0, "drpm_done": 0}, "size_total": 0, "size_left": 0, "items_left":
        0}, "comps": {"state": "FINISHED"}, "distribution": {"items_total": 3, "state":
        "FINISHED", "error_details": [], "items_left": 0}, "errata": {"state": "FINISHED"},
        "metadata": {"state": "FINISHED"}}}, "queue": "reserved_resource_worker-0@katello-kant.example.com.dq",
        "state": "finished", "worker_name": "reserved_resource_worker-0@katello-kant.example.com",
        "result": {"result": "success", "importer_id": "yum_importer", "exception":
        null, "repo_id": "integration_test_id", "traceback": null, "started": "2015-09-16T18:30:30Z",
        "_ns": "repo_sync_results", "completed": "2015-09-16T18:30:30Z", "importer_type_id":
        "yum_importer", "error_message": null, "summary": {"content": {"state": "FINISHED"},
        "comps": {"state": "FINISHED"}, "distribution": {"state": "FINISHED"}, "errata":
        {"state": "FINISHED"}, "metadata": {"state": "FINISHED"}}, "added_count":
        0, "removed_count": 0, "updated_count": 14, "id": "55f9b546f115fc1052430a1a",
        "details": {"content": {"size_total": 0, "items_left": 0, "items_total": 0,
        "state": "FINISHED", "size_left": 0, "details": {"rpm_total": 0, "rpm_done":
        0, "drpm_total": 0, "drpm_done": 0}, "error_details": []}, "comps": {"state":
        "FINISHED"}, "distribution": {"items_total": 3, "state": "FINISHED", "error_details":
        [], "items_left": 0}, "errata": {"state": "FINISHED"}, "metadata": {"state":
        "FINISHED"}}}, "error": null, "_id": {"$oid": "55f9b546f92c6c36bcd25730"},
        "id": "55f9b546f92c6c36bcd25730"}'
    http_version: 
  recorded_at: Wed, 16 Sep 2015 18:30:31 GMT
- request:
    method: post
    uri: https://admin:7HLGDTSxNnAEEtqKgjecYCvftjzNmoRE@katello-kant.example.com/pulp/api/v2/repositories/integration_test_id/actions/unassociate/
    body:
      encoding: UTF-8
      string: '{"criteria":{}}'
    headers:
      Accept:
      - application/json
      Accept-Encoding:
      - gzip, deflate
      Content-Type:
      - application/json
      Content-Length:
      - '15'
      User-Agent:
      - Ruby
  response:
    status:
      code: 202
      message: ACCEPTED
    headers:
      Date:
      - Wed, 16 Sep 2015 18:30:31 GMT
      Server:
      - Apache/2.4.6 (CentOS)
      Content-Encoding:
      - utf-8
      Content-Length:
      - '172'
      Connection:
      - close
      Content-Type:
      - application/json
    body:
      encoding: UTF-8
      string: '{"spawned_tasks": [{"_href": "/pulp/api/v2/tasks/2e69dbe6-cbb6-4ce0-a9c0-1374246b8cc5/",
        "task_id": "2e69dbe6-cbb6-4ce0-a9c0-1374246b8cc5"}], "result": null, "error":
        null}'
    http_version: 
  recorded_at: Wed, 16 Sep 2015 18:30:31 GMT
- request:
    method: get
    uri: https://admin:7HLGDTSxNnAEEtqKgjecYCvftjzNmoRE@katello-kant.example.com/pulp/api/v2/tasks/2e69dbe6-cbb6-4ce0-a9c0-1374246b8cc5/
    body:
      encoding: US-ASCII
      string: ''
    headers:
      Accept:
      - application/json
      Accept-Encoding:
      - gzip, deflate
      Content-Type:
      - application/json
      User-Agent:
      - Ruby
  response:
    status:
      code: 200
      message: OK
    headers:
      Date:
      - Wed, 16 Sep 2015 18:30:31 GMT
      Server:
      - Apache/2.4.6 (CentOS)
      Content-Length:
      - '3138'
      Connection:
      - close
      Content-Type:
      - application/json
    body:
      encoding: UTF-8
      string: '{"exception": null, "task_type": "pulp.server.managers.repo.unit_association.unassociate_by_criteria",
        "_href": "/pulp/api/v2/tasks/2e69dbe6-cbb6-4ce0-a9c0-1374246b8cc5/", "task_id":
        "2e69dbe6-cbb6-4ce0-a9c0-1374246b8cc5", "tags": ["pulp:repository:integration_test_id",
        "pulp:action:unassociate"], "finish_time": "2015-09-16T18:30:31Z", "_ns":
        "task_status", "start_time": "2015-09-16T18:30:31Z", "traceback": null, "spawned_tasks":
        [], "progress_report": {}, "queue": "reserved_resource_worker-0@katello-kant.example.com.dq",
        "state": "finished", "worker_name": "reserved_resource_worker-0@katello-kant.example.com",
        "result": {"units_successful": [{"unit_key": {"arch": "x86_64", "version":
        "16", "variant": "TestVariant", "id": "ks-Test Family-TestVariant-16-x86_64",
        "family": "Test Family"}, "type_id": "distribution"}, {"unit_key": {"id":
        "RHEA-2010:0001"}, "type_id": "erratum"}, {"unit_key": {"id": "RHEA-2010:0002"},
        "type_id": "erratum"}, {"unit_key": {"repo_id": "integration_test_id", "id":
        "all"}, "type_id": "package_category"}, {"unit_key": {"repo_id": "integration_test_id",
        "id": "bird"}, "type_id": "package_group"}, {"unit_key": {"repo_id": "integration_test_id",
        "id": "mammal"}, "type_id": "package_group"}, {"unit_key": {"name": "cheetah",
        "checksum": "422d0baa0cd9d7713ae796e886a23e17f578f924f74880debdbb7d65fb368dae",
        "epoch": "0", "version": "0.3", "release": "0.8", "arch": "noarch", "checksumtype":
        "sha256"}, "type_id": "rpm"}, {"unit_key": {"name": "elephant", "checksum":
        "3e1c70cd1b421328acaf6397cb3d16145306bb95f65d1b095fc31372a0a701f3", "epoch":
        "0", "version": "0.3", "release": "0.8", "arch": "noarch", "checksumtype":
        "sha256"}, "type_id": "rpm"}, {"unit_key": {"name": "giraffe", "checksum":
        "f25d67d1d9da04f12e57ca323247b43891ac46533e355b82de6d1922009f9f14", "epoch":
        "0", "version": "0.3", "release": "0.8", "arch": "noarch", "checksumtype":
        "sha256"}, "type_id": "rpm"}, {"unit_key": {"name": "lion", "checksum": "12400dc95c23a4c160725a908716cd3fcdd7a8981585437ab64cd62efa3e4ae4",
        "epoch": "0", "version": "0.3", "release": "0.8", "arch": "noarch", "checksumtype":
        "sha256"}, "type_id": "rpm"}, {"unit_key": {"name": "monkey", "checksum":
        "0e8fa50d0128fbabc7ccc5632e3fa25d39b0280169f6166cb8e2c84de8501db1", "epoch":
        "0", "version": "0.3", "release": "0.8", "arch": "noarch", "checksumtype":
        "sha256"}, "type_id": "rpm"}, {"unit_key": {"name": "penguin", "checksum":
        "3fcb2c927de9e13bf68469032a28b139d3e5ad2e58564fc210fd6e48635be694", "epoch":
        "0", "version": "0.3", "release": "0.8", "arch": "noarch", "checksumtype":
        "sha256"}, "type_id": "rpm"}, {"unit_key": {"name": "squirrel", "checksum":
        "251768bdd15f13d78487c27638aa6aecd01551e253756093cde1c0ae878a17d2", "epoch":
        "0", "version": "0.3", "release": "0.8", "arch": "noarch", "checksumtype":
        "sha256"}, "type_id": "rpm"}, {"unit_key": {"name": "walrus", "checksum":
        "6e8d6dc057e3e2c9819f0dc7e6c7b7f86bf2e8571bba414adec7fb621a461dfd", "epoch":
        "0", "version": "0.3", "release": "0.8", "arch": "noarch", "checksumtype":
        "sha256"}, "type_id": "rpm"}]}, "error": null, "_id": {"$oid": "55f9b547f92c6c36bcd25731"},
        "id": "55f9b547f92c6c36bcd25731"}'
    http_version: 
  recorded_at: Wed, 16 Sep 2015 18:30:31 GMT
- request:
    method: delete
    uri: https://admin:7HLGDTSxNnAEEtqKgjecYCvftjzNmoRE@katello-kant.example.com/pulp/api/v2/repositories/integration_test_id/
    body:
      encoding: US-ASCII
      string: ''
    headers:
      Accept:
      - application/json
      Accept-Encoding:
      - gzip, deflate
      Content-Type:
      - application/json
      User-Agent:
      - Ruby
  response:
    status:
      code: 202
      message: ACCEPTED
    headers:
      Date:
      - Wed, 16 Sep 2015 18:30:31 GMT
      Server:
      - Apache/2.4.6 (CentOS)
      Content-Encoding:
      - utf-8
      Content-Length:
      - '172'
      Connection:
      - close
      Content-Type:
      - application/json
    body:
      encoding: UTF-8
      string: '{"spawned_tasks": [{"_href": "/pulp/api/v2/tasks/740403e7-009c-40a9-8b7c-187e8bb286b7/",
        "task_id": "740403e7-009c-40a9-8b7c-187e8bb286b7"}], "result": null, "error":
        null}'
    http_version: 
  recorded_at: Wed, 16 Sep 2015 18:30:31 GMT
- request:
    method: get
    uri: https://admin:7HLGDTSxNnAEEtqKgjecYCvftjzNmoRE@katello-kant.example.com/pulp/api/v2/tasks/740403e7-009c-40a9-8b7c-187e8bb286b7/
    body:
      encoding: US-ASCII
      string: ''
    headers:
      Accept:
      - application/json
      Accept-Encoding:
      - gzip, deflate
      Content-Type:
      - application/json
      User-Agent:
      - Ruby
  response:
    status:
      code: 200
      message: OK
    headers:
      Date:
      - Wed, 16 Sep 2015 18:30:32 GMT
      Server:
      - Apache/2.4.6 (CentOS)
      Content-Length:
      - '692'
      Connection:
      - close
      Content-Type:
      - application/json
    body:
      encoding: UTF-8
      string: '{"exception": null, "task_type": "pulp.server.tasks.repository.delete",
        "_href": "/pulp/api/v2/tasks/740403e7-009c-40a9-8b7c-187e8bb286b7/", "task_id":
        "740403e7-009c-40a9-8b7c-187e8bb286b7", "tags": ["pulp:repository:integration_test_id",
        "pulp:action:delete"], "finish_time": "2015-09-16T18:30:31Z", "_ns": "task_status",
        "start_time": "2015-09-16T18:30:31Z", "traceback": null, "spawned_tasks":
        [], "progress_report": {}, "queue": "reserved_resource_worker-0@katello-kant.example.com.dq",
        "state": "finished", "worker_name": "reserved_resource_worker-0@katello-kant.example.com",
        "result": null, "error": null, "_id": {"$oid": "55f9b547f92c6c36bcd25732"},
        "id": "55f9b547f92c6c36bcd25732"}'
    http_version: 
  recorded_at: Wed, 16 Sep 2015 18:30:32 GMT
recorded_with: VCR 2.9.3
