---
http_interactions:
- request:
    method: get
    uri: https://admin:HeQSzZgm6ZEKG8aHrJEGW7aGD85Wrj57@runcible.example.com/pulp/api/v2/tasks/47d90f49-5f23-44fb-9a8a-af8ce279bc5e/
    body:
      encoding: US-ASCII
      string: ''
    headers:
      Accept:
      - application/json
      Accept-Encoding:
      - gzip, deflate
      Content-Type:
      - application/json
      User-Agent:
      - Ruby
  response:
    status:
      code: 200
      message: OK
    headers:
      Date:
      - Fri, 29 Apr 2016 16:21:42 GMT
      Server:
      - Apache/2.4.6 (CentOS)
      Vary:
      - Accept-Encoding
      Content-Length:
      - '684'
      Content-Type:
      - application/json; charset=utf-8
    body:
      encoding: ASCII-8BIT
      string: '{"exception": null, "task_type": "pulp.server.tasks.repository.delete",
        "_href": "/pulp/api/v2/tasks/47d90f49-5f23-44fb-9a8a-af8ce279bc5e/", "task_id":
        "47d90f49-5f23-44fb-9a8a-af8ce279bc5e", "tags": ["pulp:repository:integration_test_id",
        "pulp:action:delete"], "finish_time": "2016-04-29T16:21:41Z", "_ns": "task_status",
        "start_time": "2016-04-29T16:21:41Z", "traceback": null, "spawned_tasks":
        [], "progress_report": {}, "queue": "reserved_resource_worker-0@runcible.example.com.dq",
        "state": "finished", "worker_name": "reserved_resource_worker-0@runcible.example.com",
        "result": null, "error": null, "_id": {"$oid": "57238a15898f5c862fa3ea81"},
        "id": "57238a15898f5c862fa3ea81"}'
    http_version: 
  recorded_at: Fri, 29 Apr 2016 16:21:42 GMT
- request:
    method: get
    uri: https://admin:admin@obelix.example.com/pulp/api/v2/tasks/1ea5089a-d04f-4f4c-bf3f-0ef139599568/
    body:
      encoding: US-ASCII
      string: ''
    headers:
      Accept:
      - application/json
      Accept-Encoding:
      - gzip, deflate
      Content-Type:
      - application/json
      User-Agent:
      - Ruby
  response:
    status:
      code: 200
      message: OK
    headers:
      Date:
      - Wed, 01 Feb 2017 12:26:47 GMT
      Server:
      - Apache/2.4.6 (CentOS)
      Vary:
      - Accept-Encoding
      Content-Length:
      - '680'
      Connection:
      - close
      Content-Type:
      - application/json; charset=utf-8
    body:
      encoding: ASCII-8BIT
      string: '{"exception": null, "task_type": "pulp.server.tasks.repository.delete",
        "_href": "/pulp/api/v2/tasks/1ea5089a-d04f-4f4c-bf3f-0ef139599568/", "task_id":
        "1ea5089a-d04f-4f4c-bf3f-0ef139599568", "tags": ["pulp:repository:integration_test_id",
        "pulp:action:delete"], "finish_time": "2017-02-01T12:26:47Z", "_ns": "task_status",
        "start_time": "2017-02-01T12:26:47Z", "traceback": null, "spawned_tasks":
        [], "progress_report": {}, "queue": "reserved_resource_worker-1@obelix.example.com.dq",
        "state": "finished", "worker_name": "reserved_resource_worker-1@obelix.example.com",
        "result": null, "error": null, "_id": {"$oid": "5891d4074b92d9e3004e81c3"},
        "id": "5891d4074b92d9e3004e81c3"}'
    http_version: 
  recorded_at: Wed, 01 Feb 2017 12:26:47 GMT
- request:
    method: get
    uri: https://admin:admin@obelix.example.com/pulp/api/v2/tasks/fcd009ea-b358-4d7f-9d46-5be327e35d1b/
    body:
      encoding: US-ASCII
      string: ''
    headers:
      Accept:
      - application/json
      Accept-Encoding:
      - gzip, deflate
      Content-Type:
      - application/json
      User-Agent:
      - Ruby
  response:
    status:
      code: 200
      message: OK
    headers:
      Date:
      - Wed, 01 Feb 2017 12:28:32 GMT
      Server:
      - Apache/2.4.6 (CentOS)
      Vary:
      - Accept-Encoding
      Content-Length:
      - '680'
      Connection:
      - close
      Content-Type:
      - application/json; charset=utf-8
    body:
      encoding: ASCII-8BIT
      string: '{"exception": null, "task_type": "pulp.server.tasks.repository.delete",
        "_href": "/pulp/api/v2/tasks/fcd009ea-b358-4d7f-9d46-5be327e35d1b/", "task_id":
        "fcd009ea-b358-4d7f-9d46-5be327e35d1b", "tags": ["pulp:repository:integration_test_id",
        "pulp:action:delete"], "finish_time": "2017-02-01T12:28:31Z", "_ns": "task_status",
        "start_time": "2017-02-01T12:28:31Z", "traceback": null, "spawned_tasks":
        [], "progress_report": {}, "queue": "reserved_resource_worker-1@obelix.example.com.dq",
        "state": "finished", "worker_name": "reserved_resource_worker-1@obelix.example.com",
        "result": null, "error": null, "_id": {"$oid": "5891d46f4b92d9e3004e81ca"},
        "id": "5891d46f4b92d9e3004e81ca"}'
    http_version: 
  recorded_at: Wed, 01 Feb 2017 12:28:32 GMT
- request:
    method: get
    uri: https://admin:admin@obelix.example.com/pulp/api/v2/tasks/3d93c7c8-5148-4889-b784-6a06ff31469e/
    body:
      encoding: US-ASCII
      string: ''
    headers:
      Accept:
      - application/json
      Accept-Encoding:
      - gzip, deflate
      Content-Type:
      - application/json
      User-Agent:
      - Ruby
  response:
    status:
      code: 200
      message: OK
    headers:
      Date:
      - Wed, 01 Feb 2017 12:28:59 GMT
      Server:
      - Apache/2.4.6 (CentOS)
      Vary:
      - Accept-Encoding
      Content-Length:
      - '680'
      Connection:
      - close
      Content-Type:
      - application/json; charset=utf-8
    body:
      encoding: ASCII-8BIT
      string: '{"exception": null, "task_type": "pulp.server.tasks.repository.delete",
        "_href": "/pulp/api/v2/tasks/3d93c7c8-5148-4889-b784-6a06ff31469e/", "task_id":
        "3d93c7c8-5148-4889-b784-6a06ff31469e", "tags": ["pulp:repository:integration_test_id",
        "pulp:action:delete"], "finish_time": "2017-02-01T12:28:58Z", "_ns": "task_status",
        "start_time": "2017-02-01T12:28:58Z", "traceback": null, "spawned_tasks":
        [], "progress_report": {}, "queue": "reserved_resource_worker-1@obelix.example.com.dq",
        "state": "finished", "worker_name": "reserved_resource_worker-1@obelix.example.com",
        "result": null, "error": null, "_id": {"$oid": "5891d48a4b92d9e3004e81d4"},
        "id": "5891d48a4b92d9e3004e81d4"}'
    http_version: 
  recorded_at: Wed, 01 Feb 2017 12:28:59 GMT
- request:
    method: get
    uri: https://admin:admin@obelix.example.com/pulp/api/v2/tasks/c1f81209-23f8-4998-91ab-c1a9e042e1cc/
    body:
      encoding: US-ASCII
      string: ''
    headers:
      Accept:
      - application/json
      Accept-Encoding:
      - gzip, deflate
      Content-Type:
      - application/json
      User-Agent:
      - Ruby
  response:
    status:
      code: 200
      message: OK
    headers:
      Date:
      - Wed, 01 Feb 2017 12:30:53 GMT
      Server:
      - Apache/2.4.6 (CentOS)
      Vary:
      - Accept-Encoding
      Content-Length:
      - '680'
      Connection:
      - close
      Content-Type:
      - application/json; charset=utf-8
    body:
      encoding: ASCII-8BIT
      string: '{"exception": null, "task_type": "pulp.server.tasks.repository.delete",
        "_href": "/pulp/api/v2/tasks/c1f81209-23f8-4998-91ab-c1a9e042e1cc/", "task_id":
        "c1f81209-23f8-4998-91ab-c1a9e042e1cc", "tags": ["pulp:repository:integration_test_id",
        "pulp:action:delete"], "finish_time": "2017-02-01T12:30:53Z", "_ns": "task_status",
        "start_time": "2017-02-01T12:30:53Z", "traceback": null, "spawned_tasks":
        [], "progress_report": {}, "queue": "reserved_resource_worker-1@obelix.example.com.dq",
        "state": "finished", "worker_name": "reserved_resource_worker-1@obelix.example.com",
        "result": null, "error": null, "_id": {"$oid": "5891d4fd4b92d9e3004e81df"},
        "id": "5891d4fd4b92d9e3004e81df"}'
    http_version: 
  recorded_at: Wed, 01 Feb 2017 12:30:53 GMT
- request:
    method: get
    uri: https://admin:admin@obelix.example.com/pulp/api/v2/tasks/7a6c745d-564d-4580-bb75-b196ad25da6e/
    body:
      encoding: US-ASCII
      string: ''
    headers:
      Accept:
      - application/json
      Accept-Encoding:
      - gzip, deflate
      Content-Type:
      - application/json
      User-Agent:
      - Ruby
  response:
    status:
      code: 200
      message: OK
    headers:
      Date:
      - Thu, 23 Mar 2017 05:17:03 GMT
      Server:
      - Apache/2.4.6 (CentOS)
      Vary:
      - Accept-Encoding
      Content-Length:
      - '680'
      Connection:
      - close
      Content-Type:
      - application/json; charset=utf-8
    body:
      encoding: ASCII-8BIT
      string: '{"exception": null, "task_type": "pulp.server.tasks.repository.delete",
        "_href": "/pulp/api/v2/tasks/7a6c745d-564d-4580-bb75-b196ad25da6e/", "task_id":
        "7a6c745d-564d-4580-bb75-b196ad25da6e", "tags": ["pulp:repository:integration_test_id",
        "pulp:action:delete"], "finish_time": "2017-03-23T05:17:02Z", "_ns": "task_status",
        "start_time": "2017-03-23T05:17:02Z", "traceback": null, "spawned_tasks":
        [], "progress_report": {}, "queue": "reserved_resource_worker-1@obelix.example.com.dq",
        "state": "finished", "worker_name": "reserved_resource_worker-1@obelix.example.com",
        "result": null, "error": null, "_id": {"$oid": "58d35a4e17f568015721d3d8"},
        "id": "58d35a4e17f568015721d3d8"}'
    http_version: 
  recorded_at: Thu, 23 Mar 2017 05:17:03 GMT
- request:
    method: get
    uri: https://devel.example.com/pulp/api/v2/tasks/8f1bca11-4c2e-4839-8b75-b9721b38a9cc/
    body:
      encoding: US-ASCII
      string: ''
    headers:
      Accept:
      - application/json
      Accept-Encoding:
      - gzip, deflate
      User-Agent:
      - rest-client/2.0.2 (linux-gnu x86_64) ruby/2.4.4p296
      Content-Type:
      - application/json
      Host:
      - devel.example.com
      Authorization:
      - Basic YWRtaW46YWRtaW4=
  response:
    status:
      code: 200
      message: OK
    headers:
      Date:
      - Wed, 15 Aug 2018 15:39:55 GMT
      Server:
      - Apache/2.4.6 (CentOS)
      Etag:
      - '"0da8be4c1316468cf73a140923b9e078-gzip"'
      Vary:
      - Accept-Encoding
      Content-Length:
      - '679'
      Content-Type:
      - application/json; charset=utf-8
    body:
      encoding: ASCII-8BIT
      string: '{"exception": null, "task_type": "pulp.server.tasks.repository.delete",
        "_href": "/pulp/api/v2/tasks/8f1bca11-4c2e-4839-8b75-b9721b38a9cc/", "task_id":
        "8f1bca11-4c2e-4839-8b75-b9721b38a9cc", "tags": ["pulp:repository:integration_test_id",
        "pulp:action:delete"], "finish_time": "2018-08-15T15:39:55Z", "_ns": "task_status",
        "start_time": "2018-08-15T15:39:55Z", "traceback": null, "spawned_tasks":
        [], "progress_report": {}, "queue": "reserved_resource_worker-1@devel.example.com.dq2",
        "state": "finished", "worker_name": "reserved_resource_worker-1@devel.example.com",
        "result": null, "error": null, "_id": {"$oid": "5b74494b69b4753f995ccb8d"},
        "id": "5b74494b69b4753f995ccb8d"}'
    http_version: 
  recorded_at: Wed, 15 Aug 2018 15:39:56 GMT
- request:
    method: post
    uri: https://devel.example.com/pulp/api/v2/repositories/
    body:
      encoding: UTF-8
      string: '{"id":"integration_test_id","importer_type_id":"ostree_web_importer","importer_config":{"feed":"http://cdn.qa.redhat.com/content/htb/rhel/server/7/x86_64/extras/ostree/","branches":["redhat-atomic-host/el7.0/x86_64/base","redhat-atomic-host/el7.0/x86_64/medium"]},"notes":{"_repo-type":"OSTREE"}}'
    headers:
      Accept:
      - application/json
      Accept-Encoding:
      - gzip, deflate
      User-Agent:
      - rest-client/2.0.2 (linux-gnu x86_64) ruby/2.4.4p296
      Content-Type:
      - application/json
      Content-Length:
      - '296'
      Host:
      - devel.example.com
      Authorization:
      - Basic YWRtaW46YWRtaW4=
  response:
    status:
      code: 201
      message: CREATED
    headers:
      Date:
      - Wed, 15 Aug 2018 15:47:08 GMT
      Server:
      - Apache/2.4.6 (CentOS)
      Content-Length:
      - '341'
      Location:
      - "/pulp/api/v2/repositories/integration_test_id/"
      Content-Type:
      - application/json; charset=utf-8
    body:
      encoding: UTF-8
      string: '{"scratchpad": {}, "display_name": "integration_test_id", "description":
        null, "last_unit_added": null, "notes": {"_repo-type": "OSTREE"}, "last_unit_removed":
        null, "content_unit_counts": {}, "_ns": "repos", "_id": {"$oid": "5b744afc69f4e52413f14ae9"},
        "id": "integration_test_id", "_href": "/pulp/api/v2/repositories/integration_test_id/"}'
    http_version: 
  recorded_at: Wed, 15 Aug 2018 15:47:08 GMT
- request:
    method: get
    uri: https://devel.example.com/pulp/api/v2/repositories/integration_test_id/?details=true
    body:
      encoding: US-ASCII
      string: ''
    headers:
      Accept:
      - application/json
      Accept-Encoding:
      - gzip, deflate
      User-Agent:
      - rest-client/2.0.2 (linux-gnu x86_64) ruby/2.4.4p296
      Content-Type:
      - application/json
      Host:
      - devel.example.com
      Authorization:
      - Basic YWRtaW46YWRtaW4=
  response:
    status:
      code: 200
      message: OK
    headers:
      Date:
      - Wed, 15 Aug 2018 15:47:08 GMT
      Server:
      - Apache/2.4.6 (CentOS)
      Etag:
      - '"a564fcf77380710cf47e10d2c29befe3-gzip"'
      Vary:
      - Accept-Encoding
      Content-Length:
      - '998'
      Content-Type:
      - application/json; charset=utf-8
    body:
      encoding: ASCII-8BIT
      string: '{"scratchpad": {}, "display_name": "integration_test_id", "description":
        null, "distributors": [], "last_unit_added": null, "notes": {"_repo-type":
        "OSTREE"}, "last_unit_removed": null, "content_unit_counts": {}, "_ns": "repos",
        "importers": [{"repo_id": "integration_test_id", "last_updated": "2018-08-15T15:47:08Z",
        "_href": "/pulp/api/v2/repositories/integration_test_id/importers/ostree_web_importer/",
        "_ns": "repo_importers", "importer_type_id": "ostree_web_importer", "last_override_config":
        {}, "last_sync": null, "scratchpad": null, "_id": {"$oid": "5b744afc69f4e52413f14aea"},
        "config": {"feed": "http://cdn.qa.redhat.com/content/htb/rhel/server/7/x86_64/extras/ostree/",
        "branches": ["redhat-atomic-host/el7.0/x86_64/base", "redhat-atomic-host/el7.0/x86_64/medium"]},
        "id": "ostree_web_importer"}], "locally_stored_units": 0, "_id": {"$oid":
        "5b744afc69f4e52413f14ae9"}, "total_repository_units": 0, "id": "integration_test_id",
        "_href": "/pulp/api/v2/repositories/integration_test_id/"}'
    http_version: 
  recorded_at: Wed, 15 Aug 2018 15:47:08 GMT
- request:
    method: delete
    uri: https://devel.example.com/pulp/api/v2/repositories/integration_test_id/
    body:
      encoding: US-ASCII
      string: ''
    headers:
      Accept:
      - application/json
      Accept-Encoding:
      - gzip, deflate
      User-Agent:
      - rest-client/2.0.2 (linux-gnu x86_64) ruby/2.4.4p296
      Content-Type:
      - application/json
      Host:
      - devel.example.com
      Authorization:
      - Basic YWRtaW46YWRtaW4=
  response:
    status:
      code: 202
      message: Accepted
    headers:
      Date:
      - Wed, 15 Aug 2018 15:47:08 GMT
      Server:
      - Apache/2.4.6 (CentOS)
      Content-Length:
      - '172'
      Content-Type:
      - application/json; charset=utf-8
    body:
      encoding: UTF-8
      string: '{"spawned_tasks": [{"_href": "/pulp/api/v2/tasks/b48f9552-959a-4c31-b3f1-76b615800d30/",
        "task_id": "b48f9552-959a-4c31-b3f1-76b615800d30"}], "result": null, "error":
        null}'
    http_version: 
  recorded_at: Wed, 15 Aug 2018 15:47:08 GMT
- request:
    method: get
    uri: https://devel.example.com/pulp/api/v2/tasks/b48f9552-959a-4c31-b3f1-76b615800d30/
    body:
      encoding: US-ASCII
      string: ''
    headers:
      Accept:
      - application/json
      Accept-Encoding:
      - gzip, deflate
      User-Agent:
      - rest-client/2.0.2 (linux-gnu x86_64) ruby/2.4.4p296
      Content-Type:
      - application/json
      Host:
      - devel.example.com
      Authorization:
      - Basic YWRtaW46YWRtaW4=
  response:
    status:
      code: 200
      message: OK
    headers:
      Date:
      - Wed, 15 Aug 2018 15:47:08 GMT
      Server:
      - Apache/2.4.6 (CentOS)
      Etag:
      - '"5a37f802530e7e20c215b6895895f672-gzip"'
      Vary:
      - Accept-Encoding
      Content-Length:
      - '679'
      Content-Type:
      - application/json; charset=utf-8
    body:
      encoding: ASCII-8BIT
      string: '{"exception": null, "task_type": "pulp.server.tasks.repository.delete",
        "_href": "/pulp/api/v2/tasks/b48f9552-959a-4c31-b3f1-76b615800d30/", "task_id":
        "b48f9552-959a-4c31-b3f1-76b615800d30", "tags": ["pulp:repository:integration_test_id",
        "pulp:action:delete"], "finish_time": "2018-08-15T15:47:08Z", "_ns": "task_status",
        "start_time": "2018-08-15T15:47:08Z", "traceback": null, "spawned_tasks":
        [], "progress_report": {}, "queue": "reserved_resource_worker-1@devel.example.com.dq2",
        "state": "finished", "worker_name": "reserved_resource_worker-1@devel.example.com",
        "result": null, "error": null, "_id": {"$oid": "5b744afc69b4753f995d63b5"},
        "id": "5b744afc69b4753f995d63b5"}'
    http_version: 
  recorded_at: Wed, 15 Aug 2018 15:47:08 GMT
recorded_with: VCR 4.0.0
