---
http_interactions:
- request:
    method: get
    uri: https://admin:yjJbppdnk9o53M7DUpabXnse9o6NZveD@katello-wisdom.example.com/pulp/api/v2/tasks/da992f36-c820-4714-b71b-3f64dd9a697a/
    body:
      encoding: US-ASCII
      string: ''
    headers:
      Accept:
      - application/json
      Accept-Encoding:
      - gzip, deflate
      Content-Type:
      - application/json
      User-Agent:
      - Ruby
  response:
    status:
      code: 200
      message: OK
    headers:
      Date:
      - Fri, 24 Apr 2015 03:16:10 GMT
      Server:
      - Apache/2.4.6 (CentOS)
      Content-Length:
      - '1702'
      Connection:
      - close
      Content-Type:
      - application/json
    body:
      encoding: UTF-8
      string: '{"exception": null, "task_type": "pulp.server.tasks.repository.delete",
        "_href": "/pulp/api/v2/tasks/da992f36-c820-4714-b71b-3f64dd9a697a/", "task_id":
        "da992f36-c820-4714-b71b-3f64dd9a697a", "tags": ["pulp:repository:integration_test_id",
        "pulp:action:delete"], "finish_time": "2015-04-24T03:16:10Z", "_ns": "task_status",
        "start_time": "2015-04-24T03:16:09Z", "traceback": "Traceback (most recent
        call last):\n  File \"/usr/lib/python2.7/site-packages/celery/app/trace.py\",
        line 240, in trace_task\n    R = retval = fun(*args, **kwargs)\n  File \"/usr/lib/python2.7/site-packages/pulp/server/async/tasks.py\",
        line 394, in __call__\n    return super(Task, self).__call__(*args, **kwargs)\n  File
        \"/usr/lib/python2.7/site-packages/celery/app/trace.py\", line 437, in __protected_call__\n    return
        self.run(*args, **kwargs)\n  File \"/usr/lib/python2.7/site-packages/pulp/server/tasks/repository.py\",
        line 41, in delete\n    manager.delete_repo(repo_id)\n  File \"/usr/lib/python2.7/site-packages/pulp/server/managers/repo/cud.py\",
        line 261, in delete_repo\n    raise pe\nPulpExecutionException: Pulp exception
        occurred: PulpExecutionException\n", "spawned_tasks": [], "progress_report":
        {}, "queue": "reserved_resource_worker-1@katello-wisdom.example.com.dq", "state":
        "error", "worker_name": "reserved_resource_worker-1@katello-wisdom.example.com",
        "result": null, "error": {"code": "PLP0000", "data": {}, "description": "Pulp
        exception occurred: PulpExecutionException", "sub_errors": [{"code": "PLP0000",
        "data": {}, "description": "coercing to Unicode: need string or buffer, NoneType
        found", "sub_errors": []}]}, "_id": {"$oid": "5539b579ae874ef86bf80f30"},
        "id": "5539b579ae874ef86bf80f30"}'
    http_version: 
  recorded_at: Fri, 24 Apr 2015 03:16:10 GMT
- request:
    method: get
    uri: https://admin:yjJbppdnk9o53M7DUpabXnse9o6NZveD@katello-wisdom.example.com/pulp/api/v2/tasks/6fe07dd5-01dd-42c7-aea6-346f6cce5815/
    body:
      encoding: US-ASCII
      string: ''
    headers:
      Accept:
      - application/json
      Accept-Encoding:
      - gzip, deflate
      Content-Type:
      - application/json
      User-Agent:
      - Ruby
  response:
    status:
      code: 200
      message: OK
    headers:
      Date:
      - Fri, 24 Apr 2015 03:32:31 GMT
      Server:
      - Apache/2.4.6 (CentOS)
      Content-Length:
      - '1702'
      Connection:
      - close
      Content-Type:
      - application/json
    body:
      encoding: UTF-8
      string: '{"exception": null, "task_type": "pulp.server.tasks.repository.delete",
        "_href": "/pulp/api/v2/tasks/6fe07dd5-01dd-42c7-aea6-346f6cce5815/", "task_id":
        "6fe07dd5-01dd-42c7-aea6-346f6cce5815", "tags": ["pulp:repository:integration_test_id",
        "pulp:action:delete"], "finish_time": "2015-04-24T03:32:31Z", "_ns": "task_status",
        "start_time": "2015-04-24T03:32:31Z", "traceback": "Traceback (most recent
        call last):\n  File \"/usr/lib/python2.7/site-packages/celery/app/trace.py\",
        line 240, in trace_task\n    R = retval = fun(*args, **kwargs)\n  File \"/usr/lib/python2.7/site-packages/pulp/server/async/tasks.py\",
        line 394, in __call__\n    return super(Task, self).__call__(*args, **kwargs)\n  File
        \"/usr/lib/python2.7/site-packages/celery/app/trace.py\", line 437, in __protected_call__\n    return
        self.run(*args, **kwargs)\n  File \"/usr/lib/python2.7/site-packages/pulp/server/tasks/repository.py\",
        line 41, in delete\n    manager.delete_repo(repo_id)\n  File \"/usr/lib/python2.7/site-packages/pulp/server/managers/repo/cud.py\",
        line 261, in delete_repo\n    raise pe\nPulpExecutionException: Pulp exception
        occurred: PulpExecutionException\n", "spawned_tasks": [], "progress_report":
        {}, "queue": "reserved_resource_worker-1@katello-wisdom.example.com.dq", "state":
        "error", "worker_name": "reserved_resource_worker-1@katello-wisdom.example.com",
        "result": null, "error": {"code": "PLP0000", "data": {}, "description": "Pulp
        exception occurred: PulpExecutionException", "sub_errors": [{"code": "PLP0000",
        "data": {}, "description": "coercing to Unicode: need string or buffer, NoneType
        found", "sub_errors": []}]}, "_id": {"$oid": "5539b94fae874ef86bf80f40"},
        "id": "5539b94fae874ef86bf80f40"}'
    http_version: 
  recorded_at: Fri, 24 Apr 2015 03:32:31 GMT
- request:
    method: post
    uri: https://admin:yjJbppdnk9o53M7DUpabXnse9o6NZveD@katello-wisdom.example.com/pulp/api/v2/repositories/
    body:
      encoding: UTF-8
      string: '{"id":"integration_test_id","importer_type_id":"ostree_web_importer","importer_config":{},"notes":{"_repo-type":"OSTREE"},"distributors":[{"distributor_type_id":"ostree_web_distributor","distributor_config":{},"auto_publish":false,"distributor_id":"123"}]}'
    headers:
      Accept:
      - application/json
      Accept-Encoding:
      - gzip, deflate
      Content-Type:
      - application/json
      Content-Length:
      - '256'
      User-Agent:
      - Ruby
  response:
    status:
      code: 201
      message: CREATED
    headers:
      Date:
      - Fri, 24 Apr 2015 03:32:46 GMT
      Server:
      - Apache/2.4.6 (CentOS)
      Content-Length:
      - '341'
      Location:
      - https://katello-wisdom.example.com/pulp/api/v2/repositories/integration_test_id/
      Connection:
      - close
      Content-Type:
      - application/json
    body:
      encoding: UTF-8
      string: '{"scratchpad": {}, "display_name": "integration_test_id", "description":
        null, "last_unit_added": null, "notes": {"_repo-type": "OSTREE"}, "last_unit_removed":
        null, "content_unit_counts": {}, "_ns": "repos", "_id": {"$oid": "5539b95ed01ec01aafe6d8ce"},
        "id": "integration_test_id", "_href": "/pulp/api/v2/repositories/integration_test_id/"}'
    http_version: 
  recorded_at: Fri, 24 Apr 2015 03:32:46 GMT
- request:
    method: get
    uri: https://admin:yjJbppdnk9o53M7DUpabXnse9o6NZveD@katello-wisdom.example.com/pulp/api/v2/repositories/integration_test_id/?details=true
    body:
      encoding: US-ASCII
      string: ''
    headers:
      Accept:
      - application/json
      Accept-Encoding:
      - gzip, deflate
      Content-Type:
      - application/json
      User-Agent:
      - Ruby
  response:
    status:
      code: 200
      message: OK
    headers:
      Date:
      - Fri, 24 Apr 2015 03:32:46 GMT
      Server:
      - Apache/2.4.6 (CentOS)
      Content-Length:
      - '865'
      Connection:
      - close
      Content-Type:
      - application/json
    body:
      encoding: UTF-8
      string: '{"scratchpad": {}, "display_name": "integration_test_id", "description":
        null, "distributors": [{"repo_id": "integration_test_id", "_ns": "repo_distributors",
        "last_publish": null, "auto_publish": false, "scheduled_publishes": [], "distributor_type_id":
        "ostree_web_distributor", "_id": {"$oid": "5539b95ed01ec01aafe6d8d0"}, "config":
        {}, "id": "123"}], "last_unit_added": null, "notes": {"_repo-type": "OSTREE"},
        "last_unit_removed": null, "content_unit_counts": {}, "_ns": "repos", "importers":
        [{"repo_id": "integration_test_id", "_ns": "repo_importers", "importer_type_id":
        "ostree_web_importer", "last_sync": null, "scheduled_syncs": [], "_id": {"$oid":
        "5539b95ed01ec01aafe6d8cf"}, "config": {}, "id": "ostree_web_importer"}],
        "_id": {"$oid": "5539b95ed01ec01aafe6d8ce"}, "id": "integration_test_id",
        "_href": "/pulp/api/v2/repositories/integration_test_id/"}'
    http_version: 
  recorded_at: Fri, 24 Apr 2015 03:32:47 GMT
- request:
    method: delete
    uri: https://admin:yjJbppdnk9o53M7DUpabXnse9o6NZveD@katello-wisdom.example.com/pulp/api/v2/repositories/integration_test_id/
    body:
      encoding: US-ASCII
      string: ''
    headers:
      Accept:
      - application/json
      Accept-Encoding:
      - gzip, deflate
      Content-Type:
      - application/json
      User-Agent:
      - Ruby
  response:
    status:
      code: 202
      message: ACCEPTED
    headers:
      Date:
      - Fri, 24 Apr 2015 03:32:47 GMT
      Server:
      - Apache/2.4.6 (CentOS)
      Content-Encoding:
      - utf-8
      Content-Length:
      - '172'
      Connection:
      - close
      Content-Type:
      - application/json
    body:
      encoding: UTF-8
      string: '{"spawned_tasks": [{"_href": "/pulp/api/v2/tasks/167d65d1-ab9a-49c7-9bc6-3101860207d3/",
        "task_id": "167d65d1-ab9a-49c7-9bc6-3101860207d3"}], "result": null, "error":
        null}'
    http_version: 
  recorded_at: Fri, 24 Apr 2015 03:32:47 GMT
- request:
    method: get
    uri: https://admin:yjJbppdnk9o53M7DUpabXnse9o6NZveD@katello-wisdom.example.com/pulp/api/v2/tasks/167d65d1-ab9a-49c7-9bc6-3101860207d3/
    body:
      encoding: US-ASCII
      string: ''
    headers:
      Accept:
      - application/json
      Accept-Encoding:
      - gzip, deflate
      Content-Type:
      - application/json
      User-Agent:
      - Ruby
  response:
    status:
      code: 200
      message: OK
    headers:
      Date:
      - Fri, 24 Apr 2015 03:32:47 GMT
      Server:
      - Apache/2.4.6 (CentOS)
      Content-Length:
      - '1702'
      Connection:
      - close
      Content-Type:
      - application/json
    body:
      encoding: UTF-8
      string: '{"exception": null, "task_type": "pulp.server.tasks.repository.delete",
        "_href": "/pulp/api/v2/tasks/167d65d1-ab9a-49c7-9bc6-3101860207d3/", "task_id":
        "167d65d1-ab9a-49c7-9bc6-3101860207d3", "tags": ["pulp:repository:integration_test_id",
        "pulp:action:delete"], "finish_time": "2015-04-24T03:32:47Z", "_ns": "task_status",
        "start_time": "2015-04-24T03:32:47Z", "traceback": "Traceback (most recent
        call last):\n  File \"/usr/lib/python2.7/site-packages/celery/app/trace.py\",
        line 240, in trace_task\n    R = retval = fun(*args, **kwargs)\n  File \"/usr/lib/python2.7/site-packages/pulp/server/async/tasks.py\",
        line 394, in __call__\n    return super(Task, self).__call__(*args, **kwargs)\n  File
        \"/usr/lib/python2.7/site-packages/celery/app/trace.py\", line 437, in __protected_call__\n    return
        self.run(*args, **kwargs)\n  File \"/usr/lib/python2.7/site-packages/pulp/server/tasks/repository.py\",
        line 41, in delete\n    manager.delete_repo(repo_id)\n  File \"/usr/lib/python2.7/site-packages/pulp/server/managers/repo/cud.py\",
        line 261, in delete_repo\n    raise pe\nPulpExecutionException: Pulp exception
        occurred: PulpExecutionException\n", "spawned_tasks": [], "progress_report":
        {}, "queue": "reserved_resource_worker-1@katello-wisdom.example.com.dq", "state":
        "error", "worker_name": "reserved_resource_worker-1@katello-wisdom.example.com",
        "result": null, "error": {"code": "PLP0000", "data": {}, "description": "Pulp
        exception occurred: PulpExecutionException", "sub_errors": [{"code": "PLP0000",
        "data": {}, "description": "coercing to Unicode: need string or buffer, NoneType
        found", "sub_errors": []}]}, "_id": {"$oid": "5539b95fae874ef86bf80f54"},
        "id": "5539b95fae874ef86bf80f54"}'
    http_version: 
  recorded_at: Fri, 24 Apr 2015 03:32:47 GMT
recorded_with: VCR 2.9.3
