---
http_interactions:
- request:
    method: get
    uri: https://admin:HeQSzZgm6ZEKG8aHrJEGW7aGD85Wrj57@runcible.example.com/pulp/api/v2/tasks/bdf7f603-cd5b-4613-8f49-82cc11659ddb/
    body:
      encoding: US-ASCII
      string: ''
    headers:
      Accept:
      - application/json
      Accept-Encoding:
      - gzip, deflate
      Content-Type:
      - application/json
      User-Agent:
      - Ruby
  response:
    status:
      code: 200
      message: OK
    headers:
      Date:
      - Fri, 29 Apr 2016 16:21:39 GMT
      Server:
      - Apache/2.4.6 (CentOS)
      Vary:
      - Accept-Encoding
      Content-Length:
      - '684'
      Content-Type:
      - application/json; charset=utf-8
    body:
      encoding: ASCII-8BIT
      string: '{"exception": null, "task_type": "pulp.server.tasks.repository.delete",
        "_href": "/pulp/api/v2/tasks/bdf7f603-cd5b-4613-8f49-82cc11659ddb/", "task_id":
        "bdf7f603-cd5b-4613-8f49-82cc11659ddb", "tags": ["pulp:repository:integration_test_id",
        "pulp:action:delete"], "finish_time": "2016-04-29T16:21:39Z", "_ns": "task_status",
        "start_time": "2016-04-29T16:21:39Z", "traceback": null, "spawned_tasks":
        [], "progress_report": {}, "queue": "reserved_resource_worker-0@runcible.example.com.dq",
        "state": "finished", "worker_name": "reserved_resource_worker-0@runcible.example.com",
        "result": null, "error": null, "_id": {"$oid": "57238a13898f5c862fa3ea7f"},
        "id": "57238a13898f5c862fa3ea7f"}'
    http_version: 
  recorded_at: Fri, 29 Apr 2016 16:21:39 GMT
- request:
    method: get
    uri: https://admin:admin@obelix.example.com/pulp/api/v2/tasks/39d478ca-3f12-49e2-8034-26a27daa3d2e/
    body:
      encoding: US-ASCII
      string: ''
    headers:
      Accept:
      - application/json
      Accept-Encoding:
      - gzip, deflate
      Content-Type:
      - application/json
      User-Agent:
      - Ruby
  response:
    status:
      code: 200
      message: OK
    headers:
      Date:
      - Wed, 01 Feb 2017 12:26:44 GMT
      Server:
      - Apache/2.4.6 (CentOS)
      Vary:
      - Accept-Encoding
      Content-Length:
      - '680'
      Connection:
      - close
      Content-Type:
      - application/json; charset=utf-8
    body:
      encoding: ASCII-8BIT
      string: '{"exception": null, "task_type": "pulp.server.tasks.repository.delete",
        "_href": "/pulp/api/v2/tasks/39d478ca-3f12-49e2-8034-26a27daa3d2e/", "task_id":
        "39d478ca-3f12-49e2-8034-26a27daa3d2e", "tags": ["pulp:repository:integration_test_id",
        "pulp:action:delete"], "finish_time": "2017-02-01T12:26:44Z", "_ns": "task_status",
        "start_time": "2017-02-01T12:26:44Z", "traceback": null, "spawned_tasks":
        [], "progress_report": {}, "queue": "reserved_resource_worker-1@obelix.example.com.dq",
        "state": "finished", "worker_name": "reserved_resource_worker-1@obelix.example.com",
        "result": null, "error": null, "_id": {"$oid": "5891d4044b92d9e3004e81bf"},
        "id": "5891d4044b92d9e3004e81bf"}'
    http_version: 
  recorded_at: Wed, 01 Feb 2017 12:26:44 GMT
- request:
    method: get
    uri: https://admin:admin@obelix.example.com/pulp/api/v2/tasks/2f707cb4-b048-48f9-910f-87c5df2548fd/
    body:
      encoding: US-ASCII
      string: ''
    headers:
      Accept:
      - application/json
      Accept-Encoding:
      - gzip, deflate
      Content-Type:
      - application/json
      User-Agent:
      - Ruby
  response:
    status:
      code: 200
      message: OK
    headers:
      Date:
      - Wed, 01 Feb 2017 12:28:33 GMT
      Server:
      - Apache/2.4.6 (CentOS)
      Vary:
      - Accept-Encoding
      Content-Length:
      - '680'
      Connection:
      - close
      Content-Type:
      - application/json; charset=utf-8
    body:
      encoding: ASCII-8BIT
      string: '{"exception": null, "task_type": "pulp.server.tasks.repository.delete",
        "_href": "/pulp/api/v2/tasks/2f707cb4-b048-48f9-910f-87c5df2548fd/", "task_id":
        "2f707cb4-b048-48f9-910f-87c5df2548fd", "tags": ["pulp:repository:integration_test_id",
        "pulp:action:delete"], "finish_time": "2017-02-01T12:28:33Z", "_ns": "task_status",
        "start_time": "2017-02-01T12:28:33Z", "traceback": null, "spawned_tasks":
        [], "progress_report": {}, "queue": "reserved_resource_worker-1@obelix.example.com.dq",
        "state": "finished", "worker_name": "reserved_resource_worker-1@obelix.example.com",
        "result": null, "error": null, "_id": {"$oid": "5891d4714b92d9e3004e81cc"},
        "id": "5891d4714b92d9e3004e81cc"}'
    http_version: 
  recorded_at: Wed, 01 Feb 2017 12:28:33 GMT
- request:
    method: get
    uri: https://admin:admin@obelix.example.com/pulp/api/v2/tasks/28106c24-456b-4aa9-b803-003ecd72fcee/
    body:
      encoding: US-ASCII
      string: ''
    headers:
      Accept:
      - application/json
      Accept-Encoding:
      - gzip, deflate
      Content-Type:
      - application/json
      User-Agent:
      - Ruby
  response:
    status:
      code: 200
      message: OK
    headers:
      Date:
      - Wed, 01 Feb 2017 12:28:58 GMT
      Server:
      - Apache/2.4.6 (CentOS)
      Vary:
      - Accept-Encoding
      Content-Length:
      - '680'
      Connection:
      - close
      Content-Type:
      - application/json; charset=utf-8
    body:
      encoding: ASCII-8BIT
      string: '{"exception": null, "task_type": "pulp.server.tasks.repository.delete",
        "_href": "/pulp/api/v2/tasks/28106c24-456b-4aa9-b803-003ecd72fcee/", "task_id":
        "28106c24-456b-4aa9-b803-003ecd72fcee", "tags": ["pulp:repository:integration_test_id",
        "pulp:action:delete"], "finish_time": "2017-02-01T12:28:58Z", "_ns": "task_status",
        "start_time": "2017-02-01T12:28:58Z", "traceback": null, "spawned_tasks":
        [], "progress_report": {}, "queue": "reserved_resource_worker-1@obelix.example.com.dq",
        "state": "finished", "worker_name": "reserved_resource_worker-1@obelix.example.com",
        "result": null, "error": null, "_id": {"$oid": "5891d48a4b92d9e3004e81d3"},
        "id": "5891d48a4b92d9e3004e81d3"}'
    http_version: 
  recorded_at: Wed, 01 Feb 2017 12:28:58 GMT
- request:
    method: get
    uri: https://admin:admin@obelix.example.com/pulp/api/v2/tasks/e9624ca4-f968-4ae9-9dfb-604c15164f0f/
    body:
      encoding: US-ASCII
      string: ''
    headers:
      Accept:
      - application/json
      Accept-Encoding:
      - gzip, deflate
      Content-Type:
      - application/json
      User-Agent:
      - Ruby
  response:
    status:
      code: 200
      message: OK
    headers:
      Date:
      - Wed, 01 Feb 2017 12:30:51 GMT
      Server:
      - Apache/2.4.6 (CentOS)
      Vary:
      - Accept-Encoding
      Content-Length:
      - '680'
      Connection:
      - close
      Content-Type:
      - application/json; charset=utf-8
    body:
      encoding: ASCII-8BIT
      string: '{"exception": null, "task_type": "pulp.server.tasks.repository.delete",
        "_href": "/pulp/api/v2/tasks/e9624ca4-f968-4ae9-9dfb-604c15164f0f/", "task_id":
        "e9624ca4-f968-4ae9-9dfb-604c15164f0f", "tags": ["pulp:repository:integration_test_id",
        "pulp:action:delete"], "finish_time": "2017-02-01T12:30:50Z", "_ns": "task_status",
        "start_time": "2017-02-01T12:30:50Z", "traceback": null, "spawned_tasks":
        [], "progress_report": {}, "queue": "reserved_resource_worker-1@obelix.example.com.dq",
        "state": "finished", "worker_name": "reserved_resource_worker-1@obelix.example.com",
        "result": null, "error": null, "_id": {"$oid": "5891d4fa4b92d9e3004e81dc"},
        "id": "5891d4fa4b92d9e3004e81dc"}'
    http_version: 
  recorded_at: Wed, 01 Feb 2017 12:30:51 GMT
- request:
    method: get
    uri: https://admin:admin@obelix.example.com/pulp/api/v2/tasks/a03995bc-582f-4e87-8d91-1771383e1042/
    body:
      encoding: US-ASCII
      string: ''
    headers:
      Accept:
      - application/json
      Accept-Encoding:
      - gzip, deflate
      Content-Type:
      - application/json
      User-Agent:
      - Ruby
  response:
    status:
      code: 200
      message: OK
    headers:
      Date:
      - Thu, 23 Mar 2017 05:17:01 GMT
      Server:
      - Apache/2.4.6 (CentOS)
      Vary:
      - Accept-Encoding
      Content-Length:
      - '680'
      Connection:
      - close
      Content-Type:
      - application/json; charset=utf-8
    body:
      encoding: ASCII-8BIT
      string: '{"exception": null, "task_type": "pulp.server.tasks.repository.delete",
        "_href": "/pulp/api/v2/tasks/a03995bc-582f-4e87-8d91-1771383e1042/", "task_id":
        "a03995bc-582f-4e87-8d91-1771383e1042", "tags": ["pulp:repository:integration_test_id",
        "pulp:action:delete"], "finish_time": "2017-03-23T05:17:01Z", "_ns": "task_status",
        "start_time": "2017-03-23T05:17:01Z", "traceback": null, "spawned_tasks":
        [], "progress_report": {}, "queue": "reserved_resource_worker-1@obelix.example.com.dq",
        "state": "finished", "worker_name": "reserved_resource_worker-1@obelix.example.com",
        "result": null, "error": null, "_id": {"$oid": "58d35a4c17f568015721d3d6"},
        "id": "58d35a4c17f568015721d3d6"}'
    http_version: 
  recorded_at: Thu, 23 Mar 2017 05:17:01 GMT
- request:
    method: get
    uri: https://alpha.partello.example.com/pulp/api/v2/tasks/9ddfd521-de43-427d-ad56-7ab0e110bb6e/
    body:
      encoding: US-ASCII
      string: ''
    headers:
      Accept:
      - application/json
      Accept-Encoding:
      - gzip, deflate
      User-Agent:
      - rest-client/2.0.2 (linux-gnu x86_64) ruby/2.4.1p111
      Content-Type:
      - application/json
      Host:
      - alpha.partello.example.com
      Authorization:
      - Basic YWRtaW46YWRtaW4=
  response:
    status:
      code: 200
      message: OK
    headers:
      Date:
      - Thu, 30 Aug 2018 02:33:59 GMT
      Server:
      - Apache/2.4.6 (CentOS)
      Etag:
      - '"5d6561fcf02e198e0153d1fc53e007f7-gzip"'
      Vary:
      - Accept-Encoding
      Content-Length:
      - '697'
      Content-Type:
      - application/json; charset=utf-8
    body:
      encoding: ASCII-8BIT
      string: '{"exception": null, "task_type": "pulp.server.tasks.repository.delete",
        "_href": "/pulp/api/v2/tasks/9ddfd521-de43-427d-ad56-7ab0e110bb6e/", "task_id":
        "9ddfd521-de43-427d-ad56-7ab0e110bb6e", "tags": ["pulp:repository:integration_test_id",
        "pulp:action:delete"], "finish_time": "2018-08-30T02:33:58Z", "_ns": "task_status",
        "start_time": "2018-08-30T02:33:58Z", "traceback": null, "spawned_tasks":
        [], "progress_report": {}, "queue": "reserved_resource_worker-0@alpha.partello.example.com.dq2",
        "state": "finished", "worker_name": "reserved_resource_worker-0@alpha.partello.example.com",
        "result": null, "error": null, "_id": {"$oid": "5b87579604b1e079c02f4ea3"},
        "id": "5b87579604b1e079c02f4ea3"}'
    http_version: 
  recorded_at: Thu, 30 Aug 2018 02:33:59 GMT
- request:
    method: post
    uri: https://alpha.partello.example.com/pulp/api/v2/repositories/
    body:
      encoding: UTF-8
      string: '{"id":"integration_test_id","importer_type_id":"ostree_web_importer","importer_config":{},"distributors":[{"distributor_type_id":"ostree_web_distributor","distributor_config":{},"auto_publish":true,"distributor_id":"123"}]}'
    headers:
      Accept:
      - application/json
      Accept-Encoding:
      - gzip, deflate
      User-Agent:
      - rest-client/2.0.2 (linux-gnu x86_64) ruby/2.4.1p111
      Content-Type:
      - application/json
      Content-Length:
      - '223'
      Host:
      - alpha.partello.example.com
      Authorization:
      - Basic YWRtaW46YWRtaW4=
  response:
    status:
      code: 201
      message: CREATED
    headers:
      Date:
      - Thu, 30 Aug 2018 03:21:58 GMT
      Server:
      - Apache/2.4.6 (CentOS)
      Content-Length:
      - '319'
      Location:
      - "/pulp/api/v2/repositories/integration_test_id/"
      Content-Type:
      - application/json; charset=utf-8
    body:
      encoding: UTF-8
      string: '{"scratchpad": {}, "display_name": "integration_test_id", "description":
        null, "last_unit_added": null, "notes": {}, "last_unit_removed": null, "content_unit_counts":
        {}, "_ns": "repos", "_id": {"$oid": "5b8762d7d6cc06041e66e769"}, "id": "integration_test_id",
        "_href": "/pulp/api/v2/repositories/integration_test_id/"}'
    http_version: 
  recorded_at: Thu, 30 Aug 2018 03:21:59 GMT
- request:
    method: get
    uri: https://alpha.partello.example.com/pulp/api/v2/repositories/integration_test_id/?details=true
    body:
      encoding: US-ASCII
      string: ''
    headers:
      Accept:
      - application/json
      Accept-Encoding:
      - gzip, deflate
      User-Agent:
      - rest-client/2.0.2 (linux-gnu x86_64) ruby/2.4.1p111
      Content-Type:
      - application/json
      Host:
      - alpha.partello.example.com
      Authorization:
      - Basic YWRtaW46YWRtaW4=
  response:
    status:
      code: 200
      message: OK
    headers:
      Date:
      - Thu, 30 Aug 2018 03:21:59 GMT
      Server:
      - Apache/2.4.6 (CentOS)
      Etag:
      - '"2cb20f79edb239ab39980263a675c667-gzip"'
      Vary:
      - Accept-Encoding
      Content-Length:
      - '1187'
      Content-Type:
      - application/json; charset=utf-8
    body:
      encoding: ASCII-8BIT
      string: '{"scratchpad": {}, "display_name": "integration_test_id", "description":
        null, "distributors": [{"repo_id": "integration_test_id", "last_updated":
        "2018-08-30T03:21:59Z", "_href": "/pulp/api/v2/repositories/integration_test_id/distributors/123/",
        "last_override_config": {}, "last_publish": null, "distributor_type_id": "ostree_web_distributor",
        "auto_publish": true, "scratchpad": {}, "_ns": "repo_distributors", "_id":
        {"$oid": "5b8762d7d6cc06041e66e76b"}, "config": {}, "id": "123"}], "last_unit_added":
        null, "notes": {}, "last_unit_removed": null, "content_unit_counts": {}, "_ns":
        "repos", "importers": [{"repo_id": "integration_test_id", "last_updated":
        "2018-08-30T03:21:59Z", "_href": "/pulp/api/v2/repositories/integration_test_id/importers/ostree_web_importer/",
        "_ns": "repo_importers", "importer_type_id": "ostree_web_importer", "last_override_config":
        {}, "last_sync": null, "scratchpad": null, "_id": {"$oid": "5b8762d7d6cc06041e66e76a"},
        "config": {}, "id": "ostree_web_importer"}], "locally_stored_units": 0, "_id":
        {"$oid": "5b8762d7d6cc06041e66e769"}, "total_repository_units": 0, "id": "integration_test_id",
        "_href": "/pulp/api/v2/repositories/integration_test_id/"}'
    http_version: 
  recorded_at: Thu, 30 Aug 2018 03:21:59 GMT
- request:
    method: delete
    uri: https://alpha.partello.example.com/pulp/api/v2/repositories/integration_test_id/
    body:
      encoding: US-ASCII
      string: ''
    headers:
      Accept:
      - application/json
      Accept-Encoding:
      - gzip, deflate
      User-Agent:
      - rest-client/2.0.2 (linux-gnu x86_64) ruby/2.4.1p111
      Content-Type:
      - application/json
      Host:
      - alpha.partello.example.com
      Authorization:
      - Basic YWRtaW46YWRtaW4=
  response:
    status:
      code: 202
      message: Accepted
    headers:
      Date:
      - Thu, 30 Aug 2018 03:21:59 GMT
      Server:
      - Apache/2.4.6 (CentOS)
      Content-Length:
      - '172'
      Content-Type:
      - application/json; charset=utf-8
    body:
      encoding: UTF-8
      string: '{"spawned_tasks": [{"_href": "/pulp/api/v2/tasks/9be756c7-0172-4d09-81c6-eec5dc028fdd/",
        "task_id": "9be756c7-0172-4d09-81c6-eec5dc028fdd"}], "result": null, "error":
        null}'
    http_version: 
  recorded_at: Thu, 30 Aug 2018 03:21:59 GMT
- request:
    method: get
    uri: https://alpha.partello.example.com/pulp/api/v2/tasks/9be756c7-0172-4d09-81c6-eec5dc028fdd/
    body:
      encoding: US-ASCII
      string: ''
    headers:
      Accept:
      - application/json
      Accept-Encoding:
      - gzip, deflate
      User-Agent:
      - rest-client/2.0.2 (linux-gnu x86_64) ruby/2.4.1p111
      Content-Type:
      - application/json
      Host:
      - alpha.partello.example.com
      Authorization:
      - Basic YWRtaW46YWRtaW4=
  response:
    status:
      code: 200
      message: OK
    headers:
      Date:
      - Thu, 30 Aug 2018 03:21:59 GMT
      Server:
      - Apache/2.4.6 (CentOS)
      Etag:
      - '"e27f2e865712e23cc1eb57ff03659745-gzip"'
      Vary:
      - Accept-Encoding
      Content-Length:
      - '697'
      Content-Type:
      - application/json; charset=utf-8
    body:
      encoding: ASCII-8BIT
      string: '{"exception": null, "task_type": "pulp.server.tasks.repository.delete",
        "_href": "/pulp/api/v2/tasks/9be756c7-0172-4d09-81c6-eec5dc028fdd/", "task_id":
        "9be756c7-0172-4d09-81c6-eec5dc028fdd", "tags": ["pulp:repository:integration_test_id",
        "pulp:action:delete"], "finish_time": "2018-08-30T03:21:59Z", "_ns": "task_status",
        "start_time": "2018-08-30T03:21:59Z", "traceback": null, "spawned_tasks":
        [], "progress_report": {}, "queue": "reserved_resource_worker-0@alpha.partello.example.com.dq2",
        "state": "finished", "worker_name": "reserved_resource_worker-0@alpha.partello.example.com",
        "result": null, "error": null, "_id": {"$oid": "5b8762d704b1e079c02f5776"},
        "id": "5b8762d704b1e079c02f5776"}'
    http_version: 
  recorded_at: Thu, 30 Aug 2018 03:21:59 GMT
recorded_with: VCR 4.0.0
