---
http_interactions:
- request:
    method: get
    uri: https://admin:HeQSzZgm6ZEKG8aHrJEGW7aGD85Wrj57@runcible.example.com/pulp/api/v2/tasks/bdf7f603-cd5b-4613-8f49-82cc11659ddb/
    body:
      encoding: US-ASCII
      string: ''
    headers:
      Accept:
      - application/json
      Accept-Encoding:
      - gzip, deflate
      Content-Type:
      - application/json
      User-Agent:
      - Ruby
  response:
    status:
      code: 200
      message: OK
    headers:
      Date:
      - Fri, 29 Apr 2016 16:21:39 GMT
      Server:
      - Apache/2.4.6 (CentOS)
      Vary:
      - Accept-Encoding
      Content-Length:
      - '684'
      Content-Type:
      - application/json; charset=utf-8
    body:
      encoding: ASCII-8BIT
      string: '{"exception": null, "task_type": "pulp.server.tasks.repository.delete",
        "_href": "/pulp/api/v2/tasks/bdf7f603-cd5b-4613-8f49-82cc11659ddb/", "task_id":
        "bdf7f603-cd5b-4613-8f49-82cc11659ddb", "tags": ["pulp:repository:integration_test_id",
        "pulp:action:delete"], "finish_time": "2016-04-29T16:21:39Z", "_ns": "task_status",
        "start_time": "2016-04-29T16:21:39Z", "traceback": null, "spawned_tasks":
        [], "progress_report": {}, "queue": "reserved_resource_worker-0@runcible.example.com.dq",
        "state": "finished", "worker_name": "reserved_resource_worker-0@runcible.example.com",
        "result": null, "error": null, "_id": {"$oid": "57238a13898f5c862fa3ea7f"},
        "id": "57238a13898f5c862fa3ea7f"}'
    http_version: 
  recorded_at: Fri, 29 Apr 2016 16:21:39 GMT
- request:
    method: get
    uri: https://admin:8hPtEyo9rgBhv2ahMTYH9Xqsp3WX5rcj@runcible.example.com/pulp/api/v2/tasks/5244b389-a5af-4a23-a90d-91787bc1e4ab/
    body:
      encoding: US-ASCII
      string: ''
    headers:
      Accept:
      - application/json
      Accept-Encoding:
      - gzip, deflate
      Content-Type:
      - application/json
      User-Agent:
      - Ruby
  response:
    status:
      code: 200
      message: OK
    headers:
      Date:
      - Tue, 26 Jul 2016 19:16:30 GMT
      Server:
      - Apache/2.4.6 (CentOS)
      Vary:
      - Accept-Encoding
      Content-Length:
      - '684'
      Content-Type:
      - application/json; charset=utf-8
    body:
      encoding: ASCII-8BIT
      string: '{"exception": null, "task_type": "pulp.server.tasks.repository.delete",
        "_href": "/pulp/api/v2/tasks/5244b389-a5af-4a23-a90d-91787bc1e4ab/", "task_id":
        "5244b389-a5af-4a23-a90d-91787bc1e4ab", "tags": ["pulp:repository:integration_test_id",
        "pulp:action:delete"], "finish_time": "2016-07-26T19:16:30Z", "_ns": "task_status",
        "start_time": "2016-07-26T19:16:30Z", "traceback": null, "spawned_tasks":
        [], "progress_report": {}, "queue": "reserved_resource_worker-0@runcible.example.com.dq",
        "state": "finished", "worker_name": "reserved_resource_worker-0@runcible.example.com",
        "result": null, "error": null, "_id": {"$oid": "5797b70ed5c469f4207bd191"},
        "id": "5797b70ed5c469f4207bd191"}'
    http_version: 
  recorded_at: Tue, 26 Jul 2016 19:16:30 GMT
- request:
    method: post
    uri: https://admin:8hPtEyo9rgBhv2ahMTYH9Xqsp3WX5rcj@runcible.example.com/pulp/api/v2/repositories/
    body:
      encoding: UTF-8
      string: '{"id":"integration_test_id","importer_type_id":"ostree_web_importer","importer_config":{},"distributors":[{"distributor_type_id":"ostree_web_distributor","distributor_config":{},"auto_publish":true,"distributor_id":"123"}]}'
    headers:
      Accept:
      - application/json
      Accept-Encoding:
      - gzip, deflate
      Content-Type:
      - application/json
      Content-Length:
      - '223'
      User-Agent:
      - Ruby
  response:
    status:
      code: 201
      message: CREATED
    headers:
      Date:
      - Tue, 26 Jul 2016 20:00:41 GMT
      Server:
      - Apache/2.4.6 (CentOS)
      Content-Length:
      - '319'
      Location:
      - https://runcible.example.com/pulp/api/v2/repositories/integration_test_id/
      Content-Type:
      - application/json; charset=utf-8
    body:
      encoding: UTF-8
      string: '{"scratchpad": {}, "display_name": "integration_test_id", "description":
        null, "last_unit_added": null, "notes": {}, "last_unit_removed": null, "content_unit_counts":
        {}, "_ns": "repos", "_id": {"$oid": "5797c169aca4887c74aca3d7"}, "id": "integration_test_id",
        "_href": "/pulp/api/v2/repositories/integration_test_id/"}'
    http_version: 
  recorded_at: Tue, 26 Jul 2016 20:00:41 GMT
- request:
    method: get
    uri: https://admin:8hPtEyo9rgBhv2ahMTYH9Xqsp3WX5rcj@runcible.example.com/pulp/api/v2/repositories/integration_test_id/?details=true
    body:
      encoding: US-ASCII
      string: ''
    headers:
      Accept:
      - application/json
      Accept-Encoding:
      - gzip, deflate
      Content-Type:
      - application/json
      User-Agent:
      - Ruby
  response:
    status:
      code: 200
      message: OK
    headers:
      Date:
      - Tue, 26 Jul 2016 20:00:41 GMT
      Server:
      - Apache/2.4.6 (CentOS)
      Vary:
      - Accept-Encoding
      Content-Length:
      - '1119'
      Content-Type:
      - application/json; charset=utf-8
    body:
      encoding: ASCII-8BIT
      string: '{"scratchpad": {}, "display_name": "integration_test_id", "description":
        null, "distributors": [{"repo_id": "integration_test_id", "last_updated":
        "2016-07-26T20:00:41Z", "_href": "/pulp/api/v2/repositories/integration_test_id/distributors/123/",
        "last_override_config": {}, "last_publish": null, "distributor_type_id": "ostree_web_distributor",
        "auto_publish": true, "scratchpad": {}, "_ns": "repo_distributors", "_id":
        {"$oid": "5797c169aca4887c74aca3d9"}, "config": {}, "id": "123"}], "last_unit_added":
        null, "notes": {}, "last_unit_removed": null, "content_unit_counts": {}, "_ns":
        "repos", "importers": [{"scratchpad": null, "_href": "/pulp/api/v2/repositories/integration_test_id/importers/ostree_web_importer/",
        "_ns": "repo_importers", "importer_type_id": "ostree_web_importer", "last_sync":
        null, "repo_id": "integration_test_id", "_id": {"$oid": "5797c169aca4887c74aca3d8"},
        "config": {}, "id": "ostree_web_importer"}], "locally_stored_units": 0, "_id":
        {"$oid": "5797c169aca4887c74aca3d7"}, "total_repository_units": 0, "id": "integration_test_id",
        "_href": "/pulp/api/v2/repositories/integration_test_id/"}'
    http_version: 
  recorded_at: Tue, 26 Jul 2016 20:00:41 GMT
- request:
    method: delete
    uri: https://admin:8hPtEyo9rgBhv2ahMTYH9Xqsp3WX5rcj@runcible.example.com/pulp/api/v2/repositories/integration_test_id/
    body:
      encoding: US-ASCII
      string: ''
    headers:
      Accept:
      - application/json
      Accept-Encoding:
      - gzip, deflate
      Content-Type:
      - application/json
      User-Agent:
      - Ruby
  response:
    status:
      code: 202
      message: ACCEPTED
    headers:
      Date:
      - Tue, 26 Jul 2016 20:00:41 GMT
      Server:
      - Apache/2.4.6 (CentOS)
      Content-Length:
      - '172'
      Content-Type:
      - application/json; charset=utf-8
    body:
      encoding: UTF-8
      string: '{"spawned_tasks": [{"_href": "/pulp/api/v2/tasks/c212f017-febb-4cdc-87d8-ef3d6354e034/",
        "task_id": "c212f017-febb-4cdc-87d8-ef3d6354e034"}], "result": null, "error":
        null}'
    http_version: 
  recorded_at: Tue, 26 Jul 2016 20:00:41 GMT
- request:
    method: get
    uri: https://admin:8hPtEyo9rgBhv2ahMTYH9Xqsp3WX5rcj@runcible.example.com/pulp/api/v2/tasks/c212f017-febb-4cdc-87d8-ef3d6354e034/
    body:
      encoding: US-ASCII
      string: ''
    headers:
      Accept:
      - application/json
      Accept-Encoding:
      - gzip, deflate
      Content-Type:
      - application/json
      User-Agent:
      - Ruby
  response:
    status:
      code: 200
      message: OK
    headers:
      Date:
      - Tue, 26 Jul 2016 20:00:42 GMT
      Server:
      - Apache/2.4.6 (CentOS)
      Vary:
      - Accept-Encoding
      Content-Length:
      - '684'
      Content-Type:
      - application/json; charset=utf-8
    body:
      encoding: ASCII-8BIT
      string: '{"exception": null, "task_type": "pulp.server.tasks.repository.delete",
        "_href": "/pulp/api/v2/tasks/c212f017-febb-4cdc-87d8-ef3d6354e034/", "task_id":
        "c212f017-febb-4cdc-87d8-ef3d6354e034", "tags": ["pulp:repository:integration_test_id",
        "pulp:action:delete"], "finish_time": "2016-07-26T20:00:41Z", "_ns": "task_status",
        "start_time": "2016-07-26T20:00:41Z", "traceback": null, "spawned_tasks":
        [], "progress_report": {}, "queue": "reserved_resource_worker-0@runcible.example.com.dq",
        "state": "finished", "worker_name": "reserved_resource_worker-0@runcible.example.com",
        "result": null, "error": null, "_id": {"$oid": "5797c169d5c469f4207bd540"},
        "id": "5797c169d5c469f4207bd540"}'
    http_version: 
  recorded_at: Tue, 26 Jul 2016 20:00:42 GMT
recorded_with: VCR 3.0.3
