---
http_interactions:
- request:
    method: delete
    uri: https://admin:HeQSzZgm6ZEKG8aHrJEGW7aGD85Wrj57@runcible.example.com/pulp/api/v2/content/uploads/86c180c5-dde6-41a6-a5c0-bfca7011e8de//
    body:
      encoding: US-ASCII
      string: ''
    headers:
      Accept:
      - application/json
      Accept-Encoding:
      - gzip, deflate
      Content-Type:
      - application/json
      User-Agent:
      - Ruby
  response:
    status:
      code: 200
      message: OK
    headers:
      Date:
      - Fri, 29 Apr 2016 16:27:13 GMT
      Server:
      - Apache/2.4.6 (CentOS)
      Content-Length:
      - '4'
      Content-Type:
      - application/json; charset=utf-8
    body:
      encoding: UTF-8
      string: 'null'
    http_version: 
  recorded_at: Fri, 29 Apr 2016 16:27:13 GMT
- request:
    method: delete
    uri: https://admin:8hPtEyo9rgBhv2ahMTYH9Xqsp3WX5rcj@runcible.example.com/pulp/api/v2/content/uploads/85402a7a-8f5f-491d-8c18-788cf15ffc4a//
    body:
      encoding: US-ASCII
      string: ''
    headers:
      Accept:
      - application/json
      Accept-Encoding:
      - gzip, deflate
      Content-Type:
      - application/json
      User-Agent:
      - Ruby
  response:
    status:
      code: 200
      message: OK
    headers:
      Date:
      - Tue, 26 Jul 2016 19:20:14 GMT
      Server:
      - Apache/2.4.6 (CentOS)
      Content-Length:
      - '4'
      Content-Type:
      - application/json; charset=utf-8
    body:
      encoding: UTF-8
      string: 'null'
    http_version: 
  recorded_at: Tue, 26 Jul 2016 19:20:14 GMT
- request:
    method: post
    uri: https://admin:8hPtEyo9rgBhv2ahMTYH9Xqsp3WX5rcj@runcible.example.com/pulp/api/v2/content/uploads/
    body:
      encoding: UTF-8
      string: ''
    headers:
      Accept:
      - application/json
      Accept-Encoding:
      - gzip, deflate
      Content-Type:
      - application/json
      User-Agent:
      - Ruby
  response:
    status:
      code: 201
      message: CREATED
    headers:
      Date:
      - Tue, 26 Jul 2016 20:04:58 GMT
      Server:
      - Apache/2.4.6 (CentOS)
      Content-Length:
      - '132'
      Location:
      - https://runcible.example.com/pulp/api/v2/content/uploads/8b6a977a-c459-4f08-ac14-34c48dc6d83f/
      Content-Type:
      - application/json; charset=utf-8
    body:
      encoding: UTF-8
      string: '{"upload_id": "8b6a977a-c459-4f08-ac14-34c48dc6d83f", "_href": "/pulp/api/v2/content/uploads/8b6a977a-c459-4f08-ac14-34c48dc6d83f/"}'
    http_version: 
  recorded_at: Tue, 26 Jul 2016 20:04:58 GMT
- request:
    method: delete
    uri: https://admin:8hPtEyo9rgBhv2ahMTYH9Xqsp3WX5rcj@runcible.example.com/pulp/api/v2/content/uploads/8b6a977a-c459-4f08-ac14-34c48dc6d83f//
    body:
      encoding: US-ASCII
      string: ''
    headers:
      Accept:
      - application/json
      Accept-Encoding:
      - gzip, deflate
      Content-Type:
      - application/json
      User-Agent:
      - Ruby
  response:
    status:
      code: 200
      message: OK
    headers:
      Date:
      - Tue, 26 Jul 2016 20:04:58 GMT
      Server:
      - Apache/2.4.6 (CentOS)
      Content-Length:
      - '4'
      Content-Type:
      - application/json; charset=utf-8
    body:
      encoding: UTF-8
      string: 'null'
    http_version: 
  recorded_at: Tue, 26 Jul 2016 20:04:58 GMT
recorded_with: VCR 3.0.3
