---
http_interactions:
- request:
    method: get
    uri: https://admin:HeQSzZgm6ZEKG8aHrJEGW7aGD85Wrj57@runcible.example.com/pulp/api/v2/tasks/452bd3cd-b7c1-4739-b83b-2b2a6ad86364/
    body:
      encoding: US-ASCII
      string: ''
    headers:
      Accept:
      - application/json
      Accept-Encoding:
      - gzip, deflate
      Content-Type:
      - application/json
      User-Agent:
      - Ruby
  response:
    status:
      code: 200
      message: OK
    headers:
      Date:
      - Fri, 29 Apr 2016 16:26:30 GMT
      Server:
      - Apache/2.4.6 (CentOS)
      Vary:
      - Accept-Encoding
      Content-Length:
      - '1117'
      Content-Type:
      - application/json; charset=utf-8
    body:
      encoding: ASCII-8BIT
      string: '{"exception": null, "task_type": "pulp.server.managers.repo.sync.sync",
        "_href": "/pulp/api/v2/tasks/452bd3cd-b7c1-4739-b83b-2b2a6ad86364/", "task_id":
        "452bd3cd-b7c1-4739-b83b-2b2a6ad86364", "tags": ["pulp:repository:integration_test_id",
        "pulp:action:sync"], "finish_time": null, "_ns": "task_status", "start_time":
        "2016-04-29T16:26:30Z", "traceback": null, "spawned_tasks": [], "progress_report":
        {"yum_importer": {"content": {"items_total": 0, "state": "FINISHED", "error_details":
        [], "details": {"rpm_total": 0, "rpm_done": 0, "drpm_total": 0, "drpm_done":
        0}, "size_total": 0, "size_left": 0, "items_left": 0}, "comps": {"state":
        "FINISHED"}, "purge_duplicates": {"state": "FINISHED"}, "distribution": {"items_total":
        3, "state": "FINISHED", "error_details": [], "items_left": 0}, "errata": {"state":
        "FINISHED"}, "metadata": {"state": "FINISHED"}}}, "queue": "reserved_resource_worker-0@runcible.example.com.dq",
        "state": "running", "worker_name": "reserved_resource_worker-0@runcible.example.com",
        "result": null, "error": null, "_id": {"$oid": "57238b36898f5c862fa3eb8e"},
        "id": "57238b36898f5c862fa3eb8e"}'
    http_version: 
  recorded_at: Fri, 29 Apr 2016 16:26:31 GMT
- request:
    method: get
    uri: https://admin:HeQSzZgm6ZEKG8aHrJEGW7aGD85Wrj57@runcible.example.com/pulp/api/v2/tasks/452bd3cd-b7c1-4739-b83b-2b2a6ad86364/
    body:
      encoding: US-ASCII
      string: ''
    headers:
      Accept:
      - application/json
      Accept-Encoding:
      - gzip, deflate
      Content-Type:
      - application/json
      User-Agent:
      - Ruby
  response:
    status:
      code: 200
      message: OK
    headers:
      Date:
      - Fri, 29 Apr 2016 16:26:31 GMT
      Server:
      - Apache/2.4.6 (CentOS)
      Vary:
      - Accept-Encoding
      Content-Length:
      - '2188'
      Content-Type:
      - application/json; charset=utf-8
    body:
      encoding: ASCII-8BIT
      string: '{"exception": null, "task_type": "pulp.server.managers.repo.sync.sync",
        "_href": "/pulp/api/v2/tasks/452bd3cd-b7c1-4739-b83b-2b2a6ad86364/", "task_id":
        "452bd3cd-b7c1-4739-b83b-2b2a6ad86364", "tags": ["pulp:repository:integration_test_id",
        "pulp:action:sync"], "finish_time": "2016-04-29T16:26:31Z", "_ns": "task_status",
        "start_time": "2016-04-29T16:26:30Z", "traceback": null, "spawned_tasks":
        [], "progress_report": {"yum_importer": {"content": {"items_total": 0, "state":
        "FINISHED", "error_details": [], "details": {"rpm_total": 0, "rpm_done": 0,
        "drpm_total": 0, "drpm_done": 0}, "size_total": 0, "size_left": 0, "items_left":
        0}, "comps": {"state": "FINISHED"}, "purge_duplicates": {"state": "FINISHED"},
        "distribution": {"items_total": 3, "state": "FINISHED", "error_details": [],
        "items_left": 0}, "errata": {"state": "FINISHED"}, "metadata": {"state": "FINISHED"}}},
        "queue": "reserved_resource_worker-0@runcible.example.com.dq", "state": "finished",
        "worker_name": "reserved_resource_worker-0@runcible.example.com", "result":
        {"result": "success", "importer_id": "yum_importer", "exception": null, "repo_id":
        "integration_test_id", "traceback": null, "started": "2016-04-29T16:26:30Z",
        "_ns": "repo_sync_results", "completed": "2016-04-29T16:26:31Z", "importer_type_id":
        "yum_importer", "error_message": null, "summary": {"content": {"state": "FINISHED"},
        "comps": {"state": "FINISHED"}, "purge_duplicates": {"state": "FINISHED"},
        "distribution": {"state": "FINISHED"}, "errata": {"state": "FINISHED"}, "metadata":
        {"state": "FINISHED"}}, "added_count": 14, "removed_count": 0, "updated_count":
        0, "id": "57238b37aca4886e0c05c3e0", "details": {"content": {"size_total":
        0, "items_left": 0, "items_total": 0, "state": "FINISHED", "size_left": 0,
        "details": {"rpm_total": 0, "rpm_done": 0, "drpm_total": 0, "drpm_done": 0},
        "error_details": []}, "comps": {"state": "FINISHED"}, "purge_duplicates":
        {"state": "FINISHED"}, "distribution": {"items_total": 3, "state": "FINISHED",
        "error_details": [], "items_left": 0}, "errata": {"state": "FINISHED"}, "metadata":
        {"state": "FINISHED"}}}, "error": null, "_id": {"$oid": "57238b36898f5c862fa3eb8e"},
        "id": "57238b36898f5c862fa3eb8e"}'
    http_version: 
  recorded_at: Fri, 29 Apr 2016 16:26:31 GMT
- request:
    method: get
    uri: https://admin:HeQSzZgm6ZEKG8aHrJEGW7aGD85Wrj57@runcible.example.com/pulp/api/v2/tasks/bb90d2a9-101f-416b-afe3-9d4b5b42b0b2/
    body:
      encoding: US-ASCII
      string: ''
    headers:
      Accept:
      - application/json
      Accept-Encoding:
      - gzip, deflate
      Content-Type:
      - application/json
      User-Agent:
      - Ruby
  response:
    status:
      code: 200
      message: OK
    headers:
      Date:
      - Fri, 29 Apr 2016 16:26:34 GMT
      Server:
      - Apache/2.4.6 (CentOS)
      Vary:
      - Accept-Encoding
      Content-Length:
      - '690'
      Content-Type:
      - application/json; charset=utf-8
    body:
      encoding: ASCII-8BIT
      string: '{"exception": null, "task_type": "pulp.server.tasks.repository.delete",
        "_href": "/pulp/api/v2/tasks/bb90d2a9-101f-416b-afe3-9d4b5b42b0b2/", "task_id":
        "bb90d2a9-101f-416b-afe3-9d4b5b42b0b2", "tags": ["pulp:repository:integration_test_id_clone",
        "pulp:action:delete"], "finish_time": "2016-04-29T16:26:34Z", "_ns": "task_status",
        "start_time": "2016-04-29T16:26:34Z", "traceback": null, "spawned_tasks":
        [], "progress_report": {}, "queue": "reserved_resource_worker-0@runcible.example.com.dq",
        "state": "finished", "worker_name": "reserved_resource_worker-0@runcible.example.com",
        "result": null, "error": null, "_id": {"$oid": "57238b39898f5c862fa3eba7"},
        "id": "57238b39898f5c862fa3eba7"}'
    http_version: 
  recorded_at: Fri, 29 Apr 2016 16:26:34 GMT
- request:
    method: get
    uri: https://admin:HeQSzZgm6ZEKG8aHrJEGW7aGD85Wrj57@runcible.example.com/pulp/api/v2/tasks/050711d2-dd1f-4552-a4de-6c07bf25868f/
    body:
      encoding: US-ASCII
      string: ''
    headers:
      Accept:
      - application/json
      Accept-Encoding:
      - gzip, deflate
      Content-Type:
      - application/json
      User-Agent:
      - Ruby
  response:
    status:
      code: 200
      message: OK
    headers:
      Date:
      - Fri, 29 Apr 2016 16:26:35 GMT
      Server:
      - Apache/2.4.6 (CentOS)
      Vary:
      - Accept-Encoding
      Content-Length:
      - '684'
      Content-Type:
      - application/json; charset=utf-8
    body:
      encoding: ASCII-8BIT
      string: '{"exception": null, "task_type": "pulp.server.tasks.repository.delete",
        "_href": "/pulp/api/v2/tasks/050711d2-dd1f-4552-a4de-6c07bf25868f/", "task_id":
        "050711d2-dd1f-4552-a4de-6c07bf25868f", "tags": ["pulp:repository:integration_test_id",
        "pulp:action:delete"], "finish_time": "2016-04-29T16:26:34Z", "_ns": "task_status",
        "start_time": "2016-04-29T16:26:34Z", "traceback": null, "spawned_tasks":
        [], "progress_report": {}, "queue": "reserved_resource_worker-0@runcible.example.com.dq",
        "state": "finished", "worker_name": "reserved_resource_worker-0@runcible.example.com",
        "result": null, "error": null, "_id": {"$oid": "57238b3a898f5c862fa3eba8"},
        "id": "57238b3a898f5c862fa3eba8"}'
    http_version: 
  recorded_at: Fri, 29 Apr 2016 16:26:35 GMT
- request:
    method: get
    uri: https://devel.example.com/pulp/api/v2/tasks/42aa1c91-a1f8-4c15-a533-4ba9693bda7b/
    body:
      encoding: US-ASCII
      string: ''
    headers:
      Accept:
      - application/json
      Accept-Encoding:
      - gzip, deflate
      User-Agent:
      - rest-client/2.0.2 (linux-gnu x86_64) ruby/2.4.4p296
      Content-Type:
      - application/json
      Host:
      - devel.example.com
      Authorization:
      - Basic YWRtaW46YWRtaW4=
  response:
    status:
      code: 200
      message: OK
    headers:
      Date:
      - Wed, 15 Aug 2018 15:40:34 GMT
      Server:
      - Apache/2.4.6 (CentOS)
      Etag:
      - '"d8d6df8294d8cd69c400389cbeeff615-gzip"'
      Vary:
      - Accept-Encoding
      Content-Length:
      - '1146'
      Content-Type:
      - application/json; charset=utf-8
    body:
      encoding: ASCII-8BIT
      string: '{"exception": null, "task_type": "pulp.server.managers.repo.sync.sync",
        "_href": "/pulp/api/v2/tasks/42aa1c91-a1f8-4c15-a533-4ba9693bda7b/", "task_id":
        "42aa1c91-a1f8-4c15-a533-4ba9693bda7b", "tags": ["pulp:repository:integration_test_id",
        "pulp:action:sync"], "finish_time": null, "_ns": "task_status", "start_time":
        "2018-08-15T15:40:34Z", "traceback": null, "spawned_tasks": [], "progress_report":
        {"yum_importer": {"content": {"items_total": 0, "state": "FINISHED", "error_details":
        [], "details": {"rpm_total": 0, "rpm_done": 0, "drpm_total": 0, "drpm_done":
        0}, "size_total": 0, "size_left": 0, "items_left": 0}, "comps": {"state":
        "FINISHED"}, "purge_duplicates": {"state": "FINISHED"}, "distribution": {"items_total":
        3, "state": "FINISHED", "error_details": [], "items_left": 0}, "modules":
        {"state": "FINISHED"}, "errata": {"state": "FINISHED"}, "metadata": {"state":
        "FINISHED"}}}, "queue": "reserved_resource_worker-1@devel.example.com.dq2",
        "state": "running", "worker_name": "reserved_resource_worker-1@devel.example.com",
        "result": null, "error": null, "_id": {"$oid": "5b74497269b4753f995ce12c"},
        "id": "5b74497269b4753f995ce12c"}'
    http_version: 
  recorded_at: Wed, 15 Aug 2018 15:40:34 GMT
- request:
    method: get
    uri: https://devel.example.com/pulp/api/v2/tasks/42aa1c91-a1f8-4c15-a533-4ba9693bda7b/
    body:
      encoding: US-ASCII
      string: ''
    headers:
      Accept:
      - application/json
      Accept-Encoding:
      - gzip, deflate
      User-Agent:
      - rest-client/2.0.2 (linux-gnu x86_64) ruby/2.4.4p296
      Content-Type:
      - application/json
      Host:
      - devel.example.com
      Authorization:
      - Basic YWRtaW46YWRtaW4=
  response:
    status:
      code: 200
      message: OK
    headers:
      Date:
      - Wed, 15 Aug 2018 15:40:35 GMT
      Server:
      - Apache/2.4.6 (CentOS)
      Etag:
      - '"57704258946c1de620dac5a8cfbf5644-gzip"'
      Vary:
      - Accept-Encoding
      Content-Length:
      - '2285'
      Content-Type:
      - application/json; charset=utf-8
    body:
      encoding: ASCII-8BIT
      string: '{"exception": null, "task_type": "pulp.server.managers.repo.sync.sync",
        "_href": "/pulp/api/v2/tasks/42aa1c91-a1f8-4c15-a533-4ba9693bda7b/", "task_id":
        "42aa1c91-a1f8-4c15-a533-4ba9693bda7b", "tags": ["pulp:repository:integration_test_id",
        "pulp:action:sync"], "finish_time": "2018-08-15T15:40:35Z", "_ns": "task_status",
        "start_time": "2018-08-15T15:40:34Z", "traceback": null, "spawned_tasks":
        [], "progress_report": {"yum_importer": {"content": {"items_total": 0, "state":
        "FINISHED", "error_details": [], "details": {"rpm_total": 0, "rpm_done": 0,
        "drpm_total": 0, "drpm_done": 0}, "size_total": 0, "size_left": 0, "items_left":
        0}, "comps": {"state": "FINISHED"}, "purge_duplicates": {"state": "FINISHED"},
        "distribution": {"items_total": 3, "state": "FINISHED", "error_details": [],
        "items_left": 0}, "modules": {"state": "FINISHED"}, "errata": {"state": "FINISHED"},
        "metadata": {"state": "FINISHED"}}}, "queue": "reserved_resource_worker-1@devel.example.com.dq2",
        "state": "finished", "worker_name": "reserved_resource_worker-1@devel.example.com",
        "result": {"result": "success", "importer_id": "yum_importer", "exception":
        null, "repo_id": "integration_test_id", "traceback": null, "started": "2018-08-15T15:40:34Z",
        "_ns": "repo_sync_results", "completed": "2018-08-15T15:40:34Z", "importer_type_id":
        "yum_importer", "error_message": null, "summary": {"modules": {"state": "FINISHED"},
        "content": {"state": "FINISHED"}, "comps": {"state": "FINISHED"}, "purge_duplicates":
        {"state": "FINISHED"}, "distribution": {"state": "FINISHED"}, "errata": {"state":
        "FINISHED"}, "metadata": {"state": "FINISHED"}}, "added_count": 14, "removed_count":
        0, "updated_count": 0, "id": "5b74497269f4e512cd684a65", "details": {"modules":
        {"state": "FINISHED"}, "content": {"size_total": 0, "items_left": 0, "items_total":
        0, "state": "FINISHED", "size_left": 0, "details": {"rpm_total": 0, "rpm_done":
        0, "drpm_total": 0, "drpm_done": 0}, "error_details": []}, "comps": {"state":
        "FINISHED"}, "purge_duplicates": {"state": "FINISHED"}, "distribution": {"items_total":
        3, "state": "FINISHED", "error_details": [], "items_left": 0}, "errata": {"state":
        "FINISHED"}, "metadata": {"state": "FINISHED"}}}, "error": null, "_id": {"$oid":
        "5b74497269b4753f995ce12c"}, "id": "5b74497269b4753f995ce12c"}'
    http_version: 
  recorded_at: Wed, 15 Aug 2018 15:40:35 GMT
- request:
    method: get
    uri: https://devel.example.com/pulp/api/v2/tasks/0a080626-e31b-462f-ac78-64537d1e9a72/
    body:
      encoding: US-ASCII
      string: ''
    headers:
      Accept:
      - application/json
      Accept-Encoding:
      - gzip, deflate
      User-Agent:
      - rest-client/2.0.2 (linux-gnu x86_64) ruby/2.4.4p296
      Content-Type:
      - application/json
      Host:
      - devel.example.com
      Authorization:
      - Basic YWRtaW46YWRtaW4=
  response:
    status:
      code: 200
      message: OK
    headers:
      Date:
      - Wed, 15 Aug 2018 15:40:37 GMT
      Server:
      - Apache/2.4.6 (CentOS)
      Etag:
      - '"f65e469a6fc433f76bb8e344b2e96ff8-gzip"'
      Vary:
      - Accept-Encoding
      Content-Length:
      - '685'
      Content-Type:
      - application/json; charset=utf-8
    body:
      encoding: ASCII-8BIT
      string: '{"exception": null, "task_type": "pulp.server.tasks.repository.delete",
        "_href": "/pulp/api/v2/tasks/0a080626-e31b-462f-ac78-64537d1e9a72/", "task_id":
        "0a080626-e31b-462f-ac78-64537d1e9a72", "tags": ["pulp:repository:integration_test_id_clone",
        "pulp:action:delete"], "finish_time": "2018-08-15T15:40:36Z", "_ns": "task_status",
        "start_time": "2018-08-15T15:40:36Z", "traceback": null, "spawned_tasks":
        [], "progress_report": {}, "queue": "reserved_resource_worker-1@devel.example.com.dq2",
        "state": "finished", "worker_name": "reserved_resource_worker-1@devel.example.com",
        "result": null, "error": null, "_id": {"$oid": "5b74497469b4753f995ce2e1"},
        "id": "5b74497469b4753f995ce2e1"}'
    http_version: 
  recorded_at: Wed, 15 Aug 2018 15:40:37 GMT
- request:
    method: get
    uri: https://devel.example.com/pulp/api/v2/tasks/eeb8d4e2-a969-4c7b-9a9b-b39a6956ee81/
    body:
      encoding: US-ASCII
      string: ''
    headers:
      Accept:
      - application/json
      Accept-Encoding:
      - gzip, deflate
      User-Agent:
      - rest-client/2.0.2 (linux-gnu x86_64) ruby/2.4.4p296
      Content-Type:
      - application/json
      Host:
      - devel.example.com
      Authorization:
      - Basic YWRtaW46YWRtaW4=
  response:
    status:
      code: 200
      message: OK
    headers:
      Date:
      - Wed, 15 Aug 2018 15:40:37 GMT
      Server:
      - Apache/2.4.6 (CentOS)
      Etag:
      - '"b538e5cf475938479828c53648ea23e2-gzip"'
      Vary:
      - Accept-Encoding
      Content-Length:
      - '679'
      Content-Type:
      - application/json; charset=utf-8
    body:
      encoding: ASCII-8BIT
      string: '{"exception": null, "task_type": "pulp.server.tasks.repository.delete",
        "_href": "/pulp/api/v2/tasks/eeb8d4e2-a969-4c7b-9a9b-b39a6956ee81/", "task_id":
        "eeb8d4e2-a969-4c7b-9a9b-b39a6956ee81", "tags": ["pulp:repository:integration_test_id",
        "pulp:action:delete"], "finish_time": "2018-08-15T15:40:37Z", "_ns": "task_status",
        "start_time": "2018-08-15T15:40:37Z", "traceback": null, "spawned_tasks":
        [], "progress_report": {}, "queue": "reserved_resource_worker-1@devel.example.com.dq2",
        "state": "finished", "worker_name": "reserved_resource_worker-1@devel.example.com",
        "result": null, "error": null, "_id": {"$oid": "5b74497569b4753f995ce316"},
        "id": "5b74497569b4753f995ce316"}'
    http_version: 
  recorded_at: Wed, 15 Aug 2018 15:40:37 GMT
- request:
    method: delete
    uri: https://devel.example.com/pulp/api/v2/repositories/integration_test_id/
    body:
      encoding: US-ASCII
      string: ''
    headers:
      Accept:
      - application/json
      Accept-Encoding:
      - gzip, deflate
      User-Agent:
      - rest-client/2.0.2 (linux-gnu x86_64) ruby/2.4.4p296
      Content-Type:
      - application/json
      Host:
      - devel.example.com
      Authorization:
      - Basic YWRtaW46YWRtaW4=
  response:
    status:
      code: 404
      message: Not Found
    headers:
      Date:
      - Wed, 15 Aug 2018 15:49:15 GMT
      Server:
      - Apache/2.4.6 (CentOS)
      Content-Length:
      - '454'
      Content-Type:
      - application/json; charset=utf-8
    body:
      encoding: UTF-8
      string: '{"http_request_method": "DELETE", "exception": null, "error_message":
        "Missing resource(s): repository=integration_test_id", "_href": "/pulp/api/v2/repositories/integration_test_id/",
        "http_status": 404, "error": {"code": "PLP0009", "data": {"resources": {"repository":
        "integration_test_id"}}, "description": "Missing resource(s): repository=integration_test_id",
        "sub_errors": []}, "traceback": null, "resources": {"repository": "integration_test_id"}}'
    http_version: 
  recorded_at: Wed, 15 Aug 2018 15:49:15 GMT
- request:
    method: get
    uri: https://devel.example.com/pulp/api/v2/repositories/integration_test_id/
    body:
      encoding: US-ASCII
      string: ''
    headers:
      Accept:
      - application/json
      Accept-Encoding:
      - gzip, deflate
      User-Agent:
      - rest-client/2.0.2 (linux-gnu x86_64) ruby/2.4.4p296
      Content-Type:
      - application/json
      Host:
      - devel.example.com
      Authorization:
      - Basic YWRtaW46YWRtaW4=
  response:
    status:
      code: 404
      message: Not Found
    headers:
      Date:
      - Wed, 15 Aug 2018 15:49:15 GMT
      Server:
      - Apache/2.4.6 (CentOS)
      Content-Length:
      - '452'
      Etag:
      - '"7069a6b1115393c7d259d12015ef56e1"'
      Content-Type:
      - application/json; charset=utf-8
    body:
      encoding: UTF-8
      string: '{"http_request_method": "GET", "exception": null, "error_message":
        "Missing resource(s): repository=integration_test_id", "_href": "/pulp/api/v2/repositories/integration_test_id/?",
        "http_status": 404, "error": {"code": "PLP0009", "data": {"resources": {"repository":
        "integration_test_id"}}, "description": "Missing resource(s): repository=integration_test_id",
        "sub_errors": []}, "traceback": null, "resources": {"repository": "integration_test_id"}}'
    http_version: 
  recorded_at: Wed, 15 Aug 2018 15:49:15 GMT
- request:
    method: post
    uri: https://devel.example.com/pulp/api/v2/repositories/
    body:
      encoding: UTF-8
      string: '{"id":"integration_test_id","importer_type_id":"yum_importer","importer_config":{"feed":"file:///var/www/repositories/zoo5"}}'
    headers:
      Accept:
      - application/json
      Accept-Encoding:
      - gzip, deflate
      User-Agent:
      - rest-client/2.0.2 (linux-gnu x86_64) ruby/2.4.4p296
      Content-Type:
      - application/json
      Content-Length:
      - '125'
      Host:
      - devel.example.com
      Authorization:
      - Basic YWRtaW46YWRtaW4=
  response:
    status:
      code: 201
      message: CREATED
    headers:
      Date:
      - Wed, 15 Aug 2018 15:49:15 GMT
      Server:
      - Apache/2.4.6 (CentOS)
      Content-Length:
      - '319'
      Location:
      - "/pulp/api/v2/repositories/integration_test_id/"
      Content-Type:
      - application/json; charset=utf-8
    body:
      encoding: UTF-8
      string: '{"scratchpad": {}, "display_name": "integration_test_id", "description":
        null, "last_unit_added": null, "notes": {}, "last_unit_removed": null, "content_unit_counts":
        {}, "_ns": "repos", "_id": {"$oid": "5b744b7b69f4e52415bb1c41"}, "id": "integration_test_id",
        "_href": "/pulp/api/v2/repositories/integration_test_id/"}'
    http_version: 
  recorded_at: Wed, 15 Aug 2018 15:49:15 GMT
- request:
    method: post
    uri: https://devel.example.com/pulp/api/v2/repositories/integration_test_id/actions/sync/
    body:
      encoding: UTF-8
      string: "{}"
    headers:
      Accept:
      - application/json
      Accept-Encoding:
      - gzip, deflate
      User-Agent:
      - rest-client/2.0.2 (linux-gnu x86_64) ruby/2.4.4p296
      Content-Type:
      - application/json
      Content-Length:
      - '2'
      Host:
      - devel.example.com
      Authorization:
      - Basic YWRtaW46YWRtaW4=
  response:
    status:
      code: 202
      message: Accepted
    headers:
      Date:
      - Wed, 15 Aug 2018 15:49:15 GMT
      Server:
      - Apache/2.4.6 (CentOS)
      Content-Length:
      - '172'
      Content-Type:
      - application/json; charset=utf-8
    body:
      encoding: UTF-8
      string: '{"spawned_tasks": [{"_href": "/pulp/api/v2/tasks/a8a754a2-864c-43fb-aa2b-1186429cfc46/",
        "task_id": "a8a754a2-864c-43fb-aa2b-1186429cfc46"}], "result": null, "error":
        null}'
    http_version: 
  recorded_at: Wed, 15 Aug 2018 15:49:15 GMT
- request:
    method: get
    uri: https://devel.example.com/pulp/api/v2/tasks/a8a754a2-864c-43fb-aa2b-1186429cfc46/
    body:
      encoding: US-ASCII
      string: ''
    headers:
      Accept:
      - application/json
      Accept-Encoding:
      - gzip, deflate
      User-Agent:
      - rest-client/2.0.2 (linux-gnu x86_64) ruby/2.4.4p296
      Content-Type:
      - application/json
      Host:
      - devel.example.com
      Authorization:
      - Basic YWRtaW46YWRtaW4=
  response:
    status:
      code: 200
      message: OK
    headers:
      Date:
      - Wed, 15 Aug 2018 15:49:15 GMT
      Server:
      - Apache/2.4.6 (CentOS)
      Etag:
      - '"e6535dd902af5443564e6af5f734a31d-gzip"'
      Vary:
      - Accept-Encoding
      Content-Length:
      - '1146'
      Content-Type:
      - application/json; charset=utf-8
    body:
      encoding: ASCII-8BIT
      string: '{"exception": null, "task_type": "pulp.server.managers.repo.sync.sync",
        "_href": "/pulp/api/v2/tasks/a8a754a2-864c-43fb-aa2b-1186429cfc46/", "task_id":
        "a8a754a2-864c-43fb-aa2b-1186429cfc46", "tags": ["pulp:repository:integration_test_id",
        "pulp:action:sync"], "finish_time": null, "_ns": "task_status", "start_time":
        "2018-08-15T15:49:15Z", "traceback": null, "spawned_tasks": [], "progress_report":
        {"yum_importer": {"content": {"items_total": 0, "state": "FINISHED", "error_details":
        [], "details": {"rpm_total": 0, "rpm_done": 0, "drpm_total": 0, "drpm_done":
        0}, "size_total": 0, "size_left": 0, "items_left": 0}, "comps": {"state":
        "FINISHED"}, "purge_duplicates": {"state": "FINISHED"}, "distribution": {"items_total":
        3, "state": "FINISHED", "error_details": [], "items_left": 0}, "modules":
        {"state": "FINISHED"}, "errata": {"state": "FINISHED"}, "metadata": {"state":
        "FINISHED"}}}, "queue": "reserved_resource_worker-1@devel.example.com.dq2",
        "state": "running", "worker_name": "reserved_resource_worker-1@devel.example.com",
        "result": null, "error": null, "_id": {"$oid": "5b744b7b69b4753f995d88a0"},
        "id": "5b744b7b69b4753f995d88a0"}'
    http_version: 
  recorded_at: Wed, 15 Aug 2018 15:49:15 GMT
- request:
    method: get
    uri: https://devel.example.com/pulp/api/v2/tasks/a8a754a2-864c-43fb-aa2b-1186429cfc46/
    body:
      encoding: US-ASCII
      string: ''
    headers:
      Accept:
      - application/json
      Accept-Encoding:
      - gzip, deflate
      User-Agent:
      - rest-client/2.0.2 (linux-gnu x86_64) ruby/2.4.4p296
      Content-Type:
      - application/json
      Host:
      - devel.example.com
      Authorization:
      - Basic YWRtaW46YWRtaW4=
  response:
    status:
      code: 200
      message: OK
    headers:
      Date:
      - Wed, 15 Aug 2018 15:49:16 GMT
      Server:
      - Apache/2.4.6 (CentOS)
      Etag:
      - '"251582e326489cfa45de648a1a8d219a-gzip"'
      Vary:
      - Accept-Encoding
      Content-Length:
      - '2285'
      Content-Type:
      - application/json; charset=utf-8
    body:
      encoding: ASCII-8BIT
      string: '{"exception": null, "task_type": "pulp.server.managers.repo.sync.sync",
        "_href": "/pulp/api/v2/tasks/a8a754a2-864c-43fb-aa2b-1186429cfc46/", "task_id":
        "a8a754a2-864c-43fb-aa2b-1186429cfc46", "tags": ["pulp:repository:integration_test_id",
        "pulp:action:sync"], "finish_time": "2018-08-15T15:49:16Z", "_ns": "task_status",
        "start_time": "2018-08-15T15:49:15Z", "traceback": null, "spawned_tasks":
        [], "progress_report": {"yum_importer": {"content": {"items_total": 0, "state":
        "FINISHED", "error_details": [], "details": {"rpm_total": 0, "rpm_done": 0,
        "drpm_total": 0, "drpm_done": 0}, "size_total": 0, "size_left": 0, "items_left":
        0}, "comps": {"state": "FINISHED"}, "purge_duplicates": {"state": "FINISHED"},
        "distribution": {"items_total": 3, "state": "FINISHED", "error_details": [],
        "items_left": 0}, "modules": {"state": "FINISHED"}, "errata": {"state": "FINISHED"},
        "metadata": {"state": "FINISHED"}}}, "queue": "reserved_resource_worker-1@devel.example.com.dq2",
        "state": "finished", "worker_name": "reserved_resource_worker-1@devel.example.com",
        "result": {"result": "success", "importer_id": "yum_importer", "exception":
        null, "repo_id": "integration_test_id", "traceback": null, "started": "2018-08-15T15:49:15Z",
        "_ns": "repo_sync_results", "completed": "2018-08-15T15:49:15Z", "importer_type_id":
        "yum_importer", "error_message": null, "summary": {"modules": {"state": "FINISHED"},
        "content": {"state": "FINISHED"}, "comps": {"state": "FINISHED"}, "purge_duplicates":
        {"state": "FINISHED"}, "distribution": {"state": "FINISHED"}, "errata": {"state":
        "FINISHED"}, "metadata": {"state": "FINISHED"}}, "added_count": 14, "removed_count":
        0, "updated_count": 0, "id": "5b744b7b69f4e5246970c429", "details": {"modules":
        {"state": "FINISHED"}, "content": {"size_total": 0, "items_left": 0, "items_total":
        0, "state": "FINISHED", "size_left": 0, "details": {"rpm_total": 0, "rpm_done":
        0, "drpm_total": 0, "drpm_done": 0}, "error_details": []}, "comps": {"state":
        "FINISHED"}, "purge_duplicates": {"state": "FINISHED"}, "distribution": {"items_total":
        3, "state": "FINISHED", "error_details": [], "items_left": 0}, "errata": {"state":
        "FINISHED"}, "metadata": {"state": "FINISHED"}}}, "error": null, "_id": {"$oid":
        "5b744b7b69b4753f995d88a0"}, "id": "5b744b7b69b4753f995d88a0"}'
    http_version: 
  recorded_at: Wed, 15 Aug 2018 15:49:16 GMT
- request:
    method: post
    uri: https://devel.example.com/pulp/api/v2/repositories/
    body:
      encoding: UTF-8
      string: '{"id":"integration_test_id_clone","importer_type_id":"yum_importer","importer_config":{}}'
    headers:
      Accept:
      - application/json
      Accept-Encoding:
      - gzip, deflate
      User-Agent:
      - rest-client/2.0.2 (linux-gnu x86_64) ruby/2.4.4p296
      Content-Type:
      - application/json
      Content-Length:
      - '89'
      Host:
      - devel.example.com
      Authorization:
      - Basic YWRtaW46YWRtaW4=
  response:
    status:
      code: 201
      message: CREATED
    headers:
      Date:
      - Wed, 15 Aug 2018 15:49:16 GMT
      Server:
      - Apache/2.4.6 (CentOS)
      Content-Length:
      - '337'
      Location:
      - "/pulp/api/v2/repositories/integration_test_id_clone/"
      Content-Type:
      - application/json; charset=utf-8
    body:
      encoding: UTF-8
      string: '{"scratchpad": {}, "display_name": "integration_test_id_clone", "description":
        null, "last_unit_added": null, "notes": {}, "last_unit_removed": null, "content_unit_counts":
        {}, "_ns": "repos", "_id": {"$oid": "5b744b7c69f4e52414639d5f"}, "id": "integration_test_id_clone",
        "_href": "/pulp/api/v2/repositories/integration_test_id_clone/"}'
    http_version: 
  recorded_at: Wed, 15 Aug 2018 15:49:16 GMT
- request:
    method: delete
    uri: https://devel.example.com/pulp/api/v2/repositories/integration_test_id_clone/
    body:
      encoding: US-ASCII
      string: ''
    headers:
      Accept:
      - application/json
      Accept-Encoding:
      - gzip, deflate
      User-Agent:
      - rest-client/2.0.2 (linux-gnu x86_64) ruby/2.4.4p296
      Content-Type:
      - application/json
      Host:
      - devel.example.com
      Authorization:
      - Basic YWRtaW46YWRtaW4=
  response:
    status:
      code: 202
      message: Accepted
    headers:
      Date:
      - Wed, 15 Aug 2018 15:49:17 GMT
      Server:
      - Apache/2.4.6 (CentOS)
      Content-Length:
      - '172'
      Content-Type:
      - application/json; charset=utf-8
    body:
      encoding: UTF-8
      string: '{"spawned_tasks": [{"_href": "/pulp/api/v2/tasks/3d99a6ab-a0cf-4655-895d-9db579dfc1e6/",
        "task_id": "3d99a6ab-a0cf-4655-895d-9db579dfc1e6"}], "result": null, "error":
        null}'
    http_version: 
  recorded_at: Wed, 15 Aug 2018 15:49:17 GMT
- request:
    method: get
    uri: https://devel.example.com/pulp/api/v2/tasks/3d99a6ab-a0cf-4655-895d-9db579dfc1e6/
    body:
      encoding: US-ASCII
      string: ''
    headers:
      Accept:
      - application/json
      Accept-Encoding:
      - gzip, deflate
      User-Agent:
      - rest-client/2.0.2 (linux-gnu x86_64) ruby/2.4.4p296
      Content-Type:
      - application/json
      Host:
      - devel.example.com
      Authorization:
      - Basic YWRtaW46YWRtaW4=
  response:
    status:
      code: 200
      message: OK
    headers:
      Date:
      - Wed, 15 Aug 2018 15:49:18 GMT
      Server:
      - Apache/2.4.6 (CentOS)
      Etag:
      - '"459db8a38981c8e57707417dbd899e48-gzip"'
      Vary:
      - Accept-Encoding
      Content-Length:
      - '685'
      Content-Type:
      - application/json; charset=utf-8
    body:
      encoding: ASCII-8BIT
      string: '{"exception": null, "task_type": "pulp.server.tasks.repository.delete",
        "_href": "/pulp/api/v2/tasks/3d99a6ab-a0cf-4655-895d-9db579dfc1e6/", "task_id":
        "3d99a6ab-a0cf-4655-895d-9db579dfc1e6", "tags": ["pulp:repository:integration_test_id_clone",
        "pulp:action:delete"], "finish_time": "2018-08-15T15:49:17Z", "_ns": "task_status",
        "start_time": "2018-08-15T15:49:17Z", "traceback": null, "spawned_tasks":
        [], "progress_report": {}, "queue": "reserved_resource_worker-1@devel.example.com.dq2",
        "state": "finished", "worker_name": "reserved_resource_worker-1@devel.example.com",
        "result": null, "error": null, "_id": {"$oid": "5b744b7d69b4753f995d8a60"},
        "id": "5b744b7d69b4753f995d8a60"}'
    http_version: 
  recorded_at: Wed, 15 Aug 2018 15:49:18 GMT
- request:
    method: delete
    uri: https://devel.example.com/pulp/api/v2/repositories/integration_test_id/
    body:
      encoding: US-ASCII
      string: ''
    headers:
      Accept:
      - application/json
      Accept-Encoding:
      - gzip, deflate
      User-Agent:
      - rest-client/2.0.2 (linux-gnu x86_64) ruby/2.4.4p296
      Content-Type:
      - application/json
      Host:
      - devel.example.com
      Authorization:
      - Basic YWRtaW46YWRtaW4=
  response:
    status:
      code: 202
      message: Accepted
    headers:
      Date:
      - Wed, 15 Aug 2018 15:49:18 GMT
      Server:
      - Apache/2.4.6 (CentOS)
      Content-Length:
      - '172'
      Content-Type:
      - application/json; charset=utf-8
    body:
      encoding: UTF-8
      string: '{"spawned_tasks": [{"_href": "/pulp/api/v2/tasks/88b6bba9-2919-44f7-86b1-1978bf3c3556/",
        "task_id": "88b6bba9-2919-44f7-86b1-1978bf3c3556"}], "result": null, "error":
        null}'
    http_version: 
  recorded_at: Wed, 15 Aug 2018 15:49:18 GMT
- request:
    method: get
    uri: https://devel.example.com/pulp/api/v2/tasks/88b6bba9-2919-44f7-86b1-1978bf3c3556/
    body:
      encoding: US-ASCII
      string: ''
    headers:
      Accept:
      - application/json
      Accept-Encoding:
      - gzip, deflate
      User-Agent:
      - rest-client/2.0.2 (linux-gnu x86_64) ruby/2.4.4p296
      Content-Type:
      - application/json
      Host:
      - devel.example.com
      Authorization:
      - Basic YWRtaW46YWRtaW4=
  response:
    status:
      code: 200
      message: OK
    headers:
      Date:
      - Wed, 15 Aug 2018 15:49:19 GMT
      Server:
      - Apache/2.4.6 (CentOS)
      Etag:
      - '"221c39cffd995e36ca0a2bd9e0233f3b-gzip"'
      Vary:
      - Accept-Encoding
      Content-Length:
      - '679'
      Content-Type:
      - application/json; charset=utf-8
    body:
      encoding: ASCII-8BIT
      string: '{"exception": null, "task_type": "pulp.server.tasks.repository.delete",
        "_href": "/pulp/api/v2/tasks/88b6bba9-2919-44f7-86b1-1978bf3c3556/", "task_id":
        "88b6bba9-2919-44f7-86b1-1978bf3c3556", "tags": ["pulp:repository:integration_test_id",
        "pulp:action:delete"], "finish_time": "2018-08-15T15:49:18Z", "_ns": "task_status",
        "start_time": "2018-08-15T15:49:18Z", "traceback": null, "spawned_tasks":
        [], "progress_report": {}, "queue": "reserved_resource_worker-1@devel.example.com.dq2",
        "state": "finished", "worker_name": "reserved_resource_worker-1@devel.example.com",
        "result": null, "error": null, "_id": {"$oid": "5b744b7e69b4753f995d8a91"},
        "id": "5b744b7e69b4753f995d8a91"}'
    http_version: 
  recorded_at: Wed, 15 Aug 2018 15:49:19 GMT
recorded_with: VCR 4.0.0
