---
http_interactions:
- request:
    method: get
    uri: https://admin:HeQSzZgm6ZEKG8aHrJEGW7aGD85Wrj57@runcible.example.com/pulp/api/v2/tasks/ca681049-0f8a-4d73-8c81-aa2c986d46a4/
    body:
      encoding: US-ASCII
      string: ''
    headers:
      Accept:
      - application/json
      Accept-Encoding:
      - gzip, deflate
      Content-Type:
      - application/json
      User-Agent:
      - Ruby
  response:
    status:
      code: 200
      message: OK
    headers:
      Date:
      - Fri, 29 Apr 2016 16:22:10 GMT
      Server:
      - Apache/2.4.6 (CentOS)
      Vary:
      - Accept-Encoding
      Content-Length:
      - '691'
      Content-Type:
      - application/json; charset=utf-8
    body:
      encoding: ASCII-8BIT
      string: '{"exception": null, "task_type": "pulp.server.tasks.repository.delete",
        "_href": "/pulp/api/v2/tasks/ca681049-0f8a-4d73-8c81-aa2c986d46a4/", "task_id":
        "ca681049-0f8a-4d73-8c81-aa2c986d46a4", "tags": ["pulp:repository:integration_test_id_distro",
        "pulp:action:delete"], "finish_time": "2016-04-29T16:22:10Z", "_ns": "task_status",
        "start_time": "2016-04-29T16:22:10Z", "traceback": null, "spawned_tasks":
        [], "progress_report": {}, "queue": "reserved_resource_worker-0@runcible.example.com.dq",
        "state": "finished", "worker_name": "reserved_resource_worker-0@runcible.example.com",
        "result": null, "error": null, "_id": {"$oid": "57238a32898f5c862fa3eae8"},
        "id": "57238a32898f5c862fa3eae8"}'
    http_version: 
  recorded_at: Fri, 29 Apr 2016 16:22:11 GMT
- request:
    method: get
    uri: https://admin:8hPtEyo9rgBhv2ahMTYH9Xqsp3WX5rcj@runcible.example.com/pulp/api/v2/tasks/9d99e091-33f3-4395-a9b5-10f76b714205/
    body:
      encoding: US-ASCII
      string: ''
    headers:
      Accept:
      - application/json
      Accept-Encoding:
      - gzip, deflate
      Content-Type:
      - application/json
      User-Agent:
      - Ruby
  response:
    status:
      code: 200
      message: OK
    headers:
      Date:
      - Tue, 26 Jul 2016 19:16:57 GMT
      Server:
      - Apache/2.4.6 (CentOS)
      Vary:
      - Accept-Encoding
      Content-Length:
      - '691'
      Content-Type:
      - application/json; charset=utf-8
    body:
      encoding: ASCII-8BIT
      string: '{"exception": null, "task_type": "pulp.server.tasks.repository.delete",
        "_href": "/pulp/api/v2/tasks/9d99e091-33f3-4395-a9b5-10f76b714205/", "task_id":
        "9d99e091-33f3-4395-a9b5-10f76b714205", "tags": ["pulp:repository:integration_test_id_distro",
        "pulp:action:delete"], "finish_time": "2016-07-26T19:16:56Z", "_ns": "task_status",
        "start_time": "2016-07-26T19:16:56Z", "traceback": null, "spawned_tasks":
        [], "progress_report": {}, "queue": "reserved_resource_worker-0@runcible.example.com.dq",
        "state": "finished", "worker_name": "reserved_resource_worker-0@runcible.example.com",
        "result": null, "error": null, "_id": {"$oid": "5797b728d5c469f4207bd1fb"},
        "id": "5797b728d5c469f4207bd1fb"}'
    http_version: 
  recorded_at: Tue, 26 Jul 2016 19:16:57 GMT
- request:
    method: post
    uri: https://admin:8hPtEyo9rgBhv2ahMTYH9Xqsp3WX5rcj@runcible.example.com/pulp/api/v2/repositories/
    body:
      encoding: UTF-8
      string: '{"id":"integration_test_id_distro","distributors":[{"distributor_type_id":"puppet_distributor","distributor_config":{"absolute_path":"/path","serve_http":true,"serve_https":true},"auto_publish":false,"distributor_id":"123"}]}'
    headers:
      Accept:
      - application/json
      Accept-Encoding:
      - gzip, deflate
      Content-Type:
      - application/json
      Content-Length:
      - '225'
      User-Agent:
      - Ruby
  response:
    status:
      code: 201
      message: CREATED
    headers:
      Date:
      - Tue, 26 Jul 2016 20:01:09 GMT
      Server:
      - Apache/2.4.6 (CentOS)
      Content-Length:
      - '340'
      Location:
      - https://runcible.example.com/pulp/api/v2/repositories/integration_test_id_distro/
      Content-Type:
      - application/json; charset=utf-8
    body:
      encoding: UTF-8
      string: '{"scratchpad": {}, "display_name": "integration_test_id_distro", "description":
        null, "last_unit_added": null, "notes": {}, "last_unit_removed": null, "content_unit_counts":
        {}, "_ns": "repos", "_id": {"$oid": "5797c185aca4887c74aca3df"}, "id": "integration_test_id_distro",
        "_href": "/pulp/api/v2/repositories/integration_test_id_distro/"}'
    http_version: 
  recorded_at: Tue, 26 Jul 2016 20:01:09 GMT
- request:
    method: get
    uri: https://admin:8hPtEyo9rgBhv2ahMTYH9Xqsp3WX5rcj@runcible.example.com/pulp/api/v2/repositories/integration_test_id_distro/?details=true
    body:
      encoding: US-ASCII
      string: ''
    headers:
      Accept:
      - application/json
      Accept-Encoding:
      - gzip, deflate
      Content-Type:
      - application/json
      User-Agent:
      - Ruby
  response:
    status:
      code: 200
      message: OK
    headers:
      Date:
      - Tue, 26 Jul 2016 20:01:09 GMT
      Server:
      - Apache/2.4.6 (CentOS)
      Vary:
      - Accept-Encoding
      Content-Length:
      - '898'
      Content-Type:
      - application/json; charset=utf-8
    body:
      encoding: ASCII-8BIT
      string: '{"scratchpad": {}, "display_name": "integration_test_id_distro", "description":
        null, "distributors": [{"repo_id": "integration_test_id_distro", "last_updated":
        "2016-07-26T20:01:09Z", "_href": "/pulp/api/v2/repositories/integration_test_id_distro/distributors/123/",
        "last_override_config": {}, "last_publish": null, "distributor_type_id": "puppet_distributor",
        "auto_publish": false, "scratchpad": {}, "_ns": "repo_distributors", "_id":
        {"$oid": "5797c185aca4887c74aca3e0"}, "config": {"absolute_path": "/path",
        "serve_https": true, "serve_http": true}, "id": "123"}], "last_unit_added":
        null, "notes": {}, "last_unit_removed": null, "content_unit_counts": {}, "_ns":
        "repos", "importers": [], "locally_stored_units": 0, "_id": {"$oid": "5797c185aca4887c74aca3df"},
        "total_repository_units": 0, "id": "integration_test_id_distro", "_href":
        "/pulp/api/v2/repositories/integration_test_id_distro/"}'
    http_version: 
  recorded_at: Tue, 26 Jul 2016 20:01:09 GMT
- request:
    method: delete
    uri: https://admin:8hPtEyo9rgBhv2ahMTYH9Xqsp3WX5rcj@runcible.example.com/pulp/api/v2/repositories/integration_test_id_distro/
    body:
      encoding: US-ASCII
      string: ''
    headers:
      Accept:
      - application/json
      Accept-Encoding:
      - gzip, deflate
      Content-Type:
      - application/json
      User-Agent:
      - Ruby
  response:
    status:
      code: 202
      message: ACCEPTED
    headers:
      Date:
      - Tue, 26 Jul 2016 20:01:10 GMT
      Server:
      - Apache/2.4.6 (CentOS)
      Content-Length:
      - '172'
      Content-Type:
      - application/json; charset=utf-8
    body:
      encoding: UTF-8
      string: '{"spawned_tasks": [{"_href": "/pulp/api/v2/tasks/2e1dd2aa-5663-489f-9c41-70893a7e5f30/",
        "task_id": "2e1dd2aa-5663-489f-9c41-70893a7e5f30"}], "result": null, "error":
        null}'
    http_version: 
  recorded_at: Tue, 26 Jul 2016 20:01:10 GMT
- request:
    method: get
    uri: https://admin:8hPtEyo9rgBhv2ahMTYH9Xqsp3WX5rcj@runcible.example.com/pulp/api/v2/tasks/2e1dd2aa-5663-489f-9c41-70893a7e5f30/
    body:
      encoding: US-ASCII
      string: ''
    headers:
      Accept:
      - application/json
      Accept-Encoding:
      - gzip, deflate
      Content-Type:
      - application/json
      User-Agent:
      - Ruby
  response:
    status:
      code: 200
      message: OK
    headers:
      Date:
      - Tue, 26 Jul 2016 20:01:10 GMT
      Server:
      - Apache/2.4.6 (CentOS)
      Vary:
      - Accept-Encoding
      Content-Length:
      - '691'
      Content-Type:
      - application/json; charset=utf-8
    body:
      encoding: ASCII-8BIT
      string: '{"exception": null, "task_type": "pulp.server.tasks.repository.delete",
        "_href": "/pulp/api/v2/tasks/2e1dd2aa-5663-489f-9c41-70893a7e5f30/", "task_id":
        "2e1dd2aa-5663-489f-9c41-70893a7e5f30", "tags": ["pulp:repository:integration_test_id_distro",
        "pulp:action:delete"], "finish_time": "2016-07-26T20:01:10Z", "_ns": "task_status",
        "start_time": "2016-07-26T20:01:10Z", "traceback": null, "spawned_tasks":
        [], "progress_report": {}, "queue": "reserved_resource_worker-0@runcible.example.com.dq",
        "state": "finished", "worker_name": "reserved_resource_worker-0@runcible.example.com",
        "result": null, "error": null, "_id": {"$oid": "5797c186d5c469f4207bd5ab"},
        "id": "5797c186d5c469f4207bd5ab"}'
    http_version: 
  recorded_at: Tue, 26 Jul 2016 20:01:10 GMT
- request:
    method: delete
    uri: https://admin:8hPtEyo9rgBhv2ahMTYH9Xqsp3WX5rcj@runcible.example.com/pulp/api/v2/repositories/integration_test_id/
    body:
      encoding: US-ASCII
      string: ''
    headers:
      Accept:
      - application/json
      Accept-Encoding:
      - gzip, deflate
      Content-Type:
      - application/json
      User-Agent:
      - Ruby
  response:
    status:
      code: 404
      message: NOT FOUND
    headers:
      Date:
      - Tue, 26 Jul 2016 20:01:10 GMT
      Server:
      - Apache/2.4.6 (CentOS)
      Content-Encoding:
      - utf-8
      Content-Length:
      - '454'
      Content-Type:
      - application/json; charset=utf-8
    body:
      encoding: UTF-8
      string: '{"http_request_method": "DELETE", "exception": null, "error_message":
        "Missing resource(s): repository=integration_test_id", "_href": "/pulp/api/v2/repositories/integration_test_id/",
        "http_status": 404, "error": {"code": "PLP0009", "data": {"resources": {"repository":
        "integration_test_id"}}, "description": "Missing resource(s): repository=integration_test_id",
        "sub_errors": []}, "traceback": null, "resources": {"repository": "integration_test_id"}}'
    http_version: 
  recorded_at: Tue, 26 Jul 2016 20:01:10 GMT
recorded_with: VCR 3.0.3
