---
http_interactions:
- request:
    method: get
    uri: https://admin:admin@box.devel.com/pulp/api/v2/tasks/8531b5b2-c660-4ade-9554-bddbbf4459a1/
    body:
      encoding: US-ASCII
      string: ''
    headers:
      Accept:
      - application/json
      Accept-Encoding:
      - gzip, deflate
      Content-Type:
      - application/json
      User-Agent:
      - Ruby
  response:
    status:
      code: 200
      message: OK
    headers:
      Date:
      - Wed, 15 Oct 2014 14:24:37 GMT
      Server:
      - Apache/2.2.15 (Red Hat)
      Vary:
      - Accept-Encoding
      Content-Length:
      - '2002'
      Connection:
      - close
      Content-Type:
      - application/json
    body:
      encoding: ASCII-8BIT
      string: '{"exception": null, "task_type": "pulp.server.tasks.repository.sync_with_auto_publish",
        "_href": "/pulp/api/v2/tasks/8531b5b2-c660-4ade-9554-bddbbf4459a1/", "task_id":
        "8531b5b2-c660-4ade-9554-bddbbf4459a1", "tags": ["pulp:repository:integration_test_id",
        "pulp:action:sync"], "finish_time": "2014-10-15T14:24:37Z", "_ns": "task_status",
        "start_time": "2014-10-15T14:24:36Z", "traceback": null, "spawned_tasks":
        [], "progress_report": {"yum_importer": {"content": {"size_total": 0, "items_left":
        0, "items_total": 0, "state": "FINISHED", "size_left": 0, "details": {"rpm_total":
        0, "rpm_done": 0, "drpm_total": 0, "drpm_done": 0}, "error_details": []},
        "comps": {"state": "FINISHED"}, "distribution": {"items_total": 3, "state":
        "FINISHED", "error_details": [], "items_left": 0}, "errata": {"state": "FINISHED"},
        "metadata": {"state": "FINISHED"}}}, "queue": "reserved_resource_worker-1@box.devel.com.dq",
        "state": "finished", "result": {"importer_type_id": "yum_importer", "importer_id":
        "yum_importer", "exception": null, "repo_id": "integration_test_id", "removed_count":
        0, "started": "2014-10-15T14:24:36Z", "_ns": "repo_sync_results", "completed":
        "2014-10-15T14:24:37Z", "traceback": null, "summary": {"content": {"state":
        "FINISHED"}, "comps": {"state": "FINISHED"}, "distribution": {"state": "FINISHED"},
        "errata": {"state": "FINISHED"}, "metadata": {"state": "FINISHED"}}, "added_count":
        0, "error_message": null, "updated_count": 14, "details": {"content": {"size_total":
        0, "items_left": 0, "items_total": 0, "state": "FINISHED", "size_left": 0,
        "details": {"rpm_total": 0, "rpm_done": 0, "drpm_total": 0, "drpm_done": 0},
        "error_details": []}, "comps": {"state": "FINISHED"}, "distribution": {"items_total":
        3, "state": "FINISHED", "error_details": [], "items_left": 0}, "errata": {"state":
        "FINISHED"}, "metadata": {"state": "FINISHED"}}, "id": "543e83a547078709559b21cc",
        "result": "success"}, "error": null, "_id": {"$oid": "543e83a4505c6f3b4b509b4c"},
        "id": "543e83a447078708d9ecb445"}'
    http_version: 
  recorded_at: Wed, 15 Oct 2014 14:24:37 GMT
- request:
    method: get
    uri: https://admin:admin@box.devel.com/pulp/api/v2/tasks/a2399fea-1913-4506-b0c3-553648784e74/
    body:
      encoding: US-ASCII
      string: ''
    headers:
      Accept:
      - application/json
      Accept-Encoding:
      - gzip, deflate
      Content-Type:
      - application/json
      User-Agent:
      - Ruby
  response:
    status:
      code: 200
      message: OK
    headers:
      Date:
      - Wed, 15 Oct 2014 14:24:39 GMT
      Server:
      - Apache/2.2.15 (Red Hat)
      Vary:
      - Accept-Encoding
      Content-Length:
      - '611'
      Connection:
      - close
      Content-Type:
      - application/json
    body:
      encoding: ASCII-8BIT
      string: '{"exception": null, "task_type": "pulp.server.tasks.repository.delete",
        "_href": "/pulp/api/v2/tasks/a2399fea-1913-4506-b0c3-553648784e74/", "task_id":
        "a2399fea-1913-4506-b0c3-553648784e74", "tags": ["pulp:repository:integration_test_id",
        "pulp:action:delete"], "finish_time": "2014-10-15T14:24:38Z", "_ns": "task_status",
        "start_time": "2014-10-15T14:24:38Z", "traceback": null, "spawned_tasks":
        [], "progress_report": {}, "queue": "reserved_resource_worker-1@box.devel.com.dq",
        "state": "finished", "result": null, "error": null, "_id": {"$oid": "543e83a6505c6f3b4b509b4d"},
        "id": "543e83a647078708d9ecb45f"}'
    http_version: 
  recorded_at: Wed, 15 Oct 2014 14:24:39 GMT
- request:
    method: get
    uri: https://admin:eYo5Dh2rR6jQayB4vFLEpqUwMcXosuXg@kt1.local/pulp/api/v2/tasks/ea583998-eb33-4828-af6a-2d2ce8f95225/
    body:
      encoding: US-ASCII
      string: ''
    headers:
      Accept:
      - application/json
      Accept-Encoding:
      - gzip, deflate
      Content-Type:
      - application/json
      User-Agent:
      - Ruby
  response:
    status:
      code: 200
      message: OK
    headers:
      Date:
      - Sun, 01 Feb 2015 18:27:48 GMT
      Server:
      - Apache/2.2.15 (Red Hat)
      Vary:
      - Accept-Encoding
      Content-Length:
      - '2053'
      Content-Type:
      - application/json
    body:
      encoding: ASCII-8BIT
      string: '{"exception": null, "task_type": "pulp.server.tasks.repository.sync_with_auto_publish",
        "_href": "/pulp/api/v2/tasks/ea583998-eb33-4828-af6a-2d2ce8f95225/", "task_id":
        "ea583998-eb33-4828-af6a-2d2ce8f95225", "tags": ["pulp:repository:integration_test_id",
        "pulp:action:sync"], "finish_time": "2015-02-01T18:27:48Z", "_ns": "task_status",
        "start_time": "2015-02-01T18:27:48Z", "traceback": null, "spawned_tasks":
        [], "progress_report": {"yum_importer": {"content": {"size_total": 0, "items_left":
        0, "items_total": 0, "state": "FINISHED", "size_left": 0, "details": {"rpm_total":
        0, "rpm_done": 0, "drpm_total": 0, "drpm_done": 0}, "error_details": []},
        "comps": {"state": "FINISHED"}, "distribution": {"items_total": 3, "state":
        "FINISHED", "error_details": [], "items_left": 0}, "errata": {"state": "FINISHED"},
        "metadata": {"state": "FINISHED"}}}, "queue": "reserved_resource_worker-0@kt1.local.dq",
        "state": "finished", "worker_name": "reserved_resource_worker-0@kt1.local",
        "result": {"importer_type_id": "yum_importer", "importer_id": "yum_importer",
        "exception": null, "repo_id": "integration_test_id", "removed_count": 0, "started":
        "2015-02-01T18:27:48Z", "_ns": "repo_sync_results", "completed": "2015-02-01T18:27:48Z",
        "traceback": null, "summary": {"content": {"state": "FINISHED"}, "comps":
        {"state": "FINISHED"}, "distribution": {"state": "FINISHED"}, "errata": {"state":
        "FINISHED"}, "metadata": {"state": "FINISHED"}}, "added_count": 0, "error_message":
        null, "updated_count": 14, "details": {"content": {"size_total": 0, "items_left":
        0, "items_total": 0, "state": "FINISHED", "size_left": 0, "details": {"rpm_total":
        0, "rpm_done": 0, "drpm_total": 0, "drpm_done": 0}, "error_details": []},
        "comps": {"state": "FINISHED"}, "distribution": {"items_total": 3, "state":
        "FINISHED", "error_details": [], "items_left": 0}, "errata": {"state": "FINISHED"},
        "metadata": {"state": "FINISHED"}}, "id": "54ce7024b2ff981e8887d378", "result":
        "success"}, "error": null, "_id": {"$oid": "54ce7023962f40ae3501a27b"}, "id":
        "54ce7024b2ff981dcc43fd23"}'
    http_version: 
  recorded_at: Sun, 01 Feb 2015 18:27:48 GMT
- request:
    method: get
    uri: https://admin:eYo5Dh2rR6jQayB4vFLEpqUwMcXosuXg@kt1.local/pulp/api/v2/tasks/40be041f-a6d5-4058-b324-940ec3d2d2d0/
    body:
      encoding: US-ASCII
      string: ''
    headers:
      Accept:
      - application/json
      Accept-Encoding:
      - gzip, deflate
      Content-Type:
      - application/json
      User-Agent:
      - Ruby
  response:
    status:
      code: 200
      message: OK
    headers:
      Date:
      - Sun, 01 Feb 2015 18:27:50 GMT
      Server:
      - Apache/2.2.15 (Red Hat)
      Vary:
      - Accept-Encoding
      Content-Length:
      - '662'
      Content-Type:
      - application/json
    body:
      encoding: ASCII-8BIT
      string: '{"exception": null, "task_type": "pulp.server.tasks.repository.delete",
        "_href": "/pulp/api/v2/tasks/40be041f-a6d5-4058-b324-940ec3d2d2d0/", "task_id":
        "40be041f-a6d5-4058-b324-940ec3d2d2d0", "tags": ["pulp:repository:integration_test_id",
        "pulp:action:delete"], "finish_time": "2015-02-01T18:27:50Z", "_ns": "task_status",
        "start_time": "2015-02-01T18:27:50Z", "traceback": null, "spawned_tasks":
        [], "progress_report": {}, "queue": "reserved_resource_worker-0@kt1.local.dq",
        "state": "finished", "worker_name": "reserved_resource_worker-0@kt1.local",
        "result": null, "error": null, "_id": {"$oid": "54ce7026962f40ae3501a27c"},
        "id": "54ce7026b2ff981dcc43fd29"}'
    http_version: 
  recorded_at: Sun, 01 Feb 2015 18:27:50 GMT
- request:
    method: get
    uri: https://admin:eYo5Dh2rR6jQayB4vFLEpqUwMcXosuXg@kt1.local/pulp/api/v2/tasks/adda43e4-28fe-465b-8033-754245407be3/
    body:
      encoding: US-ASCII
      string: ''
    headers:
      Accept:
      - application/json
      Accept-Encoding:
      - gzip, deflate
      Content-Type:
      - application/json
      User-Agent:
      - Ruby
  response:
    status:
      code: 200
      message: OK
    headers:
      Date:
      - Mon, 02 Feb 2015 06:39:01 GMT
      Server:
      - Apache/2.2.15 (Red Hat)
      Vary:
      - Accept-Encoding
      Content-Length:
      - '2053'
      Content-Type:
      - application/json
    body:
      encoding: ASCII-8BIT
      string: '{"exception": null, "task_type": "pulp.server.tasks.repository.sync_with_auto_publish",
        "_href": "/pulp/api/v2/tasks/adda43e4-28fe-465b-8033-754245407be3/", "task_id":
        "adda43e4-28fe-465b-8033-754245407be3", "tags": ["pulp:repository:integration_test_id",
        "pulp:action:sync"], "finish_time": "2015-02-02T06:39:00Z", "_ns": "task_status",
        "start_time": "2015-02-02T06:39:00Z", "traceback": null, "spawned_tasks":
        [], "progress_report": {"yum_importer": {"content": {"size_total": 0, "items_left":
        0, "items_total": 0, "state": "FINISHED", "size_left": 0, "details": {"rpm_total":
        0, "rpm_done": 0, "drpm_total": 0, "drpm_done": 0}, "error_details": []},
        "comps": {"state": "FINISHED"}, "distribution": {"items_total": 3, "state":
        "FINISHED", "error_details": [], "items_left": 0}, "errata": {"state": "FINISHED"},
        "metadata": {"state": "FINISHED"}}}, "queue": "reserved_resource_worker-0@kt1.local.dq",
        "state": "finished", "worker_name": "reserved_resource_worker-0@kt1.local",
        "result": {"importer_type_id": "yum_importer", "importer_id": "yum_importer",
        "exception": null, "repo_id": "integration_test_id", "removed_count": 0, "started":
        "2015-02-02T06:39:00Z", "_ns": "repo_sync_results", "completed": "2015-02-02T06:39:00Z",
        "traceback": null, "summary": {"content": {"state": "FINISHED"}, "comps":
        {"state": "FINISHED"}, "distribution": {"state": "FINISHED"}, "errata": {"state":
        "FINISHED"}, "metadata": {"state": "FINISHED"}}, "added_count": 0, "error_message":
        null, "updated_count": 14, "details": {"content": {"size_total": 0, "items_left":
        0, "items_total": 0, "state": "FINISHED", "size_left": 0, "details": {"rpm_total":
        0, "rpm_done": 0, "drpm_total": 0, "drpm_done": 0}, "error_details": []},
        "comps": {"state": "FINISHED"}, "distribution": {"items_total": 3, "state":
        "FINISHED", "error_details": [], "items_left": 0}, "errata": {"state": "FINISHED"},
        "metadata": {"state": "FINISHED"}}, "id": "54cf1b84b2ff981e8887d8f9", "result":
        "success"}, "error": null, "_id": {"$oid": "54cf1b84962f40ae3501a37f"}, "id":
        "54cf1b84b2ff981dcc440329"}'
    http_version: 
  recorded_at: Mon, 02 Feb 2015 06:39:01 GMT
- request:
    method: get
    uri: https://admin:eYo5Dh2rR6jQayB4vFLEpqUwMcXosuXg@kt1.local/pulp/api/v2/tasks/64f512aa-f02d-4337-bb4f-da9edd61c1db/
    body:
      encoding: US-ASCII
      string: ''
    headers:
      Accept:
      - application/json
      Accept-Encoding:
      - gzip, deflate
      Content-Type:
      - application/json
      User-Agent:
      - Ruby
  response:
    status:
      code: 200
      message: OK
    headers:
      Date:
      - Mon, 02 Feb 2015 06:39:03 GMT
      Server:
      - Apache/2.2.15 (Red Hat)
      Vary:
      - Accept-Encoding
      Content-Length:
      - '662'
      Content-Type:
      - application/json
    body:
      encoding: ASCII-8BIT
      string: '{"exception": null, "task_type": "pulp.server.tasks.repository.delete",
        "_href": "/pulp/api/v2/tasks/64f512aa-f02d-4337-bb4f-da9edd61c1db/", "task_id":
        "64f512aa-f02d-4337-bb4f-da9edd61c1db", "tags": ["pulp:repository:integration_test_id",
        "pulp:action:delete"], "finish_time": "2015-02-02T06:39:02Z", "_ns": "task_status",
        "start_time": "2015-02-02T06:39:02Z", "traceback": null, "spawned_tasks":
        [], "progress_report": {}, "queue": "reserved_resource_worker-0@kt1.local.dq",
        "state": "finished", "worker_name": "reserved_resource_worker-0@kt1.local",
        "result": null, "error": null, "_id": {"$oid": "54cf1b86962f40ae3501a380"},
        "id": "54cf1b86b2ff981dcc44032f"}'
    http_version: 
  recorded_at: Mon, 02 Feb 2015 06:39:03 GMT
- request:
    method: get
    uri: https://admin:eYo5Dh2rR6jQayB4vFLEpqUwMcXosuXg@kt1.local/pulp/api/v2/tasks/a4ed53d2-dbc5-47c3-a748-2ee4c32ed149/
    body:
      encoding: US-ASCII
      string: ''
    headers:
      Accept:
      - application/json
      Accept-Encoding:
      - gzip, deflate
      Content-Type:
      - application/json
      User-Agent:
      - Ruby
  response:
    status:
      code: 200
      message: OK
    headers:
      Date:
      - Tue, 03 Feb 2015 20:22:50 GMT
      Server:
      - Apache/2.2.15 (Red Hat)
      Vary:
      - Accept-Encoding
      Content-Length:
      - '2053'
      Connection:
      - close
      Content-Type:
      - application/json
    body:
      encoding: ASCII-8BIT
      string: '{"exception": null, "task_type": "pulp.server.tasks.repository.sync_with_auto_publish",
        "_href": "/pulp/api/v2/tasks/a4ed53d2-dbc5-47c3-a748-2ee4c32ed149/", "task_id":
        "a4ed53d2-dbc5-47c3-a748-2ee4c32ed149", "tags": ["pulp:repository:integration_test_id",
        "pulp:action:sync"], "finish_time": "2015-02-03T20:22:51Z", "_ns": "task_status",
        "start_time": "2015-02-03T20:22:50Z", "traceback": null, "spawned_tasks":
        [], "progress_report": {"yum_importer": {"content": {"size_total": 0, "items_left":
        0, "items_total": 0, "state": "FINISHED", "size_left": 0, "details": {"rpm_total":
        0, "rpm_done": 0, "drpm_total": 0, "drpm_done": 0}, "error_details": []},
        "comps": {"state": "FINISHED"}, "distribution": {"items_total": 3, "state":
        "FINISHED", "error_details": [], "items_left": 0}, "errata": {"state": "FINISHED"},
        "metadata": {"state": "FINISHED"}}}, "queue": "reserved_resource_worker-0@kt1.local.dq",
        "state": "finished", "worker_name": "reserved_resource_worker-0@kt1.local",
        "result": {"importer_type_id": "yum_importer", "importer_id": "yum_importer",
        "exception": null, "repo_id": "integration_test_id", "removed_count": 0, "started":
        "2015-02-03T20:22:50Z", "_ns": "repo_sync_results", "completed": "2015-02-03T20:22:51Z",
        "traceback": null, "summary": {"content": {"state": "FINISHED"}, "comps":
        {"state": "FINISHED"}, "distribution": {"state": "FINISHED"}, "errata": {"state":
        "FINISHED"}, "metadata": {"state": "FINISHED"}}, "added_count": 0, "error_message":
        null, "updated_count": 14, "details": {"content": {"size_total": 0, "items_left":
        0, "items_total": 0, "state": "FINISHED", "size_left": 0, "details": {"rpm_total":
        0, "rpm_done": 0, "drpm_total": 0, "drpm_done": 0}, "error_details": []},
        "comps": {"state": "FINISHED"}, "distribution": {"items_total": 3, "state":
        "FINISHED", "error_details": [], "items_left": 0}, "errata": {"state": "FINISHED"},
        "metadata": {"state": "FINISHED"}}, "id": "54d12e1bb2ff9804eda02fdc", "result":
        "success"}, "error": null, "_id": {"$oid": "54d12e1adb087ce12b11fcdd"}, "id":
        "54d12e1ab2ff980faeab9de4"}'
    http_version: 
  recorded_at: Tue, 03 Feb 2015 20:22:51 GMT
- request:
    method: get
    uri: https://admin:eYo5Dh2rR6jQayB4vFLEpqUwMcXosuXg@kt1.local/pulp/api/v2/tasks/32325b0d-4724-4ab9-b796-eb6bd1cdf539/
    body:
      encoding: US-ASCII
      string: ''
    headers:
      Accept:
      - application/json
      Accept-Encoding:
      - gzip, deflate
      Content-Type:
      - application/json
      User-Agent:
      - Ruby
  response:
    status:
      code: 200
      message: OK
    headers:
      Date:
      - Tue, 03 Feb 2015 20:22:55 GMT
      Server:
      - Apache/2.2.15 (Red Hat)
      Vary:
      - Accept-Encoding
      Content-Length:
      - '662'
      Connection:
      - close
      Content-Type:
      - application/json
    body:
      encoding: ASCII-8BIT
      string: '{"exception": null, "task_type": "pulp.server.tasks.repository.delete",
        "_href": "/pulp/api/v2/tasks/32325b0d-4724-4ab9-b796-eb6bd1cdf539/", "task_id":
        "32325b0d-4724-4ab9-b796-eb6bd1cdf539", "tags": ["pulp:repository:integration_test_id",
        "pulp:action:delete"], "finish_time": "2015-02-03T20:22:54Z", "_ns": "task_status",
        "start_time": "2015-02-03T20:22:54Z", "traceback": null, "spawned_tasks":
        [], "progress_report": {}, "queue": "reserved_resource_worker-0@kt1.local.dq",
        "state": "finished", "worker_name": "reserved_resource_worker-0@kt1.local",
        "result": null, "error": null, "_id": {"$oid": "54d12e1edb087ce12b11fcde"},
        "id": "54d12e1eb2ff980faeab9dea"}'
    http_version: 
  recorded_at: Tue, 03 Feb 2015 20:22:55 GMT
- request:
    method: get
    uri: https://admin:7HLGDTSxNnAEEtqKgjecYCvftjzNmoRE@katello-kant.example.com/pulp/api/v2/tasks/346a66e3-acde-42d2-a6d9-4bc35dabb511/
    body:
      encoding: US-ASCII
      string: ''
    headers:
      Accept:
      - application/json
      Accept-Encoding:
      - gzip, deflate
      Content-Type:
      - application/json
      User-Agent:
      - Ruby
  response:
    status:
      code: 200
      message: OK
    headers:
      Date:
      - Tue, 23 Jun 2015 22:37:24 GMT
      Server:
      - Apache/2.4.6 (CentOS)
      Content-Length:
      - '2067'
      Connection:
      - close
      Content-Type:
      - application/json
    body:
      encoding: UTF-8
      string: '{"exception": null, "task_type": "pulp.server.managers.repo.sync.sync",
        "_href": "/pulp/api/v2/tasks/346a66e3-acde-42d2-a6d9-4bc35dabb511/", "task_id":
        "346a66e3-acde-42d2-a6d9-4bc35dabb511", "tags": ["pulp:repository:integration_test_id",
        "pulp:action:sync"], "finish_time": "2015-06-23T22:37:24Z", "_ns": "task_status",
        "start_time": "2015-06-23T22:37:23Z", "traceback": null, "spawned_tasks":
        [], "progress_report": {"yum_importer": {"content": {"items_total": 0, "state":
        "FINISHED", "size_left": 0, "details": {"rpm_total": 0, "rpm_done": 0, "drpm_total":
        0, "drpm_done": 0}, "size_total": 0, "error_details": [], "items_left": 0},
        "comps": {"state": "FINISHED"}, "distribution": {"items_total": 3, "state":
        "FINISHED", "error_details": [], "items_left": 0}, "errata": {"state": "FINISHED"},
        "metadata": {"state": "FINISHED"}}}, "queue": "reserved_resource_worker-0@katello-kant.example.com.dq",
        "state": "finished", "worker_name": "reserved_resource_worker-0@katello-kant.example.com",
        "result": {"result": "success", "importer_id": "yum_importer", "exception":
        null, "repo_id": "integration_test_id", "traceback": null, "started": "2015-06-23T22:37:23Z",
        "_ns": "repo_sync_results", "completed": "2015-06-23T22:37:24Z", "importer_type_id":
        "yum_importer", "error_message": null, "summary": {"content": {"state": "FINISHED"},
        "comps": {"state": "FINISHED"}, "distribution": {"state": "FINISHED"}, "errata":
        {"state": "FINISHED"}, "metadata": {"state": "FINISHED"}}, "added_count":
        0, "removed_count": 0, "updated_count": 14, "id": "5589dfa4f115fc7dd636bc62",
        "details": {"content": {"size_total": 0, "items_left": 0, "items_total": 0,
        "state": "FINISHED", "size_left": 0, "details": {"rpm_total": 0, "rpm_done":
        0, "drpm_total": 0, "drpm_done": 0}, "error_details": []}, "comps": {"state":
        "FINISHED"}, "distribution": {"items_total": 3, "state": "FINISHED", "error_details":
        [], "items_left": 0}, "errata": {"state": "FINISHED"}, "metadata": {"state":
        "FINISHED"}}}, "error": null, "_id": {"$oid": "5589dfa32812e3d33cf0ff35"},
        "id": "5589dfa32812e3d33cf0ff35"}'
    http_version: 
  recorded_at: Tue, 23 Jun 2015 22:37:24 GMT
- request:
    method: get
    uri: https://admin:7HLGDTSxNnAEEtqKgjecYCvftjzNmoRE@katello-kant.example.com/pulp/api/v2/tasks/57b269d3-5fad-4f2b-b5c2-42e7d801f658/
    body:
      encoding: US-ASCII
      string: ''
    headers:
      Accept:
      - application/json
      Accept-Encoding:
      - gzip, deflate
      Content-Type:
      - application/json
      User-Agent:
      - Ruby
  response:
    status:
      code: 200
      message: OK
    headers:
      Date:
      - Tue, 23 Jun 2015 22:37:25 GMT
      Server:
      - Apache/2.4.6 (CentOS)
      Content-Length:
      - '692'
      Connection:
      - close
      Content-Type:
      - application/json
    body:
      encoding: UTF-8
      string: '{"exception": null, "task_type": "pulp.server.tasks.repository.delete",
        "_href": "/pulp/api/v2/tasks/57b269d3-5fad-4f2b-b5c2-42e7d801f658/", "task_id":
        "57b269d3-5fad-4f2b-b5c2-42e7d801f658", "tags": ["pulp:repository:integration_test_id",
        "pulp:action:delete"], "finish_time": "2015-06-23T22:37:25Z", "_ns": "task_status",
        "start_time": "2015-06-23T22:37:25Z", "traceback": null, "spawned_tasks":
        [], "progress_report": {}, "queue": "reserved_resource_worker-0@katello-kant.example.com.dq",
        "state": "finished", "worker_name": "reserved_resource_worker-0@katello-kant.example.com",
        "result": null, "error": null, "_id": {"$oid": "5589dfa52812e3d33cf0ff39"},
        "id": "5589dfa52812e3d33cf0ff39"}'
    http_version: 
  recorded_at: Tue, 23 Jun 2015 22:37:25 GMT
- request:
    method: get
    uri: https://admin:7HLGDTSxNnAEEtqKgjecYCvftjzNmoRE@katello-kant.example.com/pulp/api/v2/repositories/integration_test_id/
    body:
      encoding: US-ASCII
      string: ''
    headers:
      Accept:
      - application/json
      Accept-Encoding:
      - gzip, deflate
      Content-Type:
      - application/json
      User-Agent:
      - Ruby
  response:
    status:
      code: 404
      message: NOT FOUND
    headers:
      Date:
      - Tue, 23 Jun 2015 22:44:48 GMT
      Server:
      - Apache/2.4.6 (CentOS)
      Content-Encoding:
      - utf-8
      Content-Length:
      - '428'
      Connection:
      - close
      Content-Type:
      - application/json
    body:
      encoding: UTF-8
      string: '{"http_request_method": "GET", "exception": null, "error_message":
        "Missing resource(s): repo=integration_test_id", "_href": "/pulp/api/v2/repositories/integration_test_id/?",
        "http_status": 404, "error": {"code": "PLP0009", "data": {"resources": {"repo":
        "integration_test_id"}}, "description": "Missing resource(s): repo=integration_test_id",
        "sub_errors": []}, "traceback": null, "resources": {"repo": "integration_test_id"}}'
    http_version: 
  recorded_at: Tue, 23 Jun 2015 22:44:48 GMT
- request:
    method: post
    uri: https://admin:7HLGDTSxNnAEEtqKgjecYCvftjzNmoRE@katello-kant.example.com/pulp/api/v2/repositories/
    body:
      encoding: UTF-8
      string: '{"id":"integration_test_id","importer_type_id":"yum_importer","importer_config":{"feed":"file:///var/www/repositories/zoo5"}}'
    headers:
      Accept:
      - application/json
      Accept-Encoding:
      - gzip, deflate
      Content-Type:
      - application/json
      Content-Length:
      - '125'
      User-Agent:
      - Ruby
  response:
    status:
      code: 201
      message: CREATED
    headers:
      Date:
      - Tue, 23 Jun 2015 22:44:48 GMT
      Server:
      - Apache/2.4.6 (CentOS)
      Content-Length:
      - '319'
      Location:
      - https://katello-kant.example.com/pulp/api/v2/repositories/integration_test_id/
      Connection:
      - close
      Content-Type:
      - application/json
    body:
      encoding: UTF-8
      string: '{"scratchpad": {}, "display_name": "integration_test_id", "description":
        null, "last_unit_added": null, "notes": {}, "last_unit_removed": null, "content_unit_counts":
        {}, "_ns": "repos", "_id": {"$oid": "5589e160f115fc042e751c5c"}, "id": "integration_test_id",
        "_href": "/pulp/api/v2/repositories/integration_test_id/"}'
    http_version: 
  recorded_at: Tue, 23 Jun 2015 22:44:48 GMT
- request:
    method: post
    uri: https://admin:7HLGDTSxNnAEEtqKgjecYCvftjzNmoRE@katello-kant.example.com/pulp/api/v2/repositories/integration_test_id/actions/sync/
    body:
      encoding: UTF-8
      string: '{}'
    headers:
      Accept:
      - application/json
      Accept-Encoding:
      - gzip, deflate
      Content-Type:
      - application/json
      Content-Length:
      - '2'
      User-Agent:
      - Ruby
  response:
    status:
      code: 202
      message: ACCEPTED
    headers:
      Date:
      - Tue, 23 Jun 2015 22:44:48 GMT
      Server:
      - Apache/2.4.6 (CentOS)
      Content-Encoding:
      - utf-8
      Content-Length:
      - '172'
      Connection:
      - close
      Content-Type:
      - application/json
    body:
      encoding: UTF-8
      string: '{"spawned_tasks": [{"_href": "/pulp/api/v2/tasks/dabe467c-8123-4c4a-ad41-1bd111f89104/",
        "task_id": "dabe467c-8123-4c4a-ad41-1bd111f89104"}], "result": null, "error":
        null}'
    http_version: 
  recorded_at: Tue, 23 Jun 2015 22:44:48 GMT
- request:
    method: get
    uri: https://admin:7HLGDTSxNnAEEtqKgjecYCvftjzNmoRE@katello-kant.example.com/pulp/api/v2/tasks/dabe467c-8123-4c4a-ad41-1bd111f89104/
    body:
      encoding: US-ASCII
      string: ''
    headers:
      Accept:
      - application/json
      Accept-Encoding:
      - gzip, deflate
      Content-Type:
      - application/json
      User-Agent:
      - Ruby
  response:
    status:
      code: 200
      message: OK
    headers:
      Date:
      - Tue, 23 Jun 2015 22:44:49 GMT
      Server:
      - Apache/2.4.6 (CentOS)
      Content-Length:
      - '2067'
      Connection:
      - close
      Content-Type:
      - application/json
    body:
      encoding: UTF-8
      string: '{"exception": null, "task_type": "pulp.server.managers.repo.sync.sync",
        "_href": "/pulp/api/v2/tasks/dabe467c-8123-4c4a-ad41-1bd111f89104/", "task_id":
        "dabe467c-8123-4c4a-ad41-1bd111f89104", "tags": ["pulp:repository:integration_test_id",
        "pulp:action:sync"], "finish_time": "2015-06-23T22:44:48Z", "_ns": "task_status",
        "start_time": "2015-06-23T22:44:48Z", "traceback": null, "spawned_tasks":
        [], "progress_report": {"yum_importer": {"content": {"items_total": 0, "state":
        "FINISHED", "size_left": 0, "details": {"rpm_total": 0, "rpm_done": 0, "drpm_total":
        0, "drpm_done": 0}, "size_total": 0, "error_details": [], "items_left": 0},
        "comps": {"state": "FINISHED"}, "distribution": {"items_total": 3, "state":
        "FINISHED", "error_details": [], "items_left": 0}, "errata": {"state": "FINISHED"},
        "metadata": {"state": "FINISHED"}}}, "queue": "reserved_resource_worker-0@katello-kant.example.com.dq",
        "state": "finished", "worker_name": "reserved_resource_worker-0@katello-kant.example.com",
        "result": {"result": "success", "importer_id": "yum_importer", "exception":
        null, "repo_id": "integration_test_id", "traceback": null, "started": "2015-06-23T22:44:48Z",
        "_ns": "repo_sync_results", "completed": "2015-06-23T22:44:48Z", "importer_type_id":
        "yum_importer", "error_message": null, "summary": {"content": {"state": "FINISHED"},
        "comps": {"state": "FINISHED"}, "distribution": {"state": "FINISHED"}, "errata":
        {"state": "FINISHED"}, "metadata": {"state": "FINISHED"}}, "added_count":
        0, "removed_count": 0, "updated_count": 14, "id": "5589e160f115fc0506df717d",
        "details": {"content": {"size_total": 0, "items_left": 0, "items_total": 0,
        "state": "FINISHED", "size_left": 0, "details": {"rpm_total": 0, "rpm_done":
        0, "drpm_total": 0, "drpm_done": 0}, "error_details": []}, "comps": {"state":
        "FINISHED"}, "distribution": {"items_total": 3, "state": "FINISHED", "error_details":
        [], "items_left": 0}, "errata": {"state": "FINISHED"}, "metadata": {"state":
        "FINISHED"}}}, "error": null, "_id": {"$oid": "5589e1602812e3d33cf10313"},
        "id": "5589e1602812e3d33cf10313"}'
    http_version: 
  recorded_at: Tue, 23 Jun 2015 22:44:49 GMT
- request:
    method: delete
    uri: https://admin:7HLGDTSxNnAEEtqKgjecYCvftjzNmoRE@katello-kant.example.com/pulp/api/v2/repositories/integration_test_id/
    body:
      encoding: US-ASCII
      string: ''
    headers:
      Accept:
      - application/json
      Accept-Encoding:
      - gzip, deflate
      Content-Type:
      - application/json
      User-Agent:
      - Ruby
  response:
    status:
      code: 202
      message: ACCEPTED
    headers:
      Date:
      - Tue, 23 Jun 2015 22:44:49 GMT
      Server:
      - Apache/2.4.6 (CentOS)
      Content-Encoding:
      - utf-8
      Content-Length:
      - '172'
      Connection:
      - close
      Content-Type:
      - application/json
    body:
      encoding: UTF-8
      string: '{"spawned_tasks": [{"_href": "/pulp/api/v2/tasks/9d06d0f2-174e-459c-876d-1e4166e9568a/",
        "task_id": "9d06d0f2-174e-459c-876d-1e4166e9568a"}], "result": null, "error":
        null}'
    http_version: 
  recorded_at: Tue, 23 Jun 2015 22:44:50 GMT
- request:
    method: get
    uri: https://admin:7HLGDTSxNnAEEtqKgjecYCvftjzNmoRE@katello-kant.example.com/pulp/api/v2/tasks/9d06d0f2-174e-459c-876d-1e4166e9568a/
    body:
      encoding: US-ASCII
      string: ''
    headers:
      Accept:
      - application/json
      Accept-Encoding:
      - gzip, deflate
      Content-Type:
      - application/json
      User-Agent:
      - Ruby
  response:
    status:
      code: 200
      message: OK
    headers:
      Date:
      - Tue, 23 Jun 2015 22:44:50 GMT
      Server:
      - Apache/2.4.6 (CentOS)
      Content-Length:
      - '692'
      Connection:
      - close
      Content-Type:
      - application/json
    body:
      encoding: UTF-8
      string: '{"exception": null, "task_type": "pulp.server.tasks.repository.delete",
        "_href": "/pulp/api/v2/tasks/9d06d0f2-174e-459c-876d-1e4166e9568a/", "task_id":
        "9d06d0f2-174e-459c-876d-1e4166e9568a", "tags": ["pulp:repository:integration_test_id",
        "pulp:action:delete"], "finish_time": "2015-06-23T22:44:50Z", "_ns": "task_status",
        "start_time": "2015-06-23T22:44:50Z", "traceback": null, "spawned_tasks":
        [], "progress_report": {}, "queue": "reserved_resource_worker-0@katello-kant.example.com.dq",
        "state": "finished", "worker_name": "reserved_resource_worker-0@katello-kant.example.com",
        "result": null, "error": null, "_id": {"$oid": "5589e1622812e3d33cf10317"},
        "id": "5589e1622812e3d33cf10317"}'
    http_version: 
  recorded_at: Tue, 23 Jun 2015 22:44:50 GMT
recorded_with: VCR 2.9.3
