---
http_interactions:
- request:
    method: get
    uri: https://admin:7HLGDTSxNnAEEtqKgjecYCvftjzNmoRE@katello-kant.example.com/pulp/api/v2/users/integration_test_user/
    body:
      encoding: US-ASCII
      string: ''
    headers:
      Accept:
      - application/json
      Accept-Encoding:
      - gzip, deflate
      Content-Type:
      - application/json
      User-Agent:
      - Ruby
  response:
    status:
      code: 404
      message: NOT FOUND
    headers:
      Date:
      - Wed, 16 Sep 2015 18:30:44 GMT
      Server:
      - Apache/2.4.6 (CentOS)
      Content-Encoding:
      - utf-8
      Content-Length:
      - '458'
      Connection:
      - close
      Content-Type:
      - application/json
    body:
      encoding: UTF-8
      string: '{"http_request_method": "GET", "exception": null, "error_message":
        "Missing resource(s): resource_id=integration_test_user", "_href": "/pulp/api/v2/users/integration_test_user/",
        "http_status": 404, "error": {"code": "PLP0009", "data": {"resources": {"resource_id":
        "integration_test_user"}}, "description": "Missing resource(s): resource_id=integration_test_user",
        "sub_errors": []}, "traceback": null, "resources": {"resource_id": "integration_test_user"}}'
    http_version: 
  recorded_at: Wed, 16 Sep 2015 18:30:44 GMT
- request:
    method: post
    uri: https://admin:7HLGDTSxNnAEEtqKgjecYCvftjzNmoRE@katello-kant.example.com/pulp/api/v2/users/
    body:
      encoding: UTF-8
      string: '{"login":"integration_test_user"}'
    headers:
      Accept:
      - application/json
      Accept-Encoding:
      - gzip, deflate
      Content-Type:
      - application/json
      Content-Length:
      - '33'
      User-Agent:
      - Ruby
  response:
    status:
      code: 201
      message: CREATED
    headers:
      Date:
      - Wed, 16 Sep 2015 18:30:44 GMT
      Server:
      - Apache/2.4.6 (CentOS)
      Content-Length:
      - '229'
      Location:
      - https://katello-kant.example.com/pulp/api/v2/users/integration_test_user/
      Connection:
      - close
      Content-Type:
      - application/json
    body:
      encoding: UTF-8
      string: '{"_id": {"$oid": "55f9b554f115fc0f3bef9cdb"}, "name": "integration_test_user",
        "roles": [], "_ns": "users", "login": "integration_test_user", "id": "55f9b554f115fc0f3bef9cdb",
        "_href": "/pulp/api/v2/users/integration_test_user/"}'
    http_version: 
  recorded_at: Wed, 16 Sep 2015 18:30:44 GMT
- request:
    method: delete
    uri: https://admin:7HLGDTSxNnAEEtqKgjecYCvftjzNmoRE@katello-kant.example.com/pulp/api/v2/users/integration_test_user/
    body:
      encoding: US-ASCII
      string: ''
    headers:
      Accept:
      - application/json
      Accept-Encoding:
      - gzip, deflate
      Content-Type:
      - application/json
      User-Agent:
      - Ruby
  response:
    status:
      code: 200
      message: OK
    headers:
      Date:
      - Wed, 16 Sep 2015 18:30:44 GMT
      Server:
      - Apache/2.4.6 (CentOS)
      Content-Length:
      - '4'
      Connection:
      - close
      Content-Type:
      - application/json
    body:
      encoding: UTF-8
      string: 'null'
    http_version: 
  recorded_at: Wed, 16 Sep 2015 18:30:44 GMT
recorded_with: VCR 2.9.3
