---
http_interactions:
- request:
    method: get
    uri: https://admin:eYo5Dh2rR6jQayB4vFLEpqUwMcXosuXg@kt1.local/pulp/api/v2/consumers/integration_test_consumer_support/bindings/integration_test_id/puppet_dist/
    body:
      encoding: US-ASCII
      string: ''
    headers:
      Accept:
      - application/json
      Accept-Encoding:
      - gzip, deflate
      Content-Type:
      - application/json
      User-Agent:
      - Ruby
  response:
    status:
      code: 200
      message: OK
    headers:
      Date:
      - Sun, 01 Feb 2015 18:29:24 GMT
      Server:
      - Apache/2.2.15 (Red Hat)
      Vary:
      - Accept-Encoding
      Content-Length:
      - '654'
      Content-Type:
      - application/json
    body:
      encoding: ASCII-8BIT
      string: '{"notify_agent": false, "repo_id": "integration_test_id", "_href":
        "/pulp/api/v2/consumers/integration_test_consumer_support/bindings/integration_test_id/puppet_dist/",
        "type_id": "yum_distributor", "deleted": false, "_ns": "consumer_bindings",
        "_id": {"$oid": "54ce7083b2ff9879e94e1151"}, "consumer_id": "integration_test_consumer_support",
        "consumer_actions": [], "binding_config": {}, "details": {"server_name": "kt1.local",
        "ca_cert": null, "relative_path": "/pulp/repos/path", "gpg_keys": [], "client_cert":
        null, "protocols": ["http", "https"], "repo_name": "integration_test_id"},
        "distributor_id": "puppet_dist", "id": "54ce7083b2ff9879e94e1151"}'
    http_version: 
  recorded_at: Sun, 01 Feb 2015 18:29:24 GMT
- request:
    method: get
    uri: https://admin:7HLGDTSxNnAEEtqKgjecYCvftjzNmoRE@katello-kant.example.com/pulp/api/v2/repositories/integration_test_id/?details=true
    body:
      encoding: US-ASCII
      string: ''
    headers:
      Accept:
      - application/json
      Accept-Encoding:
      - gzip, deflate
      Content-Type:
      - application/json
      User-Agent:
      - Ruby
  response:
    status:
      code: 200
      message: OK
    headers:
      Date:
      - Wed, 16 Sep 2015 18:29:54 GMT
      Server:
      - Apache/2.4.6 (CentOS)
      Content-Length:
      - '1149'
      Connection:
      - close
      Content-Type:
      - application/json
    body:
      encoding: UTF-8
      string: '{"scratchpad": {"checksum_type": "sha256"}, "display_name": "integration_test_id",
        "description": null, "distributors": [{"repo_id": "integration_test_id", "_ns":
        "repo_distributors", "last_publish": null, "auto_publish": false, "scheduled_publishes":
        [], "distributor_type_id": "yum_distributor", "_id": {"$oid": "55f9b521f115fc0f3dda117e"},
        "config": {"http": true, "relative_url": "/path", "https": true}, "id": "yum_dist"}],
        "last_unit_added": "2015-09-16T18:29:53Z", "notes": {}, "last_unit_removed":
        null, "content_unit_counts": {"package_group": 2, "distribution": 1, "package_category":
        1, "rpm": 8, "erratum": 2}, "_ns": "repos", "importers": [{"repo_id": "integration_test_id",
        "_href": "/pulp/api/v2/repositories/integration_test_id/importers/yum_importer/",
        "_ns": "repo_importers", "importer_type_id": "yum_importer", "last_sync":
        "2015-09-16T18:29:53Z", "scheduled_syncs": [], "_id": {"$oid": "55f9b521f115fc0f3dda117d"},
        "config": {"feed": "file:///var/www/repositories/zoo5"}, "id": "yum_importer"}],
        "_id": {"$oid": "55f9b521f115fc0f3dda117c"}, "id": "integration_test_id",
        "_href": "/pulp/api/v2/repositories/integration_test_id/"}'
    http_version: 
  recorded_at: Wed, 16 Sep 2015 18:29:54 GMT
- request:
    method: get
    uri: https://admin:7HLGDTSxNnAEEtqKgjecYCvftjzNmoRE@katello-kant.example.com/pulp/api/v2/consumers/integration_test_consumer_support/bindings/integration_test_id/yum_dist/
    body:
      encoding: US-ASCII
      string: ''
    headers:
      Accept:
      - application/json
      Accept-Encoding:
      - gzip, deflate
      Content-Type:
      - application/json
      User-Agent:
      - Ruby
  response:
    status:
      code: 200
      message: OK
    headers:
      Date:
      - Wed, 16 Sep 2015 18:29:54 GMT
      Server:
      - Apache/2.4.6 (CentOS)
      Content-Length:
      - '663'
      Connection:
      - close
      Content-Type:
      - application/json
    body:
      encoding: UTF-8
      string: '{"notify_agent": false, "repo_id": "integration_test_id", "_href":
        "/pulp/api/v2/consumers/integration_test_consumer_support/bindings/integration_test_id/yum_dist/",
        "type_id": "yum_distributor", "deleted": false, "_ns": "consumer_bindings",
        "_id": {"$oid": "55f9b521f115fc0f3cf3dcdf"}, "consumer_id": "integration_test_consumer_support",
        "consumer_actions": [], "binding_config": {}, "details": {"server_name": "katello-kant.example.com",
        "ca_cert": null, "relative_path": "/pulp/repos/path", "gpg_keys": [], "client_cert":
        null, "protocols": ["http", "https"], "repo_name": "integration_test_id"},
        "distributor_id": "yum_dist", "id": "55f9b521f115fc0f3cf3dcdf"}'
    http_version: 
  recorded_at: Wed, 16 Sep 2015 18:29:54 GMT
recorded_with: VCR 2.9.3
