---
http_interactions:
- request:
    method: get
    uri: https://admin:HeQSzZgm6ZEKG8aHrJEGW7aGD85Wrj57@runcible.example.com/pulp/api/v2/tasks/7e302471-00a1-4a5d-81d0-cf0f5b87c210/
    body:
      encoding: US-ASCII
      string: ''
    headers:
      Accept:
      - application/json
      Accept-Encoding:
      - gzip, deflate
      Content-Type:
      - application/json
      User-Agent:
      - Ruby
  response:
    status:
      code: 200
      message: OK
    headers:
      Date:
      - Fri, 29 Apr 2016 16:27:10 GMT
      Server:
      - Apache/2.4.6 (CentOS)
      Vary:
      - Accept-Encoding
      Content-Length:
      - '2188'
      Content-Type:
      - application/json; charset=utf-8
    body:
      encoding: ASCII-8BIT
      string: '{"exception": null, "task_type": "pulp.server.managers.repo.sync.sync",
        "_href": "/pulp/api/v2/tasks/7e302471-00a1-4a5d-81d0-cf0f5b87c210/", "task_id":
        "7e302471-00a1-4a5d-81d0-cf0f5b87c210", "tags": ["pulp:repository:integration_test_id",
        "pulp:action:sync"], "finish_time": "2016-04-29T16:27:10Z", "_ns": "task_status",
        "start_time": "2016-04-29T16:27:09Z", "traceback": null, "spawned_tasks":
        [], "progress_report": {"yum_importer": {"content": {"items_total": 0, "state":
        "FINISHED", "error_details": [], "details": {"rpm_total": 0, "rpm_done": 0,
        "drpm_total": 0, "drpm_done": 0}, "size_total": 0, "size_left": 0, "items_left":
        0}, "comps": {"state": "FINISHED"}, "purge_duplicates": {"state": "FINISHED"},
        "distribution": {"items_total": 3, "state": "FINISHED", "error_details": [],
        "items_left": 0}, "errata": {"state": "FINISHED"}, "metadata": {"state": "FINISHED"}}},
        "queue": "reserved_resource_worker-0@runcible.example.com.dq", "state": "finished",
        "worker_name": "reserved_resource_worker-0@runcible.example.com", "result":
        {"result": "success", "importer_id": "yum_importer", "exception": null, "repo_id":
        "integration_test_id", "traceback": null, "started": "2016-04-29T16:27:09Z",
        "_ns": "repo_sync_results", "completed": "2016-04-29T16:27:10Z", "importer_type_id":
        "yum_importer", "error_message": null, "summary": {"content": {"state": "FINISHED"},
        "comps": {"state": "FINISHED"}, "purge_duplicates": {"state": "FINISHED"},
        "distribution": {"state": "FINISHED"}, "errata": {"state": "FINISHED"}, "metadata":
        {"state": "FINISHED"}}, "added_count": 14, "removed_count": 0, "updated_count":
        0, "id": "57238b5eaca4886e0c05c3fe", "details": {"content": {"size_total":
        0, "items_left": 0, "items_total": 0, "state": "FINISHED", "size_left": 0,
        "details": {"rpm_total": 0, "rpm_done": 0, "drpm_total": 0, "drpm_done": 0},
        "error_details": []}, "comps": {"state": "FINISHED"}, "purge_duplicates":
        {"state": "FINISHED"}, "distribution": {"items_total": 3, "state": "FINISHED",
        "error_details": [], "items_left": 0}, "errata": {"state": "FINISHED"}, "metadata":
        {"state": "FINISHED"}}}, "error": null, "_id": {"$oid": "57238b5d898f5c862fa3ec10"},
        "id": "57238b5d898f5c862fa3ec10"}'
    http_version: 
  recorded_at: Fri, 29 Apr 2016 16:27:10 GMT
- request:
    method: get
    uri: https://admin:HeQSzZgm6ZEKG8aHrJEGW7aGD85Wrj57@runcible.example.com/pulp/api/v2/tasks/8bd3f973-99bc-4387-96f1-317c73701a99/
    body:
      encoding: US-ASCII
      string: ''
    headers:
      Accept:
      - application/json
      Accept-Encoding:
      - gzip, deflate
      Content-Type:
      - application/json
      User-Agent:
      - Ruby
  response:
    status:
      code: 200
      message: OK
    headers:
      Date:
      - Fri, 29 Apr 2016 16:27:12 GMT
      Server:
      - Apache/2.4.6 (CentOS)
      Vary:
      - Accept-Encoding
      Content-Length:
      - '684'
      Content-Type:
      - application/json; charset=utf-8
    body:
      encoding: ASCII-8BIT
      string: '{"exception": null, "task_type": "pulp.server.tasks.repository.delete",
        "_href": "/pulp/api/v2/tasks/8bd3f973-99bc-4387-96f1-317c73701a99/", "task_id":
        "8bd3f973-99bc-4387-96f1-317c73701a99", "tags": ["pulp:repository:integration_test_id",
        "pulp:action:delete"], "finish_time": "2016-04-29T16:27:12Z", "_ns": "task_status",
        "start_time": "2016-04-29T16:27:12Z", "traceback": null, "spawned_tasks":
        [], "progress_report": {}, "queue": "reserved_resource_worker-0@runcible.example.com.dq",
        "state": "finished", "worker_name": "reserved_resource_worker-0@runcible.example.com",
        "result": null, "error": null, "_id": {"$oid": "57238b60898f5c862fa3ec20"},
        "id": "57238b60898f5c862fa3ec20"}'
    http_version: 
  recorded_at: Fri, 29 Apr 2016 16:27:12 GMT
- request:
    method: get
    uri: https://admin:8hPtEyo9rgBhv2ahMTYH9Xqsp3WX5rcj@runcible.example.com/pulp/api/v2/tasks/b624960a-75e3-41ba-b4e4-802fbce007b2/
    body:
      encoding: US-ASCII
      string: ''
    headers:
      Accept:
      - application/json
      Accept-Encoding:
      - gzip, deflate
      Content-Type:
      - application/json
      User-Agent:
      - Ruby
  response:
    status:
      code: 200
      message: OK
    headers:
      Date:
      - Tue, 26 Jul 2016 19:20:12 GMT
      Server:
      - Apache/2.4.6 (CentOS)
      Vary:
      - Accept-Encoding
      Content-Length:
      - '2188'
      Content-Type:
      - application/json; charset=utf-8
    body:
      encoding: ASCII-8BIT
      string: '{"exception": null, "task_type": "pulp.server.managers.repo.sync.sync",
        "_href": "/pulp/api/v2/tasks/b624960a-75e3-41ba-b4e4-802fbce007b2/", "task_id":
        "b624960a-75e3-41ba-b4e4-802fbce007b2", "tags": ["pulp:repository:integration_test_id",
        "pulp:action:sync"], "finish_time": "2016-07-26T19:20:12Z", "_ns": "task_status",
        "start_time": "2016-07-26T19:20:12Z", "traceback": null, "spawned_tasks":
        [], "progress_report": {"yum_importer": {"content": {"items_total": 0, "state":
        "FINISHED", "error_details": [], "details": {"rpm_total": 0, "rpm_done": 0,
        "drpm_total": 0, "drpm_done": 0}, "size_total": 0, "size_left": 0, "items_left":
        0}, "comps": {"state": "FINISHED"}, "purge_duplicates": {"state": "FINISHED"},
        "distribution": {"items_total": 3, "state": "FINISHED", "error_details": [],
        "items_left": 0}, "errata": {"state": "FINISHED"}, "metadata": {"state": "FINISHED"}}},
        "queue": "reserved_resource_worker-0@runcible.example.com.dq", "state": "finished",
        "worker_name": "reserved_resource_worker-0@runcible.example.com", "result":
        {"result": "success", "importer_id": "yum_importer", "exception": null, "repo_id":
        "integration_test_id", "traceback": null, "started": "2016-07-26T19:20:12Z",
        "_ns": "repo_sync_results", "completed": "2016-07-26T19:20:12Z", "importer_type_id":
        "yum_importer", "error_message": null, "summary": {"content": {"state": "FINISHED"},
        "comps": {"state": "FINISHED"}, "purge_duplicates": {"state": "FINISHED"},
        "distribution": {"state": "FINISHED"}, "errata": {"state": "FINISHED"}, "metadata":
        {"state": "FINISHED"}}, "added_count": 14, "removed_count": 0, "updated_count":
        0, "id": "5797b7ecaca4886f94017e06", "details": {"content": {"size_total":
        0, "items_left": 0, "items_total": 0, "state": "FINISHED", "size_left": 0,
        "details": {"rpm_total": 0, "rpm_done": 0, "drpm_total": 0, "drpm_done": 0},
        "error_details": []}, "comps": {"state": "FINISHED"}, "purge_duplicates":
        {"state": "FINISHED"}, "distribution": {"items_total": 3, "state": "FINISHED",
        "error_details": [], "items_left": 0}, "errata": {"state": "FINISHED"}, "metadata":
        {"state": "FINISHED"}}}, "error": null, "_id": {"$oid": "5797b7ebd5c469f4207bd32c"},
        "id": "5797b7ebd5c469f4207bd32c"}'
    http_version: 
  recorded_at: Tue, 26 Jul 2016 19:20:12 GMT
- request:
    method: get
    uri: https://admin:8hPtEyo9rgBhv2ahMTYH9Xqsp3WX5rcj@runcible.example.com/pulp/api/v2/tasks/a4e021b0-a6e2-4790-9779-07aad2b62cf1/
    body:
      encoding: US-ASCII
      string: ''
    headers:
      Accept:
      - application/json
      Accept-Encoding:
      - gzip, deflate
      Content-Type:
      - application/json
      User-Agent:
      - Ruby
  response:
    status:
      code: 200
      message: OK
    headers:
      Date:
      - Tue, 26 Jul 2016 19:20:14 GMT
      Server:
      - Apache/2.4.6 (CentOS)
      Vary:
      - Accept-Encoding
      Content-Length:
      - '684'
      Content-Type:
      - application/json; charset=utf-8
    body:
      encoding: ASCII-8BIT
      string: '{"exception": null, "task_type": "pulp.server.tasks.repository.delete",
        "_href": "/pulp/api/v2/tasks/a4e021b0-a6e2-4790-9779-07aad2b62cf1/", "task_id":
        "a4e021b0-a6e2-4790-9779-07aad2b62cf1", "tags": ["pulp:repository:integration_test_id",
        "pulp:action:delete"], "finish_time": "2016-07-26T19:20:14Z", "_ns": "task_status",
        "start_time": "2016-07-26T19:20:14Z", "traceback": null, "spawned_tasks":
        [], "progress_report": {}, "queue": "reserved_resource_worker-0@runcible.example.com.dq",
        "state": "finished", "worker_name": "reserved_resource_worker-0@runcible.example.com",
        "result": null, "error": null, "_id": {"$oid": "5797b7edd5c469f4207bd33c"},
        "id": "5797b7edd5c469f4207bd33c"}'
    http_version: 
  recorded_at: Tue, 26 Jul 2016 19:20:14 GMT
- request:
    method: post
    uri: https://admin:8hPtEyo9rgBhv2ahMTYH9Xqsp3WX5rcj@runcible.example.com/pulp/api/v2/consumers/
    body:
      encoding: UTF-8
      string: '{"id":"integration_test_consumer_support"}'
    headers:
      Accept:
      - application/json
      Accept-Encoding:
      - gzip, deflate
      Content-Type:
      - application/json
      Content-Length:
      - '42'
      User-Agent:
      - Ruby
  response:
    status:
      code: 201
      message: CREATED
    headers:
      Date:
      - Tue, 26 Jul 2016 20:04:54 GMT
      Server:
      - Apache/2.4.6 (CentOS)
      Content-Length:
      - '2513'
      Location:
      - https://runcible.example.com/pulp/api/v2/consumers/integration_test_consumer_support/
      Content-Type:
      - application/json; charset=utf-8
    body:
      encoding: UTF-8
      string: '{"consumer": {"display_name": "integration_test_consumer_support",
        "description": null, "_ns": "consumers", "notes": {}, "rsa_pub": null, "capabilities":
        {}, "_id": {"$oid": "5797c267aca4887c753db45a"}, "id": "integration_test_consumer_support",
        "_href": "/pulp/api/v2/consumers/integration_test_consumer_support/"}, "certificate":
        "-----BEGIN RSA PRIVATE KEY-----\nMIICXAIBAAKBgQC2DD0iHLYj/NxvxjVx49dxgtJk7bvBQA9OiXs+WFP87Oij91JR\nS8LtXeQbJwGzDrjAV8eg7zGlh+FI+amcf1CPZ2exje9ciVyYRU1ybTDrgFHwVHd1\nNW+/bgz70OePNTEQ6mBGIj4Mv4qxYZtK6L8F2+JS5kzJJzihubDRRU5uEQIDAQAB\nAoGATo+1ihUN3TXwAyRsR/vlK40jMn8NeXYlpOTblKoVhJ7QPoIquf6R3lGYcMdC\nin0d6ZN4CNFwgVjENfPX6DthDecXMTF+xspG39h6fTru1u0kP6REdntCL2p1EBh3\nOv5ueFQievaPFH6n9YDm4bGguyfJCCaNyLW0+wfJvd4mqIECQQDkh3VJisEV1N/0\nFBRnIfcPKScfNFkNSxSaC5lmoPxFUiVyuToHODUib7i1zV1zqqaym8HeEVWz3efB\nTdmDls9ZAkEAy+5oZaGPCnqvN5YvnJ+oEGLWIRNv3pCl3KwvVObUfg9EXh6S8sKv\n7vb6+wV2n0GyDU3hgWYXU7sHoHg0yME1eQJAH5iO4cUaXw9Yi2F/VKcAhosVCp5t\nNYZM6eNyqRrW5iquXMc5O6hMyF8T9abYJdbRR157ll1lMQIcOcCusx/VuQJBAJXn\n74fdxdcvLgPPe7pHRnSdIsh3kEFr1PCtBbIEaGkt8dS55s1avZcMqJvDfVo+IZNU\nD5NeJ4GeN1IHas2z8QkCQG09kn3xy19KmTyk3QTtaLDVhYWTc6HFGjJ56lxv/yqX\n24qzaxkZrr6/VYCdOPqaguJboCWszNUw9NUYo+qjVek=\n-----END
        RSA PRIVATE KEY-----\n-----BEGIN CERTIFICATE-----\nMIIDdDCCAVwCAUYwDQYJKoZIhvcNAQEFBQAwLjEdMBsGA1UEAwwUcnVuY2libGUu\nZXhhbXBsZS5jb20xDTALBgNVBAoMBFBVTFAwHhcNMTYwNzI2MjAwNDU1WhcNMjYw\nNzI0MjAwNDU1WjBWMSowKAYDVQQDFCFpbnRlZ3JhdGlvbl90ZXN0X2NvbnN1bWVy\nX3N1cHBvcnQxKDAmBgoJkiaJk/IsZAEBExg1Nzk3YzI2N2FjYTQ4ODdjNzUzZGI0\nNWEwgZ8wDQYJKoZIhvcNAQEBBQADgY0AMIGJAoGBALYMPSIctiP83G/GNXHj13GC\n0mTtu8FAD06Jez5YU/zs6KP3UlFLwu1d5BsnAbMOuMBXx6DvMaWH4Uj5qZx/UI9n\nZ7GN71yJXJhFTXJtMOuAUfBUd3U1b79uDPvQ5481MRDqYEYiPgy/irFhm0rovwXb\n4lLmTMknOKG5sNFFTm4RAgMBAAEwDQYJKoZIhvcNAQEFBQADggIBABrOAXPsCdIa\nhZue9gsMzCvaInMKrAVXYx7KCdL1/Ve0I3ZbnDylSvEiLI06Bjr4kNU4s+D9KI3s\nXeSNqYcTJQM+UV0E+PzmDb2NIktWMHT2Iuh8DpwhOMmbvyhWDORPZSMVf5yV5Lez\nbeFudKucsPKIPVZCVwitRPMi76f+ubZS+ce0LRGZdP0j4rGpevtJKwFU0XrQ8pPA\nJ2OFV1mc3NjfogdiuMjFcaqo8ljGmprWQzvXm5yEmksu4ZNURo/daCbzAGD6wFB7\nOMFq40JZJCgKkr7dBVrBgog1r93WHehG0O9bUMT/0C+vEDZxV7pvBgTXoHnT2z2n\njZ1MrtMj+6TuOGHw+2HtGAVZTUWEu0YVevxKW5J6arqFS8Is2jJkgyuRPNKyaXxm\nS3/xVR8up5r1iwtCdWrwZGGOyulUNpmLmMjB+01xFp4Ggx7FdpUVV3/RgnY+ZJ5O\nSr37rFjDmojSru3vvh8RfXoHozVqqOSK9Q8xbZ+eiASoIs4vKc4zylsVB9M81ZRZ\nlg4/76F+FX5/CnJlC6Ufv1xc0hOSVvEyRqff2YOnoovqSnPatwB9upIOaGr4A3Rl\n1VO5SLGz9zSXrw5+Jx3A6s2iWIOWIANHjdmS7F7FBJ53t9Ju6Ws+S//4yR74pXeK\nvkZOmpcdfNlULhhSc6kFPUCUGfP76kpU\n-----END
        CERTIFICATE-----"}'
    http_version: 
  recorded_at: Tue, 26 Jul 2016 20:04:55 GMT
- request:
    method: post
    uri: https://admin:8hPtEyo9rgBhv2ahMTYH9Xqsp3WX5rcj@runcible.example.com/pulp/api/v2/consumers/integration_test_consumer_support/profiles//
    body:
      encoding: UTF-8
      string: '{"content_type":"rpm","profile":[{"name":"elephant","version":"0.2","release":"0.7","epoch":0,"arch":"noarch","vendor":"Fedora"}]}'
    headers:
      Accept:
      - application/json
      Accept-Encoding:
      - gzip, deflate
      Content-Type:
      - application/json
      Content-Length:
      - '130'
      User-Agent:
      - Ruby
  response:
    status:
      code: 201
      message: CREATED
    headers:
      Date:
      - Tue, 26 Jul 2016 20:04:55 GMT
      Server:
      - Apache/2.4.6 (CentOS)
      Content-Length:
      - '475'
      Location:
      - https://runcible.example.com/pulp/api/v2/consumers/integration_test_consumer_support/profiles/rpm/
      Content-Type:
      - application/json; charset=utf-8
    body:
      encoding: UTF-8
      string: '{"profile": [{"vendor": "Fedora", "name": "elephant", "epoch": 0, "version":
        "0.2", "release": "0.7", "arch": "noarch"}], "_href": "/pulp/api/v2/consumers/integration_test_consumer_support/profiles/rpm/",
        "_ns": "consumer_unit_profiles", "profile_hash": "db16b75e977ae3fbbf27beb919693137b26ba59eb7be73f2888197b89521e50d",
        "consumer_id": "integration_test_consumer_support", "content_type": "rpm",
        "_id": {"$oid": "5797c267aca4887c74aca41f"}, "id": "5797c267aca4887c74aca41f"}'
    http_version: 
  recorded_at: Tue, 26 Jul 2016 20:04:55 GMT
- request:
    method: get
    uri: https://admin:8hPtEyo9rgBhv2ahMTYH9Xqsp3WX5rcj@runcible.example.com/pulp/api/v2/repositories/integration_test_id/
    body:
      encoding: US-ASCII
      string: ''
    headers:
      Accept:
      - application/json
      Accept-Encoding:
      - gzip, deflate
      Content-Type:
      - application/json
      User-Agent:
      - Ruby
  response:
    status:
      code: 404
      message: NOT FOUND
    headers:
      Date:
      - Tue, 26 Jul 2016 20:04:55 GMT
      Server:
      - Apache/2.4.6 (CentOS)
      Content-Encoding:
      - utf-8
      Content-Length:
      - '452'
      Content-Type:
      - application/json; charset=utf-8
    body:
      encoding: UTF-8
      string: '{"http_request_method": "GET", "exception": null, "error_message":
        "Missing resource(s): repository=integration_test_id", "_href": "/pulp/api/v2/repositories/integration_test_id/?",
        "http_status": 404, "error": {"code": "PLP0009", "data": {"resources": {"repository":
        "integration_test_id"}}, "description": "Missing resource(s): repository=integration_test_id",
        "sub_errors": []}, "traceback": null, "resources": {"repository": "integration_test_id"}}'
    http_version: 
  recorded_at: Tue, 26 Jul 2016 20:04:55 GMT
- request:
    method: post
    uri: https://admin:8hPtEyo9rgBhv2ahMTYH9Xqsp3WX5rcj@runcible.example.com/pulp/api/v2/repositories/
    body:
      encoding: UTF-8
      string: '{"id":"integration_test_id","importer_type_id":"yum_importer","importer_config":{"feed":"file:///var/www/repositories/zoo5"},"distributors":[{"distributor_type_id":"yum_distributor","distributor_config":{"relative_url":"path","http":true,"https":true},"auto_publish":false,"distributor_id":"yum_dist"}]}'
    headers:
      Accept:
      - application/json
      Accept-Encoding:
      - gzip, deflate
      Content-Type:
      - application/json
      Content-Length:
      - '303'
      User-Agent:
      - Ruby
  response:
    status:
      code: 201
      message: CREATED
    headers:
      Date:
      - Tue, 26 Jul 2016 20:04:55 GMT
      Server:
      - Apache/2.4.6 (CentOS)
      Content-Length:
      - '319'
      Location:
      - https://runcible.example.com/pulp/api/v2/repositories/integration_test_id/
      Content-Type:
      - application/json; charset=utf-8
    body:
      encoding: UTF-8
      string: '{"scratchpad": {}, "display_name": "integration_test_id", "description":
        null, "last_unit_added": null, "notes": {}, "last_unit_removed": null, "content_unit_counts":
        {}, "_ns": "repos", "_id": {"$oid": "5797c267aca4887c74aca421"}, "id": "integration_test_id",
        "_href": "/pulp/api/v2/repositories/integration_test_id/"}'
    http_version: 
  recorded_at: Tue, 26 Jul 2016 20:04:55 GMT
- request:
    method: post
    uri: https://admin:8hPtEyo9rgBhv2ahMTYH9Xqsp3WX5rcj@runcible.example.com/pulp/api/v2/repositories/integration_test_id/actions/sync/
    body:
      encoding: UTF-8
      string: "{}"
    headers:
      Accept:
      - application/json
      Accept-Encoding:
      - gzip, deflate
      Content-Type:
      - application/json
      Content-Length:
      - '2'
      User-Agent:
      - Ruby
  response:
    status:
      code: 202
      message: ACCEPTED
    headers:
      Date:
      - Tue, 26 Jul 2016 20:04:55 GMT
      Server:
      - Apache/2.4.6 (CentOS)
      Content-Length:
      - '172'
      Content-Type:
      - application/json; charset=utf-8
    body:
      encoding: UTF-8
      string: '{"spawned_tasks": [{"_href": "/pulp/api/v2/tasks/45bab543-bf78-4c4d-8516-17d1e94caaf0/",
        "task_id": "45bab543-bf78-4c4d-8516-17d1e94caaf0"}], "result": null, "error":
        null}'
    http_version: 
  recorded_at: Tue, 26 Jul 2016 20:04:55 GMT
- request:
    method: get
    uri: https://admin:8hPtEyo9rgBhv2ahMTYH9Xqsp3WX5rcj@runcible.example.com/pulp/api/v2/tasks/45bab543-bf78-4c4d-8516-17d1e94caaf0/
    body:
      encoding: US-ASCII
      string: ''
    headers:
      Accept:
      - application/json
      Accept-Encoding:
      - gzip, deflate
      Content-Type:
      - application/json
      User-Agent:
      - Ruby
  response:
    status:
      code: 200
      message: OK
    headers:
      Date:
      - Tue, 26 Jul 2016 20:04:56 GMT
      Server:
      - Apache/2.4.6 (CentOS)
      Vary:
      - Accept-Encoding
      Content-Length:
      - '2188'
      Content-Type:
      - application/json; charset=utf-8
    body:
      encoding: ASCII-8BIT
      string: '{"exception": null, "task_type": "pulp.server.managers.repo.sync.sync",
        "_href": "/pulp/api/v2/tasks/45bab543-bf78-4c4d-8516-17d1e94caaf0/", "task_id":
        "45bab543-bf78-4c4d-8516-17d1e94caaf0", "tags": ["pulp:repository:integration_test_id",
        "pulp:action:sync"], "finish_time": "2016-07-26T20:04:56Z", "_ns": "task_status",
        "start_time": "2016-07-26T20:04:55Z", "traceback": null, "spawned_tasks":
        [], "progress_report": {"yum_importer": {"content": {"items_total": 0, "state":
        "FINISHED", "error_details": [], "details": {"rpm_total": 0, "rpm_done": 0,
        "drpm_total": 0, "drpm_done": 0}, "size_total": 0, "size_left": 0, "items_left":
        0}, "comps": {"state": "FINISHED"}, "purge_duplicates": {"state": "FINISHED"},
        "distribution": {"items_total": 3, "state": "FINISHED", "error_details": [],
        "items_left": 0}, "errata": {"state": "FINISHED"}, "metadata": {"state": "FINISHED"}}},
        "queue": "reserved_resource_worker-0@runcible.example.com.dq", "state": "finished",
        "worker_name": "reserved_resource_worker-0@runcible.example.com", "result":
        {"result": "success", "importer_id": "yum_importer", "exception": null, "repo_id":
        "integration_test_id", "traceback": null, "started": "2016-07-26T20:04:55Z",
        "_ns": "repo_sync_results", "completed": "2016-07-26T20:04:56Z", "importer_type_id":
        "yum_importer", "error_message": null, "summary": {"content": {"state": "FINISHED"},
        "comps": {"state": "FINISHED"}, "purge_duplicates": {"state": "FINISHED"},
        "distribution": {"state": "FINISHED"}, "errata": {"state": "FINISHED"}, "metadata":
        {"state": "FINISHED"}}, "added_count": 14, "removed_count": 0, "updated_count":
        0, "id": "5797c268aca4887dc4d9fee9", "details": {"content": {"size_total":
        0, "items_left": 0, "items_total": 0, "state": "FINISHED", "size_left": 0,
        "details": {"rpm_total": 0, "rpm_done": 0, "drpm_total": 0, "drpm_done": 0},
        "error_details": []}, "comps": {"state": "FINISHED"}, "purge_duplicates":
        {"state": "FINISHED"}, "distribution": {"items_total": 3, "state": "FINISHED",
        "error_details": [], "items_left": 0}, "errata": {"state": "FINISHED"}, "metadata":
        {"state": "FINISHED"}}}, "error": null, "_id": {"$oid": "5797c267d5c469f4207bd6da"},
        "id": "5797c267d5c469f4207bd6da"}'
    http_version: 
  recorded_at: Tue, 26 Jul 2016 20:04:56 GMT
- request:
    method: get
    uri: https://admin:8hPtEyo9rgBhv2ahMTYH9Xqsp3WX5rcj@runcible.example.com/pulp/api/v2/repositories/integration_test_id/?details=true
    body:
      encoding: US-ASCII
      string: ''
    headers:
      Accept:
      - application/json
      Accept-Encoding:
      - gzip, deflate
      Content-Type:
      - application/json
      User-Agent:
      - Ruby
  response:
    status:
      code: 200
      message: OK
    headers:
      Date:
      - Tue, 26 Jul 2016 20:04:56 GMT
      Server:
      - Apache/2.4.6 (CentOS)
      Vary:
      - Accept-Encoding
      Content-Length:
      - '1378'
      Content-Type:
      - application/json; charset=utf-8
    body:
      encoding: ASCII-8BIT
      string: '{"scratchpad": {"checksum_type": "sha256"}, "display_name": "integration_test_id",
        "description": null, "distributors": [{"repo_id": "integration_test_id", "last_updated":
        "2016-07-26T20:04:55Z", "_href": "/pulp/api/v2/repositories/integration_test_id/distributors/yum_dist/",
        "last_override_config": {}, "last_publish": null, "distributor_type_id": "yum_distributor",
        "auto_publish": false, "scratchpad": {}, "_ns": "repo_distributors", "_id":
        {"$oid": "5797c267aca4887c74aca423"}, "config": {"http": true, "https": true,
        "relative_url": "path"}, "id": "yum_dist"}], "last_unit_added": null, "notes":
        {}, "last_unit_removed": null, "content_unit_counts": {"package_group": 2,
        "distribution": 1, "package_category": 1, "rpm": 8, "erratum": 2}, "_ns":
        "repos", "importers": [{"scratchpad": {"repomd_revision": 1321893800, "previous_skip_list":
        []}, "_href": "/pulp/api/v2/repositories/integration_test_id/importers/yum_importer/",
        "_ns": "repo_importers", "importer_type_id": "yum_importer", "last_sync":
        "2016-07-26T20:04:56Z", "repo_id": "integration_test_id", "_id": {"$oid":
        "5797c267aca4887c74aca422"}, "config": {"feed": "file:///var/www/repositories/zoo5"},
        "id": "yum_importer"}], "locally_stored_units": 14, "_id": {"$oid": "5797c267aca4887c74aca421"},
        "total_repository_units": 14, "id": "integration_test_id", "_href": "/pulp/api/v2/repositories/integration_test_id/"}'
    http_version: 
  recorded_at: Tue, 26 Jul 2016 20:04:56 GMT
- request:
    method: post
    uri: https://admin:8hPtEyo9rgBhv2ahMTYH9Xqsp3WX5rcj@runcible.example.com/pulp/api/v2/consumers/integration_test_consumer_support/bindings//
    body:
      encoding: UTF-8
      string: '{"repo_id":"integration_test_id","distributor_id":"yum_dist","notify_agent":false}'
    headers:
      Accept:
      - application/json
      Accept-Encoding:
      - gzip, deflate
      Content-Type:
      - application/json
      Content-Length:
      - '82'
      User-Agent:
      - Ruby
  response:
    status:
      code: 200
      message: OK
    headers:
      Date:
      - Tue, 26 Jul 2016 20:04:56 GMT
      Server:
      - Apache/2.4.6 (CentOS)
      Vary:
      - Accept-Encoding
      Content-Length:
      - '358'
      Content-Type:
      - application/json; charset=utf-8
    body:
      encoding: ASCII-8BIT
      string: '{"spawned_tasks": [], "result": {"notify_agent": false, "repo_id":
        "integration_test_id", "deleted": false, "_ns": "consumer_bindings", "distributor_id":
        "yum_dist", "consumer_id": "integration_test_consumer_support", "consumer_actions":
        [], "binding_config": {}, "_id": {"$oid": "5797c268aca4887c74aca424"}, "id":
        "5797c268aca4887c74aca424"}, "error": null}'
    http_version: 
  recorded_at: Tue, 26 Jul 2016 20:04:56 GMT
- request:
    method: delete
    uri: https://admin:8hPtEyo9rgBhv2ahMTYH9Xqsp3WX5rcj@runcible.example.com/pulp/api/v2/consumers/integration_test_consumer_support/
    body:
      encoding: US-ASCII
      string: ''
    headers:
      Accept:
      - application/json
      Accept-Encoding:
      - gzip, deflate
      Content-Type:
      - application/json
      User-Agent:
      - Ruby
  response:
    status:
      code: 200
      message: OK
    headers:
      Date:
      - Tue, 26 Jul 2016 20:04:57 GMT
      Server:
      - Apache/2.4.6 (CentOS)
      Content-Length:
      - '4'
      Content-Type:
      - application/json; charset=utf-8
    body:
      encoding: UTF-8
      string: 'null'
    http_version: 
  recorded_at: Tue, 26 Jul 2016 20:04:57 GMT
- request:
    method: delete
    uri: https://admin:8hPtEyo9rgBhv2ahMTYH9Xqsp3WX5rcj@runcible.example.com/pulp/api/v2/repositories/integration_test_id/
    body:
      encoding: US-ASCII
      string: ''
    headers:
      Accept:
      - application/json
      Accept-Encoding:
      - gzip, deflate
      Content-Type:
      - application/json
      User-Agent:
      - Ruby
  response:
    status:
      code: 202
      message: ACCEPTED
    headers:
      Date:
      - Tue, 26 Jul 2016 20:04:57 GMT
      Server:
      - Apache/2.4.6 (CentOS)
      Content-Length:
      - '172'
      Content-Type:
      - application/json; charset=utf-8
    body:
      encoding: UTF-8
      string: '{"spawned_tasks": [{"_href": "/pulp/api/v2/tasks/c3e49f16-2864-41af-9d1e-447382c58ba8/",
        "task_id": "c3e49f16-2864-41af-9d1e-447382c58ba8"}], "result": null, "error":
        null}'
    http_version: 
  recorded_at: Tue, 26 Jul 2016 20:04:57 GMT
- request:
    method: get
    uri: https://admin:8hPtEyo9rgBhv2ahMTYH9Xqsp3WX5rcj@runcible.example.com/pulp/api/v2/tasks/c3e49f16-2864-41af-9d1e-447382c58ba8/
    body:
      encoding: US-ASCII
      string: ''
    headers:
      Accept:
      - application/json
      Accept-Encoding:
      - gzip, deflate
      Content-Type:
      - application/json
      User-Agent:
      - Ruby
  response:
    status:
      code: 200
      message: OK
    headers:
      Date:
      - Tue, 26 Jul 2016 20:04:58 GMT
      Server:
      - Apache/2.4.6 (CentOS)
      Vary:
      - Accept-Encoding
      Content-Length:
      - '684'
      Content-Type:
      - application/json; charset=utf-8
    body:
      encoding: ASCII-8BIT
      string: '{"exception": null, "task_type": "pulp.server.tasks.repository.delete",
        "_href": "/pulp/api/v2/tasks/c3e49f16-2864-41af-9d1e-447382c58ba8/", "task_id":
        "c3e49f16-2864-41af-9d1e-447382c58ba8", "tags": ["pulp:repository:integration_test_id",
        "pulp:action:delete"], "finish_time": "2016-07-26T20:04:57Z", "_ns": "task_status",
        "start_time": "2016-07-26T20:04:57Z", "traceback": null, "spawned_tasks":
        [], "progress_report": {}, "queue": "reserved_resource_worker-0@runcible.example.com.dq",
        "state": "finished", "worker_name": "reserved_resource_worker-0@runcible.example.com",
        "result": null, "error": null, "_id": {"$oid": "5797c269d5c469f4207bd6ea"},
        "id": "5797c269d5c469f4207bd6ea"}'
    http_version: 
  recorded_at: Tue, 26 Jul 2016 20:04:58 GMT
recorded_with: VCR 3.0.3
