---
http_interactions:
- request:
    method: get
    uri: https://admin:HeQSzZgm6ZEKG8aHrJEGW7aGD85Wrj57@runcible.example.com/pulp/api/v2/tasks/a82f942c-e26c-4bce-8647-969674d4e297/
    body:
      encoding: US-ASCII
      string: ''
    headers:
      Accept:
      - application/json
      Accept-Encoding:
      - gzip, deflate
      Content-Type:
      - application/json
      User-Agent:
      - Ruby
  response:
    status:
      code: 200
      message: OK
    headers:
      Date:
      - Fri, 29 Apr 2016 16:26:26 GMT
      Server:
      - Apache/2.4.6 (CentOS)
      Vary:
      - Accept-Encoding
      Content-Length:
      - '1132'
      Content-Type:
      - application/json; charset=utf-8
    body:
      encoding: ASCII-8BIT
      string: '{"exception": null, "task_type": "pulp.server.managers.repo.sync.sync",
        "_href": "/pulp/api/v2/tasks/a82f942c-e26c-4bce-8647-969674d4e297/", "task_id":
        "a82f942c-e26c-4bce-8647-969674d4e297", "tags": ["pulp:repository:integration_test_id",
        "pulp:action:sync"], "finish_time": null, "_ns": "task_status", "start_time":
        "2016-04-29T16:26:25Z", "traceback": null, "spawned_tasks": [], "progress_report":
        {"yum_importer": {"content": {"items_total": 0, "state": "IN_PROGRESS", "error_details":
        [], "details": {"rpm_total": 0, "rpm_done": 0, "drpm_total": 0, "drpm_done":
        0}, "size_total": 0, "size_left": 0, "items_left": 0}, "comps": {"state":
        "NOT_STARTED"}, "purge_duplicates": {"state": "NOT_STARTED"}, "distribution":
        {"items_total": 0, "state": "NOT_STARTED", "error_details": [], "items_left":
        0}, "errata": {"state": "NOT_STARTED"}, "metadata": {"state": "FINISHED"}}},
        "queue": "reserved_resource_worker-0@runcible.example.com.dq", "state": "running",
        "worker_name": "reserved_resource_worker-0@runcible.example.com", "result":
        null, "error": null, "_id": {"$oid": "57238b31898f5c862fa3eb7e"}, "id": "57238b31898f5c862fa3eb7e"}'
    http_version: 
  recorded_at: Fri, 29 Apr 2016 16:26:26 GMT
- request:
    method: get
    uri: https://admin:HeQSzZgm6ZEKG8aHrJEGW7aGD85Wrj57@runcible.example.com/pulp/api/v2/tasks/a82f942c-e26c-4bce-8647-969674d4e297/
    body:
      encoding: US-ASCII
      string: ''
    headers:
      Accept:
      - application/json
      Accept-Encoding:
      - gzip, deflate
      Content-Type:
      - application/json
      User-Agent:
      - Ruby
  response:
    status:
      code: 200
      message: OK
    headers:
      Date:
      - Fri, 29 Apr 2016 16:26:26 GMT
      Server:
      - Apache/2.4.6 (CentOS)
      Vary:
      - Accept-Encoding
      Content-Length:
      - '2188'
      Content-Type:
      - application/json; charset=utf-8
    body:
      encoding: ASCII-8BIT
      string: '{"exception": null, "task_type": "pulp.server.managers.repo.sync.sync",
        "_href": "/pulp/api/v2/tasks/a82f942c-e26c-4bce-8647-969674d4e297/", "task_id":
        "a82f942c-e26c-4bce-8647-969674d4e297", "tags": ["pulp:repository:integration_test_id",
        "pulp:action:sync"], "finish_time": "2016-04-29T16:26:26Z", "_ns": "task_status",
        "start_time": "2016-04-29T16:26:25Z", "traceback": null, "spawned_tasks":
        [], "progress_report": {"yum_importer": {"content": {"items_total": 0, "state":
        "FINISHED", "error_details": [], "details": {"rpm_total": 0, "rpm_done": 0,
        "drpm_total": 0, "drpm_done": 0}, "size_total": 0, "size_left": 0, "items_left":
        0}, "comps": {"state": "FINISHED"}, "purge_duplicates": {"state": "FINISHED"},
        "distribution": {"items_total": 3, "state": "FINISHED", "error_details": [],
        "items_left": 0}, "errata": {"state": "FINISHED"}, "metadata": {"state": "FINISHED"}}},
        "queue": "reserved_resource_worker-0@runcible.example.com.dq", "state": "finished",
        "worker_name": "reserved_resource_worker-0@runcible.example.com", "result":
        {"result": "success", "importer_id": "yum_importer", "exception": null, "repo_id":
        "integration_test_id", "traceback": null, "started": "2016-04-29T16:26:25Z",
        "_ns": "repo_sync_results", "completed": "2016-04-29T16:26:26Z", "importer_type_id":
        "yum_importer", "error_message": null, "summary": {"content": {"state": "FINISHED"},
        "comps": {"state": "FINISHED"}, "purge_duplicates": {"state": "FINISHED"},
        "distribution": {"state": "FINISHED"}, "errata": {"state": "FINISHED"}, "metadata":
        {"state": "FINISHED"}}, "added_count": 14, "removed_count": 0, "updated_count":
        0, "id": "57238b32aca4886e0c05c3dc", "details": {"content": {"size_total":
        0, "items_left": 0, "items_total": 0, "state": "FINISHED", "size_left": 0,
        "details": {"rpm_total": 0, "rpm_done": 0, "drpm_total": 0, "drpm_done": 0},
        "error_details": []}, "comps": {"state": "FINISHED"}, "purge_duplicates":
        {"state": "FINISHED"}, "distribution": {"items_total": 3, "state": "FINISHED",
        "error_details": [], "items_left": 0}, "errata": {"state": "FINISHED"}, "metadata":
        {"state": "FINISHED"}}}, "error": null, "_id": {"$oid": "57238b31898f5c862fa3eb7e"},
        "id": "57238b31898f5c862fa3eb7e"}'
    http_version: 
  recorded_at: Fri, 29 Apr 2016 16:26:27 GMT
- request:
    method: get
    uri: https://admin:HeQSzZgm6ZEKG8aHrJEGW7aGD85Wrj57@runcible.example.com/pulp/api/v2/tasks/4c9dec1c-b886-4d43-bcd7-56af7b8c302c/
    body:
      encoding: US-ASCII
      string: ''
    headers:
      Accept:
      - application/json
      Accept-Encoding:
      - gzip, deflate
      Content-Type:
      - application/json
      User-Agent:
      - Ruby
  response:
    status:
      code: 200
      message: OK
    headers:
      Date:
      - Fri, 29 Apr 2016 16:26:29 GMT
      Server:
      - Apache/2.4.6 (CentOS)
      Vary:
      - Accept-Encoding
      Content-Length:
      - '684'
      Content-Type:
      - application/json; charset=utf-8
    body:
      encoding: ASCII-8BIT
      string: '{"exception": null, "task_type": "pulp.server.tasks.repository.delete",
        "_href": "/pulp/api/v2/tasks/4c9dec1c-b886-4d43-bcd7-56af7b8c302c/", "task_id":
        "4c9dec1c-b886-4d43-bcd7-56af7b8c302c", "tags": ["pulp:repository:integration_test_id",
        "pulp:action:delete"], "finish_time": "2016-04-29T16:26:28Z", "_ns": "task_status",
        "start_time": "2016-04-29T16:26:28Z", "traceback": null, "spawned_tasks":
        [], "progress_report": {}, "queue": "reserved_resource_worker-0@runcible.example.com.dq",
        "state": "finished", "worker_name": "reserved_resource_worker-0@runcible.example.com",
        "result": null, "error": null, "_id": {"$oid": "57238b34898f5c862fa3eb8d"},
        "id": "57238b34898f5c862fa3eb8d"}'
    http_version: 
  recorded_at: Fri, 29 Apr 2016 16:26:29 GMT
- request:
    method: get
    uri: https://admin:8hPtEyo9rgBhv2ahMTYH9Xqsp3WX5rcj@runcible.example.com/pulp/api/v2/tasks/0d2d4f85-2b9f-4144-99e4-6727bcccafea/
    body:
      encoding: US-ASCII
      string: ''
    headers:
      Accept:
      - application/json
      Accept-Encoding:
      - gzip, deflate
      Content-Type:
      - application/json
      User-Agent:
      - Ruby
  response:
    status:
      code: 200
      message: OK
    headers:
      Date:
      - Tue, 26 Jul 2016 19:19:41 GMT
      Server:
      - Apache/2.4.6 (CentOS)
      Vary:
      - Accept-Encoding
      Content-Length:
      - '2188'
      Content-Type:
      - application/json; charset=utf-8
    body:
      encoding: ASCII-8BIT
      string: '{"exception": null, "task_type": "pulp.server.managers.repo.sync.sync",
        "_href": "/pulp/api/v2/tasks/0d2d4f85-2b9f-4144-99e4-6727bcccafea/", "task_id":
        "0d2d4f85-2b9f-4144-99e4-6727bcccafea", "tags": ["pulp:repository:integration_test_id",
        "pulp:action:sync"], "finish_time": "2016-07-26T19:19:40Z", "_ns": "task_status",
        "start_time": "2016-07-26T19:19:40Z", "traceback": null, "spawned_tasks":
        [], "progress_report": {"yum_importer": {"content": {"items_total": 0, "state":
        "FINISHED", "error_details": [], "details": {"rpm_total": 0, "rpm_done": 0,
        "drpm_total": 0, "drpm_done": 0}, "size_total": 0, "size_left": 0, "items_left":
        0}, "comps": {"state": "FINISHED"}, "purge_duplicates": {"state": "FINISHED"},
        "distribution": {"items_total": 3, "state": "FINISHED", "error_details": [],
        "items_left": 0}, "errata": {"state": "FINISHED"}, "metadata": {"state": "FINISHED"}}},
        "queue": "reserved_resource_worker-0@runcible.example.com.dq", "state": "finished",
        "worker_name": "reserved_resource_worker-0@runcible.example.com", "result":
        {"result": "success", "importer_id": "yum_importer", "exception": null, "repo_id":
        "integration_test_id", "traceback": null, "started": "2016-07-26T19:19:40Z",
        "_ns": "repo_sync_results", "completed": "2016-07-26T19:19:40Z", "importer_type_id":
        "yum_importer", "error_message": null, "summary": {"content": {"state": "FINISHED"},
        "comps": {"state": "FINISHED"}, "purge_duplicates": {"state": "FINISHED"},
        "distribution": {"state": "FINISHED"}, "errata": {"state": "FINISHED"}, "metadata":
        {"state": "FINISHED"}}, "added_count": 14, "removed_count": 0, "updated_count":
        0, "id": "5797b7ccaca4886f94017de4", "details": {"content": {"size_total":
        0, "items_left": 0, "items_total": 0, "state": "FINISHED", "size_left": 0,
        "details": {"rpm_total": 0, "rpm_done": 0, "drpm_total": 0, "drpm_done": 0},
        "error_details": []}, "comps": {"state": "FINISHED"}, "purge_duplicates":
        {"state": "FINISHED"}, "distribution": {"items_total": 3, "state": "FINISHED",
        "error_details": [], "items_left": 0}, "errata": {"state": "FINISHED"}, "metadata":
        {"state": "FINISHED"}}}, "error": null, "_id": {"$oid": "5797b7ccd5c469f4207bd29a"},
        "id": "5797b7ccd5c469f4207bd29a"}'
    http_version: 
  recorded_at: Tue, 26 Jul 2016 19:19:41 GMT
- request:
    method: get
    uri: https://admin:8hPtEyo9rgBhv2ahMTYH9Xqsp3WX5rcj@runcible.example.com/pulp/api/v2/tasks/819928a6-94ea-4943-85f1-9158784e5908/
    body:
      encoding: US-ASCII
      string: ''
    headers:
      Accept:
      - application/json
      Accept-Encoding:
      - gzip, deflate
      Content-Type:
      - application/json
      User-Agent:
      - Ruby
  response:
    status:
      code: 200
      message: OK
    headers:
      Date:
      - Tue, 26 Jul 2016 19:19:42 GMT
      Server:
      - Apache/2.4.6 (CentOS)
      Vary:
      - Accept-Encoding
      Content-Length:
      - '684'
      Content-Type:
      - application/json; charset=utf-8
    body:
      encoding: ASCII-8BIT
      string: '{"exception": null, "task_type": "pulp.server.tasks.repository.delete",
        "_href": "/pulp/api/v2/tasks/819928a6-94ea-4943-85f1-9158784e5908/", "task_id":
        "819928a6-94ea-4943-85f1-9158784e5908", "tags": ["pulp:repository:integration_test_id",
        "pulp:action:delete"], "finish_time": "2016-07-26T19:19:42Z", "_ns": "task_status",
        "start_time": "2016-07-26T19:19:42Z", "traceback": null, "spawned_tasks":
        [], "progress_report": {}, "queue": "reserved_resource_worker-0@runcible.example.com.dq",
        "state": "finished", "worker_name": "reserved_resource_worker-0@runcible.example.com",
        "result": null, "error": null, "_id": {"$oid": "5797b7ced5c469f4207bd2a9"},
        "id": "5797b7ced5c469f4207bd2a9"}'
    http_version: 
  recorded_at: Tue, 26 Jul 2016 19:19:42 GMT
- request:
    method: get
    uri: https://admin:8hPtEyo9rgBhv2ahMTYH9Xqsp3WX5rcj@runcible.example.com/pulp/api/v2/repositories/integration_test_id/
    body:
      encoding: US-ASCII
      string: ''
    headers:
      Accept:
      - application/json
      Accept-Encoding:
      - gzip, deflate
      Content-Type:
      - application/json
      User-Agent:
      - Ruby
  response:
    status:
      code: 404
      message: NOT FOUND
    headers:
      Date:
      - Tue, 26 Jul 2016 20:04:22 GMT
      Server:
      - Apache/2.4.6 (CentOS)
      Content-Encoding:
      - utf-8
      Content-Length:
      - '452'
      Content-Type:
      - application/json; charset=utf-8
    body:
      encoding: UTF-8
      string: '{"http_request_method": "GET", "exception": null, "error_message":
        "Missing resource(s): repository=integration_test_id", "_href": "/pulp/api/v2/repositories/integration_test_id/?",
        "http_status": 404, "error": {"code": "PLP0009", "data": {"resources": {"repository":
        "integration_test_id"}}, "description": "Missing resource(s): repository=integration_test_id",
        "sub_errors": []}, "traceback": null, "resources": {"repository": "integration_test_id"}}'
    http_version: 
  recorded_at: Tue, 26 Jul 2016 20:04:22 GMT
- request:
    method: post
    uri: https://admin:8hPtEyo9rgBhv2ahMTYH9Xqsp3WX5rcj@runcible.example.com/pulp/api/v2/repositories/
    body:
      encoding: UTF-8
      string: '{"id":"integration_test_id","importer_type_id":"yum_importer","importer_config":{"feed":"file:///var/www/repositories/zoo5"}}'
    headers:
      Accept:
      - application/json
      Accept-Encoding:
      - gzip, deflate
      Content-Type:
      - application/json
      Content-Length:
      - '125'
      User-Agent:
      - Ruby
  response:
    status:
      code: 201
      message: CREATED
    headers:
      Date:
      - Tue, 26 Jul 2016 20:04:22 GMT
      Server:
      - Apache/2.4.6 (CentOS)
      Content-Length:
      - '319'
      Location:
      - https://runcible.example.com/pulp/api/v2/repositories/integration_test_id/
      Content-Type:
      - application/json; charset=utf-8
    body:
      encoding: UTF-8
      string: '{"scratchpad": {}, "display_name": "integration_test_id", "description":
        null, "last_unit_added": null, "notes": {}, "last_unit_removed": null, "content_unit_counts":
        {}, "_ns": "repos", "_id": {"$oid": "5797c246aca4887c74aca406"}, "id": "integration_test_id",
        "_href": "/pulp/api/v2/repositories/integration_test_id/"}'
    http_version: 
  recorded_at: Tue, 26 Jul 2016 20:04:22 GMT
- request:
    method: post
    uri: https://admin:8hPtEyo9rgBhv2ahMTYH9Xqsp3WX5rcj@runcible.example.com/pulp/api/v2/repositories/integration_test_id/actions/sync/
    body:
      encoding: UTF-8
      string: "{}"
    headers:
      Accept:
      - application/json
      Accept-Encoding:
      - gzip, deflate
      Content-Type:
      - application/json
      Content-Length:
      - '2'
      User-Agent:
      - Ruby
  response:
    status:
      code: 202
      message: ACCEPTED
    headers:
      Date:
      - Tue, 26 Jul 2016 20:04:22 GMT
      Server:
      - Apache/2.4.6 (CentOS)
      Content-Length:
      - '172'
      Content-Type:
      - application/json; charset=utf-8
    body:
      encoding: UTF-8
      string: '{"spawned_tasks": [{"_href": "/pulp/api/v2/tasks/633bd29e-4725-4d49-aa18-0ed0c85816e6/",
        "task_id": "633bd29e-4725-4d49-aa18-0ed0c85816e6"}], "result": null, "error":
        null}'
    http_version: 
  recorded_at: Tue, 26 Jul 2016 20:04:22 GMT
- request:
    method: get
    uri: https://admin:8hPtEyo9rgBhv2ahMTYH9Xqsp3WX5rcj@runcible.example.com/pulp/api/v2/tasks/633bd29e-4725-4d49-aa18-0ed0c85816e6/
    body:
      encoding: US-ASCII
      string: ''
    headers:
      Accept:
      - application/json
      Accept-Encoding:
      - gzip, deflate
      Content-Type:
      - application/json
      User-Agent:
      - Ruby
  response:
    status:
      code: 200
      message: OK
    headers:
      Date:
      - Tue, 26 Jul 2016 20:04:23 GMT
      Server:
      - Apache/2.4.6 (CentOS)
      Vary:
      - Accept-Encoding
      Content-Length:
      - '2188'
      Content-Type:
      - application/json; charset=utf-8
    body:
      encoding: ASCII-8BIT
      string: '{"exception": null, "task_type": "pulp.server.managers.repo.sync.sync",
        "_href": "/pulp/api/v2/tasks/633bd29e-4725-4d49-aa18-0ed0c85816e6/", "task_id":
        "633bd29e-4725-4d49-aa18-0ed0c85816e6", "tags": ["pulp:repository:integration_test_id",
        "pulp:action:sync"], "finish_time": "2016-07-26T20:04:22Z", "_ns": "task_status",
        "start_time": "2016-07-26T20:04:22Z", "traceback": null, "spawned_tasks":
        [], "progress_report": {"yum_importer": {"content": {"items_total": 0, "state":
        "FINISHED", "error_details": [], "details": {"rpm_total": 0, "rpm_done": 0,
        "drpm_total": 0, "drpm_done": 0}, "size_total": 0, "size_left": 0, "items_left":
        0}, "comps": {"state": "FINISHED"}, "purge_duplicates": {"state": "FINISHED"},
        "distribution": {"items_total": 3, "state": "FINISHED", "error_details": [],
        "items_left": 0}, "errata": {"state": "FINISHED"}, "metadata": {"state": "FINISHED"}}},
        "queue": "reserved_resource_worker-0@runcible.example.com.dq", "state": "finished",
        "worker_name": "reserved_resource_worker-0@runcible.example.com", "result":
        {"result": "success", "importer_id": "yum_importer", "exception": null, "repo_id":
        "integration_test_id", "traceback": null, "started": "2016-07-26T20:04:22Z",
        "_ns": "repo_sync_results", "completed": "2016-07-26T20:04:22Z", "importer_type_id":
        "yum_importer", "error_message": null, "summary": {"content": {"state": "FINISHED"},
        "comps": {"state": "FINISHED"}, "purge_duplicates": {"state": "FINISHED"},
        "distribution": {"state": "FINISHED"}, "errata": {"state": "FINISHED"}, "metadata":
        {"state": "FINISHED"}}, "added_count": 14, "removed_count": 0, "updated_count":
        0, "id": "5797c246aca4887dc4d9fe97", "details": {"content": {"size_total":
        0, "items_left": 0, "items_total": 0, "state": "FINISHED", "size_left": 0,
        "details": {"rpm_total": 0, "rpm_done": 0, "drpm_total": 0, "drpm_done": 0},
        "error_details": []}, "comps": {"state": "FINISHED"}, "purge_duplicates":
        {"state": "FINISHED"}, "distribution": {"items_total": 3, "state": "FINISHED",
        "error_details": [], "items_left": 0}, "errata": {"state": "FINISHED"}, "metadata":
        {"state": "FINISHED"}}}, "error": null, "_id": {"$oid": "5797c246d5c469f4207bd648"},
        "id": "5797c246d5c469f4207bd648"}'
    http_version: 
  recorded_at: Tue, 26 Jul 2016 20:04:23 GMT
- request:
    method: delete
    uri: https://admin:8hPtEyo9rgBhv2ahMTYH9Xqsp3WX5rcj@runcible.example.com/pulp/api/v2/repositories/integration_test_id/
    body:
      encoding: US-ASCII
      string: ''
    headers:
      Accept:
      - application/json
      Accept-Encoding:
      - gzip, deflate
      Content-Type:
      - application/json
      User-Agent:
      - Ruby
  response:
    status:
      code: 202
      message: ACCEPTED
    headers:
      Date:
      - Tue, 26 Jul 2016 20:04:24 GMT
      Server:
      - Apache/2.4.6 (CentOS)
      Content-Length:
      - '172'
      Content-Type:
      - application/json; charset=utf-8
    body:
      encoding: UTF-8
      string: '{"spawned_tasks": [{"_href": "/pulp/api/v2/tasks/6b488178-a528-46fd-bc9a-5ba626506493/",
        "task_id": "6b488178-a528-46fd-bc9a-5ba626506493"}], "result": null, "error":
        null}'
    http_version: 
  recorded_at: Tue, 26 Jul 2016 20:04:24 GMT
- request:
    method: get
    uri: https://admin:8hPtEyo9rgBhv2ahMTYH9Xqsp3WX5rcj@runcible.example.com/pulp/api/v2/tasks/6b488178-a528-46fd-bc9a-5ba626506493/
    body:
      encoding: US-ASCII
      string: ''
    headers:
      Accept:
      - application/json
      Accept-Encoding:
      - gzip, deflate
      Content-Type:
      - application/json
      User-Agent:
      - Ruby
  response:
    status:
      code: 200
      message: OK
    headers:
      Date:
      - Tue, 26 Jul 2016 20:04:25 GMT
      Server:
      - Apache/2.4.6 (CentOS)
      Vary:
      - Accept-Encoding
      Content-Length:
      - '684'
      Content-Type:
      - application/json; charset=utf-8
    body:
      encoding: ASCII-8BIT
      string: '{"exception": null, "task_type": "pulp.server.tasks.repository.delete",
        "_href": "/pulp/api/v2/tasks/6b488178-a528-46fd-bc9a-5ba626506493/", "task_id":
        "6b488178-a528-46fd-bc9a-5ba626506493", "tags": ["pulp:repository:integration_test_id",
        "pulp:action:delete"], "finish_time": "2016-07-26T20:04:24Z", "_ns": "task_status",
        "start_time": "2016-07-26T20:04:24Z", "traceback": null, "spawned_tasks":
        [], "progress_report": {}, "queue": "reserved_resource_worker-0@runcible.example.com.dq",
        "state": "finished", "worker_name": "reserved_resource_worker-0@runcible.example.com",
        "result": null, "error": null, "_id": {"$oid": "5797c248d5c469f4207bd657"},
        "id": "5797c248d5c469f4207bd657"}'
    http_version: 
  recorded_at: Tue, 26 Jul 2016 20:04:25 GMT
recorded_with: VCR 3.0.3
