--- 
http_interactions: 
- request: 
    method: post
    uri: https://admin:admin@localhost/pulp/api/v2/content/units/erratum/search/
    body: 
      string: "{\"criteria\":{\"filters\":{\"id\":{\"$in\":[\"RHEA-2010:0001\",\"RHEA-2010:0002\",\"RHEA-2012:0001\"]}}}}"
    headers: 
      Accept: 
      - application/json
      Accept-Encoding: 
      - gzip, deflate
      Content-Type: 
      - application/json
      Content-Length: 
      - "92"
  response: 
    status: 
      code: 200
      message: OK
    headers: 
      Date: 
      - Tue, 09 Oct 2012 21:36:20 GMT
      Content-Type: 
      - application/json
      Server: 
      - Apache/2.2.22 (Fedora)
      Content-Length: 
      - "2152"
    body: 
      string: "[{\"issued\": \"2010-01-01 01:01:01\", \"references\": [], \"_content_type_id\": \"erratum\", \"id\": \"RHEA-2010:0001\", \"severity\": \"\", \"title\": \"Empty errata\", \"version\": \"1\", \"reboot_suggested\": false, \"type\": \"security\", \"pkglist\": [], \"status\": \"stable\", \"updated\": \"\", \"description\": \"Empty errata\", \"pushcount\": 1, \"from_str\": \"lzap+pub@redhat.com\", \"_storage_path\": null, \"rights\": \"\", \"solution\": \"\", \"summary\": \"\", \"release\": \"1\", \"_id\": \"3b1f1609-5833-49bc-9f7b-c8860520ef30\", \"_href\": \"/pulp/api/v2/content/units/erratum/3b1f1609-5833-49bc-9f7b-c8860520ef30/\", \"children\": {}}, {\"issued\": \"2010-01-01 01:01:01\", \"references\": [], \"_content_type_id\": \"erratum\", \"id\": \"RHEA-2010:0002\", \"severity\": \"\", \"title\": \"One package errata\", \"version\": \"1\", \"reboot_suggested\": false, \"type\": \"security\", \"pkglist\": [{\"packages\": [{\"src\": \"http://www.fedoraproject.org\", \"name\": \"elephant\", \"filename\": \"elephant-0.3-0.8.noarch.rpm\", \"epoch\": null, \"version\": \"0.3\", \"release\": \"0.8\", \"arch\": \"noarch\"}], \"name\": \"1\", \"short\": \"\"}], \"status\": \"stable\", \"updated\": \"\", \"description\": \"One package errata\", \"pushcount\": 1, \"from_str\": \"lzap+pub@redhat.com\", \"_storage_path\": null, \"rights\": \"\", \"solution\": \"\", \"summary\": \"\", \"release\": \"1\", \"_id\": \"7a33938c-cdbc-454f-b74f-6a1e59f20807\", \"_href\": \"/pulp/api/v2/content/units/erratum/7a33938c-cdbc-454f-b74f-6a1e59f20807/\", \"children\": {}}, {\"issued\": \"2012-02-29 11:01:09\", \"references\": [], \"_content_type_id\": \"erratum\", \"id\": \"RHEA-2012:0001\", \"severity\": \"\", \"title\": \"Bear_Erratum\", \"version\": \"1\", \"reboot_suggested\": false, \"type\": \"security\", \"pkglist\": [{\"packages\": [{\"src\": \"http://www.fedoraproject.org\", \"name\": \"bear\", \"filename\": \"bear-4.1-1.noarch.rpm\", \"epoch\": null, \"version\": \"4.1\", \"release\": \"1\", \"arch\": \"noarch\"}], \"name\": \"1\", \"short\": \"\"}], \"status\": \"stable\", \"updated\": \"\", \"description\": \"Bear_Erratum\", \"pushcount\": 1, \"from_str\": \"errata@redhat.com\", \"_storage_path\": null, \"rights\": \"\", \"solution\": \"\", \"summary\": \"\", \"release\": \"1\", \"_id\": \"71287e87-2e61-471a-9ae2-7cd654e16bef\", \"_href\": \"/pulp/api/v2/content/units/erratum/71287e87-2e61-471a-9ae2-7cd654e16bef/\", \"children\": {}}]"
    http_version: 
  recorded_at: Tue, 09 Oct 2012 21:36:20 GMT
- request: 
    method: post
    uri: https://admin:admin@localhost/pulp/api/v2/content/units/erratum/search/
    body: 
      string: "{\"criteria\":{\"filters\":{\"_id\":{\"$in\":[\"3b1f1609-5833-49bc-9f7b-c8860520ef30\"]}}}}"
    headers: 
      Accept: 
      - application/json
      Accept-Encoding: 
      - gzip, deflate
      Content-Type: 
      - application/json
      Content-Length: 
      - "81"
  response: 
    status: 
      code: 200
      message: OK
    headers: 
      Date: 
      - Tue, 09 Oct 2012 21:36:21 GMT
      Content-Type: 
      - application/json
      Server: 
      - Apache/2.2.22 (Fedora)
      Content-Length: 
      - "576"
    body: 
      string: "[{\"issued\": \"2010-01-01 01:01:01\", \"references\": [], \"_content_type_id\": \"erratum\", \"id\": \"RHEA-2010:0001\", \"severity\": \"\", \"title\": \"Empty errata\", \"version\": \"1\", \"reboot_suggested\": false, \"type\": \"security\", \"pkglist\": [], \"status\": \"stable\", \"updated\": \"\", \"description\": \"Empty errata\", \"pushcount\": 1, \"from_str\": \"lzap+pub@redhat.com\", \"_storage_path\": null, \"rights\": \"\", \"solution\": \"\", \"summary\": \"\", \"release\": \"1\", \"_id\": \"3b1f1609-5833-49bc-9f7b-c8860520ef30\", \"_href\": \"/pulp/api/v2/content/units/erratum/3b1f1609-5833-49bc-9f7b-c8860520ef30/\", \"children\": {}}]"
    http_version: 
  recorded_at: Tue, 09 Oct 2012 21:36:21 GMT
- request: 
    method: post
    uri: https://admin:admin@localhost/pulp/api/v2/content/units/erratum/search/
    body: 
      string: "{\"criteria\":{\"filters\":{\"id\":{\"$in\":[]}}}}"
    headers: 
      Accept: 
      - application/json
      Accept-Encoding: 
      - gzip, deflate
      Content-Type: 
      - application/json
      Content-Length: 
      - "42"
  response: 
    status: 
      code: 200
      message: OK
    headers: 
      Date: 
      - Tue, 23 Oct 2012 07:27:53 GMT
      Content-Type: 
      - application/json
      Server: 
      - Apache/2.2.22 (Fedora)
      Content-Length: 
      - "2"
    body: 
      string: "[]"
    http_version: 
  recorded_at: Tue, 23 Oct 2012 07:27:53 GMT
- request: 
    method: post
    uri: https://admin:admin@localhost/pulp/api/v2/content/units/erratum/search/
    body: 
      string: "{\"criteria\":{}}"
    headers: 
      Accept: 
      - application/json
      Accept-Encoding: 
      - gzip, deflate
      Content-Type: 
      - application/json
      Content-Length: 
      - "15"
  response: 
    status: 
      code: 200
      message: OK
    headers: 
      Content-Type: 
      - application/json
      Date: 
      - Tue, 23 Oct 2012 11:34:38 GMT
      Server: 
      - Apache/2.2.22 (Fedora)
      Content-Length: 
      - "1377"
    body: 
      string: "[{\"issued\": \"2010-01-01 01:01:01\", \"references\": [], \"_content_type_id\": \"erratum\", \"id\": \"RHEA-2010:0001\", \"severity\": \"\", \"title\": \"Empty errata\", \"version\": \"1\", \"reboot_suggested\": false, \"type\": \"security\", \"pkglist\": [], \"status\": \"stable\", \"updated\": \"\", \"description\": \"Empty errata\", \"pushcount\": 1, \"from_str\": \"lzap+pub@redhat.com\", \"_storage_path\": null, \"rights\": \"\", \"solution\": \"\", \"summary\": \"\", \"release\": \"1\", \"_id\": \"04c2e5d0-8c03-4a98-9d19-a0a6cdb20ff1\", \"_href\": \"/pulp/api/v2/content/units/erratum/04c2e5d0-8c03-4a98-9d19-a0a6cdb20ff1/\", \"children\": {}}, {\"issued\": \"2010-01-01 01:01:01\", \"references\": [], \"_content_type_id\": \"erratum\", \"id\": \"RHEA-2010:0002\", \"severity\": \"\", \"title\": \"One package errata\", \"version\": \"1\", \"reboot_suggested\": false, \"type\": \"security\", \"pkglist\": [{\"packages\": [{\"src\": \"http://www.fedoraproject.org\", \"name\": \"elephant\", \"filename\": \"elephant-0.3-0.8.noarch.rpm\", \"epoch\": null, \"version\": \"0.3\", \"release\": \"0.8\", \"arch\": \"noarch\"}], \"name\": \"1\", \"short\": \"\"}], \"status\": \"stable\", \"updated\": \"\", \"description\": \"One package errata\", \"pushcount\": 1, \"from_str\": \"lzap+pub@redhat.com\", \"_storage_path\": null, \"rights\": \"\", \"solution\": \"\", \"summary\": \"\", \"release\": \"1\", \"_id\": \"ded4cad2-86c1-40c0-976f-db1ae8399f32\", \"_href\": \"/pulp/api/v2/content/units/erratum/ded4cad2-86c1-40c0-976f-db1ae8399f32/\", \"children\": {}}]"
    http_version: 
  recorded_at: Tue, 23 Oct 2012 11:34:38 GMT
- request: 
    method: post
    uri: https://admin:admin@localhost/pulp/api/v2/content/units/erratum/search/
    body: 
      string: "{\"criteria\":{}}"
    headers: 
      Accept: 
      - application/json
      Accept-Encoding: 
      - gzip, deflate
      Content-Type: 
      - application/json
      Content-Length: 
      - "15"
  response: 
    status: 
      code: 200
      message: OK
    headers: 
      Content-Type: 
      - application/json
      Date: 
      - Tue, 23 Oct 2012 11:34:38 GMT
      Server: 
      - Apache/2.2.22 (Fedora)
      Content-Length: 
      - "1377"
    body: 
      string: "[{\"issued\": \"2010-01-01 01:01:01\", \"references\": [], \"_content_type_id\": \"erratum\", \"id\": \"RHEA-2010:0001\", \"severity\": \"\", \"title\": \"Empty errata\", \"version\": \"1\", \"reboot_suggested\": false, \"type\": \"security\", \"pkglist\": [], \"status\": \"stable\", \"updated\": \"\", \"description\": \"Empty errata\", \"pushcount\": 1, \"from_str\": \"lzap+pub@redhat.com\", \"_storage_path\": null, \"rights\": \"\", \"solution\": \"\", \"summary\": \"\", \"release\": \"1\", \"_id\": \"04c2e5d0-8c03-4a98-9d19-a0a6cdb20ff1\", \"_href\": \"/pulp/api/v2/content/units/erratum/04c2e5d0-8c03-4a98-9d19-a0a6cdb20ff1/\", \"children\": {}}, {\"issued\": \"2010-01-01 01:01:01\", \"references\": [], \"_content_type_id\": \"erratum\", \"id\": \"RHEA-2010:0002\", \"severity\": \"\", \"title\": \"One package errata\", \"version\": \"1\", \"reboot_suggested\": false, \"type\": \"security\", \"pkglist\": [{\"packages\": [{\"src\": \"http://www.fedoraproject.org\", \"name\": \"elephant\", \"filename\": \"elephant-0.3-0.8.noarch.rpm\", \"epoch\": null, \"version\": \"0.3\", \"release\": \"0.8\", \"arch\": \"noarch\"}], \"name\": \"1\", \"short\": \"\"}], \"status\": \"stable\", \"updated\": \"\", \"description\": \"One package errata\", \"pushcount\": 1, \"from_str\": \"lzap+pub@redhat.com\", \"_storage_path\": null, \"rights\": \"\", \"solution\": \"\", \"summary\": \"\", \"release\": \"1\", \"_id\": \"ded4cad2-86c1-40c0-976f-db1ae8399f32\", \"_href\": \"/pulp/api/v2/content/units/erratum/ded4cad2-86c1-40c0-976f-db1ae8399f32/\", \"children\": {}}]"
    http_version: 
  recorded_at: Tue, 23 Oct 2012 11:34:39 GMT
- request: 
    method: post
    uri: https://admin:admin@localhost/pulp/api/v2/content/units/erratum/search/
    body: 
      string: "{\"criteria\":{\"filters\":{\"_id\":{\"$in\":[\"04c2e5d0-8c03-4a98-9d19-a0a6cdb20ff1\"]}}}}"
    headers: 
      Accept: 
      - application/json
      Accept-Encoding: 
      - gzip, deflate
      Content-Type: 
      - application/json
      Content-Length: 
      - "81"
  response: 
    status: 
      code: 200
      message: OK
    headers: 
      Content-Type: 
      - application/json
      Date: 
      - Tue, 23 Oct 2012 11:34:39 GMT
      Server: 
      - Apache/2.2.22 (Fedora)
      Content-Length: 
      - "576"
    body: 
      string: "[{\"issued\": \"2010-01-01 01:01:01\", \"references\": [], \"_content_type_id\": \"erratum\", \"id\": \"RHEA-2010:0001\", \"severity\": \"\", \"title\": \"Empty errata\", \"version\": \"1\", \"reboot_suggested\": false, \"type\": \"security\", \"pkglist\": [], \"status\": \"stable\", \"updated\": \"\", \"description\": \"Empty errata\", \"pushcount\": 1, \"from_str\": \"lzap+pub@redhat.com\", \"_storage_path\": null, \"rights\": \"\", \"solution\": \"\", \"summary\": \"\", \"release\": \"1\", \"_id\": \"04c2e5d0-8c03-4a98-9d19-a0a6cdb20ff1\", \"_href\": \"/pulp/api/v2/content/units/erratum/04c2e5d0-8c03-4a98-9d19-a0a6cdb20ff1/\", \"children\": {}}]"
    http_version: 
  recorded_at: Tue, 23 Oct 2012 11:34:39 GMT
- request: 
    method: post
    uri: https://admin:admin@localhost/pulp/api/v2/content/units/erratum/search/
    body: 
      string: "{\"criteria\":{}}"
    headers: 
      Accept: 
      - application/json
      Accept-Encoding: 
      - gzip, deflate
      Content-Type: 
      - application/json
      Content-Length: 
      - "15"
  response: 
    status: 
      code: 200
      message: OK
    headers: 
      Content-Type: 
      - application/json
      Date: 
      - Tue, 23 Oct 2012 11:34:39 GMT
      Server: 
      - Apache/2.2.22 (Fedora)
      Content-Length: 
      - "1377"
    body: 
      string: "[{\"issued\": \"2010-01-01 01:01:01\", \"references\": [], \"_content_type_id\": \"erratum\", \"id\": \"RHEA-2010:0001\", \"severity\": \"\", \"title\": \"Empty errata\", \"version\": \"1\", \"reboot_suggested\": false, \"type\": \"security\", \"pkglist\": [], \"status\": \"stable\", \"updated\": \"\", \"description\": \"Empty errata\", \"pushcount\": 1, \"from_str\": \"lzap+pub@redhat.com\", \"_storage_path\": null, \"rights\": \"\", \"solution\": \"\", \"summary\": \"\", \"release\": \"1\", \"_id\": \"04c2e5d0-8c03-4a98-9d19-a0a6cdb20ff1\", \"_href\": \"/pulp/api/v2/content/units/erratum/04c2e5d0-8c03-4a98-9d19-a0a6cdb20ff1/\", \"children\": {}}, {\"issued\": \"2010-01-01 01:01:01\", \"references\": [], \"_content_type_id\": \"erratum\", \"id\": \"RHEA-2010:0002\", \"severity\": \"\", \"title\": \"One package errata\", \"version\": \"1\", \"reboot_suggested\": false, \"type\": \"security\", \"pkglist\": [{\"packages\": [{\"src\": \"http://www.fedoraproject.org\", \"name\": \"elephant\", \"filename\": \"elephant-0.3-0.8.noarch.rpm\", \"epoch\": null, \"version\": \"0.3\", \"release\": \"0.8\", \"arch\": \"noarch\"}], \"name\": \"1\", \"short\": \"\"}], \"status\": \"stable\", \"updated\": \"\", \"description\": \"One package errata\", \"pushcount\": 1, \"from_str\": \"lzap+pub@redhat.com\", \"_storage_path\": null, \"rights\": \"\", \"solution\": \"\", \"summary\": \"\", \"release\": \"1\", \"_id\": \"ded4cad2-86c1-40c0-976f-db1ae8399f32\", \"_href\": \"/pulp/api/v2/content/units/erratum/ded4cad2-86c1-40c0-976f-db1ae8399f32/\", \"children\": {}}]"
    http_version: 
  recorded_at: Tue, 23 Oct 2012 11:34:39 GMT
- request: 
    method: post
    uri: https://admin:admin@localhost/pulp/api/v2/content/units/erratum/search/
    body: 
      string: "{\"criteria\":{\"filters\":{\"id\":{\"$in\":[\"RHEA-2010:0001\"]}}}}"
    headers: 
      Accept: 
      - application/json
      Accept-Encoding: 
      - gzip, deflate
      Content-Type: 
      - application/json
      Content-Length: 
      - "58"
  response: 
    status: 
      code: 200
      message: OK
    headers: 
      Content-Type: 
      - application/json
      Date: 
      - Tue, 23 Oct 2012 11:34:39 GMT
      Server: 
      - Apache/2.2.22 (Fedora)
      Content-Length: 
      - "576"
    body: 
      string: "[{\"issued\": \"2010-01-01 01:01:01\", \"references\": [], \"_content_type_id\": \"erratum\", \"id\": \"RHEA-2010:0001\", \"severity\": \"\", \"title\": \"Empty errata\", \"version\": \"1\", \"reboot_suggested\": false, \"type\": \"security\", \"pkglist\": [], \"status\": \"stable\", \"updated\": \"\", \"description\": \"Empty errata\", \"pushcount\": 1, \"from_str\": \"lzap+pub@redhat.com\", \"_storage_path\": null, \"rights\": \"\", \"solution\": \"\", \"summary\": \"\", \"release\": \"1\", \"_id\": \"04c2e5d0-8c03-4a98-9d19-a0a6cdb20ff1\", \"_href\": \"/pulp/api/v2/content/units/erratum/04c2e5d0-8c03-4a98-9d19-a0a6cdb20ff1/\", \"children\": {}}]"
    http_version: 
  recorded_at: Tue, 23 Oct 2012 11:34:39 GMT
- request: 
    method: post
    uri: https://admin:admin@localhost/pulp/api/v2/content/units/erratum/search/
    body: 
      string: "{\"criteria\":{}}"
    headers: 
      Accept: 
      - application/json
      Accept-Encoding: 
      - gzip, deflate
      Content-Type: 
      - application/json
      Content-Length: 
      - "15"
  response: 
    status: 
      code: 200
      message: OK
    headers: 
      Content-Type: 
      - application/json
      Date: 
      - Tue, 23 Oct 2012 11:34:39 GMT
      Server: 
      - Apache/2.2.22 (Fedora)
      Content-Length: 
      - "1377"
    body: 
      string: "[{\"issued\": \"2010-01-01 01:01:01\", \"references\": [], \"_content_type_id\": \"erratum\", \"id\": \"RHEA-2010:0001\", \"severity\": \"\", \"title\": \"Empty errata\", \"version\": \"1\", \"reboot_suggested\": false, \"type\": \"security\", \"pkglist\": [], \"status\": \"stable\", \"updated\": \"\", \"description\": \"Empty errata\", \"pushcount\": 1, \"from_str\": \"lzap+pub@redhat.com\", \"_storage_path\": null, \"rights\": \"\", \"solution\": \"\", \"summary\": \"\", \"release\": \"1\", \"_id\": \"04c2e5d0-8c03-4a98-9d19-a0a6cdb20ff1\", \"_href\": \"/pulp/api/v2/content/units/erratum/04c2e5d0-8c03-4a98-9d19-a0a6cdb20ff1/\", \"children\": {}}, {\"issued\": \"2010-01-01 01:01:01\", \"references\": [], \"_content_type_id\": \"erratum\", \"id\": \"RHEA-2010:0002\", \"severity\": \"\", \"title\": \"One package errata\", \"version\": \"1\", \"reboot_suggested\": false, \"type\": \"security\", \"pkglist\": [{\"packages\": [{\"src\": \"http://www.fedoraproject.org\", \"name\": \"elephant\", \"filename\": \"elephant-0.3-0.8.noarch.rpm\", \"epoch\": null, \"version\": \"0.3\", \"release\": \"0.8\", \"arch\": \"noarch\"}], \"name\": \"1\", \"short\": \"\"}], \"status\": \"stable\", \"updated\": \"\", \"description\": \"One package errata\", \"pushcount\": 1, \"from_str\": \"lzap+pub@redhat.com\", \"_storage_path\": null, \"rights\": \"\", \"solution\": \"\", \"summary\": \"\", \"release\": \"1\", \"_id\": \"ded4cad2-86c1-40c0-976f-db1ae8399f32\", \"_href\": \"/pulp/api/v2/content/units/erratum/ded4cad2-86c1-40c0-976f-db1ae8399f32/\", \"children\": {}}]"
    http_version: 
  recorded_at: Tue, 23 Oct 2012 11:34:39 GMT
- request: 
    method: post
    uri: https://admin:admin@localhost/pulp/api/v2/content/units/erratum/search/
    body: 
      string: "{\"criteria\":{\"filters\":{\"id\":{\"$in\":[\"RHEA-2010:0001\",\"RHEA-2010:0002\"]}}}}"
    headers: 
      Accept: 
      - application/json
      Accept-Encoding: 
      - gzip, deflate
      Content-Type: 
      - application/json
      Content-Length: 
      - "75"
  response: 
    status: 
      code: 200
      message: OK
    headers: 
      Content-Type: 
      - application/json
      Date: 
      - Tue, 23 Oct 2012 11:34:39 GMT
      Server: 
      - Apache/2.2.22 (Fedora)
      Content-Length: 
      - "1377"
    body: 
      string: "[{\"issued\": \"2010-01-01 01:01:01\", \"references\": [], \"_content_type_id\": \"erratum\", \"id\": \"RHEA-2010:0001\", \"severity\": \"\", \"title\": \"Empty errata\", \"version\": \"1\", \"reboot_suggested\": false, \"type\": \"security\", \"pkglist\": [], \"status\": \"stable\", \"updated\": \"\", \"description\": \"Empty errata\", \"pushcount\": 1, \"from_str\": \"lzap+pub@redhat.com\", \"_storage_path\": null, \"rights\": \"\", \"solution\": \"\", \"summary\": \"\", \"release\": \"1\", \"_id\": \"04c2e5d0-8c03-4a98-9d19-a0a6cdb20ff1\", \"_href\": \"/pulp/api/v2/content/units/erratum/04c2e5d0-8c03-4a98-9d19-a0a6cdb20ff1/\", \"children\": {}}, {\"issued\": \"2010-01-01 01:01:01\", \"references\": [], \"_content_type_id\": \"erratum\", \"id\": \"RHEA-2010:0002\", \"severity\": \"\", \"title\": \"One package errata\", \"version\": \"1\", \"reboot_suggested\": false, \"type\": \"security\", \"pkglist\": [{\"packages\": [{\"src\": \"http://www.fedoraproject.org\", \"name\": \"elephant\", \"filename\": \"elephant-0.3-0.8.noarch.rpm\", \"epoch\": null, \"version\": \"0.3\", \"release\": \"0.8\", \"arch\": \"noarch\"}], \"name\": \"1\", \"short\": \"\"}], \"status\": \"stable\", \"updated\": \"\", \"description\": \"One package errata\", \"pushcount\": 1, \"from_str\": \"lzap+pub@redhat.com\", \"_storage_path\": null, \"rights\": \"\", \"solution\": \"\", \"summary\": \"\", \"release\": \"1\", \"_id\": \"ded4cad2-86c1-40c0-976f-db1ae8399f32\", \"_href\": \"/pulp/api/v2/content/units/erratum/ded4cad2-86c1-40c0-976f-db1ae8399f32/\", \"children\": {}}]"
    http_version: 
  recorded_at: Tue, 23 Oct 2012 11:34:40 GMT
- request: 
    method: post
    uri: https://admin:admin@localhost/pulp/api/v2/content/units/erratum/search/
    body: 
      string: "{\"criteria\":{\"filters\":{\"id\":{\"$in\":[\"f\"]}}}}"
    headers: 
      Accept: 
      - application/json
      Accept-Encoding: 
      - gzip, deflate
      Content-Type: 
      - application/json
      Content-Length: 
      - "45"
  response: 
    status: 
      code: 200
      message: OK
    headers: 
      Content-Type: 
      - application/json
      Date: 
      - Tue, 23 Oct 2012 11:34:40 GMT
      Server: 
      - Apache/2.2.22 (Fedora)
      Content-Length: 
      - "2"
    body: 
      string: "[]"
    http_version: 
  recorded_at: Tue, 23 Oct 2012 11:34:40 GMT
recorded_with: VCR 2.2.5
