--- 
recorded_with: VCR 2.2.5
http_interactions: 
- request: 
    method: post
    uri: https://admin:admin@localhost/pulp/api/v2/repositories/
    body: 
      string: "{\"distributors\":[[\"yum_distributor\",{\"relative_url\":\"/\",\"https\":true,\"http\":true},true,\"123\"]],\"importer_type_id\":\"yum_importer\",\"id\":\"integration_test_id\",\"importer_config\":{}}"
    headers: 
      Accept-Encoding: 
      - gzip, deflate
      Accept: 
      - application/json
      Content-Length: 
      - "177"
      Content-Type: 
      - application/json
  response: 
    status: 
      code: 201
      message: Created
    headers: 
      Date: 
      - Tue, 02 Oct 2012 13:23:06 GMT
      Location: 
      - integration_test_id
      Server: 
      - Apache/2.2.22 (Fedora)
      Content-Length: 
      - "265"
      Content-Type: 
      - application/json
    body: 
      string: "{\"scratchpad\": {}, \"display_name\": \"integration_test_id\", \"description\": null, \"_ns\": \"repos\", \"notes\": {}, \"content_unit_count\": 0, \"_id\": {\"$oid\": \"506aeaba9c60ed0dfc002056\"}, \"id\": \"integration_test_id\", \"_href\": \"/pulp/api/v2/repositories/integration_test_id/\"}"
    http_version: 
  recorded_at: Tue, 02 Oct 2012 13:23:07 GMT
- request: 
    method: get
    uri: https://admin:admin@localhost/pulp/api/v2/repositories/integration_test_id/?details=detailstrue
    body: 
      string: ""
    headers: 
      Accept-Encoding: 
      - gzip, deflate
      Accept: 
      - application/json
      Content-Type: 
      - application/json
  response: 
    status: 
      code: 200
      message: OK
    headers: 
      Date: 
      - Tue, 02 Oct 2012 13:23:07 GMT
      Server: 
      - Apache/2.2.22 (Fedora)
      Content-Length: 
      - "855"
      Content-Type: 
      - application/json
    body: 
      string: "{\"scratchpad\": {}, \"display_name\": \"integration_test_id\", \"description\": null, \"_ns\": \"repos\", \"notes\": {}, \"content_unit_count\": 0, \"_id\": {\"$oid\": \"506aeaba9c60ed0dfc002056\"}, \"id\": \"integration_test_id\", \"_href\": \"/pulp/api/v2/repositories/integration_test_id/\", \"importers\": [{\"repo_id\": \"integration_test_id\", \"_ns\": \"repo_importers\", \"importer_type_id\": \"yum_importer\", \"last_sync\": null, \"scratchpad\": null, \"scheduled_syncs\": [], \"_id\": {\"$oid\": \"506aeabb9c60ed0dfc002057\"}, \"config\": {}, \"id\": \"yum_importer\"}], \"distributors\": [{\"repo_id\": \"integration_test_id\", \"_ns\": \"repo_distributors\", \"last_publish\": null, \"auto_publish\": true, \"scheduled_publishes\": [], \"distributor_type_id\": \"yum_distributor\", \"scratchpad\": null, \"_id\": {\"$oid\": \"506aeabb9c60ed0dfc002058\"}, \"config\": {\"http\": true, \"https\": true, \"relative_url\": \"/\"}, \"id\": \"123\"}]}"
    http_version: 
  recorded_at: Tue, 02 Oct 2012 13:23:07 GMT
- request: 
    method: get
    uri: https://admin:admin@localhost/pulp/api/v2/repositories/integration_test_id/importers/yum_importer/sync_schedules/
    body: 
      string: ""
    headers: 
      Accept-Encoding: 
      - gzip, deflate
      Accept: 
      - application/json
      Content-Type: 
      - application/json
  response: 
    status: 
      code: 200
      message: OK
    headers: 
      Date: 
      - Tue, 02 Oct 2012 13:23:10 GMT
      Server: 
      - Apache/2.2.22 (Fedora)
      Content-Length: 
      - "2"
      Content-Type: 
      - application/json
    body: 
      string: &id001 !str 
        str: "[]"
        "@args": 
          :method: :get
          :password: admin
          :url: https://localhost/pulp/api/v2/repositories/integration_test_id/importers/yum_importer/sync_schedules/
          :user: admin
          :headers: 
            :accept: application/json
            :content_type: application/json
        "@code": 200
        "@net_http_res": !ruby/object:Net::HTTPOK 
          __read_body_previously_called: true
          body: *id001
          code: "200"
          header: 
            content-type: 
            - application/json
            server: 
            - Apache/2.2.22 (Fedora)
            content-length: 
            - "2"
            date: 
            - Tue, 02 Oct 2012 13:23:10 GMT
          http_version: "1.0"
          message: OK
          read: true
    http_version: 
  recorded_at: Tue, 02 Oct 2012 13:23:10 GMT
- request: 
    method: post
    uri: https://admin:admin@localhost/pulp/api/v2/repositories/integration_test_id/importers/yum_importer/sync_schedules/
    body: 
      string: "{\"schedule\":\"2012-09-25T20:44:00Z/P7D\"}"
    headers: 
      Accept-Encoding: 
      - gzip, deflate
      Accept: 
      - application/json
      Content-Length: 
      - "39"
      Content-Type: 
      - application/json
  response: 
    status: 
      code: 201
      message: Created
    headers: 
      Date: 
      - Tue, 02 Oct 2012 13:23:10 GMT
      Location: 
      - /pulp/api/v2/repositories/integration_test_id/importers/yum_importer/sync_schedules/506aeabf9c60ed0dfc002065/
      Server: 
      - Apache/2.2.22 (Fedora)
      Content-Length: 
      - "406"
      Content-Type: 
      - application/json
    body: 
      string: &id002 !str 
        str: "{\"next_run\": \"2012-10-02T20:44:00Z\", \"_href\": \"/pulp/api/v2/repositories/integration_test_id/importers/yum_importer/sync_schedules/506aeabf9c60ed0dfc002065/\", \"schedule\": \"2012-09-25T20:44:00Z/P7D\", \"override_config\": {}, \"remaining_runs\": null, \"first_run\": \"2012-10-02T20:44:00Z\", \"enabled\": true, \"last_run\": null, \"failure_threshold\": null, \"_id\": \"506aeabf9c60ed0dfc002065\", \"consecutive_failures\": 0}"
        "@args": 
          :method: :post
          :password: admin
          :url: https://localhost/pulp/api/v2/repositories/integration_test_id/importers/yum_importer/sync_schedules/
          :payload: "{\"schedule\":\"2012-09-25T20:44:00Z/P7D\"}"
          :user: admin
          :headers: 
            :accept: application/json
            :content_type: application/json
        "@code": 201
        "@net_http_res": !ruby/object:Net::HTTPCreated 
          __read_body_previously_called: true
          body: *id002
          code: "201"
          header: 
            content-type: 
            - application/json
            server: 
            - Apache/2.2.22 (Fedora)
            content-length: 
            - "406"
            date: 
            - Tue, 02 Oct 2012 13:23:10 GMT
            location: 
            - /pulp/api/v2/repositories/integration_test_id/importers/yum_importer/sync_schedules/506aeabf9c60ed0dfc002065/
          http_version: "1.0"
          message: Created
          read: true
    http_version: 
  recorded_at: Tue, 02 Oct 2012 13:23:11 GMT
- request: 
    method: post
    uri: https://admin:admin@localhost/pulp/api/v2/repositories/search/
    body: 
      string: "{\"criteria\":{\"filters\":{\"id\":{\"$in\":[\"integration_test_id\"]}}}}"
    headers: 
      Accept-Encoding: 
      - gzip, deflate
      Accept: 
      - application/json
      Content-Length: 
      - "63"
      Content-Type: 
      - application/json
  response: 
    status: 
      code: 200
      message: OK
    headers: 
      Date: 
      - Tue, 02 Oct 2012 13:23:11 GMT
      Server: 
      - Apache/2.2.22 (Fedora)
      Content-Length: 
      - "267"
      Content-Type: 
      - application/json
    body: 
      string: "[{\"scratchpad\": {}, \"display_name\": \"integration_test_id\", \"description\": null, \"_ns\": \"repos\", \"notes\": {}, \"content_unit_count\": 0, \"_id\": {\"$oid\": \"506aeaba9c60ed0dfc002056\"}, \"id\": \"integration_test_id\", \"_href\": \"/pulp/api/v2/repositories/integration_test_id/\"}]"
    http_version: 
  recorded_at: Tue, 02 Oct 2012 13:23:11 GMT
- request: 
    method: get
    uri: https://admin:admin@localhost/pulp/api/v2/repositories/integration_test_id/importers/yum_importer/sync_schedules/
    body: 
      string: ""
    headers: 
      Accept-Encoding: 
      - gzip, deflate
      Accept: 
      - application/json
      Content-Type: 
      - application/json
  response: 
    status: 
      code: 200
      message: OK
    headers: 
      Date: 
      - Tue, 02 Oct 2012 13:24:36 GMT
      Server: 
      - Apache/2.2.22 (Fedora)
      Content-Length: 
      - "408"
      Content-Type: 
      - application/json
    body: 
      string: &id003 !str 
        str: "[{\"next_run\": \"2012-10-02T20:44:00Z\", \"_href\": \"/pulp/api/v2/repositories/integration_test_id/importers/yum_importer/sync_schedules/506aeabf9c60ed0dfc002065/\", \"schedule\": \"2012-09-25T20:44:00Z/P7D\", \"override_config\": {}, \"remaining_runs\": null, \"first_run\": \"2012-10-02T20:44:00Z\", \"enabled\": true, \"last_run\": null, \"failure_threshold\": null, \"_id\": \"506aeabf9c60ed0dfc002065\", \"consecutive_failures\": 0}]"
        "@args": 
          :method: :get
          :password: admin
          :url: https://localhost/pulp/api/v2/repositories/integration_test_id/importers/yum_importer/sync_schedules/
          :user: admin
          :headers: 
            :accept: application/json
            :content_type: application/json
        "@code": 200
        "@net_http_res": !ruby/object:Net::HTTPOK 
          __read_body_previously_called: true
          body: *id003
          code: "200"
          header: 
            content-type: 
            - application/json
            server: 
            - Apache/2.2.22 (Fedora)
            content-length: 
            - "408"
            date: 
            - Tue, 02 Oct 2012 13:24:36 GMT
          http_version: "1.0"
          message: OK
          read: true
    http_version: 
  recorded_at: Tue, 02 Oct 2012 13:24:36 GMT
- request: 
    method: put
    uri: https://admin:admin@localhost/pulp/api/v2/repositories/integration_test_id/importers/yum_importer/sync_schedules/506aeabf9c60ed0dfc002065/
    body: 
      string: "{\"schedule\":\"2011-09-25T20:44:00Z/P7D\"}"
    headers: 
      Accept-Encoding: 
      - gzip, deflate
      Accept: 
      - application/json
      Content-Type: 
      - application/json
      Content-Length: 
      - "39"
  response: 
    status: 
      code: 200
      message: OK
    headers: 
      Date: 
      - Tue, 02 Oct 2012 13:25:16 GMT
      Server: 
      - Apache/2.2.22 (Fedora)
      Content-Type: 
      - application/json
      Content-Length: 
      - "406"
    body: 
      string: "{\"next_run\": \"2012-10-02T20:44:00Z\", \"_href\": \"/pulp/api/v2/repositories/integration_test_id/importers/yum_importer/sync_schedules/506aeabf9c60ed0dfc002065/\", \"schedule\": \"2011-09-25T20:44:00Z/P7D\", \"override_config\": {}, \"remaining_runs\": null, \"first_run\": \"2012-10-02T20:44:00Z\", \"enabled\": true, \"last_run\": null, \"failure_threshold\": null, \"_id\": \"506aeabf9c60ed0dfc002065\", \"consecutive_failures\": 0}"
    http_version: 
  recorded_at: Tue, 02 Oct 2012 13:25:16 GMT
