---
http_interactions:
- request:
    method: get
    uri: https://admin:admin@box.devel.com/pulp/api/v2/tasks/365956a2-e002-4a3d-a012-685b049466f9/
    body:
      encoding: US-ASCII
      string: ''
    headers:
      Accept:
      - application/json
      Accept-Encoding:
      - gzip, deflate
      Content-Type:
      - application/json
      User-Agent:
      - Ruby
  response:
    status:
      code: 200
      message: OK
    headers:
      Date:
      - Wed, 15 Oct 2014 14:25:12 GMT
      Server:
      - Apache/2.2.15 (Red Hat)
      Vary:
      - Accept-Encoding
      Content-Length:
      - '3114'
      Connection:
      - close
      Content-Type:
      - application/json
    body:
      encoding: ASCII-8BIT
      string: '{"exception": null, "task_type": "pulp.server.managers.repo.unit_association.associate_from_repo",
        "_href": "/pulp/api/v2/tasks/365956a2-e002-4a3d-a012-685b049466f9/", "task_id":
        "365956a2-e002-4a3d-a012-685b049466f9", "tags": ["pulp:repository:integration_test_id_clone",
        "pulp:repository:integration_test_id", "pulp:action:associate"], "finish_time":
        "2014-10-15T14:25:11Z", "_ns": "task_status", "start_time": "2014-10-15T14:25:11Z",
        "traceback": null, "spawned_tasks": [], "progress_report": {}, "queue": "reserved_resource_worker-0@box.devel.com.dq",
        "state": "finished", "result": {"units_successful": [{"unit_key": {"repo_id":
        "integration_test_id_clone", "id": "bird"}, "type_id": "package_group"}, {"unit_key":
        {"name": "giraffe", "checksum": "f25d67d1d9da04f12e57ca323247b43891ac46533e355b82de6d1922009f9f14",
        "epoch": "0", "version": "0.3", "release": "0.8", "arch": "noarch", "checksumtype":
        "sha256"}, "type_id": "rpm"}, {"unit_key": {"repo_id": "integration_test_id_clone",
        "id": "all"}, "type_id": "package_category"}, {"unit_key": {"variant": "TestVariant",
        "version": "16", "arch": "x86_64", "id": "ks-Test Family-TestVariant-16-x86_64",
        "family": "Test Family"}, "type_id": "distribution"}, {"unit_key": {"repo_id":
        "integration_test_id_clone", "id": "mammal"}, "type_id": "package_group"},
        {"unit_key": {"name": "monkey", "checksum": "0e8fa50d0128fbabc7ccc5632e3fa25d39b0280169f6166cb8e2c84de8501db1",
        "epoch": "0", "version": "0.3", "release": "0.8", "arch": "noarch", "checksumtype":
        "sha256"}, "type_id": "rpm"}, {"unit_key": {"id": "RHEA-2010:0001"}, "type_id":
        "erratum"}, {"unit_key": {"name": "cheetah", "checksum": "422d0baa0cd9d7713ae796e886a23e17f578f924f74880debdbb7d65fb368dae",
        "epoch": "0", "version": "0.3", "release": "0.8", "arch": "noarch", "checksumtype":
        "sha256"}, "type_id": "rpm"}, {"unit_key": {"name": "penguin", "checksum":
        "3fcb2c927de9e13bf68469032a28b139d3e5ad2e58564fc210fd6e48635be694", "epoch":
        "0", "version": "0.3", "release": "0.8", "arch": "noarch", "checksumtype":
        "sha256"}, "type_id": "rpm"}, {"unit_key": {"id": "RHEA-2010:0002"}, "type_id":
        "erratum"}, {"unit_key": {"name": "squirrel", "checksum": "251768bdd15f13d78487c27638aa6aecd01551e253756093cde1c0ae878a17d2",
        "epoch": "0", "version": "0.3", "release": "0.8", "arch": "noarch", "checksumtype":
        "sha256"}, "type_id": "rpm"}, {"unit_key": {"name": "elephant", "checksum":
        "3e1c70cd1b421328acaf6397cb3d16145306bb95f65d1b095fc31372a0a701f3", "epoch":
        "0", "version": "0.3", "release": "0.8", "arch": "noarch", "checksumtype":
        "sha256"}, "type_id": "rpm"}, {"unit_key": {"name": "lion", "checksum": "12400dc95c23a4c160725a908716cd3fcdd7a8981585437ab64cd62efa3e4ae4",
        "epoch": "0", "version": "0.3", "release": "0.8", "arch": "noarch", "checksumtype":
        "sha256"}, "type_id": "rpm"}, {"unit_key": {"name": "walrus", "checksum":
        "6e8d6dc057e3e2c9819f0dc7e6c7b7f86bf2e8571bba414adec7fb621a461dfd", "epoch":
        "0", "version": "0.3", "release": "0.8", "arch": "noarch", "checksumtype":
        "sha256"}, "type_id": "rpm"}]}, "error": null, "_id": {"$oid": "543e83c7505c6f3b4b509b67"},
        "id": "543e83c747078708d9ecb503"}'
    http_version: 
  recorded_at: Wed, 15 Oct 2014 14:25:12 GMT
- request:
    method: get
    uri: https://admin:admin@box.devel.com/pulp/api/v2/tasks/519e5f4d-b5fb-4264-a25b-9bea837a37ee/
    body:
      encoding: US-ASCII
      string: ''
    headers:
      Accept:
      - application/json
      Accept-Encoding:
      - gzip, deflate
      Content-Type:
      - application/json
      User-Agent:
      - Ruby
  response:
    status:
      code: 200
      message: OK
    headers:
      Date:
      - Wed, 15 Oct 2014 14:25:13 GMT
      Server:
      - Apache/2.2.15 (Red Hat)
      Vary:
      - Accept-Encoding
      Content-Length:
      - '769'
      Connection:
      - close
      Content-Type:
      - application/json
    body:
      encoding: ASCII-8BIT
      string: '{"exception": null, "task_type": "pulp.server.managers.repo.unit_association.unassociate_by_criteria",
        "_href": "/pulp/api/v2/tasks/519e5f4d-b5fb-4264-a25b-9bea837a37ee/", "task_id":
        "519e5f4d-b5fb-4264-a25b-9bea837a37ee", "tags": ["pulp:repository:integration_test_id_clone",
        "pulp:action:unassociate"], "finish_time": "2014-10-15T14:25:13Z", "_ns":
        "task_status", "start_time": "2014-10-15T14:25:13Z", "traceback": null, "spawned_tasks":
        [], "progress_report": {}, "queue": "reserved_resource_worker-0@box.devel.com.dq",
        "state": "finished", "result": {"units_successful": [{"unit_key": {"repo_id":
        "integration_test_id_clone", "id": "bird"}, "type_id": "package_group"}]},
        "error": null, "_id": {"$oid": "543e83c9505c6f3b4b509b68"}, "id": "543e83c947078708d9ecb50b"}'
    http_version: 
  recorded_at: Wed, 15 Oct 2014 14:25:13 GMT
- request:
    method: get
    uri: https://admin:eYo5Dh2rR6jQayB4vFLEpqUwMcXosuXg@kt1.local/pulp/api/v2/tasks/ea2aaf26-6adb-456b-a003-eed7215fb1cd/
    body:
      encoding: US-ASCII
      string: ''
    headers:
      Accept:
      - application/json
      Accept-Encoding:
      - gzip, deflate
      Content-Type:
      - application/json
      User-Agent:
      - Ruby
  response:
    status:
      code: 200
      message: OK
    headers:
      Date:
      - Sun, 01 Feb 2015 18:28:21 GMT
      Server:
      - Apache/2.2.15 (Red Hat)
      Vary:
      - Accept-Encoding
      Content-Length:
      - '3165'
      Content-Type:
      - application/json
    body:
      encoding: ASCII-8BIT
      string: '{"exception": null, "task_type": "pulp.server.managers.repo.unit_association.associate_from_repo",
        "_href": "/pulp/api/v2/tasks/ea2aaf26-6adb-456b-a003-eed7215fb1cd/", "task_id":
        "ea2aaf26-6adb-456b-a003-eed7215fb1cd", "tags": ["pulp:repository:integration_test_id_clone",
        "pulp:repository:integration_test_id", "pulp:action:associate"], "finish_time":
        "2015-02-01T18:28:20Z", "_ns": "task_status", "start_time": "2015-02-01T18:28:20Z",
        "traceback": null, "spawned_tasks": [], "progress_report": {}, "queue": "reserved_resource_worker-0@kt1.local.dq",
        "state": "finished", "worker_name": "reserved_resource_worker-0@kt1.local",
        "result": {"units_successful": [{"unit_key": {"repo_id": "integration_test_id_clone",
        "id": "bird"}, "type_id": "package_group"}, {"unit_key": {"name": "giraffe",
        "checksum": "f25d67d1d9da04f12e57ca323247b43891ac46533e355b82de6d1922009f9f14",
        "epoch": "0", "version": "0.3", "release": "0.8", "arch": "noarch", "checksumtype":
        "sha256"}, "type_id": "rpm"}, {"unit_key": {"repo_id": "integration_test_id_clone",
        "id": "all"}, "type_id": "package_category"}, {"unit_key": {"variant": "TestVariant",
        "version": "16", "arch": "x86_64", "id": "ks-Test Family-TestVariant-16-x86_64",
        "family": "Test Family"}, "type_id": "distribution"}, {"unit_key": {"repo_id":
        "integration_test_id_clone", "id": "mammal"}, "type_id": "package_group"},
        {"unit_key": {"name": "monkey", "checksum": "0e8fa50d0128fbabc7ccc5632e3fa25d39b0280169f6166cb8e2c84de8501db1",
        "epoch": "0", "version": "0.3", "release": "0.8", "arch": "noarch", "checksumtype":
        "sha256"}, "type_id": "rpm"}, {"unit_key": {"id": "RHEA-2010:0001"}, "type_id":
        "erratum"}, {"unit_key": {"name": "cheetah", "checksum": "422d0baa0cd9d7713ae796e886a23e17f578f924f74880debdbb7d65fb368dae",
        "epoch": "0", "version": "0.3", "release": "0.8", "arch": "noarch", "checksumtype":
        "sha256"}, "type_id": "rpm"}, {"unit_key": {"name": "penguin", "checksum":
        "3fcb2c927de9e13bf68469032a28b139d3e5ad2e58564fc210fd6e48635be694", "epoch":
        "0", "version": "0.3", "release": "0.8", "arch": "noarch", "checksumtype":
        "sha256"}, "type_id": "rpm"}, {"unit_key": {"id": "RHEA-2010:0002"}, "type_id":
        "erratum"}, {"unit_key": {"name": "squirrel", "checksum": "251768bdd15f13d78487c27638aa6aecd01551e253756093cde1c0ae878a17d2",
        "epoch": "0", "version": "0.3", "release": "0.8", "arch": "noarch", "checksumtype":
        "sha256"}, "type_id": "rpm"}, {"unit_key": {"name": "elephant", "checksum":
        "3e1c70cd1b421328acaf6397cb3d16145306bb95f65d1b095fc31372a0a701f3", "epoch":
        "0", "version": "0.3", "release": "0.8", "arch": "noarch", "checksumtype":
        "sha256"}, "type_id": "rpm"}, {"unit_key": {"name": "lion", "checksum": "12400dc95c23a4c160725a908716cd3fcdd7a8981585437ab64cd62efa3e4ae4",
        "epoch": "0", "version": "0.3", "release": "0.8", "arch": "noarch", "checksumtype":
        "sha256"}, "type_id": "rpm"}, {"unit_key": {"name": "walrus", "checksum":
        "6e8d6dc057e3e2c9819f0dc7e6c7b7f86bf2e8571bba414adec7fb621a461dfd", "epoch":
        "0", "version": "0.3", "release": "0.8", "arch": "noarch", "checksumtype":
        "sha256"}, "type_id": "rpm"}]}, "error": null, "_id": {"$oid": "54ce7044962f40ae3501a299"},
        "id": "54ce7044b2ff981dcc43fdd7"}'
    http_version: 
  recorded_at: Sun, 01 Feb 2015 18:28:21 GMT
- request:
    method: get
    uri: https://admin:eYo5Dh2rR6jQayB4vFLEpqUwMcXosuXg@kt1.local/pulp/api/v2/tasks/05100ba7-f447-46a0-ab73-ad938993c8a9/
    body:
      encoding: US-ASCII
      string: ''
    headers:
      Accept:
      - application/json
      Accept-Encoding:
      - gzip, deflate
      Content-Type:
      - application/json
      User-Agent:
      - Ruby
  response:
    status:
      code: 200
      message: OK
    headers:
      Date:
      - Sun, 01 Feb 2015 18:28:22 GMT
      Server:
      - Apache/2.2.15 (Red Hat)
      Vary:
      - Accept-Encoding
      Content-Length:
      - '820'
      Content-Type:
      - application/json
    body:
      encoding: ASCII-8BIT
      string: '{"exception": null, "task_type": "pulp.server.managers.repo.unit_association.unassociate_by_criteria",
        "_href": "/pulp/api/v2/tasks/05100ba7-f447-46a0-ab73-ad938993c8a9/", "task_id":
        "05100ba7-f447-46a0-ab73-ad938993c8a9", "tags": ["pulp:repository:integration_test_id_clone",
        "pulp:action:unassociate"], "finish_time": "2015-02-01T18:28:21Z", "_ns":
        "task_status", "start_time": "2015-02-01T18:28:21Z", "traceback": null, "spawned_tasks":
        [], "progress_report": {}, "queue": "reserved_resource_worker-0@kt1.local.dq",
        "state": "finished", "worker_name": "reserved_resource_worker-0@kt1.local",
        "result": {"units_successful": [{"unit_key": {"repo_id": "integration_test_id_clone",
        "id": "bird"}, "type_id": "package_group"}]}, "error": null, "_id": {"$oid":
        "54ce7045962f40ae3501a29a"}, "id": "54ce7045b2ff981dcc43fddd"}'
    http_version: 
  recorded_at: Sun, 01 Feb 2015 18:28:22 GMT
- request:
    method: get
    uri: https://admin:eYo5Dh2rR6jQayB4vFLEpqUwMcXosuXg@kt1.local/pulp/api/v2/tasks/d64baf1c-76af-4b92-a56a-11d6161397a6/
    body:
      encoding: US-ASCII
      string: ''
    headers:
      Accept:
      - application/json
      Accept-Encoding:
      - gzip, deflate
      Content-Type:
      - application/json
      User-Agent:
      - Ruby
  response:
    status:
      code: 200
      message: OK
    headers:
      Date:
      - Mon, 02 Feb 2015 06:39:31 GMT
      Server:
      - Apache/2.2.15 (Red Hat)
      Vary:
      - Accept-Encoding
      Content-Length:
      - '3165'
      Content-Type:
      - application/json
    body:
      encoding: ASCII-8BIT
      string: '{"exception": null, "task_type": "pulp.server.managers.repo.unit_association.associate_from_repo",
        "_href": "/pulp/api/v2/tasks/d64baf1c-76af-4b92-a56a-11d6161397a6/", "task_id":
        "d64baf1c-76af-4b92-a56a-11d6161397a6", "tags": ["pulp:repository:integration_test_id_clone",
        "pulp:repository:integration_test_id", "pulp:action:associate"], "finish_time":
        "2015-02-02T06:39:30Z", "_ns": "task_status", "start_time": "2015-02-02T06:39:30Z",
        "traceback": null, "spawned_tasks": [], "progress_report": {}, "queue": "reserved_resource_worker-0@kt1.local.dq",
        "state": "finished", "worker_name": "reserved_resource_worker-0@kt1.local",
        "result": {"units_successful": [{"unit_key": {"repo_id": "integration_test_id_clone",
        "id": "bird"}, "type_id": "package_group"}, {"unit_key": {"name": "giraffe",
        "checksum": "f25d67d1d9da04f12e57ca323247b43891ac46533e355b82de6d1922009f9f14",
        "epoch": "0", "version": "0.3", "release": "0.8", "arch": "noarch", "checksumtype":
        "sha256"}, "type_id": "rpm"}, {"unit_key": {"repo_id": "integration_test_id_clone",
        "id": "all"}, "type_id": "package_category"}, {"unit_key": {"variant": "TestVariant",
        "version": "16", "arch": "x86_64", "id": "ks-Test Family-TestVariant-16-x86_64",
        "family": "Test Family"}, "type_id": "distribution"}, {"unit_key": {"repo_id":
        "integration_test_id_clone", "id": "mammal"}, "type_id": "package_group"},
        {"unit_key": {"name": "monkey", "checksum": "0e8fa50d0128fbabc7ccc5632e3fa25d39b0280169f6166cb8e2c84de8501db1",
        "epoch": "0", "version": "0.3", "release": "0.8", "arch": "noarch", "checksumtype":
        "sha256"}, "type_id": "rpm"}, {"unit_key": {"id": "RHEA-2010:0001"}, "type_id":
        "erratum"}, {"unit_key": {"name": "cheetah", "checksum": "422d0baa0cd9d7713ae796e886a23e17f578f924f74880debdbb7d65fb368dae",
        "epoch": "0", "version": "0.3", "release": "0.8", "arch": "noarch", "checksumtype":
        "sha256"}, "type_id": "rpm"}, {"unit_key": {"name": "penguin", "checksum":
        "3fcb2c927de9e13bf68469032a28b139d3e5ad2e58564fc210fd6e48635be694", "epoch":
        "0", "version": "0.3", "release": "0.8", "arch": "noarch", "checksumtype":
        "sha256"}, "type_id": "rpm"}, {"unit_key": {"id": "RHEA-2010:0002"}, "type_id":
        "erratum"}, {"unit_key": {"name": "squirrel", "checksum": "251768bdd15f13d78487c27638aa6aecd01551e253756093cde1c0ae878a17d2",
        "epoch": "0", "version": "0.3", "release": "0.8", "arch": "noarch", "checksumtype":
        "sha256"}, "type_id": "rpm"}, {"unit_key": {"name": "elephant", "checksum":
        "3e1c70cd1b421328acaf6397cb3d16145306bb95f65d1b095fc31372a0a701f3", "epoch":
        "0", "version": "0.3", "release": "0.8", "arch": "noarch", "checksumtype":
        "sha256"}, "type_id": "rpm"}, {"unit_key": {"name": "lion", "checksum": "12400dc95c23a4c160725a908716cd3fcdd7a8981585437ab64cd62efa3e4ae4",
        "epoch": "0", "version": "0.3", "release": "0.8", "arch": "noarch", "checksumtype":
        "sha256"}, "type_id": "rpm"}, {"unit_key": {"name": "walrus", "checksum":
        "6e8d6dc057e3e2c9819f0dc7e6c7b7f86bf2e8571bba414adec7fb621a461dfd", "epoch":
        "0", "version": "0.3", "release": "0.8", "arch": "noarch", "checksumtype":
        "sha256"}, "type_id": "rpm"}]}, "error": null, "_id": {"$oid": "54cf1ba2962f40ae3501a39a"},
        "id": "54cf1ba2b2ff981dcc4403cb"}'
    http_version: 
  recorded_at: Mon, 02 Feb 2015 06:39:31 GMT
- request:
    method: get
    uri: https://admin:eYo5Dh2rR6jQayB4vFLEpqUwMcXosuXg@kt1.local/pulp/api/v2/tasks/5d83615f-c744-4298-88f3-53d7abec4515/
    body:
      encoding: US-ASCII
      string: ''
    headers:
      Accept:
      - application/json
      Accept-Encoding:
      - gzip, deflate
      Content-Type:
      - application/json
      User-Agent:
      - Ruby
  response:
    status:
      code: 200
      message: OK
    headers:
      Date:
      - Mon, 02 Feb 2015 06:39:32 GMT
      Server:
      - Apache/2.2.15 (Red Hat)
      Vary:
      - Accept-Encoding
      Content-Length:
      - '820'
      Content-Type:
      - application/json
    body:
      encoding: ASCII-8BIT
      string: '{"exception": null, "task_type": "pulp.server.managers.repo.unit_association.unassociate_by_criteria",
        "_href": "/pulp/api/v2/tasks/5d83615f-c744-4298-88f3-53d7abec4515/", "task_id":
        "5d83615f-c744-4298-88f3-53d7abec4515", "tags": ["pulp:repository:integration_test_id_clone",
        "pulp:action:unassociate"], "finish_time": "2015-02-02T06:39:31Z", "_ns":
        "task_status", "start_time": "2015-02-02T06:39:31Z", "traceback": null, "spawned_tasks":
        [], "progress_report": {}, "queue": "reserved_resource_worker-0@kt1.local.dq",
        "state": "finished", "worker_name": "reserved_resource_worker-0@kt1.local",
        "result": {"units_successful": [{"unit_key": {"repo_id": "integration_test_id_clone",
        "id": "bird"}, "type_id": "package_group"}]}, "error": null, "_id": {"$oid":
        "54cf1ba3962f40ae3501a39b"}, "id": "54cf1ba3b2ff981dcc4403d1"}'
    http_version: 
  recorded_at: Mon, 02 Feb 2015 06:39:32 GMT
- request:
    method: get
    uri: https://admin:eYo5Dh2rR6jQayB4vFLEpqUwMcXosuXg@kt1.local/pulp/api/v2/tasks/c99cef37-6f84-4076-93dd-e43c91756fda/
    body:
      encoding: US-ASCII
      string: ''
    headers:
      Accept:
      - application/json
      Accept-Encoding:
      - gzip, deflate
      Content-Type:
      - application/json
      User-Agent:
      - Ruby
  response:
    status:
      code: 200
      message: OK
    headers:
      Date:
      - Tue, 03 Feb 2015 20:23:41 GMT
      Server:
      - Apache/2.2.15 (Red Hat)
      Vary:
      - Accept-Encoding
      Content-Length:
      - '3165'
      Connection:
      - close
      Content-Type:
      - application/json
    body:
      encoding: ASCII-8BIT
      string: '{"exception": null, "task_type": "pulp.server.managers.repo.unit_association.associate_from_repo",
        "_href": "/pulp/api/v2/tasks/c99cef37-6f84-4076-93dd-e43c91756fda/", "task_id":
        "c99cef37-6f84-4076-93dd-e43c91756fda", "tags": ["pulp:repository:integration_test_id_clone",
        "pulp:repository:integration_test_id", "pulp:action:associate"], "finish_time":
        "2015-02-03T20:23:41Z", "_ns": "task_status", "start_time": "2015-02-03T20:23:41Z",
        "traceback": null, "spawned_tasks": [], "progress_report": {}, "queue": "reserved_resource_worker-0@kt1.local.dq",
        "state": "finished", "worker_name": "reserved_resource_worker-0@kt1.local",
        "result": {"units_successful": [{"unit_key": {"repo_id": "integration_test_id_clone",
        "id": "bird"}, "type_id": "package_group"}, {"unit_key": {"name": "giraffe",
        "checksum": "f25d67d1d9da04f12e57ca323247b43891ac46533e355b82de6d1922009f9f14",
        "epoch": "0", "version": "0.3", "release": "0.8", "arch": "noarch", "checksumtype":
        "sha256"}, "type_id": "rpm"}, {"unit_key": {"repo_id": "integration_test_id_clone",
        "id": "all"}, "type_id": "package_category"}, {"unit_key": {"variant": "TestVariant",
        "version": "16", "arch": "x86_64", "id": "ks-Test Family-TestVariant-16-x86_64",
        "family": "Test Family"}, "type_id": "distribution"}, {"unit_key": {"repo_id":
        "integration_test_id_clone", "id": "mammal"}, "type_id": "package_group"},
        {"unit_key": {"name": "monkey", "checksum": "0e8fa50d0128fbabc7ccc5632e3fa25d39b0280169f6166cb8e2c84de8501db1",
        "epoch": "0", "version": "0.3", "release": "0.8", "arch": "noarch", "checksumtype":
        "sha256"}, "type_id": "rpm"}, {"unit_key": {"id": "RHEA-2010:0001"}, "type_id":
        "erratum"}, {"unit_key": {"name": "cheetah", "checksum": "422d0baa0cd9d7713ae796e886a23e17f578f924f74880debdbb7d65fb368dae",
        "epoch": "0", "version": "0.3", "release": "0.8", "arch": "noarch", "checksumtype":
        "sha256"}, "type_id": "rpm"}, {"unit_key": {"name": "penguin", "checksum":
        "3fcb2c927de9e13bf68469032a28b139d3e5ad2e58564fc210fd6e48635be694", "epoch":
        "0", "version": "0.3", "release": "0.8", "arch": "noarch", "checksumtype":
        "sha256"}, "type_id": "rpm"}, {"unit_key": {"id": "RHEA-2010:0002"}, "type_id":
        "erratum"}, {"unit_key": {"name": "squirrel", "checksum": "251768bdd15f13d78487c27638aa6aecd01551e253756093cde1c0ae878a17d2",
        "epoch": "0", "version": "0.3", "release": "0.8", "arch": "noarch", "checksumtype":
        "sha256"}, "type_id": "rpm"}, {"unit_key": {"name": "elephant", "checksum":
        "3e1c70cd1b421328acaf6397cb3d16145306bb95f65d1b095fc31372a0a701f3", "epoch":
        "0", "version": "0.3", "release": "0.8", "arch": "noarch", "checksumtype":
        "sha256"}, "type_id": "rpm"}, {"unit_key": {"name": "lion", "checksum": "12400dc95c23a4c160725a908716cd3fcdd7a8981585437ab64cd62efa3e4ae4",
        "epoch": "0", "version": "0.3", "release": "0.8", "arch": "noarch", "checksumtype":
        "sha256"}, "type_id": "rpm"}, {"unit_key": {"name": "walrus", "checksum":
        "6e8d6dc057e3e2c9819f0dc7e6c7b7f86bf2e8571bba414adec7fb621a461dfd", "epoch":
        "0", "version": "0.3", "release": "0.8", "arch": "noarch", "checksumtype":
        "sha256"}, "type_id": "rpm"}]}, "error": null, "_id": {"$oid": "54d12e4cdb087ce12b11fcfa"},
        "id": "54d12e4db2ff980faeab9e92"}'
    http_version: 
  recorded_at: Tue, 03 Feb 2015 20:23:41 GMT
- request:
    method: get
    uri: https://admin:eYo5Dh2rR6jQayB4vFLEpqUwMcXosuXg@kt1.local/pulp/api/v2/tasks/5e62ab9e-5d46-4c04-aa2f-fc4c5c9aaf16/
    body:
      encoding: US-ASCII
      string: ''
    headers:
      Accept:
      - application/json
      Accept-Encoding:
      - gzip, deflate
      Content-Type:
      - application/json
      User-Agent:
      - Ruby
  response:
    status:
      code: 200
      message: OK
    headers:
      Date:
      - Tue, 03 Feb 2015 20:23:43 GMT
      Server:
      - Apache/2.2.15 (Red Hat)
      Vary:
      - Accept-Encoding
      Content-Length:
      - '820'
      Connection:
      - close
      Content-Type:
      - application/json
    body:
      encoding: ASCII-8BIT
      string: '{"exception": null, "task_type": "pulp.server.managers.repo.unit_association.unassociate_by_criteria",
        "_href": "/pulp/api/v2/tasks/5e62ab9e-5d46-4c04-aa2f-fc4c5c9aaf16/", "task_id":
        "5e62ab9e-5d46-4c04-aa2f-fc4c5c9aaf16", "tags": ["pulp:repository:integration_test_id_clone",
        "pulp:action:unassociate"], "finish_time": "2015-02-03T20:23:42Z", "_ns":
        "task_status", "start_time": "2015-02-03T20:23:42Z", "traceback": null, "spawned_tasks":
        [], "progress_report": {}, "queue": "reserved_resource_worker-0@kt1.local.dq",
        "state": "finished", "worker_name": "reserved_resource_worker-0@kt1.local",
        "result": {"units_successful": [{"unit_key": {"repo_id": "integration_test_id_clone",
        "id": "bird"}, "type_id": "package_group"}]}, "error": null, "_id": {"$oid":
        "54d12e4edb087ce12b11fcfb"}, "id": "54d12e4eb2ff980faeab9e98"}'
    http_version: 
  recorded_at: Tue, 03 Feb 2015 20:23:43 GMT
- request:
    method: get
    uri: https://admin:7HLGDTSxNnAEEtqKgjecYCvftjzNmoRE@katello-kant.example.com/pulp/api/v2/tasks/958b92a8-b766-4456-ada5-e863f3548793/
    body:
      encoding: US-ASCII
      string: ''
    headers:
      Accept:
      - application/json
      Accept-Encoding:
      - gzip, deflate
      Content-Type:
      - application/json
      User-Agent:
      - Ruby
  response:
    status:
      code: 200
      message: OK
    headers:
      Date:
      - Tue, 23 Jun 2015 22:37:50 GMT
      Server:
      - Apache/2.4.6 (CentOS)
      Content-Length:
      - '3195'
      Connection:
      - close
      Content-Type:
      - application/json
    body:
      encoding: UTF-8
      string: '{"exception": null, "task_type": "pulp.server.managers.repo.unit_association.associate_from_repo",
        "_href": "/pulp/api/v2/tasks/958b92a8-b766-4456-ada5-e863f3548793/", "task_id":
        "958b92a8-b766-4456-ada5-e863f3548793", "tags": ["pulp:repository:integration_test_id_clone",
        "pulp:repository:integration_test_id", "pulp:action:associate"], "finish_time":
        "2015-06-23T22:37:49Z", "_ns": "task_status", "start_time": "2015-06-23T22:37:49Z",
        "traceback": null, "spawned_tasks": [], "progress_report": {}, "queue": "reserved_resource_worker-0@katello-kant.example.com.dq",
        "state": "finished", "worker_name": "reserved_resource_worker-0@katello-kant.example.com",
        "result": {"units_successful": [{"unit_key": {"repo_id": "integration_test_id_clone",
        "id": "bird"}, "type_id": "package_group"}, {"unit_key": {"name": "giraffe",
        "checksum": "f25d67d1d9da04f12e57ca323247b43891ac46533e355b82de6d1922009f9f14",
        "epoch": "0", "version": "0.3", "release": "0.8", "arch": "noarch", "checksumtype":
        "sha256"}, "type_id": "rpm"}, {"unit_key": {"repo_id": "integration_test_id_clone",
        "id": "all"}, "type_id": "package_category"}, {"unit_key": {"arch": "x86_64",
        "version": "16", "variant": "TestVariant", "id": "ks-Test Family-TestVariant-16-x86_64",
        "family": "Test Family"}, "type_id": "distribution"}, {"unit_key": {"repo_id":
        "integration_test_id_clone", "id": "mammal"}, "type_id": "package_group"},
        {"unit_key": {"name": "monkey", "checksum": "0e8fa50d0128fbabc7ccc5632e3fa25d39b0280169f6166cb8e2c84de8501db1",
        "epoch": "0", "version": "0.3", "release": "0.8", "arch": "noarch", "checksumtype":
        "sha256"}, "type_id": "rpm"}, {"unit_key": {"id": "RHEA-2010:0001"}, "type_id":
        "erratum"}, {"unit_key": {"name": "cheetah", "checksum": "422d0baa0cd9d7713ae796e886a23e17f578f924f74880debdbb7d65fb368dae",
        "epoch": "0", "version": "0.3", "release": "0.8", "arch": "noarch", "checksumtype":
        "sha256"}, "type_id": "rpm"}, {"unit_key": {"name": "penguin", "checksum":
        "3fcb2c927de9e13bf68469032a28b139d3e5ad2e58564fc210fd6e48635be694", "epoch":
        "0", "version": "0.3", "release": "0.8", "arch": "noarch", "checksumtype":
        "sha256"}, "type_id": "rpm"}, {"unit_key": {"id": "RHEA-2010:0002"}, "type_id":
        "erratum"}, {"unit_key": {"name": "squirrel", "checksum": "251768bdd15f13d78487c27638aa6aecd01551e253756093cde1c0ae878a17d2",
        "epoch": "0", "version": "0.3", "release": "0.8", "arch": "noarch", "checksumtype":
        "sha256"}, "type_id": "rpm"}, {"unit_key": {"name": "elephant", "checksum":
        "3e1c70cd1b421328acaf6397cb3d16145306bb95f65d1b095fc31372a0a701f3", "epoch":
        "0", "version": "0.3", "release": "0.8", "arch": "noarch", "checksumtype":
        "sha256"}, "type_id": "rpm"}, {"unit_key": {"name": "lion", "checksum": "12400dc95c23a4c160725a908716cd3fcdd7a8981585437ab64cd62efa3e4ae4",
        "epoch": "0", "version": "0.3", "release": "0.8", "arch": "noarch", "checksumtype":
        "sha256"}, "type_id": "rpm"}, {"unit_key": {"name": "walrus", "checksum":
        "6e8d6dc057e3e2c9819f0dc7e6c7b7f86bf2e8571bba414adec7fb621a461dfd", "epoch":
        "0", "version": "0.3", "release": "0.8", "arch": "noarch", "checksumtype":
        "sha256"}, "type_id": "rpm"}]}, "error": null, "_id": {"$oid": "5589dfbd2812e3d33cf0ffba"},
        "id": "5589dfbd2812e3d33cf0ffba"}'
    http_version: 
  recorded_at: Tue, 23 Jun 2015 22:37:50 GMT
- request:
    method: get
    uri: https://admin:7HLGDTSxNnAEEtqKgjecYCvftjzNmoRE@katello-kant.example.com/pulp/api/v2/tasks/082ab12c-791d-4d46-a462-2b61cf5070ef/
    body:
      encoding: US-ASCII
      string: ''
    headers:
      Accept:
      - application/json
      Accept-Encoding:
      - gzip, deflate
      Content-Type:
      - application/json
      User-Agent:
      - Ruby
  response:
    status:
      code: 200
      message: OK
    headers:
      Date:
      - Tue, 23 Jun 2015 22:37:50 GMT
      Server:
      - Apache/2.4.6 (CentOS)
      Content-Length:
      - '850'
      Connection:
      - close
      Content-Type:
      - application/json
    body:
      encoding: UTF-8
      string: '{"exception": null, "task_type": "pulp.server.managers.repo.unit_association.unassociate_by_criteria",
        "_href": "/pulp/api/v2/tasks/082ab12c-791d-4d46-a462-2b61cf5070ef/", "task_id":
        "082ab12c-791d-4d46-a462-2b61cf5070ef", "tags": ["pulp:repository:integration_test_id_clone",
        "pulp:action:unassociate"], "finish_time": "2015-06-23T22:37:50Z", "_ns":
        "task_status", "start_time": "2015-06-23T22:37:50Z", "traceback": null, "spawned_tasks":
        [], "progress_report": {}, "queue": "reserved_resource_worker-0@katello-kant.example.com.dq",
        "state": "finished", "worker_name": "reserved_resource_worker-0@katello-kant.example.com",
        "result": {"units_successful": [{"unit_key": {"repo_id": "integration_test_id_clone",
        "id": "bird"}, "type_id": "package_group"}]}, "error": null, "_id": {"$oid":
        "5589dfbe2812e3d33cf0ffbe"}, "id": "5589dfbe2812e3d33cf0ffbe"}'
    http_version: 
  recorded_at: Tue, 23 Jun 2015 22:37:50 GMT
- request:
    method: post
    uri: https://admin:7HLGDTSxNnAEEtqKgjecYCvftjzNmoRE@katello-kant.example.com/pulp/api/v2/repositories/integration_test_id_clone/actions/associate/
    body:
      encoding: UTF-8
      string: '{"source_repo_id":"integration_test_id"}'
    headers:
      Accept:
      - application/json
      Accept-Encoding:
      - gzip, deflate
      Content-Type:
      - application/json
      Content-Length:
      - '40'
      User-Agent:
      - Ruby
  response:
    status:
      code: 202
      message: ACCEPTED
    headers:
      Date:
      - Tue, 23 Jun 2015 22:45:16 GMT
      Server:
      - Apache/2.4.6 (CentOS)
      Content-Encoding:
      - utf-8
      Content-Length:
      - '172'
      Connection:
      - close
      Content-Type:
      - application/json
    body:
      encoding: UTF-8
      string: '{"spawned_tasks": [{"_href": "/pulp/api/v2/tasks/f79af45a-4521-410b-8e18-ab9b1187c300/",
        "task_id": "f79af45a-4521-410b-8e18-ab9b1187c300"}], "result": null, "error":
        null}'
    http_version: 
  recorded_at: Tue, 23 Jun 2015 22:45:16 GMT
- request:
    method: get
    uri: https://admin:7HLGDTSxNnAEEtqKgjecYCvftjzNmoRE@katello-kant.example.com/pulp/api/v2/tasks/f79af45a-4521-410b-8e18-ab9b1187c300/
    body:
      encoding: US-ASCII
      string: ''
    headers:
      Accept:
      - application/json
      Accept-Encoding:
      - gzip, deflate
      Content-Type:
      - application/json
      User-Agent:
      - Ruby
  response:
    status:
      code: 200
      message: OK
    headers:
      Date:
      - Tue, 23 Jun 2015 22:45:17 GMT
      Server:
      - Apache/2.4.6 (CentOS)
      Content-Length:
      - '3195'
      Connection:
      - close
      Content-Type:
      - application/json
    body:
      encoding: UTF-8
      string: '{"exception": null, "task_type": "pulp.server.managers.repo.unit_association.associate_from_repo",
        "_href": "/pulp/api/v2/tasks/f79af45a-4521-410b-8e18-ab9b1187c300/", "task_id":
        "f79af45a-4521-410b-8e18-ab9b1187c300", "tags": ["pulp:repository:integration_test_id_clone",
        "pulp:repository:integration_test_id", "pulp:action:associate"], "finish_time":
        "2015-06-23T22:45:16Z", "_ns": "task_status", "start_time": "2015-06-23T22:45:16Z",
        "traceback": null, "spawned_tasks": [], "progress_report": {}, "queue": "reserved_resource_worker-0@katello-kant.example.com.dq",
        "state": "finished", "worker_name": "reserved_resource_worker-0@katello-kant.example.com",
        "result": {"units_successful": [{"unit_key": {"repo_id": "integration_test_id_clone",
        "id": "bird"}, "type_id": "package_group"}, {"unit_key": {"name": "giraffe",
        "checksum": "f25d67d1d9da04f12e57ca323247b43891ac46533e355b82de6d1922009f9f14",
        "epoch": "0", "version": "0.3", "release": "0.8", "arch": "noarch", "checksumtype":
        "sha256"}, "type_id": "rpm"}, {"unit_key": {"repo_id": "integration_test_id_clone",
        "id": "all"}, "type_id": "package_category"}, {"unit_key": {"arch": "x86_64",
        "version": "16", "variant": "TestVariant", "id": "ks-Test Family-TestVariant-16-x86_64",
        "family": "Test Family"}, "type_id": "distribution"}, {"unit_key": {"repo_id":
        "integration_test_id_clone", "id": "mammal"}, "type_id": "package_group"},
        {"unit_key": {"name": "monkey", "checksum": "0e8fa50d0128fbabc7ccc5632e3fa25d39b0280169f6166cb8e2c84de8501db1",
        "epoch": "0", "version": "0.3", "release": "0.8", "arch": "noarch", "checksumtype":
        "sha256"}, "type_id": "rpm"}, {"unit_key": {"id": "RHEA-2010:0001"}, "type_id":
        "erratum"}, {"unit_key": {"name": "cheetah", "checksum": "422d0baa0cd9d7713ae796e886a23e17f578f924f74880debdbb7d65fb368dae",
        "epoch": "0", "version": "0.3", "release": "0.8", "arch": "noarch", "checksumtype":
        "sha256"}, "type_id": "rpm"}, {"unit_key": {"name": "penguin", "checksum":
        "3fcb2c927de9e13bf68469032a28b139d3e5ad2e58564fc210fd6e48635be694", "epoch":
        "0", "version": "0.3", "release": "0.8", "arch": "noarch", "checksumtype":
        "sha256"}, "type_id": "rpm"}, {"unit_key": {"id": "RHEA-2010:0002"}, "type_id":
        "erratum"}, {"unit_key": {"name": "squirrel", "checksum": "251768bdd15f13d78487c27638aa6aecd01551e253756093cde1c0ae878a17d2",
        "epoch": "0", "version": "0.3", "release": "0.8", "arch": "noarch", "checksumtype":
        "sha256"}, "type_id": "rpm"}, {"unit_key": {"name": "elephant", "checksum":
        "3e1c70cd1b421328acaf6397cb3d16145306bb95f65d1b095fc31372a0a701f3", "epoch":
        "0", "version": "0.3", "release": "0.8", "arch": "noarch", "checksumtype":
        "sha256"}, "type_id": "rpm"}, {"unit_key": {"name": "lion", "checksum": "12400dc95c23a4c160725a908716cd3fcdd7a8981585437ab64cd62efa3e4ae4",
        "epoch": "0", "version": "0.3", "release": "0.8", "arch": "noarch", "checksumtype":
        "sha256"}, "type_id": "rpm"}, {"unit_key": {"name": "walrus", "checksum":
        "6e8d6dc057e3e2c9819f0dc7e6c7b7f86bf2e8571bba414adec7fb621a461dfd", "epoch":
        "0", "version": "0.3", "release": "0.8", "arch": "noarch", "checksumtype":
        "sha256"}, "type_id": "rpm"}]}, "error": null, "_id": {"$oid": "5589e17c2812e3d33cf103a0"},
        "id": "5589e17c2812e3d33cf103a0"}'
    http_version: 
  recorded_at: Tue, 23 Jun 2015 22:45:17 GMT
- request:
    method: post
    uri: https://admin:7HLGDTSxNnAEEtqKgjecYCvftjzNmoRE@katello-kant.example.com/pulp/api/v2/repositories/integration_test_id_clone/search/units/
    body:
      encoding: UTF-8
      string: '{"criteria":{"type_ids":["package_group"]}}'
    headers:
      Accept:
      - application/json
      Accept-Encoding:
      - gzip, deflate
      Content-Type:
      - application/json
      Content-Length:
      - '43'
      User-Agent:
      - Ruby
  response:
    status:
      code: 200
      message: OK
    headers:
      Date:
      - Tue, 23 Jun 2015 22:45:17 GMT
      Server:
      - Apache/2.4.6 (CentOS)
      Content-Length:
      - '1800'
      Connection:
      - close
      Content-Type:
      - application/json
    body:
      encoding: UTF-8
      string: '[{"updated": "2015-06-23T22:45:16Z", "repo_id": "integration_test_id_clone",
        "created": "2015-06-23T22:45:16Z", "_ns": "repo_content_units", "unit_id":
        "dd529cc8-af19-4d9c-a6cf-6ddb8a972265", "unit_type_id": "package_group", "_id":
        {"$oid": "5589e17cf115fc0506df7216"}, "id": "5589e17cf115fc0506df7216", "metadata":
        {"_storage_path": null, "mandatory_package_names": ["penguin"], "repo_id":
        "integration_test_id_clone", "description": null, "user_visible": true, "default":
        true, "_ns": "units_package_group", "_last_updated": 1435099516, "display_order":
        1024, "optional_package_names": [], "translated_name": {}, "conditional_package_names":
        [], "translated_description": {}, "pulp_user_metadata": {}, "default_package_names":
        [], "_content_type_id": "package_group", "langonly": null, "_id": "dd529cc8-af19-4d9c-a6cf-6ddb8a972265",
        "id": "bird", "name": "bird"}}, {"updated": "2015-06-23T22:45:14Z", "repo_id":
        "integration_test_id_clone", "created": "2015-06-23T22:45:14Z", "_ns": "repo_content_units",
        "unit_id": "5b6e2a8d-e2d8-47bf-990a-16e13dbd485b", "unit_type_id": "package_group",
        "_id": {"$oid": "5589e17af115fc0506df720b"}, "id": "5589e17af115fc0506df720b",
        "metadata": {"_storage_path": null, "mandatory_package_names": ["elephant,giraffe,cheetah,lion,monkey,penguin,squirrel,walrus",
        "penguin"], "repo_id": "integration_test_id_clone", "description": null, "user_visible":
        true, "default": true, "_ns": "units_package_group", "_last_updated": 1435099516,
        "display_order": 1024, "optional_package_names": [], "translated_name": {},
        "conditional_package_names": [], "translated_description": {}, "pulp_user_metadata":
        {}, "default_package_names": [], "_content_type_id": "package_group", "langonly":
        null, "_id": "5b6e2a8d-e2d8-47bf-990a-16e13dbd485b", "id": "mammal", "name":
        "mammal"}}]'
    http_version: 
  recorded_at: Tue, 23 Jun 2015 22:45:17 GMT
- request:
    method: post
    uri: https://admin:7HLGDTSxNnAEEtqKgjecYCvftjzNmoRE@katello-kant.example.com/pulp/api/v2/repositories/integration_test_id_clone/search/units/
    body:
      encoding: UTF-8
      string: '{"criteria":{"type_ids":["package_group"]}}'
    headers:
      Accept:
      - application/json
      Accept-Encoding:
      - gzip, deflate
      Content-Type:
      - application/json
      Content-Length:
      - '43'
      User-Agent:
      - Ruby
  response:
    status:
      code: 200
      message: OK
    headers:
      Date:
      - Tue, 23 Jun 2015 22:45:17 GMT
      Server:
      - Apache/2.4.6 (CentOS)
      Content-Length:
      - '1800'
      Connection:
      - close
      Content-Type:
      - application/json
    body:
      encoding: UTF-8
      string: '[{"updated": "2015-06-23T22:45:16Z", "repo_id": "integration_test_id_clone",
        "created": "2015-06-23T22:45:16Z", "_ns": "repo_content_units", "unit_id":
        "dd529cc8-af19-4d9c-a6cf-6ddb8a972265", "unit_type_id": "package_group", "_id":
        {"$oid": "5589e17cf115fc0506df7216"}, "id": "5589e17cf115fc0506df7216", "metadata":
        {"_storage_path": null, "mandatory_package_names": ["penguin"], "repo_id":
        "integration_test_id_clone", "description": null, "user_visible": true, "default":
        true, "_ns": "units_package_group", "_last_updated": 1435099516, "display_order":
        1024, "optional_package_names": [], "translated_name": {}, "conditional_package_names":
        [], "translated_description": {}, "pulp_user_metadata": {}, "default_package_names":
        [], "_content_type_id": "package_group", "langonly": null, "_id": "dd529cc8-af19-4d9c-a6cf-6ddb8a972265",
        "id": "bird", "name": "bird"}}, {"updated": "2015-06-23T22:45:14Z", "repo_id":
        "integration_test_id_clone", "created": "2015-06-23T22:45:14Z", "_ns": "repo_content_units",
        "unit_id": "5b6e2a8d-e2d8-47bf-990a-16e13dbd485b", "unit_type_id": "package_group",
        "_id": {"$oid": "5589e17af115fc0506df720b"}, "id": "5589e17af115fc0506df720b",
        "metadata": {"_storage_path": null, "mandatory_package_names": ["elephant,giraffe,cheetah,lion,monkey,penguin,squirrel,walrus",
        "penguin"], "repo_id": "integration_test_id_clone", "description": null, "user_visible":
        true, "default": true, "_ns": "units_package_group", "_last_updated": 1435099516,
        "display_order": 1024, "optional_package_names": [], "translated_name": {},
        "conditional_package_names": [], "translated_description": {}, "pulp_user_metadata":
        {}, "default_package_names": [], "_content_type_id": "package_group", "langonly":
        null, "_id": "5b6e2a8d-e2d8-47bf-990a-16e13dbd485b", "id": "mammal", "name":
        "mammal"}}]'
    http_version: 
  recorded_at: Tue, 23 Jun 2015 22:45:17 GMT
- request:
    method: post
    uri: https://admin:7HLGDTSxNnAEEtqKgjecYCvftjzNmoRE@katello-kant.example.com/pulp/api/v2/repositories/integration_test_id_clone/actions/unassociate/
    body:
      encoding: UTF-8
      string: '{"criteria":{"type_ids":["package_group"],"filters":{"unit":{"id":{"$in":["bird"]}}}}}'
    headers:
      Accept:
      - application/json
      Accept-Encoding:
      - gzip, deflate
      Content-Type:
      - application/json
      Content-Length:
      - '86'
      User-Agent:
      - Ruby
  response:
    status:
      code: 202
      message: ACCEPTED
    headers:
      Date:
      - Tue, 23 Jun 2015 22:45:17 GMT
      Server:
      - Apache/2.4.6 (CentOS)
      Content-Encoding:
      - utf-8
      Content-Length:
      - '172'
      Connection:
      - close
      Content-Type:
      - application/json
    body:
      encoding: UTF-8
      string: '{"spawned_tasks": [{"_href": "/pulp/api/v2/tasks/6ff23ef8-de5c-49e8-9efc-84c60c75882e/",
        "task_id": "6ff23ef8-de5c-49e8-9efc-84c60c75882e"}], "result": null, "error":
        null}'
    http_version: 
  recorded_at: Tue, 23 Jun 2015 22:45:17 GMT
- request:
    method: get
    uri: https://admin:7HLGDTSxNnAEEtqKgjecYCvftjzNmoRE@katello-kant.example.com/pulp/api/v2/tasks/6ff23ef8-de5c-49e8-9efc-84c60c75882e/
    body:
      encoding: US-ASCII
      string: ''
    headers:
      Accept:
      - application/json
      Accept-Encoding:
      - gzip, deflate
      Content-Type:
      - application/json
      User-Agent:
      - Ruby
  response:
    status:
      code: 200
      message: OK
    headers:
      Date:
      - Tue, 23 Jun 2015 22:45:17 GMT
      Server:
      - Apache/2.4.6 (CentOS)
      Content-Length:
      - '850'
      Connection:
      - close
      Content-Type:
      - application/json
    body:
      encoding: UTF-8
      string: '{"exception": null, "task_type": "pulp.server.managers.repo.unit_association.unassociate_by_criteria",
        "_href": "/pulp/api/v2/tasks/6ff23ef8-de5c-49e8-9efc-84c60c75882e/", "task_id":
        "6ff23ef8-de5c-49e8-9efc-84c60c75882e", "tags": ["pulp:repository:integration_test_id_clone",
        "pulp:action:unassociate"], "finish_time": "2015-06-23T22:45:17Z", "_ns":
        "task_status", "start_time": "2015-06-23T22:45:17Z", "traceback": null, "spawned_tasks":
        [], "progress_report": {}, "queue": "reserved_resource_worker-0@katello-kant.example.com.dq",
        "state": "finished", "worker_name": "reserved_resource_worker-0@katello-kant.example.com",
        "result": {"units_successful": [{"unit_key": {"repo_id": "integration_test_id_clone",
        "id": "bird"}, "type_id": "package_group"}]}, "error": null, "_id": {"$oid":
        "5589e17d2812e3d33cf103a4"}, "id": "5589e17d2812e3d33cf103a4"}'
    http_version: 
  recorded_at: Tue, 23 Jun 2015 22:45:17 GMT
- request:
    method: post
    uri: https://admin:7HLGDTSxNnAEEtqKgjecYCvftjzNmoRE@katello-kant.example.com/pulp/api/v2/repositories/integration_test_id_clone/search/units/
    body:
      encoding: UTF-8
      string: '{"criteria":{"type_ids":["package_group"]}}'
    headers:
      Accept:
      - application/json
      Accept-Encoding:
      - gzip, deflate
      Content-Type:
      - application/json
      Content-Length:
      - '43'
      User-Agent:
      - Ruby
  response:
    status:
      code: 200
      message: OK
    headers:
      Date:
      - Tue, 23 Jun 2015 22:45:17 GMT
      Server:
      - Apache/2.4.6 (CentOS)
      Content-Length:
      - '934'
      Connection:
      - close
      Content-Type:
      - application/json
    body:
      encoding: UTF-8
      string: '[{"updated": "2015-06-23T22:45:14Z", "repo_id": "integration_test_id_clone",
        "created": "2015-06-23T22:45:14Z", "_ns": "repo_content_units", "unit_id":
        "5b6e2a8d-e2d8-47bf-990a-16e13dbd485b", "unit_type_id": "package_group", "_id":
        {"$oid": "5589e17af115fc0506df720b"}, "id": "5589e17af115fc0506df720b", "metadata":
        {"_storage_path": null, "mandatory_package_names": ["elephant,giraffe,cheetah,lion,monkey,penguin,squirrel,walrus",
        "penguin"], "repo_id": "integration_test_id_clone", "description": null, "user_visible":
        true, "default": true, "_ns": "units_package_group", "_last_updated": 1435099516,
        "display_order": 1024, "optional_package_names": [], "translated_name": {},
        "conditional_package_names": [], "translated_description": {}, "pulp_user_metadata":
        {}, "default_package_names": [], "_content_type_id": "package_group", "langonly":
        null, "_id": "5b6e2a8d-e2d8-47bf-990a-16e13dbd485b", "id": "mammal", "name":
        "mammal"}}]'
    http_version: 
  recorded_at: Tue, 23 Jun 2015 22:45:17 GMT
recorded_with: VCR 2.9.3
